Archive member included to satisfy reference by file (symbol)

build/cooja/mtype734.a(simEnvChange.o)
                              build/cooja/mtype734.o (simDontFallAsleep)
build/cooja/mtype734.a(cooja_mt.o)
                              build/cooja/mtype734.o (cooja_mt_start)
build/cooja/mtype734.a(cooja_mtarch.o)
                              build/cooja/mtype734.a(cooja_mt.o) (cooja_mtarch_start)
build/cooja/mtype734.a(rtimer-arch.o)
                              build/cooja/mtype734.o (rtimer_arch_check)
build/cooja/mtype734.a(beep.o)
                              build/cooja/mtype734.o (beep_interface)
build/cooja/mtype734.a(leds-arch.o)
                              build/cooja/mtype734.o (leds_interface)
build/cooja/mtype734.a(moteid.o)
                              build/cooja/mtype734.o (moteid_interface)
build/cooja/mtype734.a(pir-sensor.o)
                              build/cooja/mtype734.o (pir_interface)
build/cooja/mtype734.a(rs232.o)
                              build/cooja/mtype734.o (rs232_interface)
build/cooja/mtype734.a(vib-sensor.o)
                              build/cooja/mtype734.o (vib_interface)
build/cooja/mtype734.a(clock.o)
                              build/cooja/mtype734.o (clock_interface)
build/cooja/mtype734.a(cooja-log.o)
                              build/cooja/mtype734.o (simlog_interface)
build/cooja/mtype734.a(cfs-cooja.o)
                              build/cooja/mtype734.o (cfs_interface)
build/cooja/mtype734.a(cooja-radio.o)
                              build/cooja/mtype734.o (radio_interface)
build/cooja/mtype734.a(eeprom.o)
                              build/cooja/mtype734.o (eeprom_interface)
build/cooja/mtype734.a(random.o)
                              build/cooja/mtype734.a(moteid.o) (random_init)
build/cooja/mtype734.a(sensors.o)
                              build/cooja/mtype734.a(pir-sensor.o) (sensors_changed)
build/cooja/mtype734.a(leds.o)
                              fire-detector.o (leds_toggle)
build/cooja/mtype734.a(gpio-hal-arch.o)
                              build/cooja/mtype734.a(leds-arch.o) (gpio_hal_arch_register_pin_callback)
build/cooja/mtype734.a(buttons.o)
                              build/cooja/mtype734.o (button_interface)
build/cooja/mtype734.a(mqtt.o)
                              fire-detector.o (mqtt_register)
build/cooja/mtype734.a(contiki-main.o)
                              build/cooja/mtype734.o (main)
build/cooja/mtype734.a(autostart.o)
                              build/cooja/mtype734.a(contiki-main.o) (autostart_start)
build/cooja/mtype734.a(ctimer.o)
                              build/cooja/mtype734.a(contiki-main.o) (ctimer_init)
build/cooja/mtype734.a(log.o)
                              build/cooja/mtype734.a(contiki-main.o) (curr_log_level_main)
build/cooja/mtype734.a(energest.o)
                              build/cooja/mtype734.a(contiki-main.o) (energest_init)
build/cooja/mtype734.a(etimer.o)
                              build/cooja/mtype734.a(contiki-main.o) (etimer_process)
build/cooja/mtype734.a(node-id.o)
                              build/cooja/mtype734.a(contiki-main.o) (node_id)
build/cooja/mtype734.a(rtimer.o)
                              build/cooja/mtype734.a(contiki-main.o) (rtimer_init)
build/cooja/mtype734.a(process.o)
                              build/cooja/mtype734.a(mqtt.o) (process_current)
build/cooja/mtype734.a(timer.o)
                              build/cooja/mtype734.a(mqtt.o) (timer_set)
build/cooja/mtype734.a(list.o)
                              build/cooja/mtype734.a(mqtt.o) (list_init)
build/cooja/mtype734.a(button-hal.o)
                              fire-detector.o (button_hal_periodic_event)
build/cooja/mtype734.a(serial-line.o)
                              build/cooja/mtype734.a(rs232.o) (serial_line_input_byte)
build/cooja/mtype734.a(gpio-hal.o)
                              build/cooja/mtype734.a(button-hal.o) (gpio_hal_register_handler)
build/cooja/mtype734.a(queuebuf.o)
                              build/cooja/mtype734.a(contiki-main.o) (queuebuf_init)
build/cooja/mtype734.a(packetbuf.o)
                              build/cooja/mtype734.a(cooja-radio.o) (packetbuf_clear)
build/cooja/mtype734.a(netstack.o)
                              build/cooja/mtype734.a(contiki-main.o) (netstack_init)
build/cooja/mtype734.a(linkaddr.o)
                              fire-detector.o (linkaddr_node_addr)
build/cooja/mtype734.a(csma.o)
                              build/cooja/mtype734.a(cooja-radio.o) (csma_driver)
build/cooja/mtype734.a(csma-output.o)
                              build/cooja/mtype734.a(csma.o) (csma_output_packet)
build/cooja/mtype734.a(uip-ds6.o)
                              build/cooja/mtype734.a(contiki-main.o) (uip_ds6_get_link_local)
build/cooja/mtype734.a(tcp-socket.o)
                              build/cooja/mtype734.a(mqtt.o) (tcp_socket_register)
build/cooja/mtype734.a(uip-ds6-route.o)
[...]
Memory Configuration

Name             Origin             Length             Attributes
*default*        0x0000000000000000 0xffffffffffffffff

Linker script and memory map

LOAD /usr/lib/gcc/i686-linux-gnu/7/../../../i386-linux-gnu/crti.o
LOAD /usr/lib/gcc/i686-linux-gnu/7/crtbeginS.o
LOAD fire-detector.o
LOAD build/cooja/mtype734.o
LOAD build/cooja/mtype734.a
LOAD /usr/lib/gcc/i686-linux-gnu/7/libgcc.a
LOAD /usr/lib/gcc/i686-linux-gnu/7/libgcc_s.so
START GROUP
LOAD /usr/lib/gcc/i686-linux-gnu/7/libgcc_s.so.1
LOAD /usr/lib/gcc/i686-linux-gnu/7/libgcc.a
END GROUP
LOAD /usr/lib/gcc/i686-linux-gnu/7/../../../i386-linux-gnu/libc.so
START GROUP
LOAD /lib/i386-linux-gnu/libc.so.6
LOAD /usr/lib/i386-linux-gnu/libc_nonshared.a
LOAD /lib/i386-linux-gnu/ld-linux.so.2
END GROUP
LOAD /usr/lib/gcc/i686-linux-gnu/7/libgcc.a
LOAD /usr/lib/gcc/i686-linux-gnu/7/libgcc_s.so
START GROUP
LOAD /usr/lib/gcc/i686-linux-gnu/7/libgcc_s.so.1
LOAD /usr/lib/gcc/i686-linux-gnu/7/libgcc.a
END GROUP
LOAD /usr/lib/gcc/i686-linux-gnu/7/crtendS.o
LOAD /usr/lib/gcc/i686-linux-gnu/7/../../../i386-linux-gnu/crtn.o
                0x0000000000000114                . = (SEGMENT_START ("text-segment", 0x0) + SIZEOF_HEADERS)

.note.gnu.build-id
                0x0000000000000114       0x24
 *(.note.gnu.build-id)
 .note.gnu.build-id
                0x0000000000000114       0x24 /usr/lib/gcc/i686-linux-gnu/7/../../../i386-linux-gnu/crti.o

.hash
 *(.hash)

.gnu.hash       0x0000000000000138     0x14b0
 *(.gnu.hash)
 .gnu.hash      0x0000000000000138     0x14b0 /usr/lib/gcc/i686-linux-gnu/7/../../../i386-linux-gnu/crti.o

.dynsym         0x00000000000015e8     0x2b00
 *(.dynsym)
 .dynsym        0x00000000000015e8     0x2b00 /usr/lib/gcc/i686-linux-gnu/7/../../../i386-linux-gnu/crti.o

.dynstr         0x00000000000040e8     0x308e
 *(.dynstr)
 .dynstr        0x00000000000040e8     0x308e /usr/lib/gcc/i686-linux-gnu/7/../../../i386-linux-gnu/crti.o

.gnu.version    0x0000000000007176      0x560
 *(.gnu.version)
 .gnu.version   0x0000000000007176      0x560 /usr/lib/gcc/i686-linux-gnu/7/../../../i386-linux-gnu/crti.o

.gnu.version_d  0x00000000000076d8        0x0
 *(.gnu.version_d)
 .gnu.version_d
                0x00000000000076d8        0x0 /usr/lib/gcc/i686-linux-gnu/7/../../../i386-linux-gnu/crti.o

.gnu.version_r  0x00000000000076d8       0x40
 *(.gnu.version_r)
 .gnu.version_r
                0x00000000000076d8       0x40 /usr/lib/gcc/i686-linux-gnu/7/../../../i386-linux-gnu/crti.o

.rel.dyn        0x0000000000007718      0xe90
 *(.rel.init)
 .rel.init      0x0000000000007718        0x0 /usr/lib/gcc/i686-linux-gnu/7/../../../i386-linux-gnu/crti.o
 *(.rel.text .rel.text.* .rel.gnu.linkonce.t.*)
 .rel.text      0x0000000000007718      0x588 /usr/lib/gcc/i686-linux-gnu/7/../../../i386-linux-gnu/crti.o
 *(.rel.fini)
 .rel.fini      0x0000000000007ca0        0x0 /usr/lib/gcc/i686-linux-gnu/7/../../../i386-linux-gnu/crti.o
 *(.rel.rodata .rel.rodata.* .rel.gnu.linkonce.r.*)
 *(.rel.data.rel.ro .rel.data.rel.ro.* .rel.gnu.linkonce.d.rel.ro.*)
 .rel.data.rel.ro.local
                0x0000000000007ca0      0x208 /usr/lib/gcc/i686-linux-gnu/7/../../../i386-linux-gnu/crti.o
 .rel.data.rel.ro
                0x0000000000007ea8       0xb0 /usr/lib/gcc/i686-linux-gnu/7/../../../i386-linux-gnu/crti.o
 *(.rel.data .rel.data.* .rel.gnu.linkonce.d.*)
 .rel.data.rel.local
                0x0000000000007f58      0x318 /usr/lib/gcc/i686-linux-gnu/7/../../../i386-linux-gnu/crti.o
 .rel.data.rel  0x0000000000008270       0x78 /usr/lib/gcc/i686-linux-gnu/7/../../../i386-linux-gnu/crti.o
 *(.rel.tdata .rel.tdata.* .rel.gnu.linkonce.td.*)
 *(.rel.tbss .rel.tbss.* .rel.gnu.linkonce.tb.*)
 *(.rel.ctors)
 *(.rel.dtors)
 *(.rel.got)
 .rel.got       0x00000000000082e8      0x2b0 /usr/lib/gcc/i686-linux-gnu/7/../../../i386-linux-gnu/crti.o
 *(.rel.bss .rel.bss.* .rel.gnu.linkonce.b.*)
 *(.rel.ifunc)
 .rel.ifunc     0x0000000000008598        0x0 /usr/lib/gcc/i686-linux-gnu/7/../../../i386-linux-gnu/crti.o
 .rel.fini_array
                0x0000000000008598        0x8 /usr/lib/gcc/i686-linux-gnu/7/../../../i386-linux-gnu/crti.o
 .rel.init_array
                0x00000000000085a0        0x8 /usr/lib/gcc/i686-linux-gnu/7/../../../i386-linux-gnu/crti.o

.rel.plt        0x00000000000085a8      0x9e0
 *(.rel.plt)
 .rel.plt       0x00000000000085a8      0x9e0 /usr/lib/gcc/i686-linux-gnu/7/../../../i386-linux-gnu/crti.o
 *(.rel.iplt)

.init           0x0000000000008f88       0x23
 *(SORT_NONE(.init))
 .init          0x0000000000008f88       0x1e /usr/lib/gcc/i686-linux-gnu/7/../../../i386-linux-gnu/crti.o
                0x0000000000008f88                _init
 .init          0x0000000000008fa6        0x5 /usr/lib/gcc/i686-linux-gnu/7/../../../i386-linux-gnu/crtn.o

.plt            0x0000000000008fb0     0x13d0
 *(.plt)
 .plt           0x0000000000008fb0     0x13d0 /usr/lib/gcc/i686-linux-gnu/7/../../../i386-linux-gnu/crti.o
 *(.iplt)

.plt.got        0x000000000000a380       0x18
 *(.plt.got)
 .plt.got       0x000000000000a380       0x18 /usr/lib/gcc/i686-linux-gnu/7/../../../i386-linux-gnu/crti.o

.plt.sec
 *(.plt.sec)

.text           0x000000000000a3a0    0x1e754
 *(.text.unlikely .text.*_unlikely .text.unlikely.*)
 *(.text.exit .text.exit.*)
 *(.text.startup .text.startup.*)
 *(.text.hot .text.hot.*)
 *(.text .stub .text.* .gnu.linkonce.t.*)
 .text          0x000000000000a3a0        0x0 /usr/lib/gcc/i686-linux-gnu/7/../../../i386-linux-gnu/crti.o
 .gnu.linkonce.t.__x86.get_pc_thunk.bx
                0x000000000000a3a0        0x4 /usr/lib/gcc/i686-linux-gnu/7/../../../i386-linux-gnu/crti.o
                0x000000000000a3a0                __x86.get_pc_thunk.bx
 *fill*         0x000000000000a3a4        0xc 
 .text          0x000000000000a3b0       0xe9 /usr/lib/gcc/i686-linux-gnu/7/crtbeginS.o
 .text.__x86.get_pc_thunk.dx
                0x000000000000a499        0x4 /usr/lib/gcc/i686-linux-gnu/7/crtbeginS.o
                0x000000000000a499                __x86.get_pc_thunk.dx
 .text          0x000000000000a49d      0x7a3 fire-detector.o
 .text          0x000000000000ac40      0x36b build/cooja/mtype734.o
                0x000000000000acf2                platform_init_stage_one
                0x000000000000ad15                platform_init_stage_two
                0x000000000000ad38                platform_init_stage_three
                0x000000000000ad5b                platform_main_loop
                0x000000000000ae01                Java_org_contikios_cooja_corecomm_Lib11_init
                0x000000000000ae4f                Java_org_contikios_cooja_corecomm_Lib11_getMemory
                0x000000000000ae8f                Java_org_contikios_cooja_corecomm_Lib11_setMemory
                0x000000000000af00                Java_org_contikios_cooja_corecomm_Lib11_tick
                0x000000000000af8a                Java_org_contikios_cooja_corecomm_Lib11_setReferenceAddress
 .text.__x86.get_pc_thunk.ax
                0x000000000000afab        0x4 build/cooja/mtype734.o
                0x000000000000afab                __x86.get_pc_thunk.ax
 .text          0x000000000000afaf       0x8d build/cooja/mtype734.a(simEnvChange.o)
                0x000000000000afaf                doActionsBeforeTick
                0x000000000000aff5                doActionsAfterTick
 .text          0x000000000000b03c       0xb6 build/cooja/mtype734.a(cooja_mt.o)
                0x000000000000b03c                cooja_mt_start
                0x000000000000b076                cooja_mt_exec
                0x000000000000b0bd                cooja_mt_yield
 .text          0x000000000000b0f2       0xf2 build/cooja/mtype734.a(cooja_mtarch.o)
                0x000000000000b0f2                cooja_mtarch_start
                0x000000000000b176                cooja_sw
                0x000000000000b1a4                cooja_mtarch_exec
                0x000000000000b1cf                cooja_mtarch_yield
 .text          0x000000000000b1e4      0x127 build/cooja/mtype734.a(rtimer-arch.o)
                0x000000000000b1e4                rtimer_arch_init
                0x000000000000b213                rtimer_arch_schedule
                0x000000000000b255                rtimer_arch_next
                0x000000000000b26f                rtimer_arch_pending
                0x000000000000b286                rtimer_arch_check
                0x000000000000b2f1                rtimer_arch_now
 .text.__x86.get_pc_thunk.cx
                0x000000000000b30b        0x4 build/cooja/mtype734.a(rtimer-arch.o)
                0x000000000000b30b                __x86.get_pc_thunk.cx
 .text          0x000000000000b30f      0x101 build/cooja/mtype734.a(beep.o)
                0x000000000000b30f                beep_alarm
                0x000000000000b328                beep_beep
                0x000000000000b341                beep
                0x000000000000b35a                beep_down
                0x000000000000b373                beep_on
                0x000000000000b38c                beep_off
                0x000000000000b3a5                beep_spinup
                0x000000000000b3be                beep_quick
                0x000000000000b3d7                beep_long
 .text          0x000000000000b410       0x9f build/cooja/mtype734.a(leds-arch.o)
                0x000000000000b434                leds_arch_init
 .text          0x000000000000b4af       0x56 build/cooja/mtype734.a(moteid.o)
 .text          0x000000000000b505      0x101 build/cooja/mtype734.a(pir-sensor.o)
 .text          0x000000000000b606      0x1cc build/cooja/mtype734.a(rs232.o)
                0x000000000000b606                rs232_init
                0x000000000000b616                rs232_set_speed
                0x000000000000b62f                rs232_set_input
                0x000000000000b648                rs232_send
                0x000000000000b67e                rs232_print
                0x000000000000b6ac                slip_arch_writeb
 .text          0x000000000000b7d2      0x101 build/cooja/mtype734.a(vib-sensor.o)
 .text          0x000000000000b8d3       0x7a build/cooja/mtype734.a(clock.o)
                0x000000000000b8d3                clock_init
                0x000000000000b8e3                clock_time
                0x000000000000b8fa                clock_seconds
                0x000000000000b91d                clock_delay
 .text          0x000000000000b94d      0x2b5 build/cooja/mtype734.a(cooja-log.o)
                0x000000000000b94d                simlog_char
                0x000000000000b9b1                simlog
                0x000000000000ba4b                log_message
                0x000000000000ba9a                log_set_putchar_with_slip
                0x000000000000bab3                log_putchar
                0x000000000000bb3e                log_puts
                0x000000000000bb70                log_printf
 .text          0x000000000000bc02      0x36c build/cooja/mtype734.a(cfs-cooja.o)
                0x000000000000bc02                cfs_open
                0x000000000000bc7a                cfs_close
                0x000000000000bc91                cfs_read
                0x000000000000bd45                cfs_write
                0x000000000000be43                cfs_seek
                0x000000000000bee0                cfs_remove
                0x000000000000bf16                cfs_opendir
                0x000000000000bf2a                cfs_readdir
                0x000000000000bf3e                cfs_closedir
 .text          0x000000000000bf6e      0x78b build/cooja/mtype734.a(cooja-radio.o)
                0x000000000000bfdc                radio_set_channel
                0x000000000000bff5                radio_set_txpower
                0x000000000000c018                radio_signal_strength_last
                0x000000000000c02d                radio_signal_strength_current
                0x000000000000c042                radio_LQI
 .text          0x000000000000c6f9      0x130 build/cooja/mtype734.a(eeprom.o)
                0x000000000000c6f9                eeprom_init
                0x000000000000c709                eeprom_read
                0x000000000000c789                eeprom_write
 .text          0x000000000000c829       0x4e build/cooja/mtype734.a(random.o)
                0x000000000000c829                random_init
                0x000000000000c859                random_rand
 .text          0x000000000000c877      0x332 build/cooja/mtype734.a(sensors.o)
                0x000000000000c8be                sensors_first
                0x000000000000c8d5                sensors_next
                0x000000000000c900                sensors_changed
                0x000000000000c94d                sensors_find
 .text          0x000000000000cba9      0x3fc build/cooja/mtype734.a(leds.o)
                0x000000000000cba9                leds_init
                0x000000000000cc01                leds_single_on
                0x000000000000cc79                leds_single_off
                0x000000000000ccf1                leds_single_toggle
                0x000000000000cd35                leds_on
                0x000000000000cdcd                leds_off
                0x000000000000ce65                leds_toggle
                0x000000000000cecb                leds_set
                0x000000000000cf01                leds_get
 .text          0x000000000000cfa5      0x401 build/cooja/mtype734.a(gpio-hal-arch.o)
                0x000000000000cfa5                gpio_hal_arch_register_pin_callback
                0x000000000000d026                gpio_hal_arch_init
                0x000000000000d080                gpio_hal_arch_no_port_interrupt_enable
                0x000000000000d0ba                gpio_hal_arch_no_port_interrupt_disable
                0x000000000000d0f4                gpio_hal_arch_no_port_pin_cfg_set
                0x000000000000d123                gpio_hal_arch_no_port_pin_cfg_get
                0x000000000000d153                gpio_hal_arch_no_port_pin_set_input
                0x000000000000d16f                gpio_hal_arch_no_port_pin_set_output
                0x000000000000d18b                gpio_hal_arch_no_port_set_pin
                0x000000000000d1b6                gpio_hal_arch_no_port_clear_pin
                0x000000000000d1e1                gpio_hal_arch_no_port_read_pin
                0x000000000000d213                gpio_hal_arch_no_port_write_pin
                0x000000000000d247                gpio_hal_arch_no_port_set_pins
                0x000000000000d298                gpio_hal_arch_no_port_clear_pins
                0x000000000000d2e9                gpio_hal_arch_no_port_read_pins
                0x000000000000d33c                gpio_hal_arch_no_port_write_pins
 .text          0x000000000000d3a6       0xc6 build/cooja/mtype734.a(buttons.o)
 .text          0x000000000000d46c     0x3c24 build/cooja/mtype734.a(mqtt.o)
                0x000000000000d897                mqtt_decode_var_byte_int
                0x000000000000d98a                mqtt_encode_var_byte_int
                0x00000000000109ad                mqtt_init
                0x0000000000010a98                mqtt_register
                0x0000000000010b45                mqtt_connect
                0x0000000000010c89                mqtt_disconnect
                0x0000000000010cd9                mqtt_subscribe
                0x0000000000010dbd                mqtt_unsubscribe
                0x0000000000010e95                mqtt_publish
                0x0000000000010f9d                mqtt_set_username_password
                0x0000000000011032                mqtt_set_last_will
 .text          0x0000000000011090      0x3c1 build/cooja/mtype734.a(contiki-main.o)
                0x0000000000011090                main
 .text          0x0000000000011451       0xb0 build/cooja/mtype734.a(autostart.o)
                0x0000000000011451                autostart_start
                0x00000000000114aa                autostart_exit
 .text          0x0000000000011501      0x400 build/cooja/mtype734.a(ctimer.o)
                0x0000000000011644                ctimer_init
                0x0000000000011689                ctimer_set
                0x00000000000116bc                ctimer_set_with_process
                0x0000000000011753                ctimer_reset
                0x00000000000117c1                ctimer_restart
                0x000000000001182f                ctimer_stop
                0x000000000001188f                ctimer_expired
 .text          0x0000000000011901      0x4a3 build/cooja/mtype734.a(log.o)
                0x0000000000011901                log_6addr
                0x0000000000011965                log_6addr_compact_snprint
                0x0000000000011a25                log_6addr_compact
                0x0000000000011a89                log_lladdr
                0x0000000000011b10                log_lladdr_compact
                0x0000000000011b8d                log_bytes
                0x0000000000011be1                log_set_level
                0x0000000000011cbf                log_get_level
                0x0000000000011d50                log_level_to_str
 .text          0x0000000000011da4       0x39 build/cooja/mtype734.a(energest.o)
                0x0000000000011da4                energest_init
                0x0000000000011db4                energest_flush
                0x0000000000011dc4                energest_get_total_time
 .text          0x0000000000011ddd      0x527 build/cooja/mtype734.a(etimer.o)
                0x0000000000012032                etimer_request_poll
                0x00000000000120e3                etimer_set
                0x000000000001211c                etimer_reset_with_new_interval
                0x000000000001215b                etimer_reset
                0x0000000000012191                etimer_restart
                0x00000000000121c7                etimer_adjust
                0x00000000000121ee                etimer_expired
                0x000000000001220b                etimer_expiration_time
                0x0000000000012227                etimer_start_time
                0x000000000001223b                etimer_pending
                0x0000000000012258                etimer_next_expiration_time
                0x0000000000012280                etimer_stop
 .text          0x0000000000012304       0x36 build/cooja/mtype734.a(node-id.o)
                0x0000000000012304                node_id_init
 .text          0x000000000001233a      0x122 build/cooja/mtype734.a(rtimer.o)
                0x000000000001233a                rtimer_init
                0x0000000000012359                rtimer_set
                0x00000000000123e7                rtimer_run_next
 .text          0x000000000001245c      0x5cb build/cooja/mtype734.a(process.o)
                0x000000000001245c                process_alloc_event
                0x000000000001247d                process_start
                0x0000000000012682                process_exit
                0x00000000000126aa                process_init
                0x0000000000012872                process_run
                0x00000000000128b5                process_nevents
                0x00000000000128da                process_post
                0x0000000000012987                process_post_synch
                0x00000000000129cd                process_poll
                0x0000000000012a09                process_is_running
 .text.__x86.get_pc_thunk.si
                0x0000000000012a27        0x4 build/cooja/mtype734.a(process.o)
                0x0000000000012a27                __x86.get_pc_thunk.si
 .text          0x0000000000012a2b       0xf6 build/cooja/mtype734.a(timer.o)
                0x0000000000012a2b                timer_set
                0x0000000000012a5a                timer_reset
                0x0000000000012a91                timer_restart
                0x0000000000012ab7                timer_expired
                0x0000000000012af5                timer_remaining
 .text          0x0000000000012b21      0x311 build/cooja/mtype734.a(list.o)
                0x0000000000012b21                list_init
                0x0000000000012b3a                list_head
                0x0000000000012b4e                list_copy
                0x0000000000012b68                list_tail
                0x0000000000012ba8                list_add
                0x0000000000012bfe                list_push
                0x0000000000012c34                list_chop
                0x0000000000012ca8                list_pop
                0x0000000000012cda                list_remove
                0x0000000000012d4c                list_length
                0x0000000000012d84                list_insert
                0x0000000000012dd3                list_item_next
                0x0000000000012df4                list_contains
 .text          0x0000000000012e32      0x566 build/cooja/mtype734.a(button-hal.o)
                0x0000000000013026                button_hal_get_by_id
                0x0000000000013070                button_hal_get_by_index
                0x00000000000130aa                button_hal_get_state
                0x000000000001310c                button_hal_init
 .text          0x0000000000013398      0x242 build/cooja/mtype734.a(serial-line.o)
                0x0000000000013398                serial_line_input_byte
                0x0000000000013590                serial_line_init
 .text          0x00000000000135da      0x1d6 build/cooja/mtype734.a(gpio-hal.o)
                0x00000000000135da                gpio_hal_register_handler
                0x0000000000013608                gpio_hal_event_handler
                0x0000000000013675                gpio_hal_init
                0x00000000000136a4                gpio_hal_arch_port_toggle_pin
                0x00000000000136ef                gpio_hal_arch_port_toggle_pins
                0x000000000001372c                gpio_hal_arch_no_port_toggle_pin
                0x0000000000013779                gpio_hal_arch_no_port_toggle_pins
 .text          0x00000000000137b0      0x3a9 build/cooja/mtype734.a(queuebuf.o)
                0x00000000000137c4                queuebuf_init
                0x0000000000013800                queuebuf_numfree
                0x000000000001382a                queuebuf_new_from_packetbuf
                0x00000000000138de                queuebuf_update_attr_from_packetbuf
                0x0000000000013922                queuebuf_update_from_packetbuf
                0x0000000000013981                queuebuf_free
                0x00000000000139df                queuebuf_to_packetbuf
                0x0000000000013a5c                queuebuf_dataptr
                0x0000000000013aa8                queuebuf_datalen
                0x0000000000013ad5                queuebuf_addr
                0x0000000000013b14                queuebuf_attr
                0x0000000000013b49                queuebuf_debug_print
 .text          0x0000000000013b59      0x4dd build/cooja/mtype734.a(packetbuf.o)
                0x0000000000013b59                packetbuf_clear
                0x0000000000013b8f                packetbuf_copyfrom
                0x0000000000013bef                packetbuf_copyto
                0x0000000000013c8d                packetbuf_hdralloc
                0x0000000000013d1d                packetbuf_hdrreduce
                0x0000000000013d6f                packetbuf_set_datalen
                0x0000000000013d94                packetbuf_dataptr
                0x0000000000013dbb                packetbuf_hdrptr
                0x0000000000013dd0                packetbuf_datalen
                0x0000000000013de6                packetbuf_hdrlen
                0x0000000000013e05                packetbuf_totlen
                0x0000000000013e25                packetbuf_remaininglen
                0x0000000000013e42                packetbuf_attr_clear
                0x0000000000013ea8                packetbuf_attr_copyto
                0x0000000000013eee                packetbuf_attr_copyfrom
                0x0000000000013f34                packetbuf_set_attr
                0x0000000000013f6a                packetbuf_attr
                0x0000000000013f90                packetbuf_set_addr
                0x0000000000013fd8                packetbuf_addr
                0x0000000000014002                packetbuf_holds_broadcast
 .text          0x0000000000014036      0x13c build/cooja/mtype734.a(netstack.o)
                0x0000000000014036                netstack_process_ip_callback
                0x00000000000140d7                netstack_ip_packet_processor_add
                0x000000000001410b                uip_ds6_ip_packet_processor_rm
                0x0000000000014139                netstack_init
 .text          0x0000000000014172       0x75 build/cooja/mtype734.a(linkaddr.o)
                0x0000000000014172                linkaddr_copy
                0x0000000000014192                linkaddr_cmp
                0x00000000000141c5                linkaddr_set_node_addr
 .text          0x00000000000141e7      0x2ae build/cooja/mtype734.a(csma.o)
 .text          0x0000000000014495      0xa6f build/cooja/mtype734.a(csma-output.o)
                0x0000000000014c07                csma_output_packet
                0x0000000000014eb6                csma_output_init
 .text          0x0000000000014f04      0xe47 build/cooja/mtype734.a(uip-ds6.o)
                0x0000000000014f04                uip_ds6_default_prefix
                0x0000000000014f19                uip_ds6_set_default_prefix
                0x0000000000014f4f                uip_ds6_init
                0x00000000000151ea                uip_ds6_periodic
                0x0000000000015292                uip_ds6_list_loop
                0x0000000000015361                uip_ds6_prefix_add
                0x0000000000015428                uip_ds6_prefix_rm
                0x0000000000015445                uip_ds6_prefix_lookup
                0x0000000000015498                uip_ds6_is_addr_onlink
                0x0000000000015525                uip_ds6_addr_add
                0x0000000000015667                uip_ds6_addr_rm
                0x0000000000015726                uip_ds6_addr_lookup
                0x0000000000015776                uip_ds6_get_link_local
                0x0000000000015814                uip_ds6_get_global
                0x00000000000158b2                uip_ds6_maddr_add
                0x000000000001592e                uip_ds6_maddr_rm
                0x000000000001594b                uip_ds6_maddr_lookup
                0x000000000001599e                uip_ds6_aaddr_add
                0x0000000000015a17                uip_ds6_aaddr_rm
                0x0000000000015a34                uip_ds6_aaddr_lookup
                0x0000000000015a84                uip_ds6_select_src
                0x0000000000015bf2                uip_ds6_set_addr_iid
                0x0000000000015c27                uip_ds6_set_lladdr_from_iid
                0x0000000000015c5a                get_match_length
                0x0000000000015cf5                uip_ds6_compute_reachable_time
 .text          0x0000000000015d4b      0xb4d build/cooja/mtype734.a(tcp-socket.o)
                0x0000000000016462                tcp_socket_register
                0x0000000000016503                tcp_socket_connect
                0x00000000000165b6                tcp_socket_listen
                0x0000000000016646                tcp_socket_unlisten
                0x00000000000166d3                tcp_socket_send
                0x0000000000016783                tcp_socket_send_str
                0x00000000000167bb                tcp_socket_close
                0x00000000000167ee                tcp_socket_unregister
                0x0000000000016858                tcp_socket_max_sendlen
                0x000000000001687f                tcp_socket_queuelen
 .text          0x0000000000016898      0x453 build/cooja/mtype734.a(uip-ds6-route.o)
                0x00000000000168fa                uip_ds6_route_init
                0x0000000000016936                uip_ds6_route_count_nexthop_neighbors
                0x000000000001694a                uip_ds6_route_nexthop
                0x000000000001695e                uip_ds6_route_head
                0x0000000000016972                uip_ds6_route_next
                0x0000000000016986                uip_ds6_route_is_nexthop
                0x000000000001699a                uip_ds6_route_num_routes
                0x00000000000169ae                uip_ds6_route_lookup
                0x00000000000169c2                uip_ds6_route_add
                0x00000000000169df                uip_ds6_route_rm
                0x00000000000169ef                uip_ds6_route_rm_by_nexthop
                0x00000000000169ff                uip_ds6_defrt_head
                0x0000000000016a29                uip_ds6_defrt_add
                0x0000000000016ae9                uip_ds6_defrt_rm
                0x0000000000016b62                uip_ds6_defrt_lookup
                0x0000000000016bd9                uip_ds6_defrt_choose
                0x0000000000016c5f                uip_ds6_defrt_periodic
 .text          0x0000000000016ceb      0xc55 build/cooja/mtype734.a(tcpip.o)
                0x0000000000016d11                tcpip_output
                0x0000000000016e3c                tcp_connect
                0x0000000000016ea4                tcp_unlisten
                0x0000000000016f19                tcp_listen
                0x0000000000016f8b                tcp_attach
                0x0000000000016fad                udp_attach
                0x0000000000016fcf                udp_new
                0x0000000000017029                udp_broadcast_new
                0x00000000000172fb                tcpip_input
                0x00000000000174f1                tcpip_ipv6_output
                0x000000000001772d                tcpip_poll_udp
                0x000000000001775d                tcpip_poll_tcp
                0x000000000001778d                tcpip_uipcall
 .text          0x0000000000017940     0x33b5 build/cooja/mtype734.a(uip6.o)
                0x0000000000017940                uip_add32
                0x0000000000017b2b                uip_chksum
                0x0000000000017c23                uip_icmp6chksum
                0x0000000000017c42                uip_tcpchksum
                0x0000000000017c61                uip_udpchksum
                0x0000000000017c80                uip_init
                0x0000000000017d2e                uip_connect
                0x0000000000017ecb                uip_remove_ext_hdr
                0x0000000000017fc6                uip_udp_new
                0x000000000001810b                uip_unlisten
                0x000000000001815b                uip_listen
                0x000000000001846b                uip_process
                0x000000000001ab85                uip_htons
                0x000000000001abb1                uip_htonl
                0x000000000001abfb                uip_send
 .text          0x000000000001acf5      0x43e build/cooja/mtype734.a(uip-ds6-nbr.o)
                0x000000000001acf5                uip_ds6_neighbors_init
                0x000000000001ad2b                uip_ds6_nbr_add
                0x000000000001adc5                uip_ds6_nbr_rm
                0x000000000001ae24                uip_ds6_nbr_update_ll
                0x000000000001af21                uip_ds6_nbr_get_ipaddr
                0x000000000001af40                uip_ds6_nbr_get_ll
                0x000000000001af6d                uip_ds6_nbr_num
                0x000000000001afc7                uip_ds6_nbr_head
                0x000000000001aff1                uip_ds6_nbr_next
                0x000000000001b01e                uip_ds6_nbr_lookup
                0x000000000001b085                uip_ds6_nbr_ll_lookup
                0x000000000001b0b2                uip_ds6_nbr_ipaddr_from_lladdr
                0x000000000001b0e5                uip_ds6_nbr_lladdr_from_ipaddr
                0x000000000001b123                uip_ds6_link_callback
 .text          0x000000000001b133      0x810 build/cooja/mtype734.a(uip-nd6.o)
                0x000000000001b918                uip_nd6_init
 .text          0x000000000001b943     0x33b0 build/cooja/mtype734.a(sicslowpan.o)
                0x000000000001c041                netstack_sniffer_add
                0x000000000001c05a                netstack_sniffer_remove
                0x000000000001ecb2                sicslowpan_init
                0x000000000001ecde                sicslowpan_get_last_rssi
 .text          0x000000000001ecf3      0x51a build/cooja/mtype734.a(uiplib.o)
                0x000000000001ecf3                uiplib_ip6addrconv
                0x000000000001eeb9                uiplib_ip4addrconv
                0x000000000001ef86                uiplib_ipaddr_print
                0x000000000001efea                uiplib_ipaddr_snprint
 .text          0x000000000001f20d      0x610 build/cooja/mtype734.a(rpl.o)
                0x000000000001f20d                rpl_lollipop_greater_than
                0x000000000001f270                rpl_get_global_address
                0x000000000001f3a6                rpl_link_callback
                0x000000000001f409                rpl_has_joined
                0x000000000001f43f                rpl_is_reachable
                0x000000000001f4e2                rpl_reset_prefix
                0x000000000001f55e                rpl_set_prefix_from_addr
                0x000000000001f670                rpl_set_prefix
                0x000000000001f7e4                rpl_set_leaf_only
                0x000000000001f807                rpl_get_leaf_only
 .text          0x000000000001f81d     0x1491 build/cooja/mtype734.a(rpl-icmp6.o)
                0x000000000001f97a                rpl_icmp6_update_nbr_table
                0x000000000001fa2c                rpl_icmp6_dis_output
                0x0000000000020041                rpl_icmp6_dio_output
                0x000000000002089a                rpl_icmp6_dao_output
                0x0000000000020bc7                rpl_icmp6_dao_ack_output
                0x0000000000020c4e                rpl_icmp6_init
 .text          0x0000000000020cae      0x2e4 build/cooja/mtype734.a(rpl-dag-root.o)
                0x0000000000020cae                rpl_dag_root_print_links
                0x0000000000020e07                rpl_dag_root_set_prefix
                0x0000000000020e42                rpl_dag_root_start
                0x0000000000020f50                rpl_dag_root_is_root
 .text          0x0000000000020f92       0x6b build/cooja/mtype734.a(watchdog.o)
                0x0000000000020f92                watchdog_init
                0x0000000000020fa2                watchdog_start
                0x0000000000020fb2                watchdog_periodic
                0x0000000000020fdd                watchdog_stop
                0x0000000000020fed                watchdog_reboot
 .text          0x0000000000020ffd       0x75 build/cooja/mtype734.a(int-master.o)
                0x0000000000020ffd                int_master_enable
                0x0000000000021017                int_master_read_and_disable
                0x000000000002103f                int_master_status_set
                0x0000000000021058                int_master_is_enabled
 .text          0x0000000000021072      0x11d build/cooja/mtype734.a(stimer.o)
                0x0000000000021072                stimer_set
                0x00000000000210a1                stimer_reset
                0x00000000000210d8                stimer_restart
                0x00000000000210fe                stimer_expired
                0x000000000002113a                stimer_remaining
                0x0000000000021166                stimer_elapsed
 .text          0x000000000002118f      0x188 build/cooja/mtype734.a(ringbuf.o)
                0x000000000002118f                ringbuf_init
                0x00000000000211cb                ringbuf_put
                0x0000000000021253                ringbuf_get
                0x00000000000212ca                ringbuf_size
                0x00000000000212e6                ringbuf_elements
 .text          0x0000000000021317      0x1ec build/cooja/mtype734.a(memb.o)
                0x0000000000021317                memb_init
                0x000000000002137b                memb_alloc
                0x00000000000213e8                memb_free
                0x0000000000021469                memb_inmemb
                0x00000000000214b2                memb_numfree
 .text          0x0000000000021503       0x31 build/cooja/mtype734.a(assert.o)
                0x0000000000021503                _xassert
 .text          0x0000000000021534      0xb68 build/cooja/mtype734.a(nbr-table.o)
                0x00000000000218d6                nbr_table_count_entries
                0x0000000000021983                nbr_table_gc_get_worst
                0x00000000000219c3                nbr_table_can_accept_new
                0x0000000000021b4c                nbr_table_entry_is_allowed
                0x0000000000021bec                nbr_table_register
                0x0000000000021c6a                nbr_table_is_registered
                0x0000000000021caf                nbr_table_head
                0x0000000000021d1c                nbr_table_next
                0x0000000000021d8e                nbr_table_add_lladdr
                0x0000000000021edd                nbr_table_get_from_lladdr
                0x0000000000021f3a                nbr_table_remove
                0x0000000000021f85                nbr_table_lock
                0x0000000000021fab                nbr_table_unlock
                0x0000000000021fd1                nbr_table_get_lladdr
                0x0000000000022007                nbr_table_clear
                0x000000000002204c                nbr_table_key_head
                0x0000000000022076                nbr_table_key_next
 .text          0x000000000002209c      0x450 build/cooja/mtype734.a(link-stats.o)
                0x000000000002209c                link_stats_from_lladdr
                0x00000000000220c9                link_stats_get_lladdr
                0x00000000000220f6                link_stats_is_fresh
                0x0000000000022143                guess_etx_from_rssi
                0x00000000000221c9                link_stats_packet_sent
                0x000000000002230d                link_stats_input_callback
                0x0000000000022441                link_stats_reset
                0x00000000000224a3                link_stats_init
 .text          0x00000000000224ec      0x1a8 build/cooja/mtype734.a(mac-sequence.o)
                0x00000000000224ec                mac_sequence_is_duplicate
                0x00000000000225ac                mac_sequence_register_seqno
 .text          0x0000000000022694       0x2d build/cooja/mtype734.a(mac.o)
                0x0000000000022694                mac_call_sent_callback
 .text          0x00000000000226c1      0x477 build/cooja/mtype734.a(framer-802154.o)
                0x0000000000022864                framer_802154_setup_params
 .text          0x0000000000022b38      0xc1a build/cooja/mtype734.a(frame802154.o)
                0x0000000000022b73                frame802154_get_pan_id
                0x0000000000022b89                frame802154_set_pan_id
                0x0000000000022bae                frame802154_has_panid
                0x0000000000022d67                frame802154_check_dest_panid
                0x0000000000022df9                frame802154_is_broadcast_addr
                0x0000000000022e50                frame802154_extract_linkaddr
                0x00000000000230d9                frame802154_hdrlen
                0x0000000000023156                frame802154_create_fcf
                0x0000000000023218                frame802154_create
                0x00000000000233a3                frame802154_parse_fcf
                0x000000000002348f                frame802154_parse
 .text          0x0000000000023752       0x4e build/cooja/mtype734.a(csma-security.o)
                0x0000000000023752                csma_security_create_frame
                0x0000000000023783                csma_security_parse_frame
 .text          0x00000000000237a0      0x5d3 build/cooja/mtype734.a(uipbuf.o)
                0x00000000000237a0                uipbuf_clear
                0x00000000000237d7                uipbuf_add_ext_hdr
                0x0000000000023872                uipbuf_set_len
                0x00000000000238ac                uipbuf_set_len_field
                0x00000000000238e2                uipbuf_get_len_field
                0x000000000002390c                uipbuf_get_next_header
                0x0000000000023a5d                uipbuf_get_last_header
                0x0000000000023ae0                uipbuf_search_header
                0x0000000000023ba4                uipbuf_get_attr
                0x0000000000023bd5                uipbuf_set_attr
                0x0000000000023c16                uipbuf_set_default_attr
                0x0000000000023c57                uipbuf_clear_attr
                0x0000000000023c97                uipbuf_set_attr_flag
                0x0000000000023cc3                uipbuf_clr_attr_flag
                0x0000000000023cf5                uipbuf_is_attr_flag
                0x0000000000023d23                uipbuf_init
 .text          0x0000000000023d73      0x8b7 build/cooja/mtype734.a(uip-icmp6.o)
                0x0000000000023df8                uip_icmp6_input
                0x0000000000023e59                uip_icmp6_register_input_handler
                0x000000000002400d                uip_icmp6_error_output
                0x000000000002434f                uip_icmp6_send
                0x000000000002457d                uip_icmp6_echo_reply_callback_add
                0x00000000000245c0                uip_icmp6_echo_reply_callback_rm
                0x00000000000245ee                uip_icmp6_init
 .text          0x000000000002462a      0x772 build/cooja/mtype734.a(uip-sr.o)
                0x000000000002462a                uip_sr_num_nodes
                0x00000000000246d6                uip_sr_get_node
                0x000000000002473d                uip_sr_is_addr_reachable
                0x00000000000247fa                uip_sr_expire_parent
                0x000000000002484d                uip_sr_update_node
                0x0000000000024991                uip_sr_init
                0x00000000000249d7                uip_sr_node_head
                0x0000000000024a01                uip_sr_node_next
                0x0000000000024a27                uip_sr_periodic
                0x0000000000024b43                uip_sr_free_all
                0x0000000000024bc8                uip_sr_link_snprint
 .text          0x0000000000024d9c      0x1a5 build/cooja/mtype734.a(uip-packetqueue)
                0x0000000000024ddc                uip_packetqueue_new
                0x0000000000024df5                uip_packetqueue_alloc
                0x0000000000024e64                uip_packetqueue_free
                0x0000000000024ebc                uip_packetqueue_buf
                0x0000000000024ee3                uip_packetqueue_buflen
                0x0000000000024f0e                uip_packetqueue_set_buflen
 .text          0x0000000000024f41       0x8d build/cooja/mtype734.a(rpl-nbr-policy.)
                0x0000000000024f8d                rpl_nbr_gc_get_worst
 .text          0x0000000000024fce      0xaad build/cooja/mtype734.a(rpl-neighbor.o)
                0x000000000002506a                rpl_neighbor_snprint
                0x0000000000025352                rpl_neighbor_print_list
                0x0000000000025425                rpl_neighbor_count
                0x0000000000025508                rpl_neighbor_get_from_lladdr
                0x0000000000025535                rpl_neighbor_is_acceptable_parent
                0x000000000002557b                rpl_neighbor_get_link_metric
                0x00000000000255c1                rpl_neighbor_rank_via_nbr
                0x0000000000025607                rpl_neighbor_get_lladdr
                0x0000000000025634                rpl_neighbor_get_ipaddr
                0x000000000002566a                rpl_neighbor_get_link_stats
                0x00000000000256a0                rpl_neighbor_is_fresh
                0x00000000000256d6                rpl_neighbor_is_parent
                0x000000000002570d                rpl_neighbor_set_preferred_parent
                0x00000000000257c7                rpl_neighbor_remove_all
                0x0000000000025834                rpl_neighbor_get_from_ipaddr
                0x000000000002596e                rpl_neighbor_select_best
                0x0000000000025a49                rpl_neighbor_init
 .text          0x0000000000025a7b     0x11f4 build/cooja/mtype734.a(rpl-dag.o)
                0x0000000000025a7b                rpl_dag_state_to_str
                0x0000000000025ac9                rpl_dag_get_root_ipaddr
                0x0000000000025b19                rpl_dag_leave
                0x0000000000025bcf                rpl_dag_poison_and_leave
                0x0000000000025bfb                rpl_dag_periodic
                0x0000000000025cc0                rpl_is_addr_in_our_dag
                0x0000000000025d1f                rpl_get_default_instance
                0x0000000000025d49                rpl_get_any_dag
                0x0000000000025dbf                rpl_refresh_routes
                0x0000000000025e22                rpl_global_repair
                0x0000000000025ef3                rpl_local_repair
                0x0000000000025f58                rpl_dag_ready_to_advertise
                0x0000000000025fb1                rpl_dag_update_state
                0x000000000002682d                rpl_process_dio
                0x00000000000268c8                rpl_process_dis
                0x000000000002691e                rpl_process_dao
                0x00000000000269bf                rpl_process_dao_ack
                0x0000000000026a7b                rpl_process_hbh
                0x0000000000026adb                rpl_dag_init_root
                0x0000000000026c3d                rpl_dag_init
 .text          0x0000000000026c6f      0xd8d build/cooja/mtype734.a(rpl-timers.o)
                0x0000000000026c6f                rpl_timers_schedule_periodic_dis
                0x0000000000026e19                rpl_timers_dio_reset
                0x0000000000026f91                rpl_timers_schedule_unicast_dio
                0x0000000000027164                rpl_timers_schedule_dao
                0x000000000002726a                rpl_timers_schedule_dao_ack
                0x0000000000027339                rpl_timers_notify_dao_ack
                0x00000000000273bf                get_probing_delay
                0x0000000000027404                get_probing_target
                0x0000000000027639                rpl_schedule_probing
                0x0000000000027685                rpl_schedule_probing_now
                0x000000000002771f                rpl_timers_unschedule_leaving
                0x0000000000027779                rpl_timers_schedule_leaving
                0x00000000000277de                rpl_timers_init
                0x00000000000278a0                rpl_timers_stop_dag_timers
                0x000000000002795d                rpl_timers_unschedule_state_update
                0x0000000000027999                rpl_timers_schedule_state_update
 .text          0x00000000000279fc      0xd42 build/cooja/mtype734.a(rpl-ext-header.)
                0x00000000000279fc                rpl_ext_header_srh_get_next_hop
                0x0000000000027b07                rpl_ext_header_srh_update
                0x0000000000028139                rpl_ext_header_hbh_update
                0x00000000000284b8                rpl_ext_header_update
                0x0000000000028567                rpl_ext_header_remove
 .text          0x000000000002873e      0x39b build/cooja/mtype734.a(rpl-mrhof.o)
 *fill*         0x0000000000028ad9        0x7 
 .text          0x0000000000028ae0       0x14 /usr/lib/i386-linux-gnu/libc_nonshared.a(stack_chk_fail_local.oS)
                0x0000000000028ae0                __stack_chk_fail_local
 .text          0x0000000000028af4        0x0 /usr/lib/gcc/i686-linux-gnu/7/crtendS.o
 .text          0x0000000000028af4        0x0 /usr/lib/gcc/i686-linux-gnu/7/../../../i386-linux-gnu/crtn.o
 *(.gnu.warning)

.fini           0x0000000000028af4       0x14
 *(SORT_NONE(.fini))
 .fini          0x0000000000028af4        0xf /usr/lib/gcc/i686-linux-gnu/7/../../../i386-linux-gnu/crti.o
                0x0000000000028af4                _fini
 .fini          0x0000000000028b03        0x5 /usr/lib/gcc/i686-linux-gnu/7/../../../i386-linux-gnu/crtn.o
                [!provide]                        PROVIDE (__etext = .)
                [!provide]                        PROVIDE (_etext = .)
                [!provide]                        PROVIDE (etext = .)

.rodata         0x0000000000028b08      0x917
 *(.rodata .rodata.* .gnu.linkonce.r.*)
 .rodata        0x0000000000028b08      0x353 fire-detector.o
 *fill*         0x0000000000028e5b        0x1 
 .rodata        0x0000000000028e5c        0x6 build/cooja/mtype734.a(leds-arch.o)
                0x0000000000028e5c                leds_arch_leds
 .rodata        0x0000000000028e62        0x4 build/cooja/mtype734.a(pir-sensor.o)
 .rodata        0x0000000000028e66        0x6 build/cooja/mtype734.a(rs232.o)
 .rodata        0x0000000000028e6c        0xa build/cooja/mtype734.a(vib-sensor.o)
 *fill*         0x0000000000028e76        0x2 
 .rodata        0x0000000000028e78       0x27 build/cooja/mtype734.a(cfs-cooja.o)
 *fill*         0x0000000000028e9f        0x1 
 .rodata        0x0000000000028ea0       0x68 build/cooja/mtype734.a(cooja-radio.o)
 .rodata        0x0000000000028f08        0x8 build/cooja/mtype734.a(sensors.o)
 .rodata        0x0000000000028f10       0x14 build/cooja/mtype734.a(buttons.o)
                0x0000000000028f1c                button_hal_button_count
 .rodata        0x0000000000028f24       0x14 build/cooja/mtype734.a(mqtt.o)
 .rodata        0x0000000000028f38       0xf4 build/cooja/mtype734.a(contiki-main.o)
 .rodata        0x000000000002902c        0xf build/cooja/mtype734.a(ctimer.o)
 *fill*         0x000000000002903b        0x1 
 .rodata        0x000000000002903c       0xc4 build/cooja/mtype734.a(log.o)
 .rodata        0x0000000000029100        0xc build/cooja/mtype734.a(etimer.o)
 .rodata        0x000000000002910c       0x13 build/cooja/mtype734.a(button-hal.o)
 .rodata        0x000000000002911f        0xe build/cooja/mtype734.a(serial-line.o)
 *fill*         0x000000000002912d        0x3 
 .rodata        0x0000000000029130        0x8 build/cooja/mtype734.a(linkaddr.o)
                0x0000000000029130                linkaddr_null
 .rodata        0x0000000000029138        0x5 build/cooja/mtype734.a(csma.o)
 *fill*         0x000000000002913d        0x3 
 .rodata        0x0000000000029140       0x27 build/cooja/mtype734.a(csma-output.o)
 .rodata        0x0000000000029167       0x13 build/cooja/mtype734.a(tcp-socket.o)
 *fill*         0x000000000002917a        0x2 
 .rodata        0x000000000002917c       0x4d build/cooja/mtype734.a(uip-ds6-route.o)
 .rodata        0x00000000000291c9        0xd build/cooja/mtype734.a(tcpip.o)
 *fill*         0x00000000000291d6        0x2 
 .rodata        0x00000000000291d8       0x48 build/cooja/mtype734.a(uip6.o)
 .rodata        0x0000000000029220       0x1f build/cooja/mtype734.a(sicslowpan.o)
                0x0000000000029220                unc_llconf
                0x0000000000029224                unc_ctxconf
                0x0000000000029228                unc_mxconf
                0x000000000002922c                llprefix
 .rodata        0x000000000002923f       0x2d build/cooja/mtype734.a(uiplib.o)
 .rodata        0x000000000002926c        0x9 build/cooja/mtype734.a(rpl.o)
 *fill*         0x0000000000029275        0x3 
 .rodata        0x0000000000029278       0x25 build/cooja/mtype734.a(assert.o)
 .rodata        0x000000000002929d       0x44 build/cooja/mtype734.a(uip-sr.o)
 *fill*         0x00000000000292e1        0x3 
 .rodata        0x00000000000292e4       0x58 build/cooja/mtype734.a(rpl-neighbor.o)
 .rodata        0x000000000002933c       0xd7 build/cooja/mtype734.a(rpl-dag.o)
 .rodata        0x0000000000029413        0xc build/cooja/mtype734.a(rpl-timers.o)

.rodata1
 *(.rodata1)

.eh_frame_hdr   0x0000000000029420     0x187c
 *(.eh_frame_hdr)
 .eh_frame_hdr  0x0000000000029420     0x187c fire-detector.o
                0x0000000000029420                __GNU_EH_FRAME_HDR
 *(.eh_frame_entry .eh_frame_entry.*)

.eh_frame       0x000000000002ac9c     0x69d0
 *(.eh_frame)
 .eh_frame      0x000000000002ac9c       0x3c /usr/lib/gcc/i686-linux-gnu/7/../../../i386-linux-gnu/crti.o
                                         0x40 (size before relaxing)
 .eh_frame      0x000000000002acd8       0x14 /usr/lib/gcc/i686-linux-gnu/7/../../../i386-linux-gnu/crti.o
                                         0x2c (size before relaxing)
 .eh_frame      0x000000000002acec       0xc0 fire-detector.o
                                         0xec (size before relaxing)
 .eh_frame      0x000000000002adac      0x1ac build/cooja/mtype734.o
                                        0x1ec (size before relaxing)
 .eh_frame      0x000000000002af58       0x48 build/cooja/mtype734.a(simEnvChange.o)
                                         0x74 (size before relaxing)
 .eh_frame      0x000000000002afa0       0x6c build/cooja/mtype734.a(cooja_mt.o)
                                         0x98 (size before relaxing)
 .eh_frame      0x000000000002b00c       0x88 build/cooja/mtype734.a(cooja_mtarch.o)
                                         0xc8 (size before relaxing)
 .eh_frame      0x000000000002b094       0xe4 build/cooja/mtype734.a(rtimer-arch.o)
                                        0x110 (size before relaxing)
 .eh_frame      0x000000000002b178      0x160 build/cooja/mtype734.a(beep.o)
                                        0x18c (size before relaxing)
 .eh_frame      0x000000000002b2d8       0x88 build/cooja/mtype734.a(leds-arch.o)
                                         0xc8 (size before relaxing)
 .eh_frame      0x000000000002b360       0x44 build/cooja/mtype734.a(moteid.o)
                                         0x70 (size before relaxing)
 .eh_frame      0x000000000002b3a4       0xa4 build/cooja/mtype734.a(pir-sensor.o)
                                         0xe4 (size before relaxing)
 .eh_frame      0x000000000002b448      0x110 build/cooja/mtype734.a(rs232.o)
                                        0x150 (size before relaxing)
 .eh_frame      0x000000000002b558       0xa4 build/cooja/mtype734.a(vib-sensor.o)
                                         0xe4 (size before relaxing)
 .eh_frame      0x000000000002b5fc       0xc0 build/cooja/mtype734.a(clock.o)
                                         0xec (size before relaxing)
 .eh_frame      0x000000000002b6bc      0x130 build/cooja/mtype734.a(cooja-log.o)
                                        0x170 (size before relaxing)
 .eh_frame      0x000000000002b7ec      0x16c build/cooja/mtype734.a(cfs-cooja.o)
                                        0x1ac (size before relaxing)
 .eh_frame      0x000000000002b958      0x374 build/cooja/mtype734.a(cooja-radio.o)
                                        0x3b4 (size before relaxing)
 .eh_frame      0x000000000002bccc       0xa8 build/cooja/mtype734.a(eeprom.o)
                                         0xe8 (size before relaxing)
 .eh_frame      0x000000000002bd74       0x48 build/cooja/mtype734.a(random.o)
                                         0x74 (size before relaxing)
 .eh_frame      0x000000000002bdbc       0xd0 build/cooja/mtype734.a(sensors.o)
                                        0x110 (size before relaxing)
 .eh_frame      0x000000000002be8c      0x140 build/cooja/mtype734.a(leds.o)
                                        0x180 (size before relaxing)
 .eh_frame      0x000000000002bfcc      0x228 build/cooja/mtype734.a(gpio-hal-arch.o)
                                        0x27c (size before relaxing)
 .eh_frame      0x000000000002c1f4       0xa4 build/cooja/mtype734.a(buttons.o)
                                         0xe4 (size before relaxing)
 .eh_frame      0x000000000002c298      0x560 build/cooja/mtype734.a(mqtt.o)
                                        0x5b4 (size before relaxing)
 .eh_frame      0x000000000002c7f8       0x38 build/cooja/mtype734.a(contiki-main.o)
                                         0x64 (size before relaxing)
 .eh_frame      0x000000000002c830       0x48 build/cooja/mtype734.a(autostart.o)
                                         0x74 (size before relaxing)
 .eh_frame      0x000000000002c878      0x11c build/cooja/mtype734.a(ctimer.o)
                                        0x15c (size before relaxing)
 .eh_frame      0x000000000002c994      0x144 build/cooja/mtype734.a(log.o)
                                        0x184 (size before relaxing)
 .eh_frame      0x000000000002cad8       0x60 build/cooja/mtype734.a(energest.o)
                                         0x8c (size before relaxing)
 .eh_frame      0x000000000002cb38      0x204 build/cooja/mtype734.a(etimer.o)
                                        0x244 (size before relaxing)
 .eh_frame      0x000000000002cd3c       0x20 build/cooja/mtype734.a(node-id.o)
                                         0x4c (size before relaxing)
 .eh_frame      0x000000000002cd5c       0x6c build/cooja/mtype734.a(rtimer.o)
                                         0xc0 (size before relaxing)
 .eh_frame      0x000000000002cdc8      0x1ec build/cooja/mtype734.a(process.o)
                                        0x22c (size before relaxing)
 .eh_frame      0x000000000002cfb4       0xb4 build/cooja/mtype734.a(timer.o)
                                         0xe0 (size before relaxing)
 .eh_frame      0x000000000002d068      0x1a0 build/cooja/mtype734.a(list.o)
                                        0x1cc (size before relaxing)
 .eh_frame      0x000000000002d208      0x188 build/cooja/mtype734.a(button-hal.o)
                                        0x1c8 (size before relaxing)
 .eh_frame      0x000000000002d390       0x6c build/cooja/mtype734.a(serial-line.o)
                                         0x98 (size before relaxing)
 .eh_frame      0x000000000002d3fc       0xfc build/cooja/mtype734.a(gpio-hal.o)
                                        0x13c (size before relaxing)
 .eh_frame      0x000000000002d4f8      0x1c0 build/cooja/mtype734.a(queuebuf.o)
                                        0x200 (size before relaxing)
 .eh_frame      0x000000000002d6b8      0x2b0 build/cooja/mtype734.a(packetbuf.o)
                                        0x2f0 (size before relaxing)
 .eh_frame      0x000000000002d968       0x90 build/cooja/mtype734.a(netstack.o)
                                         0xd0 (size before relaxing)
 .eh_frame      0x000000000002d9f8       0x64 build/cooja/mtype734.a(linkaddr.o)
                                         0x90 (size before relaxing)
 .eh_frame      0x000000000002da5c       0xf0 build/cooja/mtype734.a(csma.o)
                                        0x130 (size before relaxing)
 .eh_frame      0x000000000002db4c      0x1f8 build/cooja/mtype734.a(csma-output.o)
                                        0x238 (size before relaxing)
 .eh_frame      0x000000000002dd44      0x364 build/cooja/mtype734.a(uip-ds6.o)
                                        0x3a4 (size before relaxing)
 .eh_frame      0x000000000002e0a8      0x280 build/cooja/mtype734.a(tcp-socket.o)
                                        0x2c0 (size before relaxing)
 .eh_frame      0x000000000002e328      0x260 build/cooja/mtype734.a(uip-ds6-route.o)
                                        0x2a0 (size before relaxing)
 .eh_frame      0x000000000002e588      0x34c build/cooja/mtype734.a(tcpip.o)
                                        0x38c (size before relaxing)
 .eh_frame      0x000000000002e8d4      0x2e8 build/cooja/mtype734.a(uip6.o)
                                        0x33c (size before relaxing)
 .eh_frame      0x000000000002ebbc      0x1e8 build/cooja/mtype734.a(uip-ds6-nbr.o)
                                        0x228 (size before relaxing)
 .eh_frame      0x000000000002eda4       0x8c build/cooja/mtype734.a(uip-nd6.o)
                                         0xe0 (size before relaxing)
 .eh_frame      0x000000000002ee30      0x354 build/cooja/mtype734.a(sicslowpan.o)
                                        0x3a8 (size before relaxing)
 .eh_frame      0x000000000002f184       0x9c build/cooja/mtype734.a(uiplib.o)
                                         0xdc (size before relaxing)
 .eh_frame      0x000000000002f220      0x1fc build/cooja/mtype734.a(rpl.o)
                                        0x23c (size before relaxing)
 .eh_frame      0x000000000002f41c      0x1f0 build/cooja/mtype734.a(rpl-icmp6.o)
                                        0x230 (size before relaxing)
 .eh_frame      0x000000000002f60c       0xb0 build/cooja/mtype734.a(rpl-dag-root.o)
                                         0xf0 (size before relaxing)
 .eh_frame      0x000000000002f6bc       0xa4 build/cooja/mtype734.a(watchdog.o)
                                         0xd0 (size before relaxing)
 .eh_frame      0x000000000002f760       0x80 build/cooja/mtype734.a(int-master.o)
                                         0xac (size before relaxing)
 .eh_frame      0x000000000002f7e0       0xd8 build/cooja/mtype734.a(stimer.o)
                                        0x104 (size before relaxing)
 .eh_frame      0x000000000002f8b8       0xa0 build/cooja/mtype734.a(ringbuf.o)
                                         0xcc (size before relaxing)
 .eh_frame      0x000000000002f958       0xa4 build/cooja/mtype734.a(memb.o)
                                         0xe4 (size before relaxing)
 .eh_frame      0x000000000002f9fc       0x24 build/cooja/mtype734.a(assert.o)
                                         0x50 (size before relaxing)
 .eh_frame      0x000000000002fa20      0x428 build/cooja/mtype734.a(nbr-table.o)
                                        0x468 (size before relaxing)
 .eh_frame      0x000000000002fe48      0x140 build/cooja/mtype734.a(link-stats.o)
                                        0x180 (size before relaxing)
 .eh_frame      0x000000000002ff88       0x50 build/cooja/mtype734.a(mac-sequence.o)
                                         0x7c (size before relaxing)
 .eh_frame      0x000000000002ffd8       0x20 build/cooja/mtype734.a(mac.o)
                                         0x4c (size before relaxing)
 .eh_frame      0x000000000002fff8       0xb4 build/cooja/mtype734.a(framer-802154.o)
                                         0xf4 (size before relaxing)
 .eh_frame      0x00000000000300ac      0x1b0 build/cooja/mtype734.a(frame802154.o)
                                        0x1f0 (size before relaxing)
 .eh_frame      0x000000000003025c       0x44 build/cooja/mtype734.a(csma-security.o)
                                         0x84 (size before relaxing)
 .eh_frame      0x00000000000302a0      0x204 build/cooja/mtype734.a(uipbuf.o)
                                        0x230 (size before relaxing)
 .eh_frame      0x00000000000304a4      0x170 build/cooja/mtype734.a(uip-icmp6.o)
                                        0x1b0 (size before relaxing)
 .eh_frame      0x0000000000030614      0x1ac build/cooja/mtype734.a(uip-sr.o)
                                        0x1ec (size before relaxing)
 .eh_frame      0x00000000000307c0       0xec build/cooja/mtype734.a(uip-packetqueue)
                                        0x12c (size before relaxing)
 .eh_frame      0x00000000000308ac       0x48 build/cooja/mtype734.a(rpl-nbr-policy.)
                                         0x88 (size before relaxing)
 .eh_frame      0x00000000000308f4      0x2ec build/cooja/mtype734.a(rpl-neighbor.o)
                                        0x340 (size before relaxing)
 .eh_frame      0x0000000000030be0      0x3c0 build/cooja/mtype734.a(rpl-dag.o)
                                        0x414 (size before relaxing)
 .eh_frame      0x0000000000030fa0      0x418 build/cooja/mtype734.a(rpl-timers.o)
                                        0x458 (size before relaxing)
 .eh_frame      0x00000000000313b8      0x144 build/cooja/mtype734.a(rpl-ext-header.)
                                        0x184 (size before relaxing)
 .eh_frame      0x00000000000314fc      0x150 build/cooja/mtype734.a(rpl-mrhof.o)
                                        0x190 (size before relaxing)
 .eh_frame      0x000000000003164c       0x1c /usr/lib/i386-linux-gnu/libc_nonshared.a(stack_chk_fail_local.oS)
                                         0x48 (size before relaxing)
 .eh_frame      0x0000000000031668        0x4 /usr/lib/gcc/i686-linux-gnu/7/crtendS.o
 *(.eh_frame.*)

.gcc_except_table
 *(.gcc_except_table .gcc_except_table.*)

.gnu_extab
 *(.gnu_extab*)

.exception_ranges
 *(.exception_ranges .exception_ranges*)
                0x0000000000032c18                . = DATA_SEGMENT_ALIGN (CONSTANT (MAXPAGESIZE), CONSTANT (COMMONPAGESIZE))

.eh_frame
 *(.eh_frame)
 *(.eh_frame.*)

.gnu_extab
 *(.gnu_extab)

.gcc_except_table
 *(.gcc_except_table .gcc_except_table.*)

.exception_ranges
 *(.exception_ranges .exception_ranges*)

.tdata
 *(.tdata .tdata.* .gnu.linkonce.td.*)

.tbss
 *(.tbss .tbss.* .gnu.linkonce.tb.*)
 *(.tcommon)

.preinit_array
 *(.preinit_array)

.init_array     0x0000000000032c18        0x4
 *(SORT_BY_INIT_PRIORITY(.init_array.*) SORT_BY_INIT_PRIORITY(.ctors.*))
 *(.init_array EXCLUDE_FILE(*crtend?.o *crtend.o *crtbegin?.o *crtbegin.o) .ctors)
 .init_array    0x0000000000032c18        0x4 /usr/lib/gcc/i686-linux-gnu/7/crtbeginS.o

.fini_array     0x0000000000032c1c        0x4
 *(SORT_BY_INIT_PRIORITY(.fini_array.*) SORT_BY_INIT_PRIORITY(.dtors.*))
 *(.fini_array EXCLUDE_FILE(*crtend?.o *crtend.o *crtbegin?.o *crtbegin.o) .dtors)
 .fini_array    0x0000000000032c1c        0x4 /usr/lib/gcc/i686-linux-gnu/7/crtbeginS.o

.ctors
 *crtbegin.o(.ctors)
 *crtbegin?.o(.ctors)
 *(EXCLUDE_FILE(*crtend?.o *crtend.o) .ctors)
 *(SORT_BY_NAME(.ctors.*))
 *(.ctors)

.dtors
 *crtbegin.o(.dtors)
 *crtbegin?.o(.dtors)
 *(EXCLUDE_FILE(*crtend?.o *crtend.o) .dtors)
 *(SORT_BY_NAME(.dtors.*))
 *(.dtors)

.jcr
 *(.jcr)

.data.rel.ro    0x0000000000032c20      0x198
 *(.data.rel.ro.local* .gnu.linkonce.d.rel.ro.local.*)
 .data.rel.ro.local
                0x0000000000032c20        0x8 fire-detector.o
                0x0000000000032c20                autostart_processes
 .data.rel.ro.local
                0x0000000000032c28        0x8 build/cooja/mtype734.a(beep.o)
                0x0000000000032c28                beep_interface
 .data.rel.ro.local
                0x0000000000032c30        0x8 build/cooja/mtype734.a(leds-arch.o)
                0x0000000000032c30                leds_interface
 .data.rel.ro.local
                0x0000000000032c38        0x8 build/cooja/mtype734.a(moteid.o)
                0x0000000000032c38                moteid_interface
 .data.rel.ro.local
                0x0000000000032c40       0x18 build/cooja/mtype734.a(pir-sensor.o)
                0x0000000000032c40                pir_interface
                0x0000000000032c48                pir_sensor
 .data.rel.ro.local
                0x0000000000032c58        0x8 build/cooja/mtype734.a(rs232.o)
                0x0000000000032c58                rs232_interface
 .data.rel.ro.local
                0x0000000000032c60       0x18 build/cooja/mtype734.a(vib-sensor.o)
                0x0000000000032c60                vib_interface
                0x0000000000032c68                vib_sensor
 .data.rel.ro.local
                0x0000000000032c78        0x8 build/cooja/mtype734.a(clock.o)
                0x0000000000032c78                clock_interface
 .data.rel.ro.local
                0x0000000000032c80        0x8 build/cooja/mtype734.a(cooja-log.o)
                0x0000000000032c80                simlog_interface
 .data.rel.ro.local
                0x0000000000032c88        0x8 build/cooja/mtype734.a(cfs-cooja.o)
                0x0000000000032c88                cfs_interface
 *fill*         0x0000000000032c90       0x10 
 .data.rel.ro.local
                0x0000000000032ca0       0x58 build/cooja/mtype734.a(cooja-radio.o)
                0x0000000000032ca0                radio_interface
                0x0000000000032cc0                cooja_radio_driver
 .data.rel.ro.local
                0x0000000000032cf8        0x8 build/cooja/mtype734.a(eeprom.o)
                0x0000000000032cf8                eeprom_interface
 .data.rel.ro.local
                0x0000000000032d00       0x18 build/cooja/mtype734.a(buttons.o)
                0x0000000000032d00                button_interface
                0x0000000000032d08                button_sensor
 .data.rel.ro.local
                0x0000000000032d18       0x1c build/cooja/mtype734.a(csma.o)
                0x0000000000032d18                csma_driver
 .data.rel.ro.local
                0x0000000000032d34       0x10 build/cooja/mtype734.a(sicslowpan.o)
                0x0000000000032d34                sicslowpan_driver
 .data.rel.ro.local
                0x0000000000032d44        0xc build/cooja/mtype734.a(framer-802154.o)
                0x0000000000032d44                framer_802154
 *(.data.rel.ro .data.rel.ro.* .gnu.linkonce.d.rel.ro.*)
 .data.rel.ro   0x0000000000032d50        0x0 /usr/lib/gcc/i686-linux-gnu/7/../../../i386-linux-gnu/crti.o
 *fill*         0x0000000000032d50       0x10 
 .data.rel.ro   0x0000000000032d60       0x54 build/cooja/mtype734.a(rpl.o)
                0x0000000000032d60                rpl_lite_driver
 .data.rel.ro   0x0000000000032db4        0x4 build/cooja/mtype734.a(rpl-dag.o)

.dynamic        0x0000000000032db8       0xf0
 *(.dynamic)
 .dynamic       0x0000000000032db8       0xf0 /usr/lib/gcc/i686-linux-gnu/7/../../../i386-linux-gnu/crti.o
                0x0000000000032db8                _DYNAMIC

.got            0x0000000000032ea8      0x158
 *(.got)
 .got           0x0000000000032ea8      0x158 /usr/lib/gcc/i686-linux-gnu/7/../../../i386-linux-gnu/crti.o
 *(.igot)
                0x0000000000033ff4                . = DATA_SEGMENT_RELRO_END (., (SIZEOF (.got.plt) >= 0xc)?0xc:0x0)

.got.plt        0x0000000000033000      0x4fc
 *(.got.plt)
 .got.plt       0x0000000000033000      0x4fc /usr/lib/gcc/i686-linux-gnu/7/../../../i386-linux-gnu/crti.o
                0x0000000000033000                _GLOBAL_OFFSET_TABLE_
 *(.igot.plt)

.data           0x0000000000033500      0x3a4
 *(.data .data.* .gnu.linkonce.d.*)
 .data          0x0000000000033500        0x0 /usr/lib/gcc/i686-linux-gnu/7/../../../i386-linux-gnu/crti.o
 .data          0x0000000000033500        0x0 /usr/lib/gcc/i686-linux-gnu/7/crtbeginS.o
 .data.rel.local
                0x0000000000033500        0x4 /usr/lib/gcc/i686-linux-gnu/7/crtbeginS.o
                0x0000000000033500                __dso_handle
 .data          0x0000000000033504        0x0 fire-detector.o
 .data.rel.local
                0x0000000000033504       0x14 fire-detector.o
                0x0000000000033508                mqtt_fire_detector
 .data          0x0000000000033518        0x0 build/cooja/mtype734.o
 *fill*         0x0000000000033518        0x8 
 .data.rel      0x0000000000033520       0x44 build/cooja/mtype734.o
                0x0000000000033520                simInterfaces
                0x0000000000033554                sensors
 .data          0x0000000000033564        0x0 build/cooja/mtype734.a(simEnvChange.o)
 .data          0x0000000000033564        0x0 build/cooja/mtype734.a(cooja_mt.o)
 .data          0x0000000000033564        0x0 build/cooja/mtype734.a(cooja_mtarch.o)
 .data          0x0000000000033564        0x0 build/cooja/mtype734.a(rtimer-arch.o)
 .data          0x0000000000033564        0x0 build/cooja/mtype734.a(beep.o)
 .data          0x0000000000033564        0x0 build/cooja/mtype734.a(leds-arch.o)
 .data          0x0000000000033564        0x0 build/cooja/mtype734.a(moteid.o)
 .data          0x0000000000033564        0x0 build/cooja/mtype734.a(pir-sensor.o)
 .data          0x0000000000033564        0x0 build/cooja/mtype734.a(rs232.o)
 .data          0x0000000000033564        0x0 build/cooja/mtype734.a(vib-sensor.o)
 .data          0x0000000000033564        0x0 build/cooja/mtype734.a(clock.o)
 .data          0x0000000000033564        0x0 build/cooja/mtype734.a(cooja-log.o)
 .data          0x0000000000033564        0x0 build/cooja/mtype734.a(cfs-cooja.o)
 .data          0x0000000000033564       0x20 build/cooja/mtype734.a(cooja-radio.o)
                0x0000000000033564                simRadioHWOn
                0x0000000000033568                simSignalStrength
                0x000000000003356c                simLastSignalStrength
                0x0000000000033570                simPower
                0x0000000000033574                simRadioChannel
                0x0000000000033578                simLQI
                0x000000000003357c                simLastLQI
 .data.rel.local
                0x0000000000033584       0x10 build/cooja/mtype734.a(cooja-radio.o)
                0x0000000000033584                cooja_radio_process
 .data          0x0000000000033594        0x0 build/cooja/mtype734.a(eeprom.o)
 .data          0x0000000000033594        0x0 build/cooja/mtype734.a(random.o)
 .data          0x0000000000033594        0x0 build/cooja/mtype734.a(sensors.o)
 .data.rel.local
                0x0000000000033594       0x10 build/cooja/mtype734.a(sensors.o)
                0x0000000000033594                sensors_process
 .data          0x00000000000335a4        0x0 build/cooja/mtype734.a(leds.o)
 .data          0x00000000000335a4        0x0 build/cooja/mtype734.a(gpio-hal-arch.o)
 .data          0x00000000000335a4        0x1 build/cooja/mtype734.a(buttons.o)
                0x00000000000335a4                simButtonIsActive
 *fill*         0x00000000000335a5       0x1b 
 .data.rel.local
                0x00000000000335c0       0x58 build/cooja/mtype734.a(buttons.o)
                0x0000000000033610                button_hal_buttons
 .data          0x0000000000033618        0x0 build/cooja/mtype734.a(mqtt.o)
 .data.rel.local
                0x0000000000033618       0x14 build/cooja/mtype734.a(mqtt.o)
                0x000000000003361c                mqtt_process
 .data          0x000000000003362c        0x0 build/cooja/mtype734.a(contiki-main.o)
 .data          0x000000000003362c        0x0 build/cooja/mtype734.a(autostart.o)
 .data          0x000000000003362c        0x0 build/cooja/mtype734.a(ctimer.o)
 .data.rel.local
                0x000000000003362c       0x14 build/cooja/mtype734.a(ctimer.o)
                0x0000000000033630                ctimer_process
 .data          0x0000000000033640        0x4 build/cooja/mtype734.a(log.o)
                0x0000000000033640                curr_log_level_main
 *fill*         0x0000000000033644       0x1c 
 .data.rel.local
                0x0000000000033660       0x9c build/cooja/mtype734.a(log.o)
                0x0000000000033660                all_modules
 .data          0x00000000000336fc        0x0 build/cooja/mtype734.a(energest.o)
 .data          0x00000000000336fc        0x0 build/cooja/mtype734.a(etimer.o)
 .data.rel.local
                0x00000000000336fc       0x10 build/cooja/mtype734.a(etimer.o)
                0x00000000000336fc                etimer_process
 .data          0x000000000003370c        0x0 build/cooja/mtype734.a(node-id.o)
 .data          0x000000000003370c        0x0 build/cooja/mtype734.a(rtimer.o)
 .data          0x000000000003370c        0x0 build/cooja/mtype734.a(process.o)
 .data          0x000000000003370c        0x0 build/cooja/mtype734.a(timer.o)
 .data          0x000000000003370c        0x0 build/cooja/mtype734.a(list.o)
 .data          0x000000000003370c        0x0 build/cooja/mtype734.a(button-hal.o)
 .data.rel.local
                0x000000000003370c       0x10 build/cooja/mtype734.a(button-hal.o)
                0x000000000003370c                button_hal_process
 .data          0x000000000003371c        0x0 build/cooja/mtype734.a(serial-line.o)
 .data.rel.local
                0x000000000003371c       0x10 build/cooja/mtype734.a(serial-line.o)
                0x000000000003371c                serial_line_process
 .data          0x000000000003372c        0x0 build/cooja/mtype734.a(gpio-hal.o)
 .data.rel.local
                0x000000000003372c        0x4 build/cooja/mtype734.a(gpio-hal.o)
 .data          0x0000000000033730        0x0 build/cooja/mtype734.a(queuebuf.o)
 .data.rel.local
                0x0000000000033730       0x18 build/cooja/mtype734.a(queuebuf.o)
 .data          0x0000000000033748        0x0 build/cooja/mtype734.a(packetbuf.o)
 .data.rel.local
                0x0000000000033748        0x4 build/cooja/mtype734.a(packetbuf.o)
 .data          0x000000000003374c        0x0 build/cooja/mtype734.a(netstack.o)
 .data.rel.local
                0x000000000003374c        0x4 build/cooja/mtype734.a(netstack.o)
 .data          0x0000000000033750        0x0 build/cooja/mtype734.a(linkaddr.o)
 .data          0x0000000000033750        0x0 build/cooja/mtype734.a(csma.o)
 .data          0x0000000000033750        0x0 build/cooja/mtype734.a(csma-output.o)
 .data.rel.local
                0x0000000000033750       0x28 build/cooja/mtype734.a(csma-output.o)
 .data          0x0000000000033778        0x0 build/cooja/mtype734.a(uip-ds6.o)
 .data          0x0000000000033778        0x0 build/cooja/mtype734.a(tcp-socket.o)
 .data.rel.local
                0x0000000000033778       0x14 build/cooja/mtype734.a(tcp-socket.o)
                0x000000000003377c                tcp_socket_process
 .data          0x000000000003378c        0x0 build/cooja/mtype734.a(uip-ds6-route.o)
 .data.rel.local
                0x000000000003378c       0x10 build/cooja/mtype734.a(uip-ds6-route.o)
 .data          0x000000000003379c        0x0 build/cooja/mtype734.a(tcpip.o)
 .data.rel.local
                0x000000000003379c       0x10 build/cooja/mtype734.a(tcpip.o)
                0x000000000003379c                tcpip_process
 .data          0x00000000000337ac        0x0 build/cooja/mtype734.a(uip6.o)
 .data          0x00000000000337ac        0x0 build/cooja/mtype734.a(uip-ds6-nbr.o)
 .data.rel.local
                0x00000000000337ac       0x14 build/cooja/mtype734.a(uip-ds6-nbr.o)
 .data          0x00000000000337c0        0x0 build/cooja/mtype734.a(uip-nd6.o)
 .data.rel.local
                0x00000000000337c0        0xc build/cooja/mtype734.a(uip-nd6.o)
 .data          0x00000000000337cc        0x0 build/cooja/mtype734.a(sicslowpan.o)
 .data          0x00000000000337cc        0x0 build/cooja/mtype734.a(uiplib.o)
 .data          0x00000000000337cc        0x0 build/cooja/mtype734.a(rpl.o)
 .data          0x00000000000337cc        0x0 build/cooja/mtype734.a(rpl-icmp6.o)
 .data.rel.local
                0x00000000000337cc       0x30 build/cooja/mtype734.a(rpl-icmp6.o)
 .data          0x00000000000337fc        0x0 build/cooja/mtype734.a(rpl-dag-root.o)
 .data          0x00000000000337fc        0x0 build/cooja/mtype734.a(watchdog.o)
 .data          0x00000000000337fc        0x0 build/cooja/mtype734.a(int-master.o)
 .data          0x00000000000337fc        0x0 build/cooja/mtype734.a(stimer.o)
 .data          0x00000000000337fc        0x0 build/cooja/mtype734.a(ringbuf.o)
 .data          0x00000000000337fc        0x0 build/cooja/mtype734.a(memb.o)
 .data          0x00000000000337fc        0x0 build/cooja/mtype734.a(assert.o)
 .data          0x00000000000337fc        0x0 build/cooja/mtype734.a(nbr-table.o)
 .data.rel.local
                0x00000000000337fc       0x10 build/cooja/mtype734.a(nbr-table.o)
 .data          0x000000000003380c        0x0 build/cooja/mtype734.a(link-stats.o)
 .data.rel.local
                0x000000000003380c       0x14 build/cooja/mtype734.a(link-stats.o)
 .data          0x0000000000033820        0x0 build/cooja/mtype734.a(mac-sequence.o)
 .data          0x0000000000033820        0x0 build/cooja/mtype734.a(mac.o)
 .data          0x0000000000033820        0x0 build/cooja/mtype734.a(framer-802154.o)
 .data          0x0000000000033820        0x2 build/cooja/mtype734.a(frame802154.o)
 .data          0x0000000000033822        0x0 build/cooja/mtype734.a(csma-security.o)
 .data          0x0000000000033822        0x0 build/cooja/mtype734.a(uipbuf.o)
 .data          0x0000000000033822        0x0 build/cooja/mtype734.a(uip-icmp6.o)
 *fill*         0x0000000000033822        0x2 
 .data.rel.local
                0x0000000000033824       0x20 build/cooja/mtype734.a(uip-icmp6.o)
 .data          0x0000000000033844        0x0 build/cooja/mtype734.a(uip-sr.o)
 .data.rel.local
                0x0000000000033844       0x10 build/cooja/mtype734.a(uip-sr.o)
 .data          0x0000000000033854        0x0 build/cooja/mtype734.a(uip-packetqueue)
 .data.rel.local
                0x0000000000033854        0xc build/cooja/mtype734.a(uip-packetqueue)
 .data          0x0000000000033860        0x0 build/cooja/mtype734.a(rpl-nbr-policy.)
 .data          0x0000000000033860        0x0 build/cooja/mtype734.a(rpl-neighbor.o)
 .data.rel.local
                0x0000000000033860       0x14 build/cooja/mtype734.a(rpl-neighbor.o)
                0x0000000000033870                rpl_neighbors
 .data          0x0000000000033874        0x0 build/cooja/mtype734.a(rpl-dag.o)
 .data          0x0000000000033874        0x0 build/cooja/mtype734.a(rpl-timers.o)
 .data          0x0000000000033874        0x0 build/cooja/mtype734.a(rpl-ext-header.)
 .data          0x0000000000033874        0x0 build/cooja/mtype734.a(rpl-mrhof.o)
 *fill*         0x0000000000033874        0xc 
 .data.rel.local
                0x0000000000033880       0x24 build/cooja/mtype734.a(rpl-mrhof.o)
                0x0000000000033880                rpl_mrhof
 .data          0x00000000000338a4        0x0 /usr/lib/i386-linux-gnu/libc_nonshared.a(stack_chk_fail_local.oS)
 .data          0x00000000000338a4        0x0 /usr/lib/gcc/i686-linux-gnu/7/crtendS.o
 .data          0x00000000000338a4        0x0 /usr/lib/gcc/i686-linux-gnu/7/../../../i386-linux-gnu/crtn.o

.tm_clone_table
                0x00000000000338a4        0x0
 .tm_clone_table
                0x00000000000338a4        0x0 /usr/lib/gcc/i686-linux-gnu/7/crtbeginS.o
 .tm_clone_table
                0x00000000000338a4        0x0 /usr/lib/gcc/i686-linux-gnu/7/crtendS.o

.data1
 *(.data1)
                0x00000000000338a4                _edata = .
                [!provide]                        PROVIDE (edata = .)
                0x00000000000338a4                . = .
                0x00000000000338a4                __bss_start = .

.bss            0x00000000000338c0    0x144c4
 *(.dynbss)
 .dynbss        0x00000000000338c0        0x0 /usr/lib/gcc/i686-linux-gnu/7/../../../i386-linux-gnu/crti.o
 *(.bss .bss.* .gnu.linkonce.b.*)
 .bss           0x00000000000338c0        0x0 /usr/lib/gcc/i686-linux-gnu/7/../../../i386-linux-gnu/crti.o
 .bss           0x00000000000338c0        0x1 /usr/lib/gcc/i686-linux-gnu/7/crtbeginS.o
 *fill*         0x00000000000338c1       0x1f 
 .bss           0x00000000000338e0      0xa81 fire-detector.o
 *fill*         0x0000000000034361       0x1f 
 .bss           0x0000000000034380     0x2040 build/cooja/mtype734.o
 .bss           0x00000000000363c0        0x1 build/cooja/mtype734.a(simEnvChange.o)
                0x00000000000363c0                simDontFallAsleep
 *fill*         0x00000000000363c1        0x3 
 .bss           0x00000000000363c4        0x4 build/cooja/mtype734.a(cooja_mt.o)
 .bss           0x00000000000363c8        0x4 build/cooja/mtype734.a(cooja_mtarch.o)
 .bss           0x00000000000363cc        0x0 build/cooja/mtype734.a(rtimer-arch.o)
 .bss           0x00000000000363cc        0x0 build/cooja/mtype734.a(beep.o)
 .bss           0x00000000000363cc        0x1 build/cooja/mtype734.a(leds-arch.o)
                0x00000000000363cc                simLedsValue
 .bss           0x00000000000363cd        0x0 build/cooja/mtype734.a(moteid.o)
 .bss           0x00000000000363cd        0x1 build/cooja/mtype734.a(pir-sensor.o)
                0x00000000000363cd                simPirValue
 *fill*         0x00000000000363ce        0x2 
 .bss           0x00000000000363d0        0x4 build/cooja/mtype734.a(rs232.o)
 .bss           0x00000000000363d4        0x1 build/cooja/mtype734.a(vib-sensor.o)
                0x00000000000363d4                simVibValue
 .bss           0x00000000000363d5        0x0 build/cooja/mtype734.a(clock.o)
 *fill*         0x00000000000363d5        0xb 
 .bss           0x00000000000363e0     0x2020 build/cooja/mtype734.a(cooja-log.o)
 .bss           0x0000000000038400      0xfc0 build/cooja/mtype734.a(cfs-cooja.o)
                0x0000000000038400                simCFSData
                0x00000000000393a0                simCFSSize
                0x00000000000393a4                simCFSChanged
                0x00000000000393a8                simCFSRead
                0x00000000000393ac                simCFSWritten
 .bss           0x00000000000393c0       0x24 build/cooja/mtype734.a(cooja-radio.o)
                0x00000000000393c0                simReceiving
                0x00000000000393c4                simInSize
                0x00000000000393c8                simLastPacketTimestamp
                0x00000000000393d0                simOutSize
 .bss           0x00000000000393e4        0xc build/cooja/mtype734.a(eeprom.o)
                0x00000000000393e4                simEEPROMChanged
                0x00000000000393e8                simEEPROMRead
                0x00000000000393ec                simEEPROMWritten
 .bss           0x00000000000393f0        0x0 build/cooja/mtype734.a(random.o)
 .bss           0x00000000000393f0        0xc build/cooja/mtype734.a(sensors.o)
 .bss           0x00000000000393fc        0x0 build/cooja/mtype734.a(leds.o)
 .bss           0x00000000000393fc       0x24 build/cooja/mtype734.a(gpio-hal-arch.o)
 .bss           0x0000000000039420        0x0 build/cooja/mtype734.a(buttons.o)
 .bss           0x0000000000039420       0x15 build/cooja/mtype734.a(mqtt.o)
 .bss           0x0000000000039435        0x0 build/cooja/mtype734.a(contiki-main.o)
 .bss           0x0000000000039435        0x0 build/cooja/mtype734.a(autostart.o)
 *fill*         0x0000000000039435        0x3 
 .bss           0x0000000000039438        0x5 build/cooja/mtype734.a(ctimer.o)
 *fill*         0x000000000003943d        0x3 
 .bss           0x0000000000039440       0x2c build/cooja/mtype734.a(log.o)
                0x0000000000039440                curr_log_level_rpl
                0x0000000000039444                curr_log_level_tcpip
                0x0000000000039448                curr_log_level_ipv6
                0x000000000003944c                curr_log_level_6lowpan
                0x0000000000039450                curr_log_level_nullnet
                0x0000000000039454                curr_log_level_mac
                0x0000000000039458                curr_log_level_framer
                0x000000000003945c                curr_log_level_6top
                0x0000000000039460                curr_log_level_coap
                0x0000000000039464                curr_log_level_snmp
                0x0000000000039468                curr_log_level_lwm2m
 .bss           0x000000000003946c        0x0 build/cooja/mtype734.a(energest.o)
 .bss           0x000000000003946c        0x8 build/cooja/mtype734.a(etimer.o)
 .bss           0x0000000000039474        0x2 build/cooja/mtype734.a(node-id.o)
                0x0000000000039474                node_id
 *fill*         0x0000000000039476        0x2 
 .bss           0x0000000000039478        0x4 build/cooja/mtype734.a(rtimer.o)
 *fill*         0x000000000003947c        0x4 
 .bss           0x0000000000039480      0x1a1 build/cooja/mtype734.a(process.o)
                0x0000000000039480                process_list
                0x0000000000039484                process_current
 .bss           0x0000000000039621        0x0 build/cooja/mtype734.a(timer.o)
 .bss           0x0000000000039621        0x0 build/cooja/mtype734.a(list.o)
 *fill*         0x0000000000039621        0x3 
 .bss           0x0000000000039624       0x10 build/cooja/mtype734.a(button-hal.o)
 *fill*         0x0000000000039634        0xc 
 .bss           0x0000000000039640      0x140 build/cooja/mtype734.a(serial-line.o)
 .bss           0x0000000000039780        0x4 build/cooja/mtype734.a(gpio-hal.o)
 *fill*         0x0000000000039784       0x1c 
 .bss           0x00000000000397a0     0x2c80 build/cooja/mtype734.a(queuebuf.o)
 .bss           0x000000000003c420       0xa0 build/cooja/mtype734.a(packetbuf.o)
 .bss           0x000000000003c4c0        0x4 build/cooja/mtype734.a(netstack.o)
 .bss           0x000000000003c4c4        0x0 build/cooja/mtype734.a(linkaddr.o)
 .bss           0x000000000003c4c4        0x0 build/cooja/mtype734.a(csma.o)
 *fill*         0x000000000003c4c4       0x1c 
 .bss           0x000000000003c4e0      0x726 build/cooja/mtype734.a(csma-output.o)
 *fill*         0x000000000003cc06        0x2 
 .bss           0x000000000003cc08       0x30 build/cooja/mtype734.a(uip-ds6.o)
 .bss           0x000000000003cc38        0x5 build/cooja/mtype734.a(tcp-socket.o)
 *fill*         0x000000000003cc3d        0x3 
 .bss           0x000000000003cc40       0x60 build/cooja/mtype734.a(uip-ds6-route.o)
 .bss           0x000000000003cca0       0xc4 build/cooja/mtype734.a(tcpip.o)
 .bss           0x000000000003cd64        0xc build/cooja/mtype734.a(uip6.o)
                0x000000000003cd64                uip_ext_bitmap
                0x000000000003cd66                uip_ext_len
                0x000000000003cd68                uip_last_proto
 *fill*         0x000000000003cd70       0x10 
 .bss           0x000000000003cd80     0x1c20 build/cooja/mtype734.a(uip-ds6-nbr.o)
 .bss           0x000000000003e9a0       0x10 build/cooja/mtype734.a(uip-nd6.o)
 *fill*         0x000000000003e9b0       0x10 
 .bss           0x000000000003e9c0      0x724 build/cooja/mtype734.a(sicslowpan.o)
 .bss           0x000000000003f0e4        0x0 build/cooja/mtype734.a(uiplib.o)
 .bss           0x000000000003f0e4        0x1 build/cooja/mtype734.a(rpl.o)
 .bss           0x000000000003f0e5        0x0 build/cooja/mtype734.a(rpl-icmp6.o)
 *fill*         0x000000000003f0e5        0x3 
 .bss           0x000000000003f0e8       0x11 build/cooja/mtype734.a(rpl-dag-root.o)
 .bss           0x000000000003f0f9        0x0 build/cooja/mtype734.a(watchdog.o)
 *fill*         0x000000000003f0f9        0x3 
 .bss           0x000000000003f0fc        0x4 build/cooja/mtype734.a(int-master.o)
 .bss           0x000000000003f100        0x0 build/cooja/mtype734.a(stimer.o)
 .bss           0x000000000003f100        0x0 build/cooja/mtype734.a(ringbuf.o)
 .bss           0x000000000003f100        0x0 build/cooja/mtype734.a(memb.o)
 .bss           0x000000000003f100        0x0 build/cooja/mtype734.a(assert.o)
 .bss           0x000000000003f100     0x1214 build/cooja/mtype734.a(nbr-table.o)
 *fill*         0x0000000000040314        0xc 
 .bss           0x0000000000040320      0xe10 build/cooja/mtype734.a(link-stats.o)
 *fill*         0x0000000000041130       0x10 
 .bss           0x0000000000041140      0x100 build/cooja/mtype734.a(mac-sequence.o)
 .bss           0x0000000000041240        0x0 build/cooja/mtype734.a(mac.o)
 .bss           0x0000000000041240        0x2 build/cooja/mtype734.a(framer-802154.o)
 .bss           0x0000000000041242        0x0 build/cooja/mtype734.a(frame802154.o)
 .bss           0x0000000000041242        0x0 build/cooja/mtype734.a(csma-security.o)
 *fill*         0x0000000000041242        0x2 
 .bss           0x0000000000041244       0x20 build/cooja/mtype734.a(uipbuf.o)
 .bss           0x0000000000041264       0x18 build/cooja/mtype734.a(uip-icmp6.o)
 *fill*         0x000000000004127c        0x4 
 .bss           0x0000000000041280     0x1d80 build/cooja/mtype734.a(uip-sr.o)
 .bss           0x0000000000043000      0xa78 build/cooja/mtype734.a(uip-packetqueue)
 .bss           0x0000000000043a78        0x0 build/cooja/mtype734.a(rpl-nbr-policy.)
 *fill*         0x0000000000043a78        0x8 
 .bss           0x0000000000043a80      0x960 build/cooja/mtype734.a(rpl-neighbor.o)
 .bss           0x00000000000443e0        0x0 build/cooja/mtype734.a(rpl-dag.o)
 .bss           0x00000000000443e0       0x40 build/cooja/mtype734.a(rpl-timers.o)
 .bss           0x0000000000044420        0x0 build/cooja/mtype734.a(rpl-ext-header.)
 .bss           0x0000000000044420        0x0 build/cooja/mtype734.a(rpl-mrhof.o)
 .bss           0x0000000000044420        0x0 /usr/lib/i386-linux-gnu/libc_nonshared.a(stack_chk_fail_local.oS)
 .bss           0x0000000000044420        0x0 /usr/lib/gcc/i686-linux-gnu/7/crtendS.o
 .bss           0x0000000000044420        0x0 /usr/lib/gcc/i686-linux-gnu/7/../../../i386-linux-gnu/crtn.o
 *(COMMON)
 COMMON         0x0000000000044420        0x8 build/cooja/mtype734.o
                0x0000000000044420                referenceVar
                0x0000000000044424                sensors_flags
 COMMON         0x0000000000044428        0xc build/cooja/mtype734.a(simEnvChange.o)
                0x0000000000044428                simEtimerPending
                0x000000000004442c                simProcessRunValue
                0x0000000000044430                simEtimerNextExpirationTime
 *fill*         0x0000000000044434        0x4 
 COMMON         0x0000000000044438       0x18 build/cooja/mtype734.a(rtimer-arch.o)
                0x0000000000044438                simRtimerPending