Archive member included to satisfy reference by file (symbol)

build/cooja/mtype1.a(simEnvChange.o)
                              build/cooja/mtype1.o (simDontFallAsleep)
build/cooja/mtype1.a(cooja_mt.o)
                              build/cooja/mtype1.o (cooja_mt_start)
build/cooja/mtype1.a(cooja_mtarch.o)
                              build/cooja/mtype1.a(cooja_mt.o) (cooja_mtarch_start)
build/cooja/mtype1.a(rtimer-arch.o)
                              build/cooja/mtype1.o (rtimer_arch_check)
build/cooja/mtype1.a(beep.o)  build/cooja/mtype1.o (beep_interface)
build/cooja/mtype1.a(leds-arch.o)
                              build/cooja/mtype1.o (leds_interface)
build/cooja/mtype1.a(moteid.o)
                              build/cooja/mtype1.o (moteid_interface)
build/cooja/mtype1.a(pir-sensor.o)
                              build/cooja/mtype1.o (pir_interface)
build/cooja/mtype1.a(rs232.o)
                              build/cooja/mtype1.o (rs232_interface)
build/cooja/mtype1.a(vib-sensor.o)
                              build/cooja/mtype1.o (vib_interface)
build/cooja/mtype1.a(clock.o)
                              build/cooja/mtype1.o (clock_interface)
build/cooja/mtype1.a(cooja-log.o)
                              build/cooja/mtype1.o (simlog_interface)
build/cooja/mtype1.a(cfs-cooja.o)
                              build/cooja/mtype1.o (cfs_interface)
build/cooja/mtype1.a(cooja-radio.o)
                              build/cooja/mtype1.o (radio_interface)
build/cooja/mtype1.a(eeprom.o)
                              build/cooja/mtype1.o (eeprom_interface)
build/cooja/mtype1.a(random.o)
                              build/cooja/mtype1.a(moteid.o) (random_init)
build/cooja/mtype1.a(sensors.o)
                              build/cooja/mtype1.a(pir-sensor.o) (sensors_changed)
build/cooja/mtype1.a(leds.o)  fire-detector.o (leds_set)
build/cooja/mtype1.a(gpio-hal-arch.o)
                              build/cooja/mtype1.a(leds-arch.o) (gpio_hal_arch_register_pin_callback)
build/cooja/mtype1.a(buttons.o)
                              build/cooja/mtype1.o (button_interface)
build/cooja/mtype1.a(mqtt.o)  fire-detector.o (mqtt_register)
build/cooja/mtype1.a(contiki-main.o)
                              build/cooja/mtype1.o (main)
build/cooja/mtype1.a(autostart.o)
                              build/cooja/mtype1.a(contiki-main.o) (autostart_start)
build/cooja/mtype1.a(ctimer.o)
                              build/cooja/mtype1.a(contiki-main.o) (ctimer_init)
build/cooja/mtype1.a(log.o)   build/cooja/mtype1.a(contiki-main.o) (curr_log_level_main)
build/cooja/mtype1.a(energest.o)
                              build/cooja/mtype1.a(contiki-main.o) (energest_init)
build/cooja/mtype1.a(etimer.o)
                              build/cooja/mtype1.a(contiki-main.o) (etimer_process)
build/cooja/mtype1.a(node-id.o)
                              build/cooja/mtype1.a(contiki-main.o) (node_id)
build/cooja/mtype1.a(rtimer.o)
                              build/cooja/mtype1.a(contiki-main.o) (rtimer_init)
build/cooja/mtype1.a(process.o)
                              build/cooja/mtype1.a(mqtt.o) (process_current)
build/cooja/mtype1.a(timer.o)
                              build/cooja/mtype1.a(mqtt.o) (timer_set)
build/cooja/mtype1.a(list.o)  build/cooja/mtype1.a(mqtt.o) (list_init)
build/cooja/mtype1.a(button-hal.o)
                              fire-detector.o (button_hal_periodic_event)
build/cooja/mtype1.a(serial-line.o)
                              build/cooja/mtype1.a(rs232.o) (serial_line_input_byte)
build/cooja/mtype1.a(gpio-hal.o)
                              build/cooja/mtype1.a(button-hal.o) (gpio_hal_register_handler)
build/cooja/mtype1.a(queuebuf.o)
                              build/cooja/mtype1.a(contiki-main.o) (queuebuf_init)
build/cooja/mtype1.a(packetbuf.o)
                              build/cooja/mtype1.a(cooja-radio.o) (packetbuf_clear)
build/cooja/mtype1.a(netstack.o)
                              build/cooja/mtype1.a(contiki-main.o) (netstack_init)
build/cooja/mtype1.a(linkaddr.o)
                              fire-detector.o (linkaddr_node_addr)
build/cooja/mtype1.a(csma.o)  build/cooja/mtype1.a(cooja-radio.o) (csma_driver)
build/cooja/mtype1.a(csma-output.o)
                              build/cooja/mtype1.a(csma.o) (csma_output_packet)
build/cooja/mtype1.a(uip-ds6.o)
                              build/cooja/mtype1.a(contiki-main.o) (uip_ds6_get_link_local)
build/cooja/mtype1.a(tcp-socket.o)
                              build/cooja/mtype1.a(mqtt.o) (tcp_socket_register)
build/cooja/mtype1.a(uip-ds6-route.o)
                              build/cooja/mtype1.a(uip-ds6.o) (uip_ds6_route_init)
build/cooja/mtype1.a(tcpip.o)
                              build/cooja/mtype1.a(tcp-socket.o) (tcpip_event)
build/cooja/mtype1.a(uip6.o)  build/cooja/mtype1.a(contiki-main.o) (uip_lladdr)
build/cooja/mtype1.a(uip-ds6-nbr.o)
                              build/cooja/mtype1.a(uip-ds6.o) (uip_ds6_neighbors_init)
[...]
Memory Configuration

Name             Origin             Length             Attributes
*default*        0x0000000000000000 0xffffffffffffffff

Linker script and memory map

LOAD /usr/lib/gcc/i686-linux-gnu/7/../../../i386-linux-gnu/crti.o
LOAD /usr/lib/gcc/i686-linux-gnu/7/crtbeginS.o
LOAD fire-detector.o
LOAD build/cooja/mtype1.o
LOAD build/cooja/mtype1.a
LOAD /usr/lib/gcc/i686-linux-gnu/7/libgcc.a
LOAD /usr/lib/gcc/i686-linux-gnu/7/libgcc_s.so
START GROUP
LOAD /usr/lib/gcc/i686-linux-gnu/7/libgcc_s.so.1
LOAD /usr/lib/gcc/i686-linux-gnu/7/libgcc.a
END GROUP
LOAD /usr/lib/gcc/i686-linux-gnu/7/../../../i386-linux-gnu/libc.so
START GROUP
LOAD /lib/i386-linux-gnu/libc.so.6
LOAD /usr/lib/i386-linux-gnu/libc_nonshared.a
LOAD /lib/i386-linux-gnu/ld-linux.so.2
END GROUP
LOAD /usr/lib/gcc/i686-linux-gnu/7/libgcc.a
LOAD /usr/lib/gcc/i686-linux-gnu/7/libgcc_s.so
START GROUP
LOAD /usr/lib/gcc/i686-linux-gnu/7/libgcc_s.so.1
LOAD /usr/lib/gcc/i686-linux-gnu/7/libgcc.a
END GROUP
LOAD /usr/lib/gcc/i686-linux-gnu/7/crtendS.o
LOAD /usr/lib/gcc/i686-linux-gnu/7/../../../i386-linux-gnu/crtn.o
                0x0000000000000114                . = (SEGMENT_START ("text-segment", 0x0) + SIZEOF_HEADERS)

.note.gnu.build-id
                0x0000000000000114       0x24
 *(.note.gnu.build-id)
 .note.gnu.build-id
                0x0000000000000114       0x24 /usr/lib/gcc/i686-linux-gnu/7/../../../i386-linux-gnu/crti.o

.hash
 *(.hash)

.gnu.hash       0x0000000000000138     0x14b0
 *(.gnu.hash)
 .gnu.hash      0x0000000000000138     0x14b0 /usr/lib/gcc/i686-linux-gnu/7/../../../i386-linux-gnu/crti.o

.dynsym         0x00000000000015e8     0x2b00
 *(.dynsym)
 .dynsym        0x00000000000015e8     0x2b00 /usr/lib/gcc/i686-linux-gnu/7/../../../i386-linux-gnu/crti.o

.dynstr         0x00000000000040e8     0x3089
 *(.dynstr)
 .dynstr        0x00000000000040e8     0x3089 /usr/lib/gcc/i686-linux-gnu/7/../../../i386-linux-gnu/crti.o

.gnu.version    0x0000000000007172      0x560
 *(.gnu.version)
 .gnu.version   0x0000000000007172      0x560 /usr/lib/gcc/i686-linux-gnu/7/../../../i386-linux-gnu/crti.o

.gnu.version_d  0x00000000000076d4        0x0
 *(.gnu.version_d)
 .gnu.version_d
                0x00000000000076d4        0x0 /usr/lib/gcc/i686-linux-gnu/7/../../../i386-linux-gnu/crti.o

.gnu.version_r  0x00000000000076d4       0x40
 *(.gnu.version_r)
 .gnu.version_r
                0x00000000000076d4       0x40 /usr/lib/gcc/i686-linux-gnu/7/../../../i386-linux-gnu/crti.o

.rel.dyn        0x0000000000007714      0xe90
 *(.rel.init)
 .rel.init      0x0000000000007714        0x0 /usr/lib/gcc/i686-linux-gnu/7/../../../i386-linux-gnu/crti.o
 *(.rel.text .rel.text.* .rel.gnu.linkonce.t.*)
 .rel.text      0x0000000000007714      0x588 /usr/lib/gcc/i686-linux-gnu/7/../../../i386-linux-gnu/crti.o
 *(.rel.fini)
 .rel.fini      0x0000000000007c9c        0x0 /usr/lib/gcc/i686-linux-gnu/7/../../../i386-linux-gnu/crti.o
 *(.rel.rodata .rel.rodata.* .rel.gnu.linkonce.r.*)
 *(.rel.data.rel.ro .rel.data.rel.ro.* .rel.gnu.linkonce.d.rel.ro.*)
 .rel.data.rel.ro.local
                0x0000000000007c9c      0x208 /usr/lib/gcc/i686-linux-gnu/7/../../../i386-linux-gnu/crti.o
 .rel.data.rel.ro
                0x0000000000007ea4       0xb0 /usr/lib/gcc/i686-linux-gnu/7/../../../i386-linux-gnu/crti.o
 *(.rel.data .rel.data.* .rel.gnu.linkonce.d.*)
 .rel.data.rel.local
                0x0000000000007f54      0x318 /usr/lib/gcc/i686-linux-gnu/7/../../../i386-linux-gnu/crti.o
 .rel.data.rel  0x000000000000826c       0x78 /usr/lib/gcc/i686-linux-gnu/7/../../../i386-linux-gnu/crti.o
 *(.rel.tdata .rel.tdata.* .rel.gnu.linkonce.td.*)
 *(.rel.tbss .rel.tbss.* .rel.gnu.linkonce.tb.*)
 *(.rel.ctors)
 *(.rel.dtors)
 *(.rel.got)
 .rel.got       0x00000000000082e4      0x2b0 /usr/lib/gcc/i686-linux-gnu/7/../../../i386-linux-gnu/crti.o
 *(.rel.bss .rel.bss.* .rel.gnu.linkonce.b.*)
 *(.rel.ifunc)
 .rel.ifunc     0x0000000000008594        0x0 /usr/lib/gcc/i686-linux-gnu/7/../../../i386-linux-gnu/crti.o
 .rel.fini_array
                0x0000000000008594        0x8 /usr/lib/gcc/i686-linux-gnu/7/../../../i386-linux-gnu/crti.o
 .rel.init_array
                0x000000000000859c        0x8 /usr/lib/gcc/i686-linux-gnu/7/../../../i386-linux-gnu/crti.o

.rel.plt        0x00000000000085a4      0x9d8
 *(.rel.plt)
 .rel.plt       0x00000000000085a4      0x9d8 /usr/lib/gcc/i686-linux-gnu/7/../../../i386-linux-gnu/crti.o
 *(.rel.iplt)

.init           0x0000000000008f7c       0x23
 *(SORT_NONE(.init))
 .init          0x0000000000008f7c       0x1e /usr/lib/gcc/i686-linux-gnu/7/../../../i386-linux-gnu/crti.o
                0x0000000000008f7c                _init
 .init          0x0000000000008f9a        0x5 /usr/lib/gcc/i686-linux-gnu/7/../../../i386-linux-gnu/crtn.o

.plt            0x0000000000008fa0     0x13c0
 *(.plt)
 .plt           0x0000000000008fa0     0x13c0 /usr/lib/gcc/i686-linux-gnu/7/../../../i386-linux-gnu/crti.o
 *(.iplt)

.plt.got        0x000000000000a360       0x18
 *(.plt.got)
 .plt.got       0x000000000000a360       0x18 /usr/lib/gcc/i686-linux-gnu/7/../../../i386-linux-gnu/crti.o

.plt.sec
 *(.plt.sec)

.text           0x000000000000a380    0x1e754
 *(.text.unlikely .text.*_unlikely .text.unlikely.*)
 *(.text.exit .text.exit.*)
 *(.text.startup .text.startup.*)
 *(.text.hot .text.hot.*)
 *(.text .stub .text.* .gnu.linkonce.t.*)
 .text          0x000000000000a380        0x0 /usr/lib/gcc/i686-linux-gnu/7/../../../i386-linux-gnu/crti.o
 .gnu.linkonce.t.__x86.get_pc_thunk.bx
                0x000000000000a380        0x4 /usr/lib/gcc/i686-linux-gnu/7/../../../i386-linux-gnu/crti.o
                0x000000000000a380                __x86.get_pc_thunk.bx
 *fill*         0x000000000000a384        0xc 
 .text          0x000000000000a390       0xe9 /usr/lib/gcc/i686-linux-gnu/7/crtbeginS.o
 .text.__x86.get_pc_thunk.dx
                0x000000000000a479        0x4 /usr/lib/gcc/i686-linux-gnu/7/crtbeginS.o
                0x000000000000a479                __x86.get_pc_thunk.dx
 .text          0x000000000000a47d      0x7a3 fire-detector.o
 .text          0x000000000000ac20      0x36b build/cooja/mtype1.o
                0x000000000000acd2                platform_init_stage_one
                0x000000000000acf5                platform_init_stage_two
                0x000000000000ad18                platform_init_stage_three
                0x000000000000ad3b                platform_main_loop
                0x000000000000ade1                Java_org_contikios_cooja_corecomm_Lib8_init
                0x000000000000ae2f                Java_org_contikios_cooja_corecomm_Lib8_getMemory
                0x000000000000ae6f                Java_org_contikios_cooja_corecomm_Lib8_setMemory
                0x000000000000aee0                Java_org_contikios_cooja_corecomm_Lib8_tick
                0x000000000000af6a                Java_org_contikios_cooja_corecomm_Lib8_setReferenceAddress
 .text.__x86.get_pc_thunk.ax
                0x000000000000af8b        0x4 build/cooja/mtype1.o
                0x000000000000af8b                __x86.get_pc_thunk.ax
 .text          0x000000000000af8f       0x8d build/cooja/mtype1.a(simEnvChange.o)
                0x000000000000af8f                doActionsBeforeTick
                0x000000000000afd5                doActionsAfterTick
 .text          0x000000000000b01c       0xb6 build/cooja/mtype1.a(cooja_mt.o)
                0x000000000000b01c                cooja_mt_start
                0x000000000000b056                cooja_mt_exec
                0x000000000000b09d                cooja_mt_yield
 .text          0x000000000000b0d2       0xf2 build/cooja/mtype1.a(cooja_mtarch.o)
                0x000000000000b0d2                cooja_mtarch_start
                0x000000000000b156                cooja_sw
                0x000000000000b184                cooja_mtarch_exec
                0x000000000000b1af                cooja_mtarch_yield
 .text          0x000000000000b1c4      0x127 build/cooja/mtype1.a(rtimer-arch.o)
                0x000000000000b1c4                rtimer_arch_init
                0x000000000000b1f3                rtimer_arch_schedule
                0x000000000000b235                rtimer_arch_next
                0x000000000000b24f                rtimer_arch_pending
                0x000000000000b266                rtimer_arch_check
                0x000000000000b2d1                rtimer_arch_now
 .text.__x86.get_pc_thunk.cx
                0x000000000000b2eb        0x4 build/cooja/mtype1.a(rtimer-arch.o)
                0x000000000000b2eb                __x86.get_pc_thunk.cx
 .text          0x000000000000b2ef      0x101 build/cooja/mtype1.a(beep.o)
                0x000000000000b2ef                beep_alarm
                0x000000000000b308                beep_beep
                0x000000000000b321                beep
                0x000000000000b33a                beep_down
                0x000000000000b353                beep_on
                0x000000000000b36c                beep_off
                0x000000000000b385                beep_spinup
                0x000000000000b39e                beep_quick
                0x000000000000b3b7                beep_long
 .text          0x000000000000b3f0       0x9f build/cooja/mtype1.a(leds-arch.o)
                0x000000000000b414                leds_arch_init
 .text          0x000000000000b48f       0x56 build/cooja/mtype1.a(moteid.o)
 .text          0x000000000000b4e5      0x101 build/cooja/mtype1.a(pir-sensor.o)
 .text          0x000000000000b5e6      0x1cc build/cooja/mtype1.a(rs232.o)
                0x000000000000b5e6                rs232_init
                0x000000000000b5f6                rs232_set_speed
                0x000000000000b60f                rs232_set_input
                0x000000000000b628                rs232_send
                0x000000000000b65e                rs232_print
                0x000000000000b68c                slip_arch_writeb
 .text          0x000000000000b7b2      0x101 build/cooja/mtype1.a(vib-sensor.o)
 .text          0x000000000000b8b3       0x7a build/cooja/mtype1.a(clock.o)
                0x000000000000b8b3                clock_init
                0x000000000000b8c3                clock_time
                0x000000000000b8da                clock_seconds
                0x000000000000b8fd                clock_delay
 .text          0x000000000000b92d      0x2b5 build/cooja/mtype1.a(cooja-log.o)
                0x000000000000b92d                simlog_char
                0x000000000000b991                simlog
                0x000000000000ba2b                log_message
                0x000000000000ba7a                log_set_putchar_with_slip
                0x000000000000ba93                log_putchar
                0x000000000000bb1e                log_puts
                0x000000000000bb50                log_printf
 .text          0x000000000000bbe2      0x36c build/cooja/mtype1.a(cfs-cooja.o)
                0x000000000000bbe2                cfs_open
                0x000000000000bc5a                cfs_close
                0x000000000000bc71                cfs_read
                0x000000000000bd25                cfs_write
                0x000000000000be23                cfs_seek
                0x000000000000bec0                cfs_remove
                0x000000000000bef6                cfs_opendir
                0x000000000000bf0a                cfs_readdir
                0x000000000000bf1e                cfs_closedir
 .text          0x000000000000bf4e      0x78b build/cooja/mtype1.a(cooja-radio.o)
                0x000000000000bfbc                radio_set_channel
                0x000000000000bfd5                radio_set_txpower
                0x000000000000bff8                radio_signal_strength_last
                0x000000000000c00d                radio_signal_strength_current
                0x000000000000c022                radio_LQI
 .text          0x000000000000c6d9      0x130 build/cooja/mtype1.a(eeprom.o)
                0x000000000000c6d9                eeprom_init
                0x000000000000c6e9                eeprom_read
                0x000000000000c769                eeprom_write
 .text          0x000000000000c809       0x4e build/cooja/mtype1.a(random.o)
                0x000000000000c809                random_init
                0x000000000000c839                random_rand
 .text          0x000000000000c857      0x332 build/cooja/mtype1.a(sensors.o)
                0x000000000000c89e                sensors_first
                0x000000000000c8b5                sensors_next
                0x000000000000c8e0                sensors_changed
                0x000000000000c92d                sensors_find
 .text          0x000000000000cb89      0x3fc build/cooja/mtype1.a(leds.o)
                0x000000000000cb89                leds_init
                0x000000000000cbe1                leds_single_on
                0x000000000000cc59                leds_single_off
                0x000000000000ccd1                leds_single_toggle
                0x000000000000cd15                leds_on
                0x000000000000cdad                leds_off
                0x000000000000ce45                leds_toggle
                0x000000000000ceab                leds_set
                0x000000000000cee1                leds_get
 .text          0x000000000000cf85      0x401 build/cooja/mtype1.a(gpio-hal-arch.o)
                0x000000000000cf85                gpio_hal_arch_register_pin_callback
                0x000000000000d006                gpio_hal_arch_init
                0x000000000000d060                gpio_hal_arch_no_port_interrupt_enable
                0x000000000000d09a                gpio_hal_arch_no_port_interrupt_disable
                0x000000000000d0d4                gpio_hal_arch_no_port_pin_cfg_set
                0x000000000000d103                gpio_hal_arch_no_port_pin_cfg_get
                0x000000000000d133                gpio_hal_arch_no_port_pin_set_input
                0x000000000000d14f                gpio_hal_arch_no_port_pin_set_output
                0x000000000000d16b                gpio_hal_arch_no_port_set_pin
                0x000000000000d196                gpio_hal_arch_no_port_clear_pin
                0x000000000000d1c1                gpio_hal_arch_no_port_read_pin
                0x000000000000d1f3                gpio_hal_arch_no_port_write_pin
                0x000000000000d227                gpio_hal_arch_no_port_set_pins
                0x000000000000d278                gpio_hal_arch_no_port_clear_pins
                0x000000000000d2c9                gpio_hal_arch_no_port_read_pins
                0x000000000000d31c                gpio_hal_arch_no_port_write_pins
 .text          0x000000000000d386       0xc6 build/cooja/mtype1.a(buttons.o)
 .text          0x000000000000d44c     0x3c24 build/cooja/mtype1.a(mqtt.o)
                0x000000000000d877                mqtt_decode_var_byte_int
                0x000000000000d96a                mqtt_encode_var_byte_int
                0x000000000001098d                mqtt_init
                0x0000000000010a78                mqtt_register
                0x0000000000010b25                mqtt_connect
                0x0000000000010c69                mqtt_disconnect
                0x0000000000010cb9                mqtt_subscribe
                0x0000000000010d9d                mqtt_unsubscribe
                0x0000000000010e75                mqtt_publish
                0x0000000000010f7d                mqtt_set_username_password
                0x0000000000011012                mqtt_set_last_will
 .text          0x0000000000011070      0x3c1 build/cooja/mtype1.a(contiki-main.o)
                0x0000000000011070                main
 .text          0x0000000000011431       0xb0 build/cooja/mtype1.a(autostart.o)
                0x0000000000011431                autostart_start
                0x000000000001148a                autostart_exit
 .text          0x00000000000114e1      0x400 build/cooja/mtype1.a(ctimer.o)
                0x0000000000011624                ctimer_init
                0x0000000000011669                ctimer_set
                0x000000000001169c                ctimer_set_with_process
                0x0000000000011733                ctimer_reset
                0x00000000000117a1                ctimer_restart
                0x000000000001180f                ctimer_stop
                0x000000000001186f                ctimer_expired
 .text          0x00000000000118e1      0x4a3 build/cooja/mtype1.a(log.o)
                0x00000000000118e1                log_6addr
                0x0000000000011945                log_6addr_compact_snprint
                0x0000000000011a05                log_6addr_compact
                0x0000000000011a69                log_lladdr
                0x0000000000011af0                log_lladdr_compact
                0x0000000000011b6d                log_bytes
                0x0000000000011bc1                log_set_level
                0x0000000000011c9f                log_get_level
                0x0000000000011d30                log_level_to_str
 .text          0x0000000000011d84       0x39 build/cooja/mtype1.a(energest.o)
                0x0000000000011d84                energest_init
                0x0000000000011d94                energest_flush
                0x0000000000011da4                energest_get_total_time
 .text          0x0000000000011dbd      0x527 build/cooja/mtype1.a(etimer.o)
                0x0000000000012012                etimer_request_poll
                0x00000000000120c3                etimer_set
                0x00000000000120fc                etimer_reset_with_new_interval
                0x000000000001213b                etimer_reset
                0x0000000000012171                etimer_restart
                0x00000000000121a7                etimer_adjust
                0x00000000000121ce                etimer_expired
                0x00000000000121eb                etimer_expiration_time
                0x0000000000012207                etimer_start_time
                0x000000000001221b                etimer_pending
                0x0000000000012238                etimer_next_expiration_time
                0x0000000000012260                etimer_stop
 .text          0x00000000000122e4       0x36 build/cooja/mtype1.a(node-id.o)
                0x00000000000122e4                node_id_init
 .text          0x000000000001231a      0x122 build/cooja/mtype1.a(rtimer.o)
                0x000000000001231a                rtimer_init
                0x0000000000012339                rtimer_set
                0x00000000000123c7                rtimer_run_next
 .text          0x000000000001243c      0x5cb build/cooja/mtype1.a(process.o)
                0x000000000001243c                process_alloc_event
                0x000000000001245d                process_start
                0x0000000000012662                process_exit
                0x000000000001268a                process_init
                0x0000000000012852                process_run
                0x0000000000012895                process_nevents
                0x00000000000128ba                process_post
                0x0000000000012967                process_post_synch
                0x00000000000129ad                process_poll
                0x00000000000129e9                process_is_running
 .text.__x86.get_pc_thunk.si
                0x0000000000012a07        0x4 build/cooja/mtype1.a(process.o)
                0x0000000000012a07                __x86.get_pc_thunk.si
 .text          0x0000000000012a0b       0xf6 build/cooja/mtype1.a(timer.o)
                0x0000000000012a0b                timer_set
                0x0000000000012a3a                timer_reset
                0x0000000000012a71                timer_restart
                0x0000000000012a97                timer_expired
                0x0000000000012ad5                timer_remaining
 .text          0x0000000000012b01      0x311 build/cooja/mtype1.a(list.o)
                0x0000000000012b01                list_init
                0x0000000000012b1a                list_head
                0x0000000000012b2e                list_copy
                0x0000000000012b48                list_tail
                0x0000000000012b88                list_add
                0x0000000000012bde                list_push
                0x0000000000012c14                list_chop
                0x0000000000012c88                list_pop
                0x0000000000012cba                list_remove
                0x0000000000012d2c                list_length
                0x0000000000012d64                list_insert
                0x0000000000012db3                list_item_next
                0x0000000000012dd4                list_contains
 .text          0x0000000000012e12      0x566 build/cooja/mtype1.a(button-hal.o)
                0x0000000000013006                button_hal_get_by_id
                0x0000000000013050                button_hal_get_by_index
                0x000000000001308a                button_hal_get_state
                0x00000000000130ec                button_hal_init
 .text          0x0000000000013378      0x242 build/cooja/mtype1.a(serial-line.o)
                0x0000000000013378                serial_line_input_byte
                0x0000000000013570                serial_line_init
 .text          0x00000000000135ba      0x1d6 build/cooja/mtype1.a(gpio-hal.o)
                0x00000000000135ba                gpio_hal_register_handler
                0x00000000000135e8                gpio_hal_event_handler
                0x0000000000013655                gpio_hal_init
                0x0000000000013684                gpio_hal_arch_port_toggle_pin
                0x00000000000136cf                gpio_hal_arch_port_toggle_pins
                0x000000000001370c                gpio_hal_arch_no_port_toggle_pin
                0x0000000000013759                gpio_hal_arch_no_port_toggle_pins
 .text          0x0000000000013790      0x3a9 build/cooja/mtype1.a(queuebuf.o)
                0x00000000000137a4                queuebuf_init
                0x00000000000137e0                queuebuf_numfree
                0x000000000001380a                queuebuf_new_from_packetbuf
                0x00000000000138be                queuebuf_update_attr_from_packetbuf
                0x0000000000013902                queuebuf_update_from_packetbuf
                0x0000000000013961                queuebuf_free
                0x00000000000139bf                queuebuf_to_packetbuf
                0x0000000000013a3c                queuebuf_dataptr
                0x0000000000013a88                queuebuf_datalen
                0x0000000000013ab5                queuebuf_addr
                0x0000000000013af4                queuebuf_attr
                0x0000000000013b29                queuebuf_debug_print
 .text          0x0000000000013b39      0x4dd build/cooja/mtype1.a(packetbuf.o)
                0x0000000000013b39                packetbuf_clear
                0x0000000000013b6f                packetbuf_copyfrom
                0x0000000000013bcf                packetbuf_copyto
                0x0000000000013c6d                packetbuf_hdralloc
                0x0000000000013cfd                packetbuf_hdrreduce
                0x0000000000013d4f                packetbuf_set_datalen
                0x0000000000013d74                packetbuf_dataptr
                0x0000000000013d9b                packetbuf_hdrptr
                0x0000000000013db0                packetbuf_datalen
                0x0000000000013dc6                packetbuf_hdrlen
                0x0000000000013de5                packetbuf_totlen
                0x0000000000013e05                packetbuf_remaininglen
                0x0000000000013e22                packetbuf_attr_clear
                0x0000000000013e88                packetbuf_attr_copyto
                0x0000000000013ece                packetbuf_attr_copyfrom
                0x0000000000013f14                packetbuf_set_attr
                0x0000000000013f4a                packetbuf_attr
                0x0000000000013f70                packetbuf_set_addr
                0x0000000000013fb8                packetbuf_addr
                0x0000000000013fe2                packetbuf_holds_broadcast
 .text          0x0000000000014016      0x13c build/cooja/mtype1.a(netstack.o)
                0x0000000000014016                netstack_process_ip_callback
                0x00000000000140b7                netstack_ip_packet_processor_add
                0x00000000000140eb                uip_ds6_ip_packet_processor_rm
                0x0000000000014119                netstack_init
 .text          0x0000000000014152       0x75 build/cooja/mtype1.a(linkaddr.o)
                0x0000000000014152                linkaddr_copy
                0x0000000000014172                linkaddr_cmp
                0x00000000000141a5                linkaddr_set_node_addr
 .text          0x00000000000141c7      0x2ae build/cooja/mtype1.a(csma.o)
 .text          0x0000000000014475      0xa6f build/cooja/mtype1.a(csma-output.o)
                0x0000000000014be7                csma_output_packet
                0x0000000000014e96                csma_output_init
 .text          0x0000000000014ee4      0xe47 build/cooja/mtype1.a(uip-ds6.o)
                0x0000000000014ee4                uip_ds6_default_prefix
                0x0000000000014ef9                uip_ds6_set_default_prefix
                0x0000000000014f2f                uip_ds6_init
                0x00000000000151ca                uip_ds6_periodic
                0x0000000000015272                uip_ds6_list_loop
                0x0000000000015341                uip_ds6_prefix_add
                0x0000000000015408                uip_ds6_prefix_rm
                0x0000000000015425                uip_ds6_prefix_lookup
                0x0000000000015478                uip_ds6_is_addr_onlink
                0x0000000000015505                uip_ds6_addr_add
                0x0000000000015647                uip_ds6_addr_rm
                0x0000000000015706                uip_ds6_addr_lookup
                0x0000000000015756                uip_ds6_get_link_local
                0x00000000000157f4                uip_ds6_get_global
                0x0000000000015892                uip_ds6_maddr_add
                0x000000000001590e                uip_ds6_maddr_rm
                0x000000000001592b                uip_ds6_maddr_lookup
                0x000000000001597e                uip_ds6_aaddr_add
                0x00000000000159f7                uip_ds6_aaddr_rm
                0x0000000000015a14                uip_ds6_aaddr_lookup
                0x0000000000015a64                uip_ds6_select_src
                0x0000000000015bd2                uip_ds6_set_addr_iid
                0x0000000000015c07                uip_ds6_set_lladdr_from_iid
                0x0000000000015c3a                get_match_length
                0x0000000000015cd5                uip_ds6_compute_reachable_time
 .text          0x0000000000015d2b      0xb4d build/cooja/mtype1.a(tcp-socket.o)
                0x0000000000016442                tcp_socket_register
                0x00000000000164e3                tcp_socket_connect
                0x0000000000016596                tcp_socket_listen
                0x0000000000016626                tcp_socket_unlisten
                0x00000000000166b3                tcp_socket_send
                0x0000000000016763                tcp_socket_send_str
                0x000000000001679b                tcp_socket_close
                0x00000000000167ce                tcp_socket_unregister
                0x0000000000016838                tcp_socket_max_sendlen
                0x000000000001685f                tcp_socket_queuelen
 .text          0x0000000000016878      0x453 build/cooja/mtype1.a(uip-ds6-route.o)
                0x00000000000168da                uip_ds6_route_init
                0x0000000000016916                uip_ds6_route_count_nexthop_neighbors
                0x000000000001692a                uip_ds6_route_nexthop
                0x000000000001693e                uip_ds6_route_head
                0x0000000000016952                uip_ds6_route_next
                0x0000000000016966                uip_ds6_route_is_nexthop
                0x000000000001697a                uip_ds6_route_num_routes
                0x000000000001698e                uip_ds6_route_lookup
                0x00000000000169a2                uip_ds6_route_add
                0x00000000000169bf                uip_ds6_route_rm
                0x00000000000169cf                uip_ds6_route_rm_by_nexthop
                0x00000000000169df                uip_ds6_defrt_head
                0x0000000000016a09                uip_ds6_defrt_add
                0x0000000000016ac9                uip_ds6_defrt_rm
                0x0000000000016b42                uip_ds6_defrt_lookup
                0x0000000000016bb9                uip_ds6_defrt_choose
                0x0000000000016c3f                uip_ds6_defrt_periodic
 .text          0x0000000000016ccb      0xc55 build/cooja/mtype1.a(tcpip.o)
                0x0000000000016cf1                tcpip_output
                0x0000000000016e1c                tcp_connect
                0x0000000000016e84                tcp_unlisten
                0x0000000000016ef9                tcp_listen
                0x0000000000016f6b                tcp_attach
                0x0000000000016f8d                udp_attach
                0x0000000000016faf                udp_new
                0x0000000000017009                udp_broadcast_new
                0x00000000000172db                tcpip_input
                0x00000000000174d1                tcpip_ipv6_output
                0x000000000001770d                tcpip_poll_udp
                0x000000000001773d                tcpip_poll_tcp
                0x000000000001776d                tcpip_uipcall
 .text          0x0000000000017920     0x33b5 build/cooja/mtype1.a(uip6.o)
                0x0000000000017920                uip_add32
                0x0000000000017b0b                uip_chksum
                0x0000000000017c03                uip_icmp6chksum
                0x0000000000017c22                uip_tcpchksum
                0x0000000000017c41                uip_udpchksum
                0x0000000000017c60                uip_init
                0x0000000000017d0e                uip_connect
                0x0000000000017eab                uip_remove_ext_hdr
                0x0000000000017fa6                uip_udp_new
                0x00000000000180eb                uip_unlisten
                0x000000000001813b                uip_listen
                0x000000000001844b                uip_process
                0x000000000001ab65                uip_htons
                0x000000000001ab91                uip_htonl
                0x000000000001abdb                uip_send
 .text          0x000000000001acd5      0x43e build/cooja/mtype1.a(uip-ds6-nbr.o)
                0x000000000001acd5                uip_ds6_neighbors_init
                0x000000000001ad0b                uip_ds6_nbr_add
                0x000000000001ada5                uip_ds6_nbr_rm
                0x000000000001ae04                uip_ds6_nbr_update_ll
                0x000000000001af01                uip_ds6_nbr_get_ipaddr
                0x000000000001af20                uip_ds6_nbr_get_ll
                0x000000000001af4d                uip_ds6_nbr_num
                0x000000000001afa7                uip_ds6_nbr_head
                0x000000000001afd1                uip_ds6_nbr_next
                0x000000000001affe                uip_ds6_nbr_lookup
                0x000000000001b065                uip_ds6_nbr_ll_lookup
                0x000000000001b092                uip_ds6_nbr_ipaddr_from_lladdr
                0x000000000001b0c5                uip_ds6_nbr_lladdr_from_ipaddr
                0x000000000001b103                uip_ds6_link_callback
 .text          0x000000000001b113      0x810 build/cooja/mtype1.a(uip-nd6.o)
                0x000000000001b8f8                uip_nd6_init
 .text          0x000000000001b923     0x33b0 build/cooja/mtype1.a(sicslowpan.o)
                0x000000000001c021                netstack_sniffer_add
                0x000000000001c03a                netstack_sniffer_remove
                0x000000000001ec92                sicslowpan_init
                0x000000000001ecbe                sicslowpan_get_last_rssi
 .text          0x000000000001ecd3      0x51a build/cooja/mtype1.a(uiplib.o)
                0x000000000001ecd3                uiplib_ip6addrconv
                0x000000000001ee99                uiplib_ip4addrconv
                0x000000000001ef66                uiplib_ipaddr_print
                0x000000000001efca                uiplib_ipaddr_snprint
 .text          0x000000000001f1ed      0x610 build/cooja/mtype1.a(rpl.o)
                0x000000000001f1ed                rpl_lollipop_greater_than
                0x000000000001f250                rpl_get_global_address
                0x000000000001f386                rpl_link_callback
                0x000000000001f3e9                rpl_has_joined
                0x000000000001f41f                rpl_is_reachable
                0x000000000001f4c2                rpl_reset_prefix
                0x000000000001f53e                rpl_set_prefix_from_addr
                0x000000000001f650                rpl_set_prefix
                0x000000000001f7c4                rpl_set_leaf_only
                0x000000000001f7e7                rpl_get_leaf_only
 .text          0x000000000001f7fd     0x1491 build/cooja/mtype1.a(rpl-icmp6.o)
                0x000000000001f95a                rpl_icmp6_update_nbr_table
                0x000000000001fa0c                rpl_icmp6_dis_output
                0x0000000000020021                rpl_icmp6_dio_output
                0x000000000002087a                rpl_icmp6_dao_output
                0x0000000000020ba7                rpl_icmp6_dao_ack_output
                0x0000000000020c2e                rpl_icmp6_init
 .text          0x0000000000020c8e      0x2e4 build/cooja/mtype1.a(rpl-dag-root.o)
                0x0000000000020c8e                rpl_dag_root_print_links
                0x0000000000020de7                rpl_dag_root_set_prefix
                0x0000000000020e22                rpl_dag_root_start
                0x0000000000020f30                rpl_dag_root_is_root
 .text          0x0000000000020f72       0x6b build/cooja/mtype1.a(watchdog.o)
                0x0000000000020f72                watchdog_init
                0x0000000000020f82                watchdog_start
                0x0000000000020f92                watchdog_periodic
                0x0000000000020fbd                watchdog_stop
                0x0000000000020fcd                watchdog_reboot
 .text          0x0000000000020fdd       0x75 build/cooja/mtype1.a(int-master.o)
                0x0000000000020fdd                int_master_enable
                0x0000000000020ff7                int_master_read_and_disable
                0x000000000002101f                int_master_status_set
                0x0000000000021038                int_master_is_enabled
 .text          0x0000000000021052      0x11d build/cooja/mtype1.a(stimer.o)
                0x0000000000021052                stimer_set
                0x0000000000021081                stimer_reset
                0x00000000000210b8                stimer_restart
                0x00000000000210de                stimer_expired
                0x000000000002111a                stimer_remaining
                0x0000000000021146                stimer_elapsed
 .text          0x000000000002116f      0x188 build/cooja/mtype1.a(ringbuf.o)
                0x000000000002116f                ringbuf_init
                0x00000000000211ab                ringbuf_put
                0x0000000000021233                ringbuf_get
                0x00000000000212aa                ringbuf_size
                0x00000000000212c6                ringbuf_elements
 .text          0x00000000000212f7      0x1ec build/cooja/mtype1.a(memb.o)
                0x00000000000212f7                memb_init
                0x000000000002135b                memb_alloc
                0x00000000000213c8                memb_free
                0x0000000000021449                memb_inmemb
                0x0000000000021492                memb_numfree
 .text          0x00000000000214e3       0x31 build/cooja/mtype1.a(assert.o)
                0x00000000000214e3                _xassert
 .text          0x0000000000021514      0xb68 build/cooja/mtype1.a(nbr-table.o)
                0x00000000000218b6                nbr_table_count_entries
                0x0000000000021963                nbr_table_gc_get_worst
                0x00000000000219a3                nbr_table_can_accept_new
                0x0000000000021b2c                nbr_table_entry_is_allowed
                0x0000000000021bcc                nbr_table_register
                0x0000000000021c4a                nbr_table_is_registered
                0x0000000000021c8f                nbr_table_head
                0x0000000000021cfc                nbr_table_next
                0x0000000000021d6e                nbr_table_add_lladdr
                0x0000000000021ebd                nbr_table_get_from_lladdr
                0x0000000000021f1a                nbr_table_remove
                0x0000000000021f65                nbr_table_lock
                0x0000000000021f8b                nbr_table_unlock
                0x0000000000021fb1                nbr_table_get_lladdr
                0x0000000000021fe7                nbr_table_clear
                0x000000000002202c                nbr_table_key_head
                0x0000000000022056                nbr_table_key_next
 .text          0x000000000002207c      0x450 build/cooja/mtype1.a(link-stats.o)
                0x000000000002207c                link_stats_from_lladdr
                0x00000000000220a9                link_stats_get_lladdr
                0x00000000000220d6                link_stats_is_fresh
                0x0000000000022123                guess_etx_from_rssi
                0x00000000000221a9                link_stats_packet_sent
                0x00000000000222ed                link_stats_input_callback
                0x0000000000022421                link_stats_reset
                0x0000000000022483                link_stats_init
 .text          0x00000000000224cc      0x1a8 build/cooja/mtype1.a(mac-sequence.o)
                0x00000000000224cc                mac_sequence_is_duplicate
                0x000000000002258c                mac_sequence_register_seqno
 .text          0x0000000000022674       0x2d build/cooja/mtype1.a(mac.o)
                0x0000000000022674                mac_call_sent_callback
 .text          0x00000000000226a1      0x477 build/cooja/mtype1.a(framer-802154.o)
                0x0000000000022844                framer_802154_setup_params
 .text          0x0000000000022b18      0xc1a build/cooja/mtype1.a(frame802154.o)
                0x0000000000022b53                frame802154_get_pan_id
                0x0000000000022b69                frame802154_set_pan_id
                0x0000000000022b8e                frame802154_has_panid
                0x0000000000022d47                frame802154_check_dest_panid
                0x0000000000022dd9                frame802154_is_broadcast_addr
                0x0000000000022e30                frame802154_extract_linkaddr
                0x00000000000230b9                frame802154_hdrlen
                0x0000000000023136                frame802154_create_fcf
                0x00000000000231f8                frame802154_create
                0x0000000000023383                frame802154_parse_fcf
                0x000000000002346f                frame802154_parse
 .text          0x0000000000023732       0x4e build/cooja/mtype1.a(csma-security.o)
                0x0000000000023732                csma_security_create_frame
                0x0000000000023763                csma_security_parse_frame
 .text          0x0000000000023780      0x5d3 build/cooja/mtype1.a(uipbuf.o)
                0x0000000000023780                uipbuf_clear
                0x00000000000237b7                uipbuf_add_ext_hdr
                0x0000000000023852                uipbuf_set_len
                0x000000000002388c                uipbuf_set_len_field
                0x00000000000238c2                uipbuf_get_len_field
                0x00000000000238ec                uipbuf_get_next_header
                0x0000000000023a3d                uipbuf_get_last_header
                0x0000000000023ac0                uipbuf_search_header
                0x0000000000023b84                uipbuf_get_attr
                0x0000000000023bb5                uipbuf_set_attr
                0x0000000000023bf6                uipbuf_set_default_attr
                0x0000000000023c37                uipbuf_clear_attr
                0x0000000000023c77                uipbuf_set_attr_flag
                0x0000000000023ca3                uipbuf_clr_attr_flag
                0x0000000000023cd5                uipbuf_is_attr_flag
                0x0000000000023d03                uipbuf_init
 .text          0x0000000000023d53      0x8b7 build/cooja/mtype1.a(uip-icmp6.o)
                0x0000000000023dd8                uip_icmp6_input
                0x0000000000023e39                uip_icmp6_register_input_handler
                0x0000000000023fed                uip_icmp6_error_output
                0x000000000002432f                uip_icmp6_send
                0x000000000002455d                uip_icmp6_echo_reply_callback_add
                0x00000000000245a0                uip_icmp6_echo_reply_callback_rm
                0x00000000000245ce                uip_icmp6_init
 .text          0x000000000002460a      0x772 build/cooja/mtype1.a(uip-sr.o)
                0x000000000002460a                uip_sr_num_nodes
                0x00000000000246b6                uip_sr_get_node
                0x000000000002471d                uip_sr_is_addr_reachable
                0x00000000000247da                uip_sr_expire_parent
                0x000000000002482d                uip_sr_update_node
                0x0000000000024971                uip_sr_init
                0x00000000000249b7                uip_sr_node_head
                0x00000000000249e1                uip_sr_node_next
                0x0000000000024a07                uip_sr_periodic
                0x0000000000024b23                uip_sr_free_all
                0x0000000000024ba8                uip_sr_link_snprint
 .text          0x0000000000024d7c      0x1a5 build/cooja/mtype1.a(uip-packetqueue)
                0x0000000000024dbc                uip_packetqueue_new
                0x0000000000024dd5                uip_packetqueue_alloc
                0x0000000000024e44                uip_packetqueue_free
                0x0000000000024e9c                uip_packetqueue_buf
                0x0000000000024ec3                uip_packetqueue_buflen
                0x0000000000024eee                uip_packetqueue_set_buflen
 .text          0x0000000000024f21       0x8d build/cooja/mtype1.a(rpl-nbr-policy.)
                0x0000000000024f6d                rpl_nbr_gc_get_worst
 .text          0x0000000000024fae      0xaad build/cooja/mtype1.a(rpl-neighbor.o)
                0x000000000002504a                rpl_neighbor_snprint
                0x0000000000025332                rpl_neighbor_print_list
                0x0000000000025405                rpl_neighbor_count
                0x00000000000254e8                rpl_neighbor_get_from_lladdr
                0x0000000000025515                rpl_neighbor_is_acceptable_parent
                0x000000000002555b                rpl_neighbor_get_link_metric
                0x00000000000255a1                rpl_neighbor_rank_via_nbr
                0x00000000000255e7                rpl_neighbor_get_lladdr
                0x0000000000025614                rpl_neighbor_get_ipaddr
                0x000000000002564a                rpl_neighbor_get_link_stats
                0x0000000000025680                rpl_neighbor_is_fresh
                0x00000000000256b6                rpl_neighbor_is_parent
                0x00000000000256ed                rpl_neighbor_set_preferred_parent
                0x00000000000257a7                rpl_neighbor_remove_all
                0x0000000000025814                rpl_neighbor_get_from_ipaddr
                0x000000000002594e                rpl_neighbor_select_best
                0x0000000000025a29                rpl_neighbor_init
 .text          0x0000000000025a5b     0x11f4 build/cooja/mtype1.a(rpl-dag.o)
                0x0000000000025a5b                rpl_dag_state_to_str
                0x0000000000025aa9                rpl_dag_get_root_ipaddr
                0x0000000000025af9                rpl_dag_leave
                0x0000000000025baf                rpl_dag_poison_and_leave
                0x0000000000025bdb                rpl_dag_periodic
                0x0000000000025ca0                rpl_is_addr_in_our_dag
                0x0000000000025cff                rpl_get_default_instance
                0x0000000000025d29                rpl_get_any_dag
                0x0000000000025d9f                rpl_refresh_routes
                0x0000000000025e02                rpl_global_repair
                0x0000000000025ed3                rpl_local_repair
                0x0000000000025f38                rpl_dag_ready_to_advertise
                0x0000000000025f91                rpl_dag_update_state
                0x000000000002680d                rpl_process_dio
                0x00000000000268a8                rpl_process_dis
                0x00000000000268fe                rpl_process_dao
                0x000000000002699f                rpl_process_dao_ack
                0x0000000000026a5b                rpl_process_hbh
                0x0000000000026abb                rpl_dag_init_root
                0x0000000000026c1d                rpl_dag_init
 .text          0x0000000000026c4f      0xd8d build/cooja/mtype1.a(rpl-timers.o)
                0x0000000000026c4f                rpl_timers_schedule_periodic_dis
                0x0000000000026df9                rpl_timers_dio_reset
                0x0000000000026f71                rpl_timers_schedule_unicast_dio
                0x0000000000027144                rpl_timers_schedule_dao
                0x000000000002724a                rpl_timers_schedule_dao_ack
                0x0000000000027319                rpl_timers_notify_dao_ack
                0x000000000002739f                get_probing_delay
                0x00000000000273e4                get_probing_target
                0x0000000000027619                rpl_schedule_probing
                0x0000000000027665                rpl_schedule_probing_now
                0x00000000000276ff                rpl_timers_unschedule_leaving
                0x0000000000027759                rpl_timers_schedule_leaving
                0x00000000000277be                rpl_timers_init
                0x0000000000027880                rpl_timers_stop_dag_timers
                0x000000000002793d                rpl_timers_unschedule_state_update
                0x0000000000027979                rpl_timers_schedule_state_update
 .text          0x00000000000279dc      0xd42 build/cooja/mtype1.a(rpl-ext-header.)
                0x00000000000279dc                rpl_ext_header_srh_get_next_hop
                0x0000000000027ae7                rpl_ext_header_srh_update
                0x0000000000028119                rpl_ext_header_hbh_update
                0x0000000000028498                rpl_ext_header_update
                0x0000000000028547                rpl_ext_header_remove
 .text          0x000000000002871e      0x39b build/cooja/mtype1.a(rpl-mrhof.o)
 *fill*         0x0000000000028ab9        0x7 
 .text          0x0000000000028ac0       0x14 /usr/lib/i386-linux-gnu/libc_nonshared.a(stack_chk_fail_local.oS)
                0x0000000000028ac0                __stack_chk_fail_local
 .text          0x0000000000028ad4        0x0 /usr/lib/gcc/i686-linux-gnu/7/crtendS.o
 .text          0x0000000000028ad4        0x0 /usr/lib/gcc/i686-linux-gnu/7/../../../i386-linux-gnu/crtn.o
 *(.gnu.warning)

.fini           0x0000000000028ad4       0x14
 *(SORT_NONE(.fini))
 .fini          0x0000000000028ad4        0xf /usr/lib/gcc/i686-linux-gnu/7/../../../i386-linux-gnu/crti.o
                0x0000000000028ad4                _fini
 .fini          0x0000000000028ae3        0x5 /usr/lib/gcc/i686-linux-gnu/7/../../../i386-linux-gnu/crtn.o
                [!provide]                        PROVIDE (__etext = .)
                [!provide]                        PROVIDE (_etext = .)
                [!provide]                        PROVIDE (etext = .)

.rodata         0x0000000000028ae8      0x917
 *(.rodata .rodata.* .gnu.linkonce.r.*)
 .rodata        0x0000000000028ae8      0x353 fire-detector.o
 *fill*         0x0000000000028e3b        0x1 
 .rodata        0x0000000000028e3c        0x6 build/cooja/mtype1.a(leds-arch.o)
                0x0000000000028e3c                leds_arch_leds
 .rodata        0x0000000000028e42        0x4 build/cooja/mtype1.a(pir-sensor.o)
 .rodata        0x0000000000028e46        0x6 build/cooja/mtype1.a(rs232.o)
 .rodata        0x0000000000028e4c        0xa build/cooja/mtype1.a(vib-sensor.o)
 *fill*         0x0000000000028e56        0x2 
 .rodata        0x0000000000028e58       0x27 build/cooja/mtype1.a(cfs-cooja.o)
 *fill*         0x0000000000028e7f        0x1 
 .rodata        0x0000000000028e80       0x68 build/cooja/mtype1.a(cooja-radio.o)
 .rodata        0x0000000000028ee8        0x8 build/cooja/mtype1.a(sensors.o)
 .rodata        0x0000000000028ef0       0x14 build/cooja/mtype1.a(buttons.o)
                0x0000000000028efc                button_hal_button_count
 .rodata        0x0000000000028f04       0x14 build/cooja/mtype1.a(mqtt.o)
 .rodata        0x0000000000028f18       0xf4 build/cooja/mtype1.a(contiki-main.o)
 .rodata        0x000000000002900c        0xf build/cooja/mtype1.a(ctimer.o)
 *fill*         0x000000000002901b        0x1 
 .rodata        0x000000000002901c       0xc4 build/cooja/mtype1.a(log.o)
 .rodata        0x00000000000290e0        0xc build/cooja/mtype1.a(etimer.o)
 .rodata        0x00000000000290ec       0x13 build/cooja/mtype1.a(button-hal.o)
 .rodata        0x00000000000290ff        0xe build/cooja/mtype1.a(serial-line.o)
 *fill*         0x000000000002910d        0x3 
 .rodata        0x0000000000029110        0x8 build/cooja/mtype1.a(linkaddr.o)
                0x0000000000029110                linkaddr_null
 .rodata        0x0000000000029118        0x5 build/cooja/mtype1.a(csma.o)
 *fill*         0x000000000002911d        0x3 
 .rodata        0x0000000000029120       0x27 build/cooja/mtype1.a(csma-output.o)
 .rodata        0x0000000000029147       0x13 build/cooja/mtype1.a(tcp-socket.o)
 *fill*         0x000000000002915a        0x2 
 .rodata        0x000000000002915c       0x4d build/cooja/mtype1.a(uip-ds6-route.o)
 .rodata        0x00000000000291a9        0xd build/cooja/mtype1.a(tcpip.o)
 *fill*         0x00000000000291b6        0x2 
 .rodata        0x00000000000291b8       0x48 build/cooja/mtype1.a(uip6.o)
 .rodata        0x0000000000029200       0x1f build/cooja/mtype1.a(sicslowpan.o)
                0x0000000000029200                unc_llconf
                0x0000000000029204                unc_ctxconf
                0x0000000000029208                unc_mxconf
                0x000000000002920c                llprefix
 .rodata        0x000000000002921f       0x2d build/cooja/mtype1.a(uiplib.o)
 .rodata        0x000000000002924c        0x9 build/cooja/mtype1.a(rpl.o)
 *fill*         0x0000000000029255        0x3 
 .rodata        0x0000000000029258       0x25 build/cooja/mtype1.a(assert.o)
 .rodata        0x000000000002927d       0x44 build/cooja/mtype1.a(uip-sr.o)
 *fill*         0x00000000000292c1        0x3 
 .rodata        0x00000000000292c4       0x58 build/cooja/mtype1.a(rpl-neighbor.o)
 .rodata        0x000000000002931c       0xd7 build/cooja/mtype1.a(rpl-dag.o)
 .rodata        0x00000000000293f3        0xc build/cooja/mtype1.a(rpl-timers.o)

.rodata1
 *(.rodata1)

.eh_frame_hdr   0x0000000000029400     0x187c
 *(.eh_frame_hdr)
 .eh_frame_hdr  0x0000000000029400     0x187c fire-detector.o
                0x0000000000029400                __GNU_EH_FRAME_HDR
 *(.eh_frame_entry .eh_frame_entry.*)

.eh_frame       0x000000000002ac7c     0x69d0
 *(.eh_frame)
 .eh_frame      0x000000000002ac7c       0x3c /usr/lib/gcc/i686-linux-gnu/7/../../../i386-linux-gnu/crti.o
                                         0x40 (size before relaxing)
 .eh_frame      0x000000000002acb8       0x14 /usr/lib/gcc/i686-linux-gnu/7/../../../i386-linux-gnu/crti.o
                                         0x2c (size before relaxing)
 .eh_frame      0x000000000002accc       0xc0 fire-detector.o
                                         0xec (size before relaxing)
 .eh_frame      0x000000000002ad8c      0x1ac build/cooja/mtype1.o
                                        0x1ec (size before relaxing)
 .eh_frame      0x000000000002af38       0x48 build/cooja/mtype1.a(simEnvChange.o)
                                         0x74 (size before relaxing)
 .eh_frame      0x000000000002af80       0x6c build/cooja/mtype1.a(cooja_mt.o)
                                         0x98 (size before relaxing)
 .eh_frame      0x000000000002afec       0x88 build/cooja/mtype1.a(cooja_mtarch.o)
                                         0xc8 (size before relaxing)
 .eh_frame      0x000000000002b074       0xe4 build/cooja/mtype1.a(rtimer-arch.o)
                                        0x110 (size before relaxing)
 .eh_frame      0x000000000002b158      0x160 build/cooja/mtype1.a(beep.o)
                                        0x18c (size before relaxing)
 .eh_frame      0x000000000002b2b8       0x88 build/cooja/mtype1.a(leds-arch.o)
                                         0xc8 (size before relaxing)
 .eh_frame      0x000000000002b340       0x44 build/cooja/mtype1.a(moteid.o)
                                         0x70 (size before relaxing)
 .eh_frame      0x000000000002b384       0xa4 build/cooja/mtype1.a(pir-sensor.o)
                                         0xe4 (size before relaxing)
 .eh_frame      0x000000000002b428      0x110 build/cooja/mtype1.a(rs232.o)
                                        0x150 (size before relaxing)
 .eh_frame      0x000000000002b538       0xa4 build/cooja/mtype1.a(vib-sensor.o)
                                         0xe4 (size before relaxing)
 .eh_frame      0x000000000002b5dc       0xc0 build/cooja/mtype1.a(clock.o)
                                         0xec (size before relaxing)
 .eh_frame      0x000000000002b69c      0x130 build/cooja/mtype1.a(cooja-log.o)
                                        0x170 (size before relaxing)
 .eh_frame      0x000000000002b7cc      0x16c build/cooja/mtype1.a(cfs-cooja.o)
                                        0x1ac (size before relaxing)
 .eh_frame      0x000000000002b938      0x374 build/cooja/mtype1.a(cooja-radio.o)
                                        0x3b4 (size before relaxing)
 .eh_frame      0x000000000002bcac       0xa8 build/cooja/mtype1.a(eeprom.o)
                                         0xe8 (size before relaxing)
 .eh_frame      0x000000000002bd54       0x48 build/cooja/mtype1.a(random.o)
                                         0x74 (size before relaxing)
 .eh_frame      0x000000000002bd9c       0xd0 build/cooja/mtype1.a(sensors.o)
                                        0x110 (size before relaxing)
 .eh_frame      0x000000000002be6c      0x140 build/cooja/mtype1.a(leds.o)
                                        0x180 (size before relaxing)
 .eh_frame      0x000000000002bfac      0x228 build/cooja/mtype1.a(gpio-hal-arch.o)
                                        0x27c (size before relaxing)
 .eh_frame      0x000000000002c1d4       0xa4 build/cooja/mtype1.a(buttons.o)
                                         0xe4 (size before relaxing)
 .eh_frame      0x000000000002c278      0x560 build/cooja/mtype1.a(mqtt.o)
                                        0x5b4 (size before relaxing)
 .eh_frame      0x000000000002c7d8       0x38 build/cooja/mtype1.a(contiki-main.o)
                                         0x64 (size before relaxing)
 .eh_frame      0x000000000002c810       0x48 build/cooja/mtype1.a(autostart.o)
                                         0x74 (size before relaxing)
 .eh_frame      0x000000000002c858      0x11c build/cooja/mtype1.a(ctimer.o)
                                        0x15c (size before relaxing)
 .eh_frame      0x000000000002c974      0x144 build/cooja/mtype1.a(log.o)
                                        0x184 (size before relaxing)
 .eh_frame      0x000000000002cab8       0x60 build/cooja/mtype1.a(energest.o)
                                         0x8c (size before relaxing)
 .eh_frame      0x000000000002cb18      0x204 build/cooja/mtype1.a(etimer.o)
                                        0x244 (size before relaxing)
 .eh_frame      0x000000000002cd1c       0x20 build/cooja/mtype1.a(node-id.o)
                                         0x4c (size before relaxing)
 .eh_frame      0x000000000002cd3c       0x6c build/cooja/mtype1.a(rtimer.o)
                                         0xc0 (size before relaxing)
 .eh_frame      0x000000000002cda8      0x1ec build/cooja/mtype1.a(process.o)
                                        0x22c (size before relaxing)
 .eh_frame      0x000000000002cf94       0xb4 build/cooja/mtype1.a(timer.o)
                                         0xe0 (size before relaxing)
 .eh_frame      0x000000000002d048      0x1a0 build/cooja/mtype1.a(list.o)
                                        0x1cc (size before relaxing)
 .eh_frame      0x000000000002d1e8      0x188 build/cooja/mtype1.a(button-hal.o)
                                        0x1c8 (size before relaxing)
 .eh_frame      0x000000000002d370       0x6c build/cooja/mtype1.a(serial-line.o)
                                         0x98 (size before relaxing)
 .eh_frame      0x000000000002d3dc       0xfc build/cooja/mtype1.a(gpio-hal.o)
                                        0x13c (size before relaxing)
 .eh_frame      0x000000000002d4d8      0x1c0 build/cooja/mtype1.a(queuebuf.o)
                                        0x200 (size before relaxing)
 .eh_frame      0x000000000002d698      0x2b0 build/cooja/mtype1.a(packetbuf.o)
                                        0x2f0 (size before relaxing)
 .eh_frame      0x000000000002d948       0x90 build/cooja/mtype1.a(netstack.o)
                                         0xd0 (size before relaxing)
 .eh_frame      0x000000000002d9d8       0x64 build/cooja/mtype1.a(linkaddr.o)
                                         0x90 (size before relaxing)
 .eh_frame      0x000000000002da3c       0xf0 build/cooja/mtype1.a(csma.o)
                                        0x130 (size before relaxing)
 .eh_frame      0x000000000002db2c      0x1f8 build/cooja/mtype1.a(csma-output.o)
                                        0x238 (size before relaxing)
 .eh_frame      0x000000000002dd24      0x364 build/cooja/mtype1.a(uip-ds6.o)
                                        0x3a4 (size before relaxing)
 .eh_frame      0x000000000002e088      0x280 build/cooja/mtype1.a(tcp-socket.o)
                                        0x2c0 (size before relaxing)
 .eh_frame      0x000000000002e308      0x260 build/cooja/mtype1.a(uip-ds6-route.o)
                                        0x2a0 (size before relaxing)
 .eh_frame      0x000000000002e568      0x34c build/cooja/mtype1.a(tcpip.o)
                                        0x38c (size before relaxing)
 .eh_frame      0x000000000002e8b4      0x2e8 build/cooja/mtype1.a(uip6.o)
                                        0x33c (size before relaxing)
 .eh_frame      0x000000000002eb9c      0x1e8 build/cooja/mtype1.a(uip-ds6-nbr.o)
                                        0x228 (size before relaxing)
 .eh_frame      0x000000000002ed84       0x8c build/cooja/mtype1.a(uip-nd6.o)
                                         0xe0 (size before relaxing)
 .eh_frame      0x000000000002ee10      0x354 build/cooja/mtype1.a(sicslowpan.o)
                                        0x3a8 (size before relaxing)
 .eh_frame      0x000000000002f164       0x9c build/cooja/mtype1.a(uiplib.o)
                                         0xdc (size before relaxing)
 .eh_frame      0x000000000002f200      0x1fc build/cooja/mtype1.a(rpl.o)
                                        0x23c (size before relaxing)
 .eh_frame      0x000000000002f3fc      0x1f0 build/cooja/mtype1.a(rpl-icmp6.o)
                                        0x230 (size before relaxing)
 .eh_frame      0x000000000002f5ec       0xb0 build/cooja/mtype1.a(rpl-dag-root.o)
                                         0xf0 (size before relaxing)
 .eh_frame      0x000000000002f69c       0xa4 build/cooja/mtype1.a(watchdog.o)
                                         0xd0 (size before relaxing)
 .eh_frame      0x000000000002f740       0x80 build/cooja/mtype1.a(int-master.o)
                                         0xac (size before relaxing)
 .eh_frame      0x000000000002f7c0       0xd8 build/cooja/mtype1.a(stimer.o)
                                        0x104 (size before relaxing)
 .eh_frame      0x000000000002f898       0xa0 build/cooja/mtype1.a(ringbuf.o)
                                         0xcc (size before relaxing)
 .eh_frame      0x000000000002f938       0xa4 build/cooja/mtype1.a(memb.o)
                                         0xe4 (size before relaxing)
 .eh_frame      0x000000000002f9dc       0x24 build/cooja/mtype1.a(assert.o)
                                         0x50 (size before relaxing)
 .eh_frame      0x000000000002fa00      0x428 build/cooja/mtype1.a(nbr-table.o)
                                        0x468 (size before relaxing)
 .eh_frame      0x000000000002fe28      0x140 build/cooja/mtype1.a(link-stats.o)
                                        0x180 (size before relaxing)
 .eh_frame      0x000000000002ff68       0x50 build/cooja/mtype1.a(mac-sequence.o)
                                         0x7c (size before relaxing)
 .eh_frame      0x000000000002ffb8       0x20 build/cooja/mtype1.a(mac.o)
                                         0x4c (size before relaxing)
 .eh_frame      0x000000000002ffd8       0xb4 build/cooja/mtype1.a(framer-802154.o)
                                         0xf4 (size before relaxing)
 .eh_frame      0x000000000003008c      0x1b0 build/cooja/mtype1.a(frame802154.o)
                                        0x1f0 (size before relaxing)
 .eh_frame      0x000000000003023c       0x44 build/cooja/mtype1.a(csma-security.o)
                                         0x84 (size before relaxing)
 .eh_frame      0x0000000000030280      0x204 build/cooja/mtype1.a(uipbuf.o)
                                        0x230 (size before relaxing)
 .eh_frame      0x0000000000030484      0x170 build/cooja/mtype1.a(uip-icmp6.o)
                                        0x1b0 (size before relaxing)
 .eh_frame      0x00000000000305f4      0x1ac build/cooja/mtype1.a(uip-sr.o)
                                        0x1ec (size before relaxing)
 .eh_frame      0x00000000000307a0       0xec build/cooja/mtype1.a(uip-packetqueue)
                                        0x12c (size before relaxing)
 .eh_frame      0x000000000003088c       0x48 build/cooja/mtype1.a(rpl-nbr-policy.)
                                         0x88 (size before relaxing)
 .eh_frame      0x00000000000308d4      0x2ec build/cooja/mtype1.a(rpl-neighbor.o)
                                        0x340 (size before relaxing)
 .eh_frame      0x0000000000030bc0      0x3c0 build/cooja/mtype1.a(rpl-dag.o)
                                        0x414 (size before relaxing)
 .eh_frame      0x0000000000030f80      0x418 build/cooja/mtype1.a(rpl-timers.o)
                                        0x458 (size before relaxing)
 .eh_frame      0x0000000000031398      0x144 build/cooja/mtype1.a(rpl-ext-header.)
                                        0x184 (size before relaxing)
 .eh_frame      0x00000000000314dc      0x150 build/cooja/mtype1.a(rpl-mrhof.o)
                                        0x190 (size before relaxing)
 .eh_frame      0x000000000003162c       0x1c /usr/lib/i386-linux-gnu/libc_nonshared.a(stack_chk_fail_local.oS)
                                         0x48 (size before relaxing)
 .eh_frame      0x0000000000031648        0x4 /usr/lib/gcc/i686-linux-gnu/7/crtendS.o
 *(.eh_frame.*)

.gcc_except_table
 *(.gcc_except_table .gcc_except_table.*)

.gnu_extab
 *(.gnu_extab*)

.exception_ranges
 *(.exception_ranges .exception_ranges*)
                0x0000000000032c18                . = DATA_SEGMENT_ALIGN (CONSTANT (MAXPAGESIZE), CONSTANT (COMMONPAGESIZE))

.eh_frame
 *(.eh_frame)
 *(.eh_frame.*)

.gnu_extab
 *(.gnu_extab)

.gcc_except_table
 *(.gcc_except_table .gcc_except_table.*)

.exception_ranges
 *(.exception_ranges .exception_ranges*)

.tdata
 *(.tdata .tdata.* .gnu.linkonce.td.*)

.tbss
 *(.tbss .tbss.* .gnu.linkonce.tb.*)
 *(.tcommon)

.preinit_array
 *(.preinit_array)

.init_array     0x0000000000032c18        0x4
 *(SORT_BY_INIT_PRIORITY(.init_array.*) SORT_BY_INIT_PRIORITY(.ctors.*))
 *(.init_array EXCLUDE_FILE(*crtend?.o *crtend.o *crtbegin?.o *crtbegin.o) .ctors)
 .init_array    0x0000000000032c18        0x4 /usr/lib/gcc/i686-linux-gnu/7/crtbeginS.o

.fini_array     0x0000000000032c1c        0x4
 *(SORT_BY_INIT_PRIORITY(.fini_array.*) SORT_BY_INIT_PRIORITY(.dtors.*))
 *(.fini_array EXCLUDE_FILE(*crtend?.o *crtend.o *crtbegin?.o *crtbegin.o) .dtors)
 .fini_array    0x0000000000032c1c        0x4 /usr/lib/gcc/i686-linux-gnu/7/crtbeginS.o

.ctors
 *crtbegin.o(.ctors)
 *crtbegin?.o(.ctors)
 *(EXCLUDE_FILE(*crtend?.o *crtend.o) .ctors)
 *(SORT_BY_NAME(.ctors.*))
 *(.ctors)

.dtors
 *crtbegin.o(.dtors)
 *crtbegin?.o(.dtors)
 *(EXCLUDE_FILE(*crtend?.o *crtend.o) .dtors)
 *(SORT_BY_NAME(.dtors.*))
 *(.dtors)

.jcr
 *(.jcr)

.data.rel.ro    0x0000000000032c20      0x198
 *(.data.rel.ro.local* .gnu.linkonce.d.rel.ro.local.*)
 .data.rel.ro.local
                0x0000000000032c20        0x8 fire-detector.o
                0x0000000000032c20                autostart_processes
 .data.rel.ro.local
                0x0000000000032c28        0x8 build/cooja/mtype1.a(beep.o)
                0x0000000000032c28                beep_interface
 .data.rel.ro.local
                0x0000000000032c30        0x8 build/cooja/mtype1.a(leds-arch.o)
                0x0000000000032c30                leds_interface
 .data.rel.ro.local
                0x0000000000032c38        0x8 build/cooja/mtype1.a(moteid.o)
                0x0000000000032c38                moteid_interface
 .data.rel.ro.local
                0x0000000000032c40       0x18 build/cooja/mtype1.a(pir-sensor.o)
                0x0000000000032c40                pir_interface
                0x0000000000032c48                pir_sensor
 .data.rel.ro.local
                0x0000000000032c58        0x8 build/cooja/mtype1.a(rs232.o)
                0x0000000000032c58                rs232_interface
 .data.rel.ro.local
                0x0000000000032c60       0x18 build/cooja/mtype1.a(vib-sensor.o)
                0x0000000000032c60                vib_interface
                0x0000000000032c68                vib_sensor
 .data.rel.ro.local
                0x0000000000032c78        0x8 build/cooja/mtype1.a(clock.o)
                0x0000000000032c78                clock_interface
 .data.rel.ro.local
                0x0000000000032c80        0x8 build/cooja/mtype1.a(cooja-log.o)
                0x0000000000032c80                simlog_interface
 .data.rel.ro.local
                0x0000000000032c88        0x8 build/cooja/mtype1.a(cfs-cooja.o)
                0x0000000000032c88                cfs_interface
 *fill*         0x0000000000032c90       0x10 
 .data.rel.ro.local
                0x0000000000032ca0       0x58 build/cooja/mtype1.a(cooja-radio.o)
                0x0000000000032ca0                radio_interface
                0x0000000000032cc0                cooja_radio_driver
 .data.rel.ro.local
                0x0000000000032cf8        0x8 build/cooja/mtype1.a(eeprom.o)
                0x0000000000032cf8                eeprom_interface
 .data.rel.ro.local
                0x0000000000032d00       0x18 build/cooja/mtype1.a(buttons.o)
                0x0000000000032d00                button_interface
                0x0000000000032d08                button_sensor
 .data.rel.ro.local
                0x0000000000032d18       0x1c build/cooja/mtype1.a(csma.o)
                0x0000000000032d18                csma_driver
 .data.rel.ro.local
                0x0000000000032d34       0x10 build/cooja/mtype1.a(sicslowpan.o)
                0x0000000000032d34                sicslowpan_driver
 .data.rel.ro.local
                0x0000000000032d44        0xc build/cooja/mtype1.a(framer-802154.o)
                0x0000000000032d44                framer_802154
 *(.data.rel.ro .data.rel.ro.* .gnu.linkonce.d.rel.ro.*)
 .data.rel.ro   0x0000000000032d50        0x0 /usr/lib/gcc/i686-linux-gnu/7/../../../i386-linux-gnu/crti.o
 *fill*         0x0000000000032d50       0x10 
 .data.rel.ro   0x0000000000032d60       0x54 build/cooja/mtype1.a(rpl.o)
                0x0000000000032d60                rpl_lite_driver
 .data.rel.ro   0x0000000000032db4        0x4 build/cooja/mtype1.a(rpl-dag.o)

.dynamic        0x0000000000032db8       0xf0
 *(.dynamic)
 .dynamic       0x0000000000032db8       0xf0 /usr/lib/gcc/i686-linux-gnu/7/../../../i386-linux-gnu/crti.o
                0x0000000000032db8                _DYNAMIC

.got            0x0000000000032ea8      0x158
 *(.got)
 .got           0x0000000000032ea8      0x158 /usr/lib/gcc/i686-linux-gnu/7/../../../i386-linux-gnu/crti.o
 *(.igot)
                0x0000000000033ff4                . = DATA_SEGMENT_RELRO_END (., (SIZEOF (.got.plt) >= 0xc)?0xc:0x0)

.got.plt        0x0000000000033000      0x4f8
 *(.got.plt)
 .got.plt       0x0000000000033000      0x4f8 /usr/lib/gcc/i686-linux-gnu/7/../../../i386-linux-gnu/crti.o
                0x0000000000033000                _GLOBAL_OFFSET_TABLE_
 *(.igot.plt)

.data           0x0000000000033500      0x3a4
 *(.data .data.* .gnu.linkonce.d.*)
 .data          0x0000000000033500        0x0 /usr/lib/gcc/i686-linux-gnu/7/../../../i386-linux-gnu/crti.o
 .data          0x0000000000033500        0x0 /usr/lib/gcc/i686-linux-gnu/7/crtbeginS.o
 .data.rel.local
                0x0000000000033500        0x4 /usr/lib/gcc/i686-linux-gnu/7/crtbeginS.o
                0x0000000000033500                __dso_handle
 .data          0x0000000000033504        0x0 fire-detector.o
 .data.rel.local
                0x0000000000033504       0x14 fire-detector.o
                0x0000000000033508                mqtt_fire_detector
 .data          0x0000000000033518        0x0 build/cooja/mtype1.o
 *fill*         0x0000000000033518        0x8 
 .data.rel      0x0000000000033520       0x44 build/cooja/mtype1.o
                0x0000000000033520                simInterfaces
                0x0000000000033554                sensors
 .data          0x0000000000033564        0x0 build/cooja/mtype1.a(simEnvChange.o)
 .data          0x0000000000033564        0x0 build/cooja/mtype1.a(cooja_mt.o)
 .data          0x0000000000033564        0x0 build/cooja/mtype1.a(cooja_mtarch.o)
 .data          0x0000000000033564        0x0 build/cooja/mtype1.a(rtimer-arch.o)
 .data          0x0000000000033564        0x0 build/cooja/mtype1.a(beep.o)
 .data          0x0000000000033564        0x0 build/cooja/mtype1.a(leds-arch.o)
 .data          0x0000000000033564        0x0 build/cooja/mtype1.a(moteid.o)
 .data          0x0000000000033564        0x0 build/cooja/mtype1.a(pir-sensor.o)
 .data          0x0000000000033564        0x0 build/cooja/mtype1.a(rs232.o)
 .data          0x0000000000033564        0x0 build/cooja/mtype1.a(vib-sensor.o)
 .data          0x0000000000033564        0x0 build/cooja/mtype1.a(clock.o)
 .data          0x0000000000033564        0x0 build/cooja/mtype1.a(cooja-log.o)
 .data          0x0000000000033564        0x0 build/cooja/mtype1.a(cfs-cooja.o)
 .data          0x0000000000033564       0x20 build/cooja/mtype1.a(cooja-radio.o)
                0x0000000000033564                simRadioHWOn
                0x0000000000033568                simSignalStrength
                0x000000000003356c                simLastSignalStrength
                0x0000000000033570                simPower
                0x0000000000033574                simRadioChannel
                0x0000000000033578                simLQI
                0x000000000003357c                simLastLQI
 .data.rel.local
                0x0000000000033584       0x10 build/cooja/mtype1.a(cooja-radio.o)
                0x0000000000033584                cooja_radio_process
 .data          0x0000000000033594        0x0 build/cooja/mtype1.a(eeprom.o)
 .data          0x0000000000033594        0x0 build/cooja/mtype1.a(random.o)
 .data          0x0000000000033594        0x0 build/cooja/mtype1.a(sensors.o)
 .data.rel.local
                0x0000000000033594       0x10 build/cooja/mtype1.a(sensors.o)
                0x0000000000033594                sensors_process
 .data          0x00000000000335a4        0x0 build/cooja/mtype1.a(leds.o)
 .data          0x00000000000335a4        0x0 build/cooja/mtype1.a(gpio-hal-arch.o)
 .data          0x00000000000335a4        0x1 build/cooja/mtype1.a(buttons.o)
                0x00000000000335a4                simButtonIsActive
 *fill*         0x00000000000335a5       0x1b 
 .data.rel.local
                0x00000000000335c0       0x58 build/cooja/mtype1.a(buttons.o)
                0x0000000000033610                button_hal_buttons
 .data          0x0000000000033618        0x0 build/cooja/mtype1.a(mqtt.o)
 .data.rel.local
                0x0000000000033618       0x14 build/cooja/mtype1.a(mqtt.o)
                0x000000000003361c                mqtt_process
 .data          0x000000000003362c        0x0 build/cooja/mtype1.a(contiki-main.o)
 .data          0x000000000003362c        0x0 build/cooja/mtype1.a(autostart.o)
 .data          0x000000000003362c        0x0 build/cooja/mtype1.a(ctimer.o)
 .data.rel.local
                0x000000000003362c       0x14 build/cooja/mtype1.a(ctimer.o)
                0x0000000000033630                ctimer_process
 .data          0x0000000000033640        0x4 build/cooja/mtype1.a(log.o)
                0x0000000000033640                curr_log_level_main
 *fill*         0x0000000000033644       0x1c 
 .data.rel.local
                0x0000000000033660       0x9c build/cooja/mtype1.a(log.o)
                0x0000000000033660                all_modules
 .data          0x00000000000336fc        0x0 build/cooja/mtype1.a(energest.o)
 .data          0x00000000000336fc        0x0 build/cooja/mtype1.a(etimer.o)
 .data.rel.local
                0x00000000000336fc       0x10 build/cooja/mtype1.a(etimer.o)
                0x00000000000336fc                etimer_process
 .data          0x000000000003370c        0x0 build/cooja/mtype1.a(node-id.o)
 .data          0x000000000003370c        0x0 build/cooja/mtype1.a(rtimer.o)
 .data          0x000000000003370c        0x0 build/cooja/mtype1.a(process.o)
 .data          0x000000000003370c        0x0 build/cooja/mtype1.a(timer.o)
 .data          0x000000000003370c        0x0 build/cooja/mtype1.a(list.o)
 .data          0x000000000003370c        0x0 build/cooja/mtype1.a(button-hal.o)
 .data.rel.local
                0x000000000003370c       0x10 build/cooja/mtype1.a(button-hal.o)
                0x000000000003370c                button_hal_process
 .data          0x000000000003371c        0x0 build/cooja/mtype1.a(serial-line.o)
 .data.rel.local
                0x000000000003371c       0x10 build/cooja/mtype1.a(serial-line.o)
                0x000000000003371c                serial_line_process
 .data          0x000000000003372c        0x0 build/cooja/mtype1.a(gpio-hal.o)
 .data.rel.local
                0x000000000003372c        0x4 build/cooja/mtype1.a(gpio-hal.o)
 .data          0x0000000000033730        0x0 build/cooja/mtype1.a(queuebuf.o)
 .data.rel.local
                0x0000000000033730       0x18 build/cooja/mtype1.a(queuebuf.o)
 .data          0x0000000000033748        0x0 build/cooja/mtype1.a(packetbuf.o)
 .data.rel.local
                0x0000000000033748        0x4 build/cooja/mtype1.a(packetbuf.o)
 .data          0x000000000003374c        0x0 build/cooja/mtype1.a(netstack.o)
 .data.rel.local
                0x000000000003374c        0x4 build/cooja/mtype1.a(netstack.o)
 .data          0x0000000000033750        0x0 build/cooja/mtype1.a(linkaddr.o)
 .data          0x0000000000033750        0x0 build/cooja/mtype1.a(csma.o)
 .data          0x0000000000033750        0x0 build/cooja/mtype1.a(csma-output.o)
 .data.rel.local
                0x0000000000033750       0x28 build/cooja/mtype1.a(csma-output.o)
 .data          0x0000000000033778        0x0 build/cooja/mtype1.a(uip-ds6.o)
 .data          0x0000000000033778        0x0 build/cooja/mtype1.a(tcp-socket.o)
 .data.rel.local
                0x0000000000033778       0x14 build/cooja/mtype1.a(tcp-socket.o)
                0x000000000003377c                tcp_socket_process
 .data          0x000000000003378c        0x0 build/cooja/mtype1.a(uip-ds6-route.o)
 .data.rel.local
                0x000000000003378c       0x10 build/cooja/mtype1.a(uip-ds6-route.o)
 .data          0x000000000003379c        0x0 build/cooja/mtype1.a(tcpip.o)
 .data.rel.local
                0x000000000003379c       0x10 build/cooja/mtype1.a(tcpip.o)
                0x000000000003379c                tcpip_process
 .data          0x00000000000337ac        0x0 build/cooja/mtype1.a(uip6.o)
 .data          0x00000000000337ac        0x0 build/cooja/mtype1.a(uip-ds6-nbr.o)
 .data.rel.local
                0x00000000000337ac       0x14 build/cooja/mtype1.a(uip-ds6-nbr.o)
 .data          0x00000000000337c0        0x0 build/cooja/mtype1.a(uip-nd6.o)
 .data.rel.local
                0x00000000000337c0        0xc build/cooja/mtype1.a(uip-nd6.o)
 .data          0x00000000000337cc        0x0 build/cooja/mtype1.a(sicslowpan.o)
 .data          0x00000000000337cc        0x0 build/cooja/mtype1.a(uiplib.o)
 .data          0x00000000000337cc        0x0 build/cooja/mtype1.a(rpl.o)
 .data          0x00000000000337cc        0x0 build/cooja/mtype1.a(rpl-icmp6.o)
 .data.rel.local
                0x00000000000337cc       0x30 build/cooja/mtype1.a(rpl-icmp6.o)
 .data          0x00000000000337fc        0x0 build/cooja/mtype1.a(rpl-dag-root.o)
 .data          0x00000000000337fc        0x0 build/cooja/mtype1.a(watchdog.o)
 .data          0x00000000000337fc        0x0 build/cooja/mtype1.a(int-master.o)
 .data          0x00000000000337fc        0x0 build/cooja/mtype1.a(stimer.o)
 .data          0x00000000000337fc        0x0 build/cooja/mtype1.a(ringbuf.o)
 .data          0x00000000000337fc        0x0 build/cooja/mtype1.a(memb.o)
 .data          0x00000000000337fc        0x0 build/cooja/mtype1.a(assert.o)
 .data          0x00000000000337fc        0x0 build/cooja/mtype1.a(nbr-table.o)
 .data.rel.local
                0x00000000000337fc       0x10 build/cooja/mtype1.a(nbr-table.o)
 .data          0x000000000003380c        0x0 build/cooja/mtype1.a(link-stats.o)
 .data.rel.local
                0x000000000003380c       0x14 build/cooja/mtype1.a(link-stats.o)
 .data          0x0000000000033820        0x0 build/cooja/mtype1.a(mac-sequence.o)
 .data          0x0000000000033820        0x0 build/cooja/mtype1.a(mac.o)
 .data          0x0000000000033820        0x0 build/cooja/mtype1.a(framer-802154.o)
 .data          0x0000000000033820        0x2 build/cooja/mtype1.a(frame802154.o)
 .data          0x0000000000033822        0x0 build/cooja/mtype1.a(csma-security.o)
 .data          0x0000000000033822        0x0 build/cooja/mtype1.a(uipbuf.o)
 .data          0x0000000000033822        0x0 build/cooja/mtype1.a(uip-icmp6.o)
 *fill*         0x0000000000033822        0x2 
 .data.rel.local
                0x0000000000033824       0x20 build/cooja/mtype1.a(uip-icmp6.o)
 .data          0x0000000000033844        0x0 build/cooja/mtype1.a(uip-sr.o)
 .data.rel.local
                0x0000000000033844       0x10 build/cooja/mtype1.a(uip-sr.o)
 .data          0x0000000000033854        0x0 build/cooja/mtype1.a(uip-packetqueue)
 .data.rel.local
                0x0000000000033854        0xc build/cooja/mtype1.a(uip-packetqueue)
 .data          0x0000000000033860        0x0 build/cooja/mtype1.a(rpl-nbr-policy.)
 .data          0x0000000000033860        0x0 build/cooja/mtype1.a(rpl-neighbor.o)
 .data.rel.local
                0x0000000000033860       0x14 build/cooja/mtype1.a(rpl-neighbor.o)
                0x0000000000033870                rpl_neighbors
 .data          0x0000000000033874        0x0 build/cooja/mtype1.a(rpl-dag.o)
 .data          0x0000000000033874        0x0 build/cooja/mtype1.a(rpl-timers.o)
 .data          0x0000000000033874        0x0 build/cooja/mtype1.a(rpl-ext-header.)
 .data          0x0000000000033874        0x0 build/cooja/mtype1.a(rpl-mrhof.o)
 *fill*         0x0000000000033874        0xc 
 .data.rel.local
                0x0000000000033880       0x24 build/cooja/mtype1.a(rpl-mrhof.o)
                0x0000000000033880                rpl_mrhof
 .data          0x00000000000338a4        0x0 /usr/lib/i386-linux-gnu/libc_nonshared.a(stack_chk_fail_local.oS)
 .data          0x00000000000338a4        0x0 /usr/lib/gcc/i686-linux-gnu/7/crtendS.o
 .data          0x00000000000338a4        0x0 /usr/lib/gcc/i686-linux-gnu/7/../../../i386-linux-gnu/crtn.o

.tm_clone_table
                0x00000000000338a4        0x0
 .tm_clone_table
                0x00000000000338a4        0x0 /usr/lib/gcc/i686-linux-gnu/7/crtbeginS.o
 .tm_clone_table
                0x00000000000338a4        0x0 /usr/lib/gcc/i686-linux-gnu/7/crtendS.o

.data1
 *(.data1)
                0x00000000000338a4                _edata = .
                [!provide]                        PROVIDE (edata = .)
                0x00000000000338a4                . = .
                0x00000000000338a4                __bss_start = .

.bss            0x00000000000338c0    0x144c4
 *(.dynbss)
 .dynbss        0x00000000000338c0        0x0 /usr/lib/gcc/i686-linux-gnu/7/../../../i386-linux-gnu/crti.o
 *(.bss .bss.* .gnu.linkonce.b.*)
 .bss           0x00000000000338c0        0x0 /usr/lib/gcc/i686-linux-gnu/7/../../../i386-linux-gnu/crti.o
 .bss           0x00000000000338c0        0x1 /usr/lib/gcc/i686-linux-gnu/7/crtbeginS.o
 *fill*         0x00000000000338c1       0x1f 
 .bss           0x00000000000338e0      0xa81 fire-detector.o
 *fill*         0x0000000000034361       0x1f 
 .bss           0x0000000000034380     0x2040 build/cooja/mtype1.o
 .bss           0x00000000000363c0        0x1 build/cooja/mtype1.a(simEnvChange.o)
                0x00000000000363c0                simDontFallAsleep
 *fill*         0x00000000000363c1        0x3 
 .bss           0x00000000000363c4        0x4 build/cooja/mtype1.a(cooja_mt.o)
 .bss           0x00000000000363c8        0x4 build/cooja/mtype1.a(cooja_mtarch.o)
 .bss           0x00000000000363cc        0x0 build/cooja/mtype1.a(rtimer-arch.o)
 .bss           0x00000000000363cc        0x0 build/cooja/mtype1.a(beep.o)
 .bss           0x00000000000363cc        0x1 build/cooja/mtype1.a(leds-arch.o)
                0x00000000000363cc                simLedsValue
 .bss           0x00000000000363cd        0x0 build/cooja/mtype1.a(moteid.o)
 .bss           0x00000000000363cd        0x1 build/cooja/mtype1.a(pir-sensor.o)
                0x00000000000363cd                simPirValue
 *fill*         0x00000000000363ce        0x2 
 .bss           0x00000000000363d0        0x4 build/cooja/mtype1.a(rs232.o)
 .bss           0x00000000000363d4        0x1 build/cooja/mtype1.a(vib-sensor.o)
                0x00000000000363d4                simVibValue
 .bss           0x00000000000363d5        0x0 build/cooja/mtype1.a(clock.o)
 *fill*         0x00000000000363d5        0xb 
 .bss           0x00000000000363e0     0x2020 build/cooja/mtype1.a(cooja-log.o)
 .bss           0x0000000000038400      0xfc0 build/cooja/mtype1.a(cfs-cooja.o)
                0x0000000000038400                simCFSData
                0x00000000000393a0                simCFSSize
                0x00000000000393a4                simCFSChanged
                0x00000000000393a8                simCFSRead
                0x00000000000393ac                simCFSWritten
 .bss           0x00000000000393c0       0x24 build/cooja/mtype1.a(cooja-radio.o)
                0x00000000000393c0                simReceiving
                0x00000000000393c4                simInSize
                0x00000000000393c8                simLastPacketTimestamp
                0x00000000000393d0                simOutSize
 .bss           0x00000000000393e4        0xc build/cooja/mtype1.a(eeprom.o)
                0x00000000000393e4                simEEPROMChanged
                0x00000000000393e8                simEEPROMRead
                0x00000000000393ec                simEEPROMWritten
 .bss           0x00000000000393f0        0x0 build/cooja/mtype1.a(random.o)
 .bss           0x00000000000393f0        0xc build/cooja/mtype1.a(sensors.o)
 .bss           0x00000000000393fc        0x0 build/cooja/mtype1.a(leds.o)
 .bss           0x00000000000393fc       0x24 build/cooja/mtype1.a(gpio-hal-arch.o)
 .bss           0x0000000000039420        0x0 build/cooja/mtype1.a(buttons.o)
 .bss           0x0000000000039420       0x15 build/cooja/mtype1.a(mqtt.o)
 .bss           0x0000000000039435        0x0 build/cooja/mtype1.a(contiki-main.o)
 .bss           0x0000000000039435        0x0 build/cooja/mtype1.a(autostart.o)
 *fill*         0x0000000000039435        0x3 
 .bss           0x0000000000039438        0x5 build/cooja/mtype1.a(ctimer.o)
 *fill*         0x000000000003943d        0x3 
 .bss           0x0000000000039440       0x2c build/cooja/mtype1.a(log.o)
                0x0000000000039440                curr_log_level_rpl
                0x0000000000039444                curr_log_level_tcpip
                0x0000000000039448                curr_log_level_ipv6
                0x000000000003944c                curr_log_level_6lowpan
                0x0000000000039450                curr_log_level_nullnet
                0x0000000000039454                curr_log_level_mac
                0x0000000000039458                curr_log_level_framer
                0x000000000003945c                curr_log_level_6top
                0x0000000000039460                curr_log_level_coap
                0x0000000000039464                curr_log_level_snmp
                0x0000000000039468                curr_log_level_lwm2m
 .bss           0x000000000003946c        0x0 build/cooja/mtype1.a(energest.o)
 .bss           0x000000000003946c        0x8 build/cooja/mtype1.a(etimer.o)
 .bss           0x0000000000039474        0x2 build/cooja/mtype1.a(node-id.o)
                0x0000000000039474                node_id
 *fill*         0x0000000000039476        0x2 
 .bss           0x0000000000039478        0x4 build/cooja/mtype1.a(rtimer.o)
 *fill*         0x000000000003947c        0x4 
 .bss           0x0000000000039480      0x1a1 build/cooja/mtype1.a(process.o)
                0x0000000000039480                process_list
                0x0000000000039484                process_current
 .bss           0x0000000000039621        0x0 build/cooja/mtype1.a(timer.o)
 .bss           0x0000000000039621        0x0 build/cooja/mtype1.a(list.o)
 *fill*         0x0000000000039621        0x3 
 .bss           0x0000000000039624       0x10 build/cooja/mtype1.a(button-hal.o)
 *fill*         0x0000000000039634        0xc 
 .bss           0x0000000000039640      0x140 build/cooja/mtype1.a(serial-line.o)
 .bss           0x0000000000039780        0x4 build/cooja/mtype1.a(gpio-hal.o)
 *fill*         0x0000000000039784       0x1c 
 .bss           0x00000000000397a0     0x2c80 build/cooja/mtype1.a(queuebuf.o)
 .bss           0x000000000003c420       0xa0 build/cooja/mtype1.a(packetbuf.o)
 .bss           0x000000000003c4c0        0x4 build/cooja/mtype1.a(netstack.o)
 .bss           0x000000000003c4c4        0x0 build/cooja/mtype1.a(linkaddr.o)
 .bss           0x000000000003c4c4        0x0 build/cooja/mtype1.a(csma.o)
 *fill*         0x000000000003c4c4       0x1c 
 .bss           0x000000000003c4e0      0x726 build/cooja/mtype1.a(csma-output.o)
 *fill*         0x000000000003cc06        0x2 
 .bss           0x000000000003cc08       0x30 build/cooja/mtype1.a(uip-ds6.o)
 .bss           0x000000000003cc38        0x5 build/cooja/mtype1.a(tcp-socket.o)
 *fill*         0x000000000003cc3d        0x3 
 .bss           0x000000000003cc40       0x60 build/cooja/mtype1.a(uip-ds6-route.o)
 .bss           0x000000000003cca0       0xc4 build/cooja/mtype1.a(tcpip.o)
 .bss           0x000000000003cd64        0xc build/cooja/mtype1.a(uip6.o)
                0x000000000003cd64                uip_ext_bitmap
                0x000000000003cd66                uip_ext_len
                0x000000000003cd68                uip_last_proto
 *fill*         0x000000000003cd70       0x10 
 .bss           0x000000000003cd80     0x1c20 build/cooja/mtype1.a(uip-ds6-nbr.o)
 .bss           0x000000000003e9a0       0x10 build/cooja/mtype1.a(uip-nd6.o)
 *fill*         0x000000000003e9b0       0x10 
 .bss           0x000000000003e9c0      0x724 build/cooja/mtype1.a(sicslowpan.o)
 .bss           0x000000000003f0e4        0x0 build/cooja/mtype1.a(uiplib.o)
 .bss           0x000000000003f0e4        0x1 build/cooja/mtype1.a(rpl.o)
 .bss           0x000000000003f0e5        0x0 build/cooja/mtype1.a(rpl-icmp6.o)
 *fill*         0x000000000003f0e5        0x3 
 .bss           0x000000000003f0e8       0x11 build/cooja/mtype1.a(rpl-dag-root.o)
 .bss           0x000000000003f0f9        0x0 build/cooja/mtype1.a(watchdog.o)
 *fill*         0x000000000003f0f9        0x3 
 .bss           0x000000000003f0fc        0x4 build/cooja/mtype1.a(int-master.o)
 .bss           0x000000000003f100        0x0 build/cooja/mtype1.a(stimer.o)
 .bss           0x000000000003f100        0x0 build/cooja/mtype1.a(ringbuf.o)
 .bss           0x000000000003f100        0x0 build/cooja/mtype1.a(memb.o)
 .bss           0x000000000003f100        0x0 build/cooja/mtype1.a(assert.o)
 .bss           0x000000000003f100     0x1214 build/cooja/mtype1.a(nbr-table.o)
 *fill*         0x0000000000040314        0xc 
 .bss           0x0000000000040320      0xe10 build/cooja/mtype1.a(link-stats.o)
 *fill*         0x0000000000041130       0x10 
 .bss           0x0000000000041140      0x100 build/cooja/mtype1.a(mac-sequence.o)
 .bss           0x0000000000041240        0x0 build/cooja/mtype1.a(mac.o)
 .bss           0x0000000000041240        0x2 build/cooja/mtype1.a(framer-802154.o)
 .bss           0x0000000000041242        0x0 build/cooja/mtype1.a(frame802154.o)
 .bss           0x0000000000041242        0x0 build/cooja/mtype1.a(csma-security.o)
 *fill*         0x0000000000041242        0x2 
 .bss           0x0000000000041244       0x20 build/cooja/mtype1.a(uipbuf.o)
 .bss           0x0000000000041264       0x18 build/cooja/mtype1.a(uip-icmp6.o)
 *fill*         0x000000000004127c        0x4 
 .bss           0x0000000000041280     0x1d80 build/cooja/mtype1.a(uip-sr.o)
 .bss           0x0000000000043000      0xa78 build/cooja/mtype1.a(uip-packetqueue)
 .bss           0x0000000000043a78        0x0 build/cooja/mtype1.a(rpl-nbr-policy.)
 *fill*         0x0000000000043a78        0x8 
 .bss           0x0000000000043a80      0x960 build/cooja/mtype1.a(rpl-neighbor.o)
 .bss           0x00000000000443e0        0x0 build/cooja/mtype1.a(rpl-dag.o)
 .bss           0x00000000000443e0       0x40 build/cooja/mtype1.a(rpl-timers.o)
 .bss           0x0000000000044420        0x0 build/cooja/mtype1.a(rpl-ext-header.)
 .bss           0x0000000000044420        0x0 build/cooja/mtype1.a(rpl-mrhof.o)
 .bss           0x0000000000044420        0x0 /usr/lib/i386-linux-gnu/libc_nonshared.a(stack_chk_fail_local.oS)
 .bss           0x0000000000044420        0x0 /usr/lib/gcc/i686-linux-gnu/7/crtendS.o
 .bss           0x0000000000044420        0x0 /usr/lib/gcc/i686-linux-gnu/7/../../../i386-linux-gnu/crtn.o
 *(COMMON)
 COMMON         0x0000000000044420        0x8 build/cooja/mtype1.o
                0x0000000000044420                referenceVar
                0x0000000000044424                sensors_flags
 COMMON         0x0000000000044428        0xc build/cooja/mtype1.a(simEnvChange.o)
                0x0000000000044428                simEtimerPending
                0x000000000004442c                simProcessRunValue
                0x0000000000044430                simEtimerNextExpirationTime
 *fill*         0x0000000000044434        0x4 
 COMMON         0x0000000000044438       0x18 build/cooja/mtype1.a(rtimer-arch.o)
                0x0000000000044438                simRtimerPending
                0x0000000000044440                simRtimerCurrentTicks
                0x0000000000044448                simRtimerNextExpirationTime
 COMMON         0x0000000000044450        0x1 build/cooja/mtype1.a(beep.o)
                0x0000000000044450                simBeeped
 *fill*         0x0000000000044451        0x3 
 COMMON         0x0000000000044454        0xc build/cooja/mtype1.a(moteid.o)
                0x0000000000044454                simRandomSeed
                0x0000000000044458                simMoteIDChanged
                0x000000000004445c                simMoteID
 COMMON         0x0000000000044460        0x2 build/cooja/mtype1.a(pir-sensor.o)
                0x0000000000044460                simPirIsActive
                0x0000000000044461                simPirChanged