Archive member included to satisfy reference by file (symbol)

build/cooja/mtype884.a(simEnvChange.o)
                              build/cooja/mtype884.o (simDontFallAsleep)
build/cooja/mtype884.a(cooja_mt.o)
                              build/cooja/mtype884.o (cooja_mt_start)
build/cooja/mtype884.a(cooja_mtarch.o)
                              build/cooja/mtype884.a(cooja_mt.o) (cooja_mtarch_start)
build/cooja/mtype884.a(rtimer-arch.o)
                              build/cooja/mtype884.o (rtimer_arch_check)
build/cooja/mtype884.a(beep.o)
                              build/cooja/mtype884.o (beep_interface)
build/cooja/mtype884.a(leds-arch.o)
                              build/cooja/mtype884.o (leds_interface)
build/cooja/mtype884.a(moteid.o)
                              build/cooja/mtype884.o (moteid_interface)
build/cooja/mtype884.a(pir-sensor.o)
                              build/cooja/mtype884.o (pir_interface)
build/cooja/mtype884.a(rs232.o)
                              build/cooja/mtype884.o (rs232_interface)
build/cooja/mtype884.a(vib-sensor.o)
                              build/cooja/mtype884.o (vib_interface)
build/cooja/mtype884.a(clock.o)
                              build/cooja/mtype884.o (clock_interface)
build/cooja/mtype884.a(cooja-log.o)
                              build/cooja/mtype884.o (simlog_interface)
build/cooja/mtype884.a(cfs-cooja.o)
                              build/cooja/mtype884.o (cfs_interface)
build/cooja/mtype884.a(cooja-radio.o)
                              build/cooja/mtype884.o (radio_interface)
build/cooja/mtype884.a(eeprom.o)
                              build/cooja/mtype884.o (eeprom_interface)
build/cooja/mtype884.a(random.o)
                              build/cooja/mtype884.a(moteid.o) (random_init)
build/cooja/mtype884.a(sensors.o)
                              build/cooja/mtype884.a(pir-sensor.o) (sensors_changed)
build/cooja/mtype884.a(leds.o)
                              build/cooja/mtype884.a(leds-arch.o) (leds_get)
build/cooja/mtype884.a(gpio-hal-arch.o)
                              build/cooja/mtype884.a(leds-arch.o) (gpio_hal_arch_register_pin_callback)
build/cooja/mtype884.a(buttons.o)
                              build/cooja/mtype884.o (button_interface)
build/cooja/mtype884.a(mqtt.o)
                              temperature-sensor.o (mqtt_register)
build/cooja/mtype884.a(contiki-main.o)
                              build/cooja/mtype884.o (main)
build/cooja/mtype884.a(autostart.o)
                              build/cooja/mtype884.a(contiki-main.o) (autostart_start)
build/cooja/mtype884.a(ctimer.o)
                              build/cooja/mtype884.a(contiki-main.o) (ctimer_init)
build/cooja/mtype884.a(log.o)
                              build/cooja/mtype884.a(contiki-main.o) (curr_log_level_main)
build/cooja/mtype884.a(energest.o)
                              build/cooja/mtype884.a(contiki-main.o) (energest_init)
build/cooja/mtype884.a(etimer.o)
                              build/cooja/mtype884.a(contiki-main.o) (etimer_process)
build/cooja/mtype884.a(node-id.o)
                              build/cooja/mtype884.a(contiki-main.o) (node_id)
build/cooja/mtype884.a(rtimer.o)
                              build/cooja/mtype884.a(contiki-main.o) (rtimer_init)
build/cooja/mtype884.a(process.o)
                              build/cooja/mtype884.a(mqtt.o) (process_current)
build/cooja/mtype884.a(timer.o)
                              build/cooja/mtype884.a(mqtt.o) (timer_set)
build/cooja/mtype884.a(list.o)
                              build/cooja/mtype884.a(mqtt.o) (list_init)
build/cooja/mtype884.a(button-hal.o)
                              build/cooja/mtype884.o (button_hal_init)
build/cooja/mtype884.a(serial-line.o)
                              build/cooja/mtype884.a(rs232.o) (serial_line_input_byte)
build/cooja/mtype884.a(gpio-hal.o)
                              build/cooja/mtype884.a(button-hal.o) (gpio_hal_register_handler)
build/cooja/mtype884.a(queuebuf.o)
                              build/cooja/mtype884.a(contiki-main.o) (queuebuf_init)
build/cooja/mtype884.a(packetbuf.o)
                              build/cooja/mtype884.a(cooja-radio.o) (packetbuf_clear)
build/cooja/mtype884.a(netstack.o)
                              build/cooja/mtype884.a(contiki-main.o) (netstack_init)
build/cooja/mtype884.a(linkaddr.o)
                              temperature-sensor.o (linkaddr_node_addr)
build/cooja/mtype884.a(csma.o)
                              build/cooja/mtype884.a(cooja-radio.o) (csma_driver)
build/cooja/mtype884.a(csma-output.o)
                              build/cooja/mtype884.a(csma.o) (csma_output_packet)
build/cooja/mtype884.a(uip-ds6.o)
                              build/cooja/mtype884.a(contiki-main.o) (uip_ds6_get_link_local)
build/cooja/mtype884.a(tcp-socket.o)
                              build/cooja/mtype884.a(mqtt.o) (tcp_socket_register)
build/cooja/mtype884.a(uip-ds6-route.o)
[...]
Memory Configuration

Name             Origin             Length             Attributes
*default*        0x0000000000000000 0xffffffffffffffff

Linker script and memory map

LOAD /usr/lib/gcc/i686-linux-gnu/7/../../../i386-linux-gnu/crti.o
LOAD /usr/lib/gcc/i686-linux-gnu/7/crtbeginS.o
LOAD temperature-sensor.o
LOAD build/cooja/mtype884.o
LOAD build/cooja/mtype884.a
LOAD /usr/lib/gcc/i686-linux-gnu/7/libgcc.a
LOAD /usr/lib/gcc/i686-linux-gnu/7/libgcc_s.so
START GROUP
LOAD /usr/lib/gcc/i686-linux-gnu/7/libgcc_s.so.1
LOAD /usr/lib/gcc/i686-linux-gnu/7/libgcc.a
END GROUP
LOAD /usr/lib/gcc/i686-linux-gnu/7/../../../i386-linux-gnu/libc.so
START GROUP
LOAD /lib/i386-linux-gnu/libc.so.6
LOAD /usr/lib/i386-linux-gnu/libc_nonshared.a
LOAD /lib/i386-linux-gnu/ld-linux.so.2
END GROUP
LOAD /usr/lib/gcc/i686-linux-gnu/7/libgcc.a
LOAD /usr/lib/gcc/i686-linux-gnu/7/libgcc_s.so
START GROUP
LOAD /usr/lib/gcc/i686-linux-gnu/7/libgcc_s.so.1
LOAD /usr/lib/gcc/i686-linux-gnu/7/libgcc.a
END GROUP
LOAD /usr/lib/gcc/i686-linux-gnu/7/crtendS.o
LOAD /usr/lib/gcc/i686-linux-gnu/7/../../../i386-linux-gnu/crtn.o
                0x0000000000000114                . = (SEGMENT_START ("text-segment", 0x0) + SIZEOF_HEADERS)

.note.gnu.build-id
                0x0000000000000114       0x24
 *(.note.gnu.build-id)
 .note.gnu.build-id
                0x0000000000000114       0x24 /usr/lib/gcc/i686-linux-gnu/7/../../../i386-linux-gnu/crti.o

.hash
 *(.hash)

.gnu.hash       0x0000000000000138     0x14b0
 *(.gnu.hash)
 .gnu.hash      0x0000000000000138     0x14b0 /usr/lib/gcc/i686-linux-gnu/7/../../../i386-linux-gnu/crti.o

.dynsym         0x00000000000015e8     0x2b10
 *(.dynsym)
 .dynsym        0x00000000000015e8     0x2b10 /usr/lib/gcc/i686-linux-gnu/7/../../../i386-linux-gnu/crti.o

.dynstr         0x00000000000040f8     0x309b
 *(.dynstr)
 .dynstr        0x00000000000040f8     0x309b /usr/lib/gcc/i686-linux-gnu/7/../../../i386-linux-gnu/crti.o

.gnu.version    0x0000000000007194      0x562
 *(.gnu.version)
 .gnu.version   0x0000000000007194      0x562 /usr/lib/gcc/i686-linux-gnu/7/../../../i386-linux-gnu/crti.o

.gnu.version_d  0x00000000000076f8        0x0
 *(.gnu.version_d)
 .gnu.version_d
                0x00000000000076f8        0x0 /usr/lib/gcc/i686-linux-gnu/7/../../../i386-linux-gnu/crti.o

.gnu.version_r  0x00000000000076f8       0x40
 *(.gnu.version_r)
 .gnu.version_r
                0x00000000000076f8       0x40 /usr/lib/gcc/i686-linux-gnu/7/../../../i386-linux-gnu/crti.o

.rel.dyn        0x0000000000007738      0xe90
 *(.rel.init)
 .rel.init      0x0000000000007738        0x0 /usr/lib/gcc/i686-linux-gnu/7/../../../i386-linux-gnu/crti.o
 *(.rel.text .rel.text.* .rel.gnu.linkonce.t.*)
 .rel.text      0x0000000000007738      0x588 /usr/lib/gcc/i686-linux-gnu/7/../../../i386-linux-gnu/crti.o
 *(.rel.fini)
 .rel.fini      0x0000000000007cc0        0x0 /usr/lib/gcc/i686-linux-gnu/7/../../../i386-linux-gnu/crti.o
 *(.rel.rodata .rel.rodata.* .rel.gnu.linkonce.r.*)
 *(.rel.data.rel.ro .rel.data.rel.ro.* .rel.gnu.linkonce.d.rel.ro.*)
 .rel.data.rel.ro.local
                0x0000000000007cc0      0x208 /usr/lib/gcc/i686-linux-gnu/7/../../../i386-linux-gnu/crti.o
 .rel.data.rel.ro
                0x0000000000007ec8       0xb0 /usr/lib/gcc/i686-linux-gnu/7/../../../i386-linux-gnu/crti.o
 *(.rel.data .rel.data.* .rel.gnu.linkonce.d.*)
 .rel.data.rel.local
                0x0000000000007f78      0x318 /usr/lib/gcc/i686-linux-gnu/7/../../../i386-linux-gnu/crti.o
 .rel.data.rel  0x0000000000008290       0x78 /usr/lib/gcc/i686-linux-gnu/7/../../../i386-linux-gnu/crti.o
 *(.rel.tdata .rel.tdata.* .rel.gnu.linkonce.td.*)
 *(.rel.tbss .rel.tbss.* .rel.gnu.linkonce.tb.*)
 *(.rel.ctors)
 *(.rel.dtors)
 *(.rel.got)
 .rel.got       0x0000000000008308      0x2b0 /usr/lib/gcc/i686-linux-gnu/7/../../../i386-linux-gnu/crti.o
 *(.rel.bss .rel.bss.* .rel.gnu.linkonce.b.*)
 *(.rel.ifunc)
 .rel.ifunc     0x00000000000085b8        0x0 /usr/lib/gcc/i686-linux-gnu/7/../../../i386-linux-gnu/crti.o
 .rel.fini_array
                0x00000000000085b8        0x8 /usr/lib/gcc/i686-linux-gnu/7/../../../i386-linux-gnu/crti.o
 .rel.init_array
                0x00000000000085c0        0x8 /usr/lib/gcc/i686-linux-gnu/7/../../../i386-linux-gnu/crti.o

.rel.plt        0x00000000000085c8      0x9d8
 *(.rel.plt)
 .rel.plt       0x00000000000085c8      0x9d8 /usr/lib/gcc/i686-linux-gnu/7/../../../i386-linux-gnu/crti.o
 *(.rel.iplt)

.init           0x0000000000008fa0       0x23
 *(SORT_NONE(.init))
 .init          0x0000000000008fa0       0x1e /usr/lib/gcc/i686-linux-gnu/7/../../../i386-linux-gnu/crti.o
                0x0000000000008fa0                _init
 .init          0x0000000000008fbe        0x5 /usr/lib/gcc/i686-linux-gnu/7/../../../i386-linux-gnu/crtn.o

.plt            0x0000000000008fd0     0x13c0
 *(.plt)
 .plt           0x0000000000008fd0     0x13c0 /usr/lib/gcc/i686-linux-gnu/7/../../../i386-linux-gnu/crti.o
 *(.iplt)

.plt.got        0x000000000000a390       0x18
 *(.plt.got)
 .plt.got       0x000000000000a390       0x18 /usr/lib/gcc/i686-linux-gnu/7/../../../i386-linux-gnu/crti.o

.plt.sec
 *(.plt.sec)

.text           0x000000000000a3b0    0x1e714
 *(.text.unlikely .text.*_unlikely .text.unlikely.*)
 *(.text.exit .text.exit.*)
 *(.text.startup .text.startup.*)
 *(.text.hot .text.hot.*)
 *(.text .stub .text.* .gnu.linkonce.t.*)
 .text          0x000000000000a3b0        0x0 /usr/lib/gcc/i686-linux-gnu/7/../../../i386-linux-gnu/crti.o
 .gnu.linkonce.t.__x86.get_pc_thunk.bx
                0x000000000000a3b0        0x4 /usr/lib/gcc/i686-linux-gnu/7/../../../i386-linux-gnu/crti.o
                0x000000000000a3b0                __x86.get_pc_thunk.bx
 *fill*         0x000000000000a3b4        0xc 
 .text          0x000000000000a3c0       0xe9 /usr/lib/gcc/i686-linux-gnu/7/crtbeginS.o
 .text.__x86.get_pc_thunk.dx
                0x000000000000a4a9        0x4 /usr/lib/gcc/i686-linux-gnu/7/crtbeginS.o
                0x000000000000a4a9                __x86.get_pc_thunk.dx
 .text          0x000000000000a4ad      0x761 temperature-sensor.o
 .text          0x000000000000ac0e      0x36b build/cooja/mtype884.o
                0x000000000000acc0                platform_init_stage_one
                0x000000000000ace3                platform_init_stage_two
                0x000000000000ad06                platform_init_stage_three
                0x000000000000ad29                platform_main_loop
                0x000000000000adcf                Java_org_contikios_cooja_corecomm_Lib14_init
                0x000000000000ae1d                Java_org_contikios_cooja_corecomm_Lib14_getMemory
                0x000000000000ae5d                Java_org_contikios_cooja_corecomm_Lib14_setMemory
                0x000000000000aece                Java_org_contikios_cooja_corecomm_Lib14_tick
                0x000000000000af58                Java_org_contikios_cooja_corecomm_Lib14_setReferenceAddress
 .text.__x86.get_pc_thunk.ax
                0x000000000000af79        0x4 build/cooja/mtype884.o
                0x000000000000af79                __x86.get_pc_thunk.ax
 .text          0x000000000000af7d       0x8d build/cooja/mtype884.a(simEnvChange.o)
                0x000000000000af7d                doActionsBeforeTick
                0x000000000000afc3                doActionsAfterTick
 .text          0x000000000000b00a       0xb6 build/cooja/mtype884.a(cooja_mt.o)
                0x000000000000b00a                cooja_mt_start
                0x000000000000b044                cooja_mt_exec
                0x000000000000b08b                cooja_mt_yield
 .text          0x000000000000b0c0       0xf2 build/cooja/mtype884.a(cooja_mtarch.o)
                0x000000000000b0c0                cooja_mtarch_start
                0x000000000000b144                cooja_sw
                0x000000000000b172                cooja_mtarch_exec
                0x000000000000b19d                cooja_mtarch_yield
 .text          0x000000000000b1b2      0x127 build/cooja/mtype884.a(rtimer-arch.o)
                0x000000000000b1b2                rtimer_arch_init
                0x000000000000b1e1                rtimer_arch_schedule
                0x000000000000b223                rtimer_arch_next
                0x000000000000b23d                rtimer_arch_pending
                0x000000000000b254                rtimer_arch_check
                0x000000000000b2bf                rtimer_arch_now
 .text.__x86.get_pc_thunk.cx
                0x000000000000b2d9        0x4 build/cooja/mtype884.a(rtimer-arch.o)
                0x000000000000b2d9                __x86.get_pc_thunk.cx
 .text          0x000000000000b2dd      0x101 build/cooja/mtype884.a(beep.o)
                0x000000000000b2dd                beep_alarm
                0x000000000000b2f6                beep_beep
                0x000000000000b30f                beep
                0x000000000000b328                beep_down
                0x000000000000b341                beep_on
                0x000000000000b35a                beep_off
                0x000000000000b373                beep_spinup
                0x000000000000b38c                beep_quick
                0x000000000000b3a5                beep_long
 .text          0x000000000000b3de       0x9f build/cooja/mtype884.a(leds-arch.o)
                0x000000000000b402                leds_arch_init
 .text          0x000000000000b47d       0x56 build/cooja/mtype884.a(moteid.o)
 .text          0x000000000000b4d3      0x101 build/cooja/mtype884.a(pir-sensor.o)
 .text          0x000000000000b5d4      0x1cc build/cooja/mtype884.a(rs232.o)
                0x000000000000b5d4                rs232_init
                0x000000000000b5e4                rs232_set_speed
                0x000000000000b5fd                rs232_set_input
                0x000000000000b616                rs232_send
                0x000000000000b64c                rs232_print
                0x000000000000b67a                slip_arch_writeb
 .text          0x000000000000b7a0      0x101 build/cooja/mtype884.a(vib-sensor.o)
 .text          0x000000000000b8a1       0x7a build/cooja/mtype884.a(clock.o)
                0x000000000000b8a1                clock_init
                0x000000000000b8b1                clock_time
                0x000000000000b8c8                clock_seconds
                0x000000000000b8eb                clock_delay
 .text          0x000000000000b91b      0x2b5 build/cooja/mtype884.a(cooja-log.o)
                0x000000000000b91b                simlog_char
                0x000000000000b97f                simlog
                0x000000000000ba19                log_message
                0x000000000000ba68                log_set_putchar_with_slip
                0x000000000000ba81                log_putchar
                0x000000000000bb0c                log_puts
                0x000000000000bb3e                log_printf
 .text          0x000000000000bbd0      0x36c build/cooja/mtype884.a(cfs-cooja.o)
                0x000000000000bbd0                cfs_open
                0x000000000000bc48                cfs_close
                0x000000000000bc5f                cfs_read
                0x000000000000bd13                cfs_write
                0x000000000000be11                cfs_seek
                0x000000000000beae                cfs_remove
                0x000000000000bee4                cfs_opendir
                0x000000000000bef8                cfs_readdir
                0x000000000000bf0c                cfs_closedir
 .text          0x000000000000bf3c      0x78b build/cooja/mtype884.a(cooja-radio.o)
                0x000000000000bfaa                radio_set_channel
                0x000000000000bfc3                radio_set_txpower
                0x000000000000bfe6                radio_signal_strength_last
                0x000000000000bffb                radio_signal_strength_current
                0x000000000000c010                radio_LQI
 .text          0x000000000000c6c7      0x130 build/cooja/mtype884.a(eeprom.o)
                0x000000000000c6c7                eeprom_init
                0x000000000000c6d7                eeprom_read
                0x000000000000c757                eeprom_write
 .text          0x000000000000c7f7       0x4e build/cooja/mtype884.a(random.o)
                0x000000000000c7f7                random_init
                0x000000000000c827                random_rand
 .text          0x000000000000c845      0x332 build/cooja/mtype884.a(sensors.o)
                0x000000000000c88c                sensors_first
                0x000000000000c8a3                sensors_next
                0x000000000000c8ce                sensors_changed
                0x000000000000c91b                sensors_find
 .text          0x000000000000cb77      0x3fc build/cooja/mtype884.a(leds.o)
                0x000000000000cb77                leds_init
                0x000000000000cbcf                leds_single_on
                0x000000000000cc47                leds_single_off
                0x000000000000ccbf                leds_single_toggle
                0x000000000000cd03                leds_on
                0x000000000000cd9b                leds_off
                0x000000000000ce33                leds_toggle
                0x000000000000ce99                leds_set
                0x000000000000cecf                leds_get
 .text          0x000000000000cf73      0x401 build/cooja/mtype884.a(gpio-hal-arch.o)
                0x000000000000cf73                gpio_hal_arch_register_pin_callback
                0x000000000000cff4                gpio_hal_arch_init
                0x000000000000d04e                gpio_hal_arch_no_port_interrupt_enable
                0x000000000000d088                gpio_hal_arch_no_port_interrupt_disable
                0x000000000000d0c2                gpio_hal_arch_no_port_pin_cfg_set
                0x000000000000d0f1                gpio_hal_arch_no_port_pin_cfg_get
                0x000000000000d121                gpio_hal_arch_no_port_pin_set_input
                0x000000000000d13d                gpio_hal_arch_no_port_pin_set_output
                0x000000000000d159                gpio_hal_arch_no_port_set_pin
                0x000000000000d184                gpio_hal_arch_no_port_clear_pin
                0x000000000000d1af                gpio_hal_arch_no_port_read_pin
                0x000000000000d1e1                gpio_hal_arch_no_port_write_pin
                0x000000000000d215                gpio_hal_arch_no_port_set_pins
                0x000000000000d266                gpio_hal_arch_no_port_clear_pins
                0x000000000000d2b7                gpio_hal_arch_no_port_read_pins
                0x000000000000d30a                gpio_hal_arch_no_port_write_pins
 .text          0x000000000000d374       0xc6 build/cooja/mtype884.a(buttons.o)
 .text          0x000000000000d43a     0x3c24 build/cooja/mtype884.a(mqtt.o)
                0x000000000000d865                mqtt_decode_var_byte_int
                0x000000000000d958                mqtt_encode_var_byte_int
                0x000000000001097b                mqtt_init
                0x0000000000010a66                mqtt_register
                0x0000000000010b13                mqtt_connect
                0x0000000000010c57                mqtt_disconnect
                0x0000000000010ca7                mqtt_subscribe
                0x0000000000010d8b                mqtt_unsubscribe
                0x0000000000010e63                mqtt_publish
                0x0000000000010f6b                mqtt_set_username_password
                0x0000000000011000                mqtt_set_last_will
 .text          0x000000000001105e      0x3c1 build/cooja/mtype884.a(contiki-main.o)
                0x000000000001105e                main
 .text          0x000000000001141f       0xb0 build/cooja/mtype884.a(autostart.o)
                0x000000000001141f                autostart_start
                0x0000000000011478                autostart_exit
 .text          0x00000000000114cf      0x400 build/cooja/mtype884.a(ctimer.o)
                0x0000000000011612                ctimer_init
                0x0000000000011657                ctimer_set
                0x000000000001168a                ctimer_set_with_process
                0x0000000000011721                ctimer_reset
                0x000000000001178f                ctimer_restart
                0x00000000000117fd                ctimer_stop
                0x000000000001185d                ctimer_expired
 .text          0x00000000000118cf      0x4a3 build/cooja/mtype884.a(log.o)
                0x00000000000118cf                log_6addr
                0x0000000000011933                log_6addr_compact_snprint
                0x00000000000119f3                log_6addr_compact
                0x0000000000011a57                log_lladdr
                0x0000000000011ade                log_lladdr_compact
                0x0000000000011b5b                log_bytes
                0x0000000000011baf                log_set_level
                0x0000000000011c8d                log_get_level
                0x0000000000011d1e                log_level_to_str
 .text          0x0000000000011d72       0x39 build/cooja/mtype884.a(energest.o)
                0x0000000000011d72                energest_init
                0x0000000000011d82                energest_flush
                0x0000000000011d92                energest_get_total_time
 .text          0x0000000000011dab      0x527 build/cooja/mtype884.a(etimer.o)
                0x0000000000012000                etimer_request_poll
                0x00000000000120b1                etimer_set
                0x00000000000120ea                etimer_reset_with_new_interval
                0x0000000000012129                etimer_reset
                0x000000000001215f                etimer_restart
                0x0000000000012195                etimer_adjust
                0x00000000000121bc                etimer_expired
                0x00000000000121d9                etimer_expiration_time
                0x00000000000121f5                etimer_start_time
                0x0000000000012209                etimer_pending
                0x0000000000012226                etimer_next_expiration_time
                0x000000000001224e                etimer_stop
 .text          0x00000000000122d2       0x36 build/cooja/mtype884.a(node-id.o)
                0x00000000000122d2                node_id_init
 .text          0x0000000000012308      0x122 build/cooja/mtype884.a(rtimer.o)
                0x0000000000012308                rtimer_init
                0x0000000000012327                rtimer_set
                0x00000000000123b5                rtimer_run_next
 .text          0x000000000001242a      0x5cb build/cooja/mtype884.a(process.o)
                0x000000000001242a                process_alloc_event
                0x000000000001244b                process_start
                0x0000000000012650                process_exit
                0x0000000000012678                process_init
                0x0000000000012840                process_run
                0x0000000000012883                process_nevents
                0x00000000000128a8                process_post
                0x0000000000012955                process_post_synch
                0x000000000001299b                process_poll
                0x00000000000129d7                process_is_running
 .text.__x86.get_pc_thunk.si
                0x00000000000129f5        0x4 build/cooja/mtype884.a(process.o)
                0x00000000000129f5                __x86.get_pc_thunk.si
 .text          0x00000000000129f9       0xf6 build/cooja/mtype884.a(timer.o)
                0x00000000000129f9                timer_set
                0x0000000000012a28                timer_reset
                0x0000000000012a5f                timer_restart
                0x0000000000012a85                timer_expired
                0x0000000000012ac3                timer_remaining
 .text          0x0000000000012aef      0x311 build/cooja/mtype884.a(list.o)
                0x0000000000012aef                list_init
                0x0000000000012b08                list_head
                0x0000000000012b1c                list_copy
                0x0000000000012b36                list_tail
                0x0000000000012b76                list_add
                0x0000000000012bcc                list_push
                0x0000000000012c02                list_chop
                0x0000000000012c76                list_pop
                0x0000000000012ca8                list_remove
                0x0000000000012d1a                list_length
                0x0000000000012d52                list_insert
                0x0000000000012da1                list_item_next
                0x0000000000012dc2                list_contains
 .text          0x0000000000012e00      0x566 build/cooja/mtype884.a(button-hal.o)
                0x0000000000012ff4                button_hal_get_by_id
                0x000000000001303e                button_hal_get_by_index
                0x0000000000013078                button_hal_get_state
                0x00000000000130da                button_hal_init
 .text          0x0000000000013366      0x242 build/cooja/mtype884.a(serial-line.o)
                0x0000000000013366                serial_line_input_byte
                0x000000000001355e                serial_line_init
 .text          0x00000000000135a8      0x1d6 build/cooja/mtype884.a(gpio-hal.o)
                0x00000000000135a8                gpio_hal_register_handler
                0x00000000000135d6                gpio_hal_event_handler
                0x0000000000013643                gpio_hal_init
                0x0000000000013672                gpio_hal_arch_port_toggle_pin
                0x00000000000136bd                gpio_hal_arch_port_toggle_pins
                0x00000000000136fa                gpio_hal_arch_no_port_toggle_pin
                0x0000000000013747                gpio_hal_arch_no_port_toggle_pins
 .text          0x000000000001377e      0x3a9 build/cooja/mtype884.a(queuebuf.o)
                0x0000000000013792                queuebuf_init
                0x00000000000137ce                queuebuf_numfree
                0x00000000000137f8                queuebuf_new_from_packetbuf
                0x00000000000138ac                queuebuf_update_attr_from_packetbuf
                0x00000000000138f0                queuebuf_update_from_packetbuf
                0x000000000001394f                queuebuf_free
                0x00000000000139ad                queuebuf_to_packetbuf
                0x0000000000013a2a                queuebuf_dataptr
                0x0000000000013a76                queuebuf_datalen
                0x0000000000013aa3                queuebuf_addr
                0x0000000000013ae2                queuebuf_attr
                0x0000000000013b17                queuebuf_debug_print
 .text          0x0000000000013b27      0x4dd build/cooja/mtype884.a(packetbuf.o)
                0x0000000000013b27                packetbuf_clear
                0x0000000000013b5d                packetbuf_copyfrom
                0x0000000000013bbd                packetbuf_copyto
                0x0000000000013c5b                packetbuf_hdralloc
                0x0000000000013ceb                packetbuf_hdrreduce
                0x0000000000013d3d                packetbuf_set_datalen
                0x0000000000013d62                packetbuf_dataptr
                0x0000000000013d89                packetbuf_hdrptr
                0x0000000000013d9e                packetbuf_datalen
                0x0000000000013db4                packetbuf_hdrlen
                0x0000000000013dd3                packetbuf_totlen
                0x0000000000013df3                packetbuf_remaininglen
                0x0000000000013e10                packetbuf_attr_clear
                0x0000000000013e76                packetbuf_attr_copyto
                0x0000000000013ebc                packetbuf_attr_copyfrom
                0x0000000000013f02                packetbuf_set_attr
                0x0000000000013f38                packetbuf_attr
                0x0000000000013f5e                packetbuf_set_addr
                0x0000000000013fa6                packetbuf_addr
                0x0000000000013fd0                packetbuf_holds_broadcast
 .text          0x0000000000014004      0x13c build/cooja/mtype884.a(netstack.o)
                0x0000000000014004                netstack_process_ip_callback
                0x00000000000140a5                netstack_ip_packet_processor_add
                0x00000000000140d9                uip_ds6_ip_packet_processor_rm
                0x0000000000014107                netstack_init
 .text          0x0000000000014140       0x75 build/cooja/mtype884.a(linkaddr.o)
                0x0000000000014140                linkaddr_copy
                0x0000000000014160                linkaddr_cmp
                0x0000000000014193                linkaddr_set_node_addr
 .text          0x00000000000141b5      0x2ae build/cooja/mtype884.a(csma.o)
 .text          0x0000000000014463      0xa6f build/cooja/mtype884.a(csma-output.o)
                0x0000000000014bd5                csma_output_packet
                0x0000000000014e84                csma_output_init
 .text          0x0000000000014ed2      0xe47 build/cooja/mtype884.a(uip-ds6.o)
                0x0000000000014ed2                uip_ds6_default_prefix
                0x0000000000014ee7                uip_ds6_set_default_prefix
                0x0000000000014f1d                uip_ds6_init
                0x00000000000151b8                uip_ds6_periodic
                0x0000000000015260                uip_ds6_list_loop
                0x000000000001532f                uip_ds6_prefix_add
                0x00000000000153f6                uip_ds6_prefix_rm
                0x0000000000015413                uip_ds6_prefix_lookup
                0x0000000000015466                uip_ds6_is_addr_onlink
                0x00000000000154f3                uip_ds6_addr_add
                0x0000000000015635                uip_ds6_addr_rm
                0x00000000000156f4                uip_ds6_addr_lookup
                0x0000000000015744                uip_ds6_get_link_local
                0x00000000000157e2                uip_ds6_get_global
                0x0000000000015880                uip_ds6_maddr_add
                0x00000000000158fc                uip_ds6_maddr_rm
                0x0000000000015919                uip_ds6_maddr_lookup
                0x000000000001596c                uip_ds6_aaddr_add
                0x00000000000159e5                uip_ds6_aaddr_rm
                0x0000000000015a02                uip_ds6_aaddr_lookup
                0x0000000000015a52                uip_ds6_select_src
                0x0000000000015bc0                uip_ds6_set_addr_iid
                0x0000000000015bf5                uip_ds6_set_lladdr_from_iid
                0x0000000000015c28                get_match_length
                0x0000000000015cc3                uip_ds6_compute_reachable_time
 .text          0x0000000000015d19      0xb4d build/cooja/mtype884.a(tcp-socket.o)
                0x0000000000016430                tcp_socket_register
                0x00000000000164d1                tcp_socket_connect
                0x0000000000016584                tcp_socket_listen
                0x0000000000016614                tcp_socket_unlisten
                0x00000000000166a1                tcp_socket_send
                0x0000000000016751                tcp_socket_send_str
                0x0000000000016789                tcp_socket_close
                0x00000000000167bc                tcp_socket_unregister
                0x0000000000016826                tcp_socket_max_sendlen
                0x000000000001684d                tcp_socket_queuelen
 .text          0x0000000000016866      0x453 build/cooja/mtype884.a(uip-ds6-route.o)
                0x00000000000168c8                uip_ds6_route_init
                0x0000000000016904                uip_ds6_route_count_nexthop_neighbors
                0x0000000000016918                uip_ds6_route_nexthop
                0x000000000001692c                uip_ds6_route_head
                0x0000000000016940                uip_ds6_route_next
                0x0000000000016954                uip_ds6_route_is_nexthop
                0x0000000000016968                uip_ds6_route_num_routes
                0x000000000001697c                uip_ds6_route_lookup
                0x0000000000016990                uip_ds6_route_add
                0x00000000000169ad                uip_ds6_route_rm
                0x00000000000169bd                uip_ds6_route_rm_by_nexthop
                0x00000000000169cd                uip_ds6_defrt_head
                0x00000000000169f7                uip_ds6_defrt_add
                0x0000000000016ab7                uip_ds6_defrt_rm
                0x0000000000016b30                uip_ds6_defrt_lookup
                0x0000000000016ba7                uip_ds6_defrt_choose
                0x0000000000016c2d                uip_ds6_defrt_periodic
 .text          0x0000000000016cb9      0xc55 build/cooja/mtype884.a(tcpip.o)
                0x0000000000016cdf                tcpip_output
                0x0000000000016e0a                tcp_connect
                0x0000000000016e72                tcp_unlisten
                0x0000000000016ee7                tcp_listen
                0x0000000000016f59                tcp_attach
                0x0000000000016f7b                udp_attach
                0x0000000000016f9d                udp_new
                0x0000000000016ff7                udp_broadcast_new
                0x00000000000172c9                tcpip_input
                0x00000000000174bf                tcpip_ipv6_output
                0x00000000000176fb                tcpip_poll_udp
                0x000000000001772b                tcpip_poll_tcp
                0x000000000001775b                tcpip_uipcall
 .text          0x000000000001790e     0x33b5 build/cooja/mtype884.a(uip6.o)
                0x000000000001790e                uip_add32
                0x0000000000017af9                uip_chksum
                0x0000000000017bf1                uip_icmp6chksum
                0x0000000000017c10                uip_tcpchksum
                0x0000000000017c2f                uip_udpchksum
                0x0000000000017c4e                uip_init
                0x0000000000017cfc                uip_connect
                0x0000000000017e99                uip_remove_ext_hdr
                0x0000000000017f94                uip_udp_new
                0x00000000000180d9                uip_unlisten
                0x0000000000018129                uip_listen
                0x0000000000018439                uip_process
                0x000000000001ab53                uip_htons
                0x000000000001ab7f                uip_htonl
                0x000000000001abc9                uip_send
 .text          0x000000000001acc3      0x43e build/cooja/mtype884.a(uip-ds6-nbr.o)
                0x000000000001acc3                uip_ds6_neighbors_init
                0x000000000001acf9                uip_ds6_nbr_add
                0x000000000001ad93                uip_ds6_nbr_rm
                0x000000000001adf2                uip_ds6_nbr_update_ll
                0x000000000001aeef                uip_ds6_nbr_get_ipaddr
                0x000000000001af0e                uip_ds6_nbr_get_ll
                0x000000000001af3b                uip_ds6_nbr_num
                0x000000000001af95                uip_ds6_nbr_head
                0x000000000001afbf                uip_ds6_nbr_next
                0x000000000001afec                uip_ds6_nbr_lookup
                0x000000000001b053                uip_ds6_nbr_ll_lookup
                0x000000000001b080                uip_ds6_nbr_ipaddr_from_lladdr
                0x000000000001b0b3                uip_ds6_nbr_lladdr_from_ipaddr
                0x000000000001b0f1                uip_ds6_link_callback
 .text          0x000000000001b101      0x810 build/cooja/mtype884.a(uip-nd6.o)
                0x000000000001b8e6                uip_nd6_init
 .text          0x000000000001b911     0x33b0 build/cooja/mtype884.a(sicslowpan.o)
                0x000000000001c00f                netstack_sniffer_add
                0x000000000001c028                netstack_sniffer_remove
                0x000000000001ec80                sicslowpan_init
                0x000000000001ecac                sicslowpan_get_last_rssi
 .text          0x000000000001ecc1      0x51a build/cooja/mtype884.a(uiplib.o)
                0x000000000001ecc1                uiplib_ip6addrconv
                0x000000000001ee87                uiplib_ip4addrconv
                0x000000000001ef54                uiplib_ipaddr_print
                0x000000000001efb8                uiplib_ipaddr_snprint
 .text          0x000000000001f1db      0x610 build/cooja/mtype884.a(rpl.o)
                0x000000000001f1db                rpl_lollipop_greater_than
                0x000000000001f23e                rpl_get_global_address
                0x000000000001f374                rpl_link_callback
                0x000000000001f3d7                rpl_has_joined
                0x000000000001f40d                rpl_is_reachable
                0x000000000001f4b0                rpl_reset_prefix
                0x000000000001f52c                rpl_set_prefix_from_addr
                0x000000000001f63e                rpl_set_prefix
                0x000000000001f7b2                rpl_set_leaf_only
                0x000000000001f7d5                rpl_get_leaf_only
 .text          0x000000000001f7eb     0x1491 build/cooja/mtype884.a(rpl-icmp6.o)
                0x000000000001f948                rpl_icmp6_update_nbr_table
                0x000000000001f9fa                rpl_icmp6_dis_output
                0x000000000002000f                rpl_icmp6_dio_output
                0x0000000000020868                rpl_icmp6_dao_output
                0x0000000000020b95                rpl_icmp6_dao_ack_output
                0x0000000000020c1c                rpl_icmp6_init
 .text          0x0000000000020c7c      0x2e4 build/cooja/mtype884.a(rpl-dag-root.o)
                0x0000000000020c7c                rpl_dag_root_print_links
                0x0000000000020dd5                rpl_dag_root_set_prefix
                0x0000000000020e10                rpl_dag_root_start
                0x0000000000020f1e                rpl_dag_root_is_root
 .text          0x0000000000020f60       0x6b build/cooja/mtype884.a(watchdog.o)
                0x0000000000020f60                watchdog_init
                0x0000000000020f70                watchdog_start
                0x0000000000020f80                watchdog_periodic
                0x0000000000020fab                watchdog_stop
                0x0000000000020fbb                watchdog_reboot
 .text          0x0000000000020fcb       0x75 build/cooja/mtype884.a(int-master.o)
                0x0000000000020fcb                int_master_enable
                0x0000000000020fe5                int_master_read_and_disable
                0x000000000002100d                int_master_status_set
                0x0000000000021026                int_master_is_enabled
 .text          0x0000000000021040      0x11d build/cooja/mtype884.a(stimer.o)
                0x0000000000021040                stimer_set
                0x000000000002106f                stimer_reset
                0x00000000000210a6                stimer_restart
                0x00000000000210cc                stimer_expired
                0x0000000000021108                stimer_remaining
                0x0000000000021134                stimer_elapsed
 .text          0x000000000002115d      0x188 build/cooja/mtype884.a(ringbuf.o)
                0x000000000002115d                ringbuf_init
                0x0000000000021199                ringbuf_put
                0x0000000000021221                ringbuf_get
                0x0000000000021298                ringbuf_size
                0x00000000000212b4                ringbuf_elements
 .text          0x00000000000212e5      0x1ec build/cooja/mtype884.a(memb.o)
                0x00000000000212e5                memb_init
                0x0000000000021349                memb_alloc
                0x00000000000213b6                memb_free
                0x0000000000021437                memb_inmemb
                0x0000000000021480                memb_numfree
 .text          0x00000000000214d1       0x31 build/cooja/mtype884.a(assert.o)
                0x00000000000214d1                _xassert
 .text          0x0000000000021502      0xb68 build/cooja/mtype884.a(nbr-table.o)
                0x00000000000218a4                nbr_table_count_entries
                0x0000000000021951                nbr_table_gc_get_worst
                0x0000000000021991                nbr_table_can_accept_new
                0x0000000000021b1a                nbr_table_entry_is_allowed
                0x0000000000021bba                nbr_table_register
                0x0000000000021c38                nbr_table_is_registered
                0x0000000000021c7d                nbr_table_head
                0x0000000000021cea                nbr_table_next
                0x0000000000021d5c                nbr_table_add_lladdr
                0x0000000000021eab                nbr_table_get_from_lladdr
                0x0000000000021f08                nbr_table_remove
                0x0000000000021f53                nbr_table_lock
                0x0000000000021f79                nbr_table_unlock
                0x0000000000021f9f                nbr_table_get_lladdr
                0x0000000000021fd5                nbr_table_clear
                0x000000000002201a                nbr_table_key_head
                0x0000000000022044                nbr_table_key_next
 .text          0x000000000002206a      0x450 build/cooja/mtype884.a(link-stats.o)
                0x000000000002206a                link_stats_from_lladdr
                0x0000000000022097                link_stats_get_lladdr
                0x00000000000220c4                link_stats_is_fresh
                0x0000000000022111                guess_etx_from_rssi
                0x0000000000022197                link_stats_packet_sent
                0x00000000000222db                link_stats_input_callback
                0x000000000002240f                link_stats_reset
                0x0000000000022471                link_stats_init
 .text          0x00000000000224ba      0x1a8 build/cooja/mtype884.a(mac-sequence.o)
                0x00000000000224ba                mac_sequence_is_duplicate
                0x000000000002257a                mac_sequence_register_seqno
 .text          0x0000000000022662       0x2d build/cooja/mtype884.a(mac.o)
                0x0000000000022662                mac_call_sent_callback
 .text          0x000000000002268f      0x477 build/cooja/mtype884.a(framer-802154.o)
                0x0000000000022832                framer_802154_setup_params
 .text          0x0000000000022b06      0xc1a build/cooja/mtype884.a(frame802154.o)
                0x0000000000022b41                frame802154_get_pan_id
                0x0000000000022b57                frame802154_set_pan_id
                0x0000000000022b7c                frame802154_has_panid
                0x0000000000022d35                frame802154_check_dest_panid
                0x0000000000022dc7                frame802154_is_broadcast_addr
                0x0000000000022e1e                frame802154_extract_linkaddr
                0x00000000000230a7                frame802154_hdrlen
                0x0000000000023124                frame802154_create_fcf
                0x00000000000231e6                frame802154_create
                0x0000000000023371                frame802154_parse_fcf
                0x000000000002345d                frame802154_parse
 .text          0x0000000000023720       0x4e build/cooja/mtype884.a(csma-security.o)
                0x0000000000023720                csma_security_create_frame
                0x0000000000023751                csma_security_parse_frame
 .text          0x000000000002376e      0x5d3 build/cooja/mtype884.a(uipbuf.o)
                0x000000000002376e                uipbuf_clear
                0x00000000000237a5                uipbuf_add_ext_hdr
                0x0000000000023840                uipbuf_set_len
                0x000000000002387a                uipbuf_set_len_field
                0x00000000000238b0                uipbuf_get_len_field
                0x00000000000238da                uipbuf_get_next_header
                0x0000000000023a2b                uipbuf_get_last_header
                0x0000000000023aae                uipbuf_search_header
                0x0000000000023b72                uipbuf_get_attr
                0x0000000000023ba3                uipbuf_set_attr
                0x0000000000023be4                uipbuf_set_default_attr
                0x0000000000023c25                uipbuf_clear_attr
                0x0000000000023c65                uipbuf_set_attr_flag
                0x0000000000023c91                uipbuf_clr_attr_flag
                0x0000000000023cc3                uipbuf_is_attr_flag
                0x0000000000023cf1                uipbuf_init
 .text          0x0000000000023d41      0x8b7 build/cooja/mtype884.a(uip-icmp6.o)
                0x0000000000023dc6                uip_icmp6_input
                0x0000000000023e27                uip_icmp6_register_input_handler
                0x0000000000023fdb                uip_icmp6_error_output
                0x000000000002431d                uip_icmp6_send
                0x000000000002454b                uip_icmp6_echo_reply_callback_add
                0x000000000002458e                uip_icmp6_echo_reply_callback_rm
                0x00000000000245bc                uip_icmp6_init
 .text          0x00000000000245f8      0x772 build/cooja/mtype884.a(uip-sr.o)
                0x00000000000245f8                uip_sr_num_nodes
                0x00000000000246a4                uip_sr_get_node
                0x000000000002470b                uip_sr_is_addr_reachable
                0x00000000000247c8                uip_sr_expire_parent
                0x000000000002481b                uip_sr_update_node
                0x000000000002495f                uip_sr_init
                0x00000000000249a5                uip_sr_node_head
                0x00000000000249cf                uip_sr_node_next
                0x00000000000249f5                uip_sr_periodic
                0x0000000000024b11                uip_sr_free_all
                0x0000000000024b96                uip_sr_link_snprint
 .text          0x0000000000024d6a      0x1a5 build/cooja/mtype884.a(uip-packetqueue)
                0x0000000000024daa                uip_packetqueue_new
                0x0000000000024dc3                uip_packetqueue_alloc
                0x0000000000024e32                uip_packetqueue_free
                0x0000000000024e8a                uip_packetqueue_buf
                0x0000000000024eb1                uip_packetqueue_buflen
                0x0000000000024edc                uip_packetqueue_set_buflen
 .text          0x0000000000024f0f       0x8d build/cooja/mtype884.a(rpl-nbr-policy.)
                0x0000000000024f5b                rpl_nbr_gc_get_worst
 .text          0x0000000000024f9c      0xaad build/cooja/mtype884.a(rpl-neighbor.o)
                0x0000000000025038                rpl_neighbor_snprint
                0x0000000000025320                rpl_neighbor_print_list
                0x00000000000253f3                rpl_neighbor_count
                0x00000000000254d6                rpl_neighbor_get_from_lladdr
                0x0000000000025503                rpl_neighbor_is_acceptable_parent
                0x0000000000025549                rpl_neighbor_get_link_metric
                0x000000000002558f                rpl_neighbor_rank_via_nbr
                0x00000000000255d5                rpl_neighbor_get_lladdr
                0x0000000000025602                rpl_neighbor_get_ipaddr
                0x0000000000025638                rpl_neighbor_get_link_stats
                0x000000000002566e                rpl_neighbor_is_fresh
                0x00000000000256a4                rpl_neighbor_is_parent
                0x00000000000256db                rpl_neighbor_set_preferred_parent
                0x0000000000025795                rpl_neighbor_remove_all
                0x0000000000025802                rpl_neighbor_get_from_ipaddr
                0x000000000002593c                rpl_neighbor_select_best
                0x0000000000025a17                rpl_neighbor_init
 .text          0x0000000000025a49     0x11f4 build/cooja/mtype884.a(rpl-dag.o)
                0x0000000000025a49                rpl_dag_state_to_str
                0x0000000000025a97                rpl_dag_get_root_ipaddr
                0x0000000000025ae7                rpl_dag_leave
                0x0000000000025b9d                rpl_dag_poison_and_leave
                0x0000000000025bc9                rpl_dag_periodic
                0x0000000000025c8e                rpl_is_addr_in_our_dag
                0x0000000000025ced                rpl_get_default_instance
                0x0000000000025d17                rpl_get_any_dag
                0x0000000000025d8d                rpl_refresh_routes
                0x0000000000025df0                rpl_global_repair
                0x0000000000025ec1                rpl_local_repair
                0x0000000000025f26                rpl_dag_ready_to_advertise
                0x0000000000025f7f                rpl_dag_update_state
                0x00000000000267fb                rpl_process_dio
                0x0000000000026896                rpl_process_dis
                0x00000000000268ec                rpl_process_dao
                0x000000000002698d                rpl_process_dao_ack
                0x0000000000026a49                rpl_process_hbh
                0x0000000000026aa9                rpl_dag_init_root
                0x0000000000026c0b                rpl_dag_init
 .text          0x0000000000026c3d      0xd8d build/cooja/mtype884.a(rpl-timers.o)
                0x0000000000026c3d                rpl_timers_schedule_periodic_dis
                0x0000000000026de7                rpl_timers_dio_reset
                0x0000000000026f5f                rpl_timers_schedule_unicast_dio
                0x0000000000027132                rpl_timers_schedule_dao
                0x0000000000027238                rpl_timers_schedule_dao_ack
                0x0000000000027307                rpl_timers_notify_dao_ack
                0x000000000002738d                get_probing_delay
                0x00000000000273d2                get_probing_target
                0x0000000000027607                rpl_schedule_probing
                0x0000000000027653                rpl_schedule_probing_now
                0x00000000000276ed                rpl_timers_unschedule_leaving
                0x0000000000027747                rpl_timers_schedule_leaving
                0x00000000000277ac                rpl_timers_init
                0x000000000002786e                rpl_timers_stop_dag_timers
                0x000000000002792b                rpl_timers_unschedule_state_update
                0x0000000000027967                rpl_timers_schedule_state_update
 .text          0x00000000000279ca      0xd42 build/cooja/mtype884.a(rpl-ext-header.)
                0x00000000000279ca                rpl_ext_header_srh_get_next_hop
                0x0000000000027ad5                rpl_ext_header_srh_update
                0x0000000000028107                rpl_ext_header_hbh_update
                0x0000000000028486                rpl_ext_header_update
                0x0000000000028535                rpl_ext_header_remove
 .text          0x000000000002870c      0x39b build/cooja/mtype884.a(rpl-mrhof.o)
 *fill*         0x0000000000028aa7        0x9 
 .text          0x0000000000028ab0       0x14 /usr/lib/i386-linux-gnu/libc_nonshared.a(stack_chk_fail_local.oS)
                0x0000000000028ab0                __stack_chk_fail_local
 .text          0x0000000000028ac4        0x0 /usr/lib/gcc/i686-linux-gnu/7/crtendS.o
 .text          0x0000000000028ac4        0x0 /usr/lib/gcc/i686-linux-gnu/7/../../../i386-linux-gnu/crtn.o
 *(.gnu.warning)

.fini           0x0000000000028ac4       0x14
 *(SORT_NONE(.fini))
 .fini          0x0000000000028ac4        0xf /usr/lib/gcc/i686-linux-gnu/7/../../../i386-linux-gnu/crti.o
                0x0000000000028ac4                _fini
 .fini          0x0000000000028ad3        0x5 /usr/lib/gcc/i686-linux-gnu/7/../../../i386-linux-gnu/crtn.o
                [!provide]                        PROVIDE (__etext = .)
                [!provide]                        PROVIDE (_etext = .)
                [!provide]                        PROVIDE (etext = .)

.rodata         0x0000000000028ad8      0x9cf
 *(.rodata .rodata.* .gnu.linkonce.r.*)
 .rodata        0x0000000000028ad8      0x40f temperature-sensor.o
 *fill*         0x0000000000028ee7        0x1 
 .rodata        0x0000000000028ee8        0x6 build/cooja/mtype884.a(leds-arch.o)
                0x0000000000028ee8                leds_arch_leds
 .rodata        0x0000000000028eee        0x4 build/cooja/mtype884.a(pir-sensor.o)
 .rodata        0x0000000000028ef2        0x6 build/cooja/mtype884.a(rs232.o)
 .rodata        0x0000000000028ef8        0xa build/cooja/mtype884.a(vib-sensor.o)
 *fill*         0x0000000000028f02        0x2 
 .rodata        0x0000000000028f04       0x27 build/cooja/mtype884.a(cfs-cooja.o)
 *fill*         0x0000000000028f2b        0x1 
 .rodata        0x0000000000028f2c       0x68 build/cooja/mtype884.a(cooja-radio.o)
 .rodata        0x0000000000028f94        0x8 build/cooja/mtype884.a(sensors.o)
 .rodata        0x0000000000028f9c       0x14 build/cooja/mtype884.a(buttons.o)
                0x0000000000028fa8                button_hal_button_count
 .rodata        0x0000000000028fb0       0x14 build/cooja/mtype884.a(mqtt.o)
 .rodata        0x0000000000028fc4       0xf4 build/cooja/mtype884.a(contiki-main.o)
 .rodata        0x00000000000290b8        0xf build/cooja/mtype884.a(ctimer.o)
 *fill*         0x00000000000290c7        0x1 
 .rodata        0x00000000000290c8       0xc4 build/cooja/mtype884.a(log.o)
 .rodata        0x000000000002918c        0xc build/cooja/mtype884.a(etimer.o)
 .rodata        0x0000000000029198       0x13 build/cooja/mtype884.a(button-hal.o)
 .rodata        0x00000000000291ab        0xe build/cooja/mtype884.a(serial-line.o)
 *fill*         0x00000000000291b9        0x3 
 .rodata        0x00000000000291bc        0x8 build/cooja/mtype884.a(linkaddr.o)
                0x00000000000291bc                linkaddr_null
 .rodata        0x00000000000291c4        0x5 build/cooja/mtype884.a(csma.o)
 *fill*         0x00000000000291c9        0x3 
 .rodata        0x00000000000291cc       0x24 build/cooja/mtype884.a(csma-output.o)
 .rodata        0x00000000000291f0       0x13 build/cooja/mtype884.a(tcp-socket.o)
 *fill*         0x0000000000029203        0x1 
 .rodata        0x0000000000029204       0x4d build/cooja/mtype884.a(uip-ds6-route.o)
 .rodata        0x0000000000029251        0xd build/cooja/mtype884.a(tcpip.o)
 *fill*         0x000000000002925e        0x2 
 .rodata        0x0000000000029260       0x48 build/cooja/mtype884.a(uip6.o)
 .rodata        0x00000000000292a8       0x1f build/cooja/mtype884.a(sicslowpan.o)
                0x00000000000292a8                unc_llconf
                0x00000000000292ac                unc_ctxconf
                0x00000000000292b0                unc_mxconf
                0x00000000000292b4                llprefix
 .rodata        0x00000000000292c7       0x2d build/cooja/mtype884.a(uiplib.o)
 .rodata        0x00000000000292f4        0x9 build/cooja/mtype884.a(rpl.o)
 *fill*         0x00000000000292fd        0x3 
 .rodata        0x0000000000029300       0x25 build/cooja/mtype884.a(assert.o)
 .rodata        0x0000000000029325       0x44 build/cooja/mtype884.a(uip-sr.o)
 *fill*         0x0000000000029369        0x3 
 .rodata        0x000000000002936c       0x58 build/cooja/mtype884.a(rpl-neighbor.o)
 .rodata        0x00000000000293c4       0xd7 build/cooja/mtype884.a(rpl-dag.o)
 .rodata        0x000000000002949b        0xc build/cooja/mtype884.a(rpl-timers.o)

.rodata1
 *(.rodata1)

.eh_frame_hdr   0x00000000000294a8     0x187c
 *(.eh_frame_hdr)
 .eh_frame_hdr  0x00000000000294a8     0x187c temperature-sensor.o
                0x00000000000294a8                __GNU_EH_FRAME_HDR
 *(.eh_frame_entry .eh_frame_entry.*)

.eh_frame       0x000000000002ad24     0x69d0
 *(.eh_frame)
 .eh_frame      0x000000000002ad24       0x3c /usr/lib/gcc/i686-linux-gnu/7/../../../i386-linux-gnu/crti.o
                                         0x40 (size before relaxing)
 .eh_frame      0x000000000002ad60       0x14 /usr/lib/gcc/i686-linux-gnu/7/../../../i386-linux-gnu/crti.o
                                         0x2c (size before relaxing)
 .eh_frame      0x000000000002ad74       0xc0 temperature-sensor.o
                                         0xec (size before relaxing)
 .eh_frame      0x000000000002ae34      0x1ac build/cooja/mtype884.o
                                        0x1ec (size before relaxing)
 .eh_frame      0x000000000002afe0       0x48 build/cooja/mtype884.a(simEnvChange.o)
                                         0x74 (size before relaxing)
 .eh_frame      0x000000000002b028       0x6c build/cooja/mtype884.a(cooja_mt.o)
                                         0x98 (size before relaxing)
 .eh_frame      0x000000000002b094       0x88 build/cooja/mtype884.a(cooja_mtarch.o)
                                         0xc8 (size before relaxing)
 .eh_frame      0x000000000002b11c       0xe4 build/cooja/mtype884.a(rtimer-arch.o)
                                        0x110 (size before relaxing)
 .eh_frame      0x000000000002b200      0x160 build/cooja/mtype884.a(beep.o)
                                        0x18c (size before relaxing)
 .eh_frame      0x000000000002b360       0x88 build/cooja/mtype884.a(leds-arch.o)
                                         0xc8 (size before relaxing)
 .eh_frame      0x000000000002b3e8       0x44 build/cooja/mtype884.a(moteid.o)
                                         0x70 (size before relaxing)
 .eh_frame      0x000000000002b42c       0xa4 build/cooja/mtype884.a(pir-sensor.o)
                                         0xe4 (size before relaxing)
 .eh_frame      0x000000000002b4d0      0x110 build/cooja/mtype884.a(rs232.o)
                                        0x150 (size before relaxing)
 .eh_frame      0x000000000002b5e0       0xa4 build/cooja/mtype884.a(vib-sensor.o)
                                         0xe4 (size before relaxing)
 .eh_frame      0x000000000002b684       0xc0 build/cooja/mtype884.a(clock.o)
                                         0xec (size before relaxing)
 .eh_frame      0x000000000002b744      0x130 build/cooja/mtype884.a(cooja-log.o)
                                        0x170 (size before relaxing)
 .eh_frame      0x000000000002b874      0x16c build/cooja/mtype884.a(cfs-cooja.o)
                                        0x1ac (size before relaxing)
 .eh_frame      0x000000000002b9e0      0x374 build/cooja/mtype884.a(cooja-radio.o)
                                        0x3b4 (size before relaxing)
 .eh_frame      0x000000000002bd54       0xa8 build/cooja/mtype884.a(eeprom.o)
                                         0xe8 (size before relaxing)
 .eh_frame      0x000000000002bdfc       0x48 build/cooja/mtype884.a(random.o)
                                         0x74 (size before relaxing)
 .eh_frame      0x000000000002be44       0xd0 build/cooja/mtype884.a(sensors.o)
                                        0x110 (size before relaxing)
 .eh_frame      0x000000000002bf14      0x140 build/cooja/mtype884.a(leds.o)
                                        0x180 (size before relaxing)
 .eh_frame      0x000000000002c054      0x228 build/cooja/mtype884.a(gpio-hal-arch.o)
                                        0x27c (size before relaxing)
 .eh_frame      0x000000000002c27c       0xa4 build/cooja/mtype884.a(buttons.o)
                                         0xe4 (size before relaxing)
 .eh_frame      0x000000000002c320      0x560 build/cooja/mtype884.a(mqtt.o)
                                        0x5b4 (size before relaxing)
 .eh_frame      0x000000000002c880       0x38 build/cooja/mtype884.a(contiki-main.o)
                                         0x64 (size before relaxing)
 .eh_frame      0x000000000002c8b8       0x48 build/cooja/mtype884.a(autostart.o)
                                         0x74 (size before relaxing)
 .eh_frame      0x000000000002c900      0x11c build/cooja/mtype884.a(ctimer.o)
                                        0x15c (size before relaxing)
 .eh_frame      0x000000000002ca1c      0x144 build/cooja/mtype884.a(log.o)
                                        0x184 (size before relaxing)
 .eh_frame      0x000000000002cb60       0x60 build/cooja/mtype884.a(energest.o)
                                         0x8c (size before relaxing)
 .eh_frame      0x000000000002cbc0      0x204 build/cooja/mtype884.a(etimer.o)
                                        0x244 (size before relaxing)
 .eh_frame      0x000000000002cdc4       0x20 build/cooja/mtype884.a(node-id.o)
                                         0x4c (size before relaxing)
 .eh_frame      0x000000000002cde4       0x6c build/cooja/mtype884.a(rtimer.o)
                                         0xc0 (size before relaxing)
 .eh_frame      0x000000000002ce50      0x1ec build/cooja/mtype884.a(process.o)
                                        0x22c (size before relaxing)
 .eh_frame      0x000000000002d03c       0xb4 build/cooja/mtype884.a(timer.o)
                                         0xe0 (size before relaxing)
 .eh_frame      0x000000000002d0f0      0x1a0 build/cooja/mtype884.a(list.o)
                                        0x1cc (size before relaxing)
 .eh_frame      0x000000000002d290      0x188 build/cooja/mtype884.a(button-hal.o)
                                        0x1c8 (size before relaxing)
 .eh_frame      0x000000000002d418       0x6c build/cooja/mtype884.a(serial-line.o)
                                         0x98 (size before relaxing)
 .eh_frame      0x000000000002d484       0xfc build/cooja/mtype884.a(gpio-hal.o)
                                        0x13c (size before relaxing)
 .eh_frame      0x000000000002d580      0x1c0 build/cooja/mtype884.a(queuebuf.o)
                                        0x200 (size before relaxing)
 .eh_frame      0x000000000002d740      0x2b0 build/cooja/mtype884.a(packetbuf.o)
                                        0x2f0 (size before relaxing)
 .eh_frame      0x000000000002d9f0       0x90 build/cooja/mtype884.a(netstack.o)
                                         0xd0 (size before relaxing)
 .eh_frame      0x000000000002da80       0x64 build/cooja/mtype884.a(linkaddr.o)
                                         0x90 (size before relaxing)
 .eh_frame      0x000000000002dae4       0xf0 build/cooja/mtype884.a(csma.o)
                                        0x130 (size before relaxing)
 .eh_frame      0x000000000002dbd4      0x1f8 build/cooja/mtype884.a(csma-output.o)
                                        0x238 (size before relaxing)
 .eh_frame      0x000000000002ddcc      0x364 build/cooja/mtype884.a(uip-ds6.o)
                                        0x3a4 (size before relaxing)
 .eh_frame      0x000000000002e130      0x280 build/cooja/mtype884.a(tcp-socket.o)
                                        0x2c0 (size before relaxing)
 .eh_frame      0x000000000002e3b0      0x260 build/cooja/mtype884.a(uip-ds6-route.o)
                                        0x2a0 (size before relaxing)
 .eh_frame      0x000000000002e610      0x34c build/cooja/mtype884.a(tcpip.o)
                                        0x38c (size before relaxing)
 .eh_frame      0x000000000002e95c      0x2e8 build/cooja/mtype884.a(uip6.o)
                                        0x33c (size before relaxing)
 .eh_frame      0x000000000002ec44      0x1e8 build/cooja/mtype884.a(uip-ds6-nbr.o)
                                        0x228 (size before relaxing)
 .eh_frame      0x000000000002ee2c       0x8c build/cooja/mtype884.a(uip-nd6.o)
                                         0xe0 (size before relaxing)
 .eh_frame      0x000000000002eeb8      0x354 build/cooja/mtype884.a(sicslowpan.o)
                                        0x3a8 (size before relaxing)
 .eh_frame      0x000000000002f20c       0x9c build/cooja/mtype884.a(uiplib.o)
                                         0xdc (size before relaxing)
 .eh_frame      0x000000000002f2a8      0x1fc build/cooja/mtype884.a(rpl.o)
                                        0x23c (size before relaxing)
 .eh_frame      0x000000000002f4a4      0x1f0 build/cooja/mtype884.a(rpl-icmp6.o)
                                        0x230 (size before relaxing)
 .eh_frame      0x000000000002f694       0xb0 build/cooja/mtype884.a(rpl-dag-root.o)
                                         0xf0 (size before relaxing)
 .eh_frame      0x000000000002f744       0xa4 build/cooja/mtype884.a(watchdog.o)
                                         0xd0 (size before relaxing)
 .eh_frame      0x000000000002f7e8       0x80 build/cooja/mtype884.a(int-master.o)
                                         0xac (size before relaxing)
 .eh_frame      0x000000000002f868       0xd8 build/cooja/mtype884.a(stimer.o)
                                        0x104 (size before relaxing)
 .eh_frame      0x000000000002f940       0xa0 build/cooja/mtype884.a(ringbuf.o)
                                         0xcc (size before relaxing)
 .eh_frame      0x000000000002f9e0       0xa4 build/cooja/mtype884.a(memb.o)
                                         0xe4 (size before relaxing)
 .eh_frame      0x000000000002fa84       0x24 build/cooja/mtype884.a(assert.o)
                                         0x50 (size before relaxing)
 .eh_frame      0x000000000002faa8      0x428 build/cooja/mtype884.a(nbr-table.o)
                                        0x468 (size before relaxing)
 .eh_frame      0x000000000002fed0      0x140 build/cooja/mtype884.a(link-stats.o)
                                        0x180 (size before relaxing)
 .eh_frame      0x0000000000030010       0x50 build/cooja/mtype884.a(mac-sequence.o)
                                         0x7c (size before relaxing)
 .eh_frame      0x0000000000030060       0x20 build/cooja/mtype884.a(mac.o)
                                         0x4c (size before relaxing)
 .eh_frame      0x0000000000030080       0xb4 build/cooja/mtype884.a(framer-802154.o)
                                         0xf4 (size before relaxing)
 .eh_frame      0x0000000000030134      0x1b0 build/cooja/mtype884.a(frame802154.o)
                                        0x1f0 (size before relaxing)
 .eh_frame      0x00000000000302e4       0x44 build/cooja/mtype884.a(csma-security.o)
                                         0x84 (size before relaxing)
 .eh_frame      0x0000000000030328      0x204 build/cooja/mtype884.a(uipbuf.o)
                                        0x230 (size before relaxing)
 .eh_frame      0x000000000003052c      0x170 build/cooja/mtype884.a(uip-icmp6.o)
                                        0x1b0 (size before relaxing)
 .eh_frame      0x000000000003069c      0x1ac build/cooja/mtype884.a(uip-sr.o)
                                        0x1ec (size before relaxing)
 .eh_frame      0x0000000000030848       0xec build/cooja/mtype884.a(uip-packetqueue)
                                        0x12c (size before relaxing)
 .eh_frame      0x0000000000030934       0x48 build/cooja/mtype884.a(rpl-nbr-policy.)
                                         0x88 (size before relaxing)
 .eh_frame      0x000000000003097c      0x2ec build/cooja/mtype884.a(rpl-neighbor.o)
                                        0x340 (size before relaxing)
 .eh_frame      0x0000000000030c68      0x3c0 build/cooja/mtype884.a(rpl-dag.o)
                                        0x414 (size before relaxing)
 .eh_frame      0x0000000000031028      0x418 build/cooja/mtype884.a(rpl-timers.o)
                                        0x458 (size before relaxing)
 .eh_frame      0x0000000000031440      0x144 build/cooja/mtype884.a(rpl-ext-header.)
                                        0x184 (size before relaxing)
 .eh_frame      0x0000000000031584      0x150 build/cooja/mtype884.a(rpl-mrhof.o)
                                        0x190 (size before relaxing)
 .eh_frame      0x00000000000316d4       0x1c /usr/lib/i386-linux-gnu/libc_nonshared.a(stack_chk_fail_local.oS)
                                         0x48 (size before relaxing)
 .eh_frame      0x00000000000316f0        0x4 /usr/lib/gcc/i686-linux-gnu/7/crtendS.o
 *(.eh_frame.*)

.gcc_except_table
 *(.gcc_except_table .gcc_except_table.*)

.gnu_extab
 *(.gnu_extab*)

.exception_ranges
 *(.exception_ranges .exception_ranges*)
                0x0000000000032c18                . = DATA_SEGMENT_ALIGN (CONSTANT (MAXPAGESIZE), CONSTANT (COMMONPAGESIZE))

.eh_frame
 *(.eh_frame)
 *(.eh_frame.*)

.gnu_extab
 *(.gnu_extab)

.gcc_except_table
 *(.gcc_except_table .gcc_except_table.*)

.exception_ranges
 *(.exception_ranges .exception_ranges*)

.tdata
 *(.tdata .tdata.* .gnu.linkonce.td.*)

.tbss
 *(.tbss .tbss.* .gnu.linkonce.tb.*)
 *(.tcommon)

.preinit_array
 *(.preinit_array)

.init_array     0x0000000000032c18        0x4
 *(SORT_BY_INIT_PRIORITY(.init_array.*) SORT_BY_INIT_PRIORITY(.ctors.*))
 *(.init_array EXCLUDE_FILE(*crtend?.o *crtend.o *crtbegin?.o *crtbegin.o) .ctors)
 .init_array    0x0000000000032c18        0x4 /usr/lib/gcc/i686-linux-gnu/7/crtbeginS.o

.fini_array     0x0000000000032c1c        0x4
 *(SORT_BY_INIT_PRIORITY(.fini_array.*) SORT_BY_INIT_PRIORITY(.dtors.*))
 *(.fini_array EXCLUDE_FILE(*crtend?.o *crtend.o *crtbegin?.o *crtbegin.o) .dtors)
 .fini_array    0x0000000000032c1c        0x4 /usr/lib/gcc/i686-linux-gnu/7/crtbeginS.o

.ctors
 *crtbegin.o(.ctors)
 *crtbegin?.o(.ctors)
 *(EXCLUDE_FILE(*crtend?.o *crtend.o) .ctors)
 *(SORT_BY_NAME(.ctors.*))
 *(.ctors)

.dtors
 *crtbegin.o(.dtors)
 *crtbegin?.o(.dtors)
 *(EXCLUDE_FILE(*crtend?.o *crtend.o) .dtors)
 *(SORT_BY_NAME(.dtors.*))
 *(.dtors)

.jcr
 *(.jcr)

.data.rel.ro    0x0000000000032c20      0x198
 *(.data.rel.ro.local* .gnu.linkonce.d.rel.ro.local.*)
 .data.rel.ro.local
                0x0000000000032c20        0x8 temperature-sensor.o
                0x0000000000032c20                autostart_processes
 .data.rel.ro.local
                0x0000000000032c28        0x8 build/cooja/mtype884.a(beep.o)
                0x0000000000032c28                beep_interface
 .data.rel.ro.local
                0x0000000000032c30        0x8 build/cooja/mtype884.a(leds-arch.o)
                0x0000000000032c30                leds_interface
 .data.rel.ro.local
                0x0000000000032c38        0x8 build/cooja/mtype884.a(moteid.o)
                0x0000000000032c38                moteid_interface
 .data.rel.ro.local
                0x0000000000032c40       0x18 build/cooja/mtype884.a(pir-sensor.o)
                0x0000000000032c40                pir_interface
                0x0000000000032c48                pir_sensor
 .data.rel.ro.local
                0x0000000000032c58        0x8 build/cooja/mtype884.a(rs232.o)
                0x0000000000032c58                rs232_interface
 .data.rel.ro.local
                0x0000000000032c60       0x18 build/cooja/mtype884.a(vib-sensor.o)
                0x0000000000032c60                vib_interface
                0x0000000000032c68                vib_sensor
 .data.rel.ro.local
                0x0000000000032c78        0x8 build/cooja/mtype884.a(clock.o)
                0x0000000000032c78                clock_interface
 .data.rel.ro.local
                0x0000000000032c80        0x8 build/cooja/mtype884.a(cooja-log.o)
                0x0000000000032c80                simlog_interface
 .data.rel.ro.local
                0x0000000000032c88        0x8 build/cooja/mtype884.a(cfs-cooja.o)
                0x0000000000032c88                cfs_interface
 *fill*         0x0000000000032c90       0x10 
 .data.rel.ro.local
                0x0000000000032ca0       0x58 build/cooja/mtype884.a(cooja-radio.o)
                0x0000000000032ca0                radio_interface
                0x0000000000032cc0                cooja_radio_driver
 .data.rel.ro.local
                0x0000000000032cf8        0x8 build/cooja/mtype884.a(eeprom.o)
                0x0000000000032cf8                eeprom_interface
 .data.rel.ro.local
                0x0000000000032d00       0x18 build/cooja/mtype884.a(buttons.o)
                0x0000000000032d00                button_interface
                0x0000000000032d08                button_sensor
 .data.rel.ro.local
                0x0000000000032d18       0x1c build/cooja/mtype884.a(csma.o)
                0x0000000000032d18                csma_driver
 .data.rel.ro.local
                0x0000000000032d34       0x10 build/cooja/mtype884.a(sicslowpan.o)
                0x0000000000032d34                sicslowpan_driver
 .data.rel.ro.local
                0x0000000000032d44        0xc build/cooja/mtype884.a(framer-802154.o)
                0x0000000000032d44                framer_802154
 *(.data.rel.ro .data.rel.ro.* .gnu.linkonce.d.rel.ro.*)
 .data.rel.ro   0x0000000000032d50        0x0 /usr/lib/gcc/i686-linux-gnu/7/../../../i386-linux-gnu/crti.o
 *fill*         0x0000000000032d50       0x10 
 .data.rel.ro   0x0000000000032d60       0x54 build/cooja/mtype884.a(rpl.o)
                0x0000000000032d60                rpl_lite_driver
 .data.rel.ro   0x0000000000032db4        0x4 build/cooja/mtype884.a(rpl-dag.o)

.dynamic        0x0000000000032db8       0xf0
 *(.dynamic)
 .dynamic       0x0000000000032db8       0xf0 /usr/lib/gcc/i686-linux-gnu/7/../../../i386-linux-gnu/crti.o
                0x0000000000032db8                _DYNAMIC

.got            0x0000000000032ea8      0x158
 *(.got)
 .got           0x0000000000032ea8      0x158 /usr/lib/gcc/i686-linux-gnu/7/../../../i386-linux-gnu/crti.o
 *(.igot)
                0x0000000000033ff4                . = DATA_SEGMENT_RELRO_END (., (SIZEOF (.got.plt) >= 0xc)?0xc:0x0)

.got.plt        0x0000000000033000      0x4f8
 *(.got.plt)
 .got.plt       0x0000000000033000      0x4f8 /usr/lib/gcc/i686-linux-gnu/7/../../../i386-linux-gnu/crti.o
                0x0000000000033000                _GLOBAL_OFFSET_TABLE_
 *(.igot.plt)

.data           0x0000000000033500      0x3a4
 *(.data .data.* .gnu.linkonce.d.*)
 .data          0x0000000000033500        0x0 /usr/lib/gcc/i686-linux-gnu/7/../../../i386-linux-gnu/crti.o
 .data          0x0000000000033500        0x0 /usr/lib/gcc/i686-linux-gnu/7/crtbeginS.o
 .data.rel.local
                0x0000000000033500        0x4 /usr/lib/gcc/i686-linux-gnu/7/crtbeginS.o
                0x0000000000033500                __dso_handle
 .data          0x0000000000033504        0x4 temperature-sensor.o
 .data.rel.local
                0x0000000000033508       0x14 temperature-sensor.o
                0x000000000003350c                mqtt_temperature_sensor
 .data          0x000000000003351c        0x0 build/cooja/mtype884.o
 *fill*         0x000000000003351c        0x4 
 .data.rel      0x0000000000033520       0x44 build/cooja/mtype884.o
                0x0000000000033520                simInterfaces
                0x0000000000033554                sensors
 .data          0x0000000000033564        0x0 build/cooja/mtype884.a(simEnvChange.o)
 .data          0x0000000000033564        0x0 build/cooja/mtype884.a(cooja_mt.o)
 .data          0x0000000000033564        0x0 build/cooja/mtype884.a(cooja_mtarch.o)
 .data          0x0000000000033564        0x0 build/cooja/mtype884.a(rtimer-arch.o)
 .data          0x0000000000033564        0x0 build/cooja/mtype884.a(beep.o)
 .data          0x0000000000033564        0x0 build/cooja/mtype884.a(leds-arch.o)
 .data          0x0000000000033564        0x0 build/cooja/mtype884.a(moteid.o)
 .data          0x0000000000033564        0x0 build/cooja/mtype884.a(pir-sensor.o)
 .data          0x0000000000033564        0x0 build/cooja/mtype884.a(rs232.o)
 .data          0x0000000000033564        0x0 build/cooja/mtype884.a(vib-sensor.o)
 .data          0x0000000000033564        0x0 build/cooja/mtype884.a(clock.o)
 .data          0x0000000000033564        0x0 build/cooja/mtype884.a(cooja-log.o)
 .data          0x0000000000033564        0x0 build/cooja/mtype884.a(cfs-cooja.o)
 .data          0x0000000000033564       0x20 build/cooja/mtype884.a(cooja-radio.o)
                0x0000000000033564                simRadioHWOn
                0x0000000000033568                simSignalStrength
                0x000000000003356c                simLastSignalStrength
                0x0000000000033570                simPower
                0x0000000000033574                simRadioChannel
                0x0000000000033578                simLQI
                0x000000000003357c                simLastLQI
 .data.rel.local
                0x0000000000033584       0x10 build/cooja/mtype884.a(cooja-radio.o)
                0x0000000000033584                cooja_radio_process
 .data          0x0000000000033594        0x0 build/cooja/mtype884.a(eeprom.o)
 .data          0x0000000000033594        0x0 build/cooja/mtype884.a(random.o)
 .data          0x0000000000033594        0x0 build/cooja/mtype884.a(sensors.o)
 .data.rel.local
                0x0000000000033594       0x10 build/cooja/mtype884.a(sensors.o)
                0x0000000000033594                sensors_process
 .data          0x00000000000335a4        0x0 build/cooja/mtype884.a(leds.o)
 .data          0x00000000000335a4        0x0 build/cooja/mtype884.a(gpio-hal-arch.o)
 .data          0x00000000000335a4        0x1 build/cooja/mtype884.a(buttons.o)
                0x00000000000335a4                simButtonIsActive
 *fill*         0x00000000000335a5       0x1b 
 .data.rel.local
                0x00000000000335c0       0x58 build/cooja/mtype884.a(buttons.o)
                0x0000000000033610                button_hal_buttons
 .data          0x0000000000033618        0x0 build/cooja/mtype884.a(mqtt.o)
 .data.rel.local
                0x0000000000033618       0x14 build/cooja/mtype884.a(mqtt.o)
                0x000000000003361c                mqtt_process
 .data          0x000000000003362c        0x0 build/cooja/mtype884.a(contiki-main.o)
 .data          0x000000000003362c        0x0 build/cooja/mtype884.a(autostart.o)
 .data          0x000000000003362c        0x0 build/cooja/mtype884.a(ctimer.o)
 .data.rel.local
                0x000000000003362c       0x14 build/cooja/mtype884.a(ctimer.o)
                0x0000000000033630                ctimer_process
 .data          0x0000000000033640        0x4 build/cooja/mtype884.a(log.o)
                0x0000000000033640                curr_log_level_main
 *fill*         0x0000000000033644       0x1c 
 .data.rel.local
                0x0000000000033660       0x9c build/cooja/mtype884.a(log.o)
                0x0000000000033660                all_modules
 .data          0x00000000000336fc        0x0 build/cooja/mtype884.a(energest.o)
 .data          0x00000000000336fc        0x0 build/cooja/mtype884.a(etimer.o)
 .data.rel.local
                0x00000000000336fc       0x10 build/cooja/mtype884.a(etimer.o)
                0x00000000000336fc                etimer_process
 .data          0x000000000003370c        0x0 build/cooja/mtype884.a(node-id.o)
 .data          0x000000000003370c        0x0 build/cooja/mtype884.a(rtimer.o)
 .data          0x000000000003370c        0x0 build/cooja/mtype884.a(process.o)
 .data          0x000000000003370c        0x0 build/cooja/mtype884.a(timer.o)
 .data          0x000000000003370c        0x0 build/cooja/mtype884.a(list.o)
 .data          0x000000000003370c        0x0 build/cooja/mtype884.a(button-hal.o)
 .data.rel.local
                0x000000000003370c       0x10 build/cooja/mtype884.a(button-hal.o)
                0x000000000003370c                button_hal_process
 .data          0x000000000003371c        0x0 build/cooja/mtype884.a(serial-line.o)
 .data.rel.local
                0x000000000003371c       0x10 build/cooja/mtype884.a(serial-line.o)
                0x000000000003371c                serial_line_process
 .data          0x000000000003372c        0x0 build/cooja/mtype884.a(gpio-hal.o)
 .data.rel.local
                0x000000000003372c        0x4 build/cooja/mtype884.a(gpio-hal.o)
 .data          0x0000000000033730        0x0 build/cooja/mtype884.a(queuebuf.o)
 .data.rel.local
                0x0000000000033730       0x18 build/cooja/mtype884.a(queuebuf.o)
 .data          0x0000000000033748        0x0 build/cooja/mtype884.a(packetbuf.o)
 .data.rel.local
                0x0000000000033748        0x4 build/cooja/mtype884.a(packetbuf.o)
 .data          0x000000000003374c        0x0 build/cooja/mtype884.a(netstack.o)
 .data.rel.local
                0x000000000003374c        0x4 build/cooja/mtype884.a(netstack.o)
 .data          0x0000000000033750        0x0 build/cooja/mtype884.a(linkaddr.o)
 .data          0x0000000000033750        0x0 build/cooja/mtype884.a(csma.o)
 .data          0x0000000000033750        0x0 build/cooja/mtype884.a(csma-output.o)
 .data.rel.local
                0x0000000000033750       0x28 build/cooja/mtype884.a(csma-output.o)
 .data          0x0000000000033778        0x0 build/cooja/mtype884.a(uip-ds6.o)
 .data          0x0000000000033778        0x0 build/cooja/mtype884.a(tcp-socket.o)
 .data.rel.local
                0x0000000000033778       0x14 build/cooja/mtype884.a(tcp-socket.o)
                0x000000000003377c                tcp_socket_process
 .data          0x000000000003378c        0x0 build/cooja/mtype884.a(uip-ds6-route.o)
 .data.rel.local
                0x000000000003378c       0x10 build/cooja/mtype884.a(uip-ds6-route.o)
 .data          0x000000000003379c        0x0 build/cooja/mtype884.a(tcpip.o)
 .data.rel.local
                0x000000000003379c       0x10 build/cooja/mtype884.a(tcpip.o)
                0x000000000003379c                tcpip_process
 .data          0x00000000000337ac        0x0 build/cooja/mtype884.a(uip6.o)
 .data          0x00000000000337ac        0x0 build/cooja/mtype884.a(uip-ds6-nbr.o)
 .data.rel.local
                0x00000000000337ac       0x14 build/cooja/mtype884.a(uip-ds6-nbr.o)
 .data          0x00000000000337c0        0x0 build/cooja/mtype884.a(uip-nd6.o)
 .data.rel.local
                0x00000000000337c0        0xc build/cooja/mtype884.a(uip-nd6.o)
 .data          0x00000000000337cc        0x0 build/cooja/mtype884.a(sicslowpan.o)
 .data          0x00000000000337cc        0x0 build/cooja/mtype884.a(uiplib.o)
 .data          0x00000000000337cc        0x0 build/cooja/mtype884.a(rpl.o)
 .data          0x00000000000337cc        0x0 build/cooja/mtype884.a(rpl-icmp6.o)
 .data.rel.local
                0x00000000000337cc       0x30 build/cooja/mtype884.a(rpl-icmp6.o)
 .data          0x00000000000337fc        0x0 build/cooja/mtype884.a(rpl-dag-root.o)
 .data          0x00000000000337fc        0x0 build/cooja/mtype884.a(watchdog.o)
 .data          0x00000000000337fc        0x0 build/cooja/mtype884.a(int-master.o)
 .data          0x00000000000337fc        0x0 build/cooja/mtype884.a(stimer.o)
 .data          0x00000000000337fc        0x0 build/cooja/mtype884.a(ringbuf.o)
 .data          0x00000000000337fc        0x0 build/cooja/mtype884.a(memb.o)
 .data          0x00000000000337fc        0x0 build/cooja/mtype884.a(assert.o)
 .data          0x00000000000337fc        0x0 build/cooja/mtype884.a(nbr-table.o)
 .data.rel.local
                0x00000000000337fc       0x10 build/cooja/mtype884.a(nbr-table.o)
 .data          0x000000000003380c        0x0 build/cooja/mtype884.a(link-stats.o)
 .data.rel.local
                0x000000000003380c       0x14 build/cooja/mtype884.a(link-stats.o)
 .data          0x0000000000033820        0x0 build/cooja/mtype884.a(mac-sequence.o)
 .data          0x0000000000033820        0x0 build/cooja/mtype884.a(mac.o)
 .data          0x0000000000033820        0x0 build/cooja/mtype884.a(framer-802154.o)
 .data          0x0000000000033820        0x2 build/cooja/mtype884.a(frame802154.o)
 .data          0x0000000000033822        0x0 build/cooja/mtype884.a(csma-security.o)
 .data          0x0000000000033822        0x0 build/cooja/mtype884.a(uipbuf.o)
 .data          0x0000000000033822        0x0 build/cooja/mtype884.a(uip-icmp6.o)
 *fill*         0x0000000000033822        0x2 
 .data.rel.local
                0x0000000000033824       0x20 build/cooja/mtype884.a(uip-icmp6.o)
 .data          0x0000000000033844        0x0 build/cooja/mtype884.a(uip-sr.o)
 .data.rel.local
                0x0000000000033844       0x10 build/cooja/mtype884.a(uip-sr.o)
 .data          0x0000000000033854        0x0 build/cooja/mtype884.a(uip-packetqueue)
 .data.rel.local
                0x0000000000033854        0xc build/cooja/mtype884.a(uip-packetqueue)
 .data          0x0000000000033860        0x0 build/cooja/mtype884.a(rpl-nbr-policy.)
 .data          0x0000000000033860        0x0 build/cooja/mtype884.a(rpl-neighbor.o)
 .data.rel.local
                0x0000000000033860       0x14 build/cooja/mtype884.a(rpl-neighbor.o)
                0x0000000000033870                rpl_neighbors
 .data          0x0000000000033874        0x0 build/cooja/mtype884.a(rpl-dag.o)
 .data          0x0000000000033874        0x0 build/cooja/mtype884.a(rpl-timers.o)
 .data          0x0000000000033874        0x0 build/cooja/mtype884.a(rpl-ext-header.)
 .data          0x0000000000033874        0x0 build/cooja/mtype884.a(rpl-mrhof.o)
 *fill*         0x0000000000033874        0xc 
 .data.rel.local
                0x0000000000033880       0x24 build/cooja/mtype884.a(rpl-mrhof.o)
                0x0000000000033880                rpl_mrhof
 .data          0x00000000000338a4        0x0 /usr/lib/i386-linux-gnu/libc_nonshared.a(stack_chk_fail_local.oS)
 .data          0x00000000000338a4        0x0 /usr/lib/gcc/i686-linux-gnu/7/crtendS.o
 .data          0x00000000000338a4        0x0 /usr/lib/gcc/i686-linux-gnu/7/../../../i386-linux-gnu/crtn.o

.tm_clone_table
                0x00000000000338a4        0x0
 .tm_clone_table
                0x00000000000338a4        0x0 /usr/lib/gcc/i686-linux-gnu/7/crtbeginS.o
 .tm_clone_table
                0x00000000000338a4        0x0 /usr/lib/gcc/i686-linux-gnu/7/crtendS.o

.data1
 *(.data1)
                0x00000000000338a4                _edata = .
                [!provide]                        PROVIDE (edata = .)
                0x00000000000338a4                . = .
                0x00000000000338a4                __bss_start = .

.bss            0x00000000000338c0    0x14444
 *(.dynbss)
 .dynbss        0x00000000000338c0        0x0 /usr/lib/gcc/i686-linux-gnu/7/../../../i386-linux-gnu/crti.o
 *(.bss .bss.* .gnu.linkonce.b.*)
 .bss           0x00000000000338c0        0x0 /usr/lib/gcc/i686-linux-gnu/7/../../../i386-linux-gnu/crti.o
 .bss           0x00000000000338c0        0x1 /usr/lib/gcc/i686-linux-gnu/7/crtbeginS.o
 *fill*         0x00000000000338c1       0x1f 
 .bss           0x00000000000338e0      0xa01 temperature-sensor.o
 *fill*         0x00000000000342e1       0x1f 
 .bss           0x0000000000034300     0x2040 build/cooja/mtype884.o
 .bss           0x0000000000036340        0x1 build/cooja/mtype884.a(simEnvChange.o)
                0x0000000000036340                simDontFallAsleep
 *fill*         0x0000000000036341        0x3 
 .bss           0x0000000000036344        0x4 build/cooja/mtype884.a(cooja_mt.o)
 .bss           0x0000000000036348        0x4 build/cooja/mtype884.a(cooja_mtarch.o)
 .bss           0x000000000003634c        0x0 build/cooja/mtype884.a(rtimer-arch.o)
 .bss           0x000000000003634c        0x0 build/cooja/mtype884.a(beep.o)
 .bss           0x000000000003634c        0x1 build/cooja/mtype884.a(leds-arch.o)
                0x000000000003634c                simLedsValue
 .bss           0x000000000003634d        0x0 build/cooja/mtype884.a(moteid.o)
 .bss           0x000000000003634d        0x1 build/cooja/mtype884.a(pir-sensor.o)
                0x000000000003634d                simPirValue
 *fill*         0x000000000003634e        0x2 
 .bss           0x0000000000036350        0x4 build/cooja/mtype884.a(rs232.o)
 .bss           0x0000000000036354        0x1 build/cooja/mtype884.a(vib-sensor.o)
                0x0000000000036354                simVibValue
 .bss           0x0000000000036355        0x0 build/cooja/mtype884.a(clock.o)
 *fill*         0x0000000000036355        0xb 
 .bss           0x0000000000036360     0x2020 build/cooja/mtype884.a(cooja-log.o)
 .bss           0x0000000000038380      0xfc0 build/cooja/mtype884.a(cfs-cooja.o)
                0x0000000000038380                simCFSData
                0x0000000000039320                simCFSSize
                0x0000000000039324                simCFSChanged
                0x0000000000039328                simCFSRead
                0x000000000003932c                simCFSWritten
 .bss           0x0000000000039340       0x24 build/cooja/mtype884.a(cooja-radio.o)
                0x0000000000039340                simReceiving
                0x0000000000039344                simInSize
                0x0000000000039348                simLastPacketTimestamp
                0x0000000000039350                simOutSize
 .bss           0x0000000000039364        0xc build/cooja/mtype884.a(eeprom.o)
                0x0000000000039364                simEEPROMChanged
                0x0000000000039368                simEEPROMRead
                0x000000000003936c                simEEPROMWritten
 .bss           0x0000000000039370        0x0 build/cooja/mtype884.a(random.o)
 .bss           0x0000000000039370        0xc build/cooja/mtype884.a(sensors.o)
 .bss           0x000000000003937c        0x0 build/cooja/mtype884.a(leds.o)
 .bss           0x000000000003937c       0x24 build/cooja/mtype884.a(gpio-hal-arch.o)
 .bss           0x00000000000393a0        0x0 build/cooja/mtype884.a(buttons.o)
 .bss           0x00000000000393a0       0x15 build/cooja/mtype884.a(mqtt.o)
 .bss           0x00000000000393b5        0x0 build/cooja/mtype884.a(contiki-main.o)
 .bss           0x00000000000393b5        0x0 build/cooja/mtype884.a(autostart.o)
 *fill*         0x00000000000393b5        0x3 
 .bss           0x00000000000393b8        0x5 build/cooja/mtype884.a(ctimer.o)
 *fill*         0x00000000000393bd        0x3 
 .bss           0x00000000000393c0       0x2c build/cooja/mtype884.a(log.o)
                0x00000000000393c0                curr_log_level_rpl
                0x00000000000393c4                curr_log_level_tcpip
                0x00000000000393c8                curr_log_level_ipv6
                0x00000000000393cc                curr_log_level_6lowpan
                0x00000000000393d0                curr_log_level_nullnet
                0x00000000000393d4                curr_log_level_mac
                0x00000000000393d8                curr_log_level_framer
                0x00000000000393dc                curr_log_level_6top
                0x00000000000393e0                curr_log_level_coap
                0x00000000000393e4                curr_log_level_snmp
                0x00000000000393e8                curr_log_level_lwm2m
 .bss           0x00000000000393ec        0x0 build/cooja/mtype884.a(energest.o)
 .bss           0x00000000000393ec        0x8 build/cooja/mtype884.a(etimer.o)
 .bss           0x00000000000393f4        0x2 build/cooja/mtype884.a(node-id.o)
                0x00000000000393f4                node_id
 *fill*         0x00000000000393f6        0x2 
 .bss           0x00000000000393f8        0x4 build/cooja/mtype884.a(rtimer.o)
 *fill*         0x00000000000393fc        0x4 
 .bss           0x0000000000039400      0x1a1 build/cooja/mtype884.a(process.o)
                0x0000000000039400                process_list
                0x0000000000039404                process_current
 .bss           0x00000000000395a1        0x0 build/cooja/mtype884.a(timer.o)
 .bss           0x00000000000395a1        0x0 build/cooja/mtype884.a(list.o)
 *fill*         0x00000000000395a1        0x3 
 .bss           0x00000000000395a4       0x10 build/cooja/mtype884.a(button-hal.o)
 *fill*         0x00000000000395b4        0xc 
 .bss           0x00000000000395c0      0x140 build/cooja/mtype884.a(serial-line.o)
 .bss           0x0000000000039700        0x4 build/cooja/mtype884.a(gpio-hal.o)
 *fill*         0x0000000000039704       0x1c 
 .bss           0x0000000000039720     0x2c80 build/cooja/mtype884.a(queuebuf.o)
 .bss           0x000000000003c3a0       0xa0 build/cooja/mtype884.a(packetbuf.o)
 .bss           0x000000000003c440        0x4 build/cooja/mtype884.a(netstack.o)
 .bss           0x000000000003c444        0x0 build/cooja/mtype884.a(linkaddr.o)
 .bss           0x000000000003c444        0x0 build/cooja/mtype884.a(csma.o)
 *fill*         0x000000000003c444       0x1c 
 .bss           0x000000000003c460      0x726 build/cooja/mtype884.a(csma-output.o)
 *fill*         0x000000000003cb86        0x2 
 .bss           0x000000000003cb88       0x30 build/cooja/mtype884.a(uip-ds6.o)
 .bss           0x000000000003cbb8        0x5 build/cooja/mtype884.a(tcp-socket.o)
 *fill*         0x000000000003cbbd        0x3 
 .bss           0x000000000003cbc0       0x60 build/cooja/mtype884.a(uip-ds6-route.o)
 .bss           0x000000000003cc20       0xc4 build/cooja/mtype884.a(tcpip.o)
 .bss           0x000000000003cce4        0xc build/cooja/mtype884.a(uip6.o)
                0x000000000003cce4                uip_ext_bitmap
                0x000000000003cce6                uip_ext_len
                0x000000000003cce8                uip_last_proto
 *fill*         0x000000000003ccf0       0x10 
 .bss           0x000000000003cd00     0x1c20 build/cooja/mtype884.a(uip-ds6-nbr.o)
 .bss           0x000000000003e920       0x10 build/cooja/mtype884.a(uip-nd6.o)
 *fill*         0x000000000003e930       0x10 
 .bss           0x000000000003e940      0x724 build/cooja/mtype884.a(sicslowpan.o)
 .bss           0x000000000003f064        0x0 build/cooja/mtype884.a(uiplib.o)
 .bss           0x000000000003f064        0x1 build/cooja/mtype884.a(rpl.o)
 .bss           0x000000000003f065        0x0 build/cooja/mtype884.a(rpl-icmp6.o)
 *fill*         0x000000000003f065        0x3 
 .bss           0x000000000003f068       0x11 build/cooja/mtype884.a(rpl-dag-root.o)
 .bss           0x000000000003f079        0x0 build/cooja/mtype884.a(watchdog.o)
 *fill*         0x000000000003f079        0x3 
 .bss           0x000000000003f07c        0x4 build/cooja/mtype884.a(int-master.o)
 .bss           0x000000000003f080        0x0 build/cooja/mtype884.a(stimer.o)
 .bss           0x000000000003f080        0x0 build/cooja/mtype884.a(ringbuf.o)
 .bss           0x000000000003f080        0x0 build/cooja/mtype884.a(memb.o)
 .bss           0x000000000003f080        0x0 build/cooja/mtype884.a(assert.o)
 .bss           0x000000000003f080     0x1214 build/cooja/mtype884.a(nbr-table.o)
 *fill*         0x0000000000040294        0xc 
 .bss           0x00000000000402a0      0xe10 build/cooja/mtype884.a(link-stats.o)
 *fill*         0x00000000000410b0       0x10 
 .bss           0x00000000000410c0      0x100 build/cooja/mtype884.a(mac-sequence.o)
 .bss           0x00000000000411c0        0x0 build/cooja/mtype884.a(mac.o)
 .bss           0x00000000000411c0        0x2 build/cooja/mtype884.a(framer-802154.o)
 .bss           0x00000000000411c2        0x0 build/cooja/mtype884.a(frame802154.o)
 .bss           0x00000000000411c2        0x0 build/cooja/mtype884.a(csma-security.o)
 *fill*         0x00000000000411c2        0x2 
 .bss           0x00000000000411c4       0x20 build/cooja/mtype884.a(uipbuf.o)
 .bss           0x00000000000411e4       0x18 build/cooja/mtype884.a(uip-icmp6.o)
 *fill*         0x00000000000411fc        0x4 
 .bss           0x0000000000041200     0x1d80 build/cooja/mtype884.a(uip-sr.o)
 .bss           0x0000000000042f80      0xa78 build/cooja/mtype884.a(uip-packetqueue)
 .bss           0x00000000000439f8        0x0 build/cooja/mtype884.a(rpl-nbr-policy.)
 *fill*         0x00000000000439f8        0x8 
 .bss           0x0000000000043a00      0x960 build/cooja/mtype884.a(rpl-neighbor.o)
 .bss           0x0000000000044360        0x0 build/cooja/mtype884.a(rpl-dag.o)
 .bss           0x0000000000044360       0x40 build/cooja/mtype884.a(rpl-timers.o)
 .bss           0x00000000000443a0        0x0 build/cooja/mtype884.a(rpl-ext-header.)
 .bss           0x00000000000443a0        0x0 build/cooja/mtype884.a(rpl-mrhof.o)
 .bss           0x00000000000443a0        0x0 /usr/lib/i386-linux-gnu/libc_nonshared.a(stack_chk_fail_local.oS)
 .bss           0x00000000000443a0        0x0 /usr/lib/gcc/i686-linux-gnu/7/crtendS.o
 .bss           0x00000000000443a0        0x0 /usr/lib/gcc/i686-linux-gnu/7/../../../i386-linux-gnu/crtn.o
 *(COMMON)
 COMMON         0x00000000000443a0        0x8 build/cooja/mtype884.o
                0x00000000000443a0                referenceVar
                0x00000000000443a4                sensors_flags
 COMMON         0x00000000000443a8        0xc build/cooja/mtype884.a(simEnvChange.o)
                0x00000000000443a8                simEtimerPending
                0x00000000000443ac                simProcessRunValue
                0x00000000000443b0                simEtimerNextExpirationTime
 *fill*         0x00000000000443b4        0x4 
 COMMON         0x00000000000443b8       0x18 build/cooja/mtype884.a(rtimer-arch.o)
                0x00000000000443b8                simRtimerPending