Archive member included to satisfy reference by file (symbol)

build/cooja/mtype985.a(simEnvChange.o)
                              build/cooja/mtype985.o (simDontFallAsleep)
build/cooja/mtype985.a(cooja_mt.o)
                              build/cooja/mtype985.o (cooja_mt_start)
build/cooja/mtype985.a(cooja_mtarch.o)
                              build/cooja/mtype985.a(cooja_mt.o) (cooja_mtarch_start)
build/cooja/mtype985.a(rtimer-arch.o)
                              build/cooja/mtype985.o (rtimer_arch_check)
build/cooja/mtype985.a(beep.o)
                              build/cooja/mtype985.o (beep_interface)
build/cooja/mtype985.a(leds-arch.o)
                              build/cooja/mtype985.o (leds_interface)
build/cooja/mtype985.a(moteid.o)
                              build/cooja/mtype985.o (moteid_interface)
build/cooja/mtype985.a(pir-sensor.o)
                              build/cooja/mtype985.o (pir_interface)
build/cooja/mtype985.a(rs232.o)
                              build/cooja/mtype985.o (rs232_interface)
build/cooja/mtype985.a(vib-sensor.o)
                              build/cooja/mtype985.o (vib_interface)
build/cooja/mtype985.a(clock.o)
                              build/cooja/mtype985.o (clock_interface)
build/cooja/mtype985.a(cooja-log.o)
                              build/cooja/mtype985.o (simlog_interface)
build/cooja/mtype985.a(cfs-cooja.o)
                              build/cooja/mtype985.o (cfs_interface)
build/cooja/mtype985.a(cooja-radio.o)
                              build/cooja/mtype985.o (radio_interface)
build/cooja/mtype985.a(eeprom.o)
                              build/cooja/mtype985.o (eeprom_interface)
build/cooja/mtype985.a(random.o)
                              build/cooja/mtype985.a(moteid.o) (random_init)
build/cooja/mtype985.a(sensors.o)
                              build/cooja/mtype985.a(pir-sensor.o) (sensors_changed)
build/cooja/mtype985.a(leds.o)
                              build/cooja/mtype985.a(leds-arch.o) (leds_get)
build/cooja/mtype985.a(gpio-hal-arch.o)
                              build/cooja/mtype985.a(leds-arch.o) (gpio_hal_arch_register_pin_callback)
build/cooja/mtype985.a(buttons.o)
                              build/cooja/mtype985.o (button_interface)
build/cooja/mtype985.a(mqtt.o)
                              temperature-sensor.o (mqtt_register)
build/cooja/mtype985.a(contiki-main.o)
                              build/cooja/mtype985.o (main)
build/cooja/mtype985.a(autostart.o)
                              build/cooja/mtype985.a(contiki-main.o) (autostart_start)
build/cooja/mtype985.a(ctimer.o)
                              build/cooja/mtype985.a(contiki-main.o) (ctimer_init)
build/cooja/mtype985.a(log.o)
                              build/cooja/mtype985.a(contiki-main.o) (curr_log_level_main)
build/cooja/mtype985.a(energest.o)
                              build/cooja/mtype985.a(contiki-main.o) (energest_init)
build/cooja/mtype985.a(etimer.o)
                              build/cooja/mtype985.a(contiki-main.o) (etimer_process)
build/cooja/mtype985.a(node-id.o)
                              build/cooja/mtype985.a(contiki-main.o) (node_id)
build/cooja/mtype985.a(rtimer.o)
                              build/cooja/mtype985.a(contiki-main.o) (rtimer_init)
build/cooja/mtype985.a(process.o)
                              build/cooja/mtype985.a(mqtt.o) (process_current)
build/cooja/mtype985.a(timer.o)
                              build/cooja/mtype985.a(mqtt.o) (timer_set)
build/cooja/mtype985.a(list.o)
                              build/cooja/mtype985.a(mqtt.o) (list_init)
build/cooja/mtype985.a(button-hal.o)
                              build/cooja/mtype985.o (button_hal_init)
build/cooja/mtype985.a(serial-line.o)
                              build/cooja/mtype985.a(rs232.o) (serial_line_input_byte)
build/cooja/mtype985.a(gpio-hal.o)
                              build/cooja/mtype985.a(button-hal.o) (gpio_hal_register_handler)
build/cooja/mtype985.a(queuebuf.o)
                              build/cooja/mtype985.a(contiki-main.o) (queuebuf_init)
build/cooja/mtype985.a(packetbuf.o)
                              build/cooja/mtype985.a(cooja-radio.o) (packetbuf_clear)
build/cooja/mtype985.a(netstack.o)
                              build/cooja/mtype985.a(contiki-main.o) (netstack_init)
build/cooja/mtype985.a(linkaddr.o)
                              temperature-sensor.o (linkaddr_node_addr)
build/cooja/mtype985.a(csma.o)
                              build/cooja/mtype985.a(cooja-radio.o) (csma_driver)
build/cooja/mtype985.a(csma-output.o)
                              build/cooja/mtype985.a(csma.o) (csma_output_packet)
build/cooja/mtype985.a(uip-ds6.o)
                              build/cooja/mtype985.a(contiki-main.o) (uip_ds6_get_link_local)
build/cooja/mtype985.a(tcp-socket.o)
                              build/cooja/mtype985.a(mqtt.o) (tcp_socket_register)
build/cooja/mtype985.a(uip-ds6-route.o)
[...]
Memory Configuration

Name             Origin             Length             Attributes
*default*        0x0000000000000000 0xffffffffffffffff

Linker script and memory map

LOAD /usr/lib/gcc/i686-linux-gnu/7/../../../i386-linux-gnu/crti.o
LOAD /usr/lib/gcc/i686-linux-gnu/7/crtbeginS.o
LOAD temperature-sensor.o
LOAD build/cooja/mtype985.o
LOAD build/cooja/mtype985.a
LOAD /usr/lib/gcc/i686-linux-gnu/7/libgcc.a
LOAD /usr/lib/gcc/i686-linux-gnu/7/libgcc_s.so
START GROUP
LOAD /usr/lib/gcc/i686-linux-gnu/7/libgcc_s.so.1
LOAD /usr/lib/gcc/i686-linux-gnu/7/libgcc.a
END GROUP
LOAD /usr/lib/gcc/i686-linux-gnu/7/../../../i386-linux-gnu/libc.so
START GROUP
LOAD /lib/i386-linux-gnu/libc.so.6
LOAD /usr/lib/i386-linux-gnu/libc_nonshared.a
LOAD /lib/i386-linux-gnu/ld-linux.so.2
END GROUP
LOAD /usr/lib/gcc/i686-linux-gnu/7/libgcc.a
LOAD /usr/lib/gcc/i686-linux-gnu/7/libgcc_s.so
START GROUP
LOAD /usr/lib/gcc/i686-linux-gnu/7/libgcc_s.so.1
LOAD /usr/lib/gcc/i686-linux-gnu/7/libgcc.a
END GROUP
LOAD /usr/lib/gcc/i686-linux-gnu/7/crtendS.o
LOAD /usr/lib/gcc/i686-linux-gnu/7/../../../i386-linux-gnu/crtn.o
                0x0000000000000114                . = (SEGMENT_START ("text-segment", 0x0) + SIZEOF_HEADERS)

.note.gnu.build-id
                0x0000000000000114       0x24
 *(.note.gnu.build-id)
 .note.gnu.build-id
                0x0000000000000114       0x24 /usr/lib/gcc/i686-linux-gnu/7/../../../i386-linux-gnu/crti.o

.hash
 *(.hash)

.gnu.hash       0x0000000000000138     0x14b0
 *(.gnu.hash)
 .gnu.hash      0x0000000000000138     0x14b0 /usr/lib/gcc/i686-linux-gnu/7/../../../i386-linux-gnu/crti.o

.dynsym         0x00000000000015e8     0x2b10
 *(.dynsym)
 .dynsym        0x00000000000015e8     0x2b10 /usr/lib/gcc/i686-linux-gnu/7/../../../i386-linux-gnu/crti.o

.dynstr         0x00000000000040f8     0x309b
 *(.dynstr)
 .dynstr        0x00000000000040f8     0x309b /usr/lib/gcc/i686-linux-gnu/7/../../../i386-linux-gnu/crti.o

.gnu.version    0x0000000000007194      0x562
 *(.gnu.version)
 .gnu.version   0x0000000000007194      0x562 /usr/lib/gcc/i686-linux-gnu/7/../../../i386-linux-gnu/crti.o

.gnu.version_d  0x00000000000076f8        0x0
 *(.gnu.version_d)
 .gnu.version_d
                0x00000000000076f8        0x0 /usr/lib/gcc/i686-linux-gnu/7/../../../i386-linux-gnu/crti.o

.gnu.version_r  0x00000000000076f8       0x40
 *(.gnu.version_r)
 .gnu.version_r
                0x00000000000076f8       0x40 /usr/lib/gcc/i686-linux-gnu/7/../../../i386-linux-gnu/crti.o

.rel.dyn        0x0000000000007738      0xe90
 *(.rel.init)
 .rel.init      0x0000000000007738        0x0 /usr/lib/gcc/i686-linux-gnu/7/../../../i386-linux-gnu/crti.o
 *(.rel.text .rel.text.* .rel.gnu.linkonce.t.*)
 .rel.text      0x0000000000007738      0x588 /usr/lib/gcc/i686-linux-gnu/7/../../../i386-linux-gnu/crti.o
 *(.rel.fini)
 .rel.fini      0x0000000000007cc0        0x0 /usr/lib/gcc/i686-linux-gnu/7/../../../i386-linux-gnu/crti.o
 *(.rel.rodata .rel.rodata.* .rel.gnu.linkonce.r.*)
 *(.rel.data.rel.ro .rel.data.rel.ro.* .rel.gnu.linkonce.d.rel.ro.*)
 .rel.data.rel.ro.local
                0x0000000000007cc0      0x208 /usr/lib/gcc/i686-linux-gnu/7/../../../i386-linux-gnu/crti.o
 .rel.data.rel.ro
                0x0000000000007ec8       0xb0 /usr/lib/gcc/i686-linux-gnu/7/../../../i386-linux-gnu/crti.o
 *(.rel.data .rel.data.* .rel.gnu.linkonce.d.*)
 .rel.data.rel.local
                0x0000000000007f78      0x318 /usr/lib/gcc/i686-linux-gnu/7/../../../i386-linux-gnu/crti.o
 .rel.data.rel  0x0000000000008290       0x78 /usr/lib/gcc/i686-linux-gnu/7/../../../i386-linux-gnu/crti.o
 *(.rel.tdata .rel.tdata.* .rel.gnu.linkonce.td.*)
 *(.rel.tbss .rel.tbss.* .rel.gnu.linkonce.tb.*)
 *(.rel.ctors)
 *(.rel.dtors)
 *(.rel.got)
 .rel.got       0x0000000000008308      0x2b0 /usr/lib/gcc/i686-linux-gnu/7/../../../i386-linux-gnu/crti.o
 *(.rel.bss .rel.bss.* .rel.gnu.linkonce.b.*)
 *(.rel.ifunc)
 .rel.ifunc     0x00000000000085b8        0x0 /usr/lib/gcc/i686-linux-gnu/7/../../../i386-linux-gnu/crti.o
 .rel.fini_array
                0x00000000000085b8        0x8 /usr/lib/gcc/i686-linux-gnu/7/../../../i386-linux-gnu/crti.o
 .rel.init_array
                0x00000000000085c0        0x8 /usr/lib/gcc/i686-linux-gnu/7/../../../i386-linux-gnu/crti.o

.rel.plt        0x00000000000085c8      0x9d8
 *(.rel.plt)
 .rel.plt       0x00000000000085c8      0x9d8 /usr/lib/gcc/i686-linux-gnu/7/../../../i386-linux-gnu/crti.o
 *(.rel.iplt)

.init           0x0000000000008fa0       0x23
 *(SORT_NONE(.init))
 .init          0x0000000000008fa0       0x1e /usr/lib/gcc/i686-linux-gnu/7/../../../i386-linux-gnu/crti.o
                0x0000000000008fa0                _init
 .init          0x0000000000008fbe        0x5 /usr/lib/gcc/i686-linux-gnu/7/../../../i386-linux-gnu/crtn.o

.plt            0x0000000000008fd0     0x13c0
 *(.plt)
 .plt           0x0000000000008fd0     0x13c0 /usr/lib/gcc/i686-linux-gnu/7/../../../i386-linux-gnu/crti.o
 *(.iplt)

.plt.got        0x000000000000a390       0x18
 *(.plt.got)
 .plt.got       0x000000000000a390       0x18 /usr/lib/gcc/i686-linux-gnu/7/../../../i386-linux-gnu/crti.o

.plt.sec
 *(.plt.sec)

.text           0x000000000000a3b0    0x1e764
 *(.text.unlikely .text.*_unlikely .text.unlikely.*)
 *(.text.exit .text.exit.*)
 *(.text.startup .text.startup.*)
 *(.text.hot .text.hot.*)
 *(.text .stub .text.* .gnu.linkonce.t.*)
 .text          0x000000000000a3b0        0x0 /usr/lib/gcc/i686-linux-gnu/7/../../../i386-linux-gnu/crti.o
 .gnu.linkonce.t.__x86.get_pc_thunk.bx
                0x000000000000a3b0        0x4 /usr/lib/gcc/i686-linux-gnu/7/../../../i386-linux-gnu/crti.o
                0x000000000000a3b0                __x86.get_pc_thunk.bx
 *fill*         0x000000000000a3b4        0xc 
 .text          0x000000000000a3c0       0xe9 /usr/lib/gcc/i686-linux-gnu/7/crtbeginS.o
 .text.__x86.get_pc_thunk.dx
                0x000000000000a4a9        0x4 /usr/lib/gcc/i686-linux-gnu/7/crtbeginS.o
                0x000000000000a4a9                __x86.get_pc_thunk.dx
 .text          0x000000000000a4ad      0x7ba temperature-sensor.o
 .text          0x000000000000ac67      0x36b build/cooja/mtype985.o
                0x000000000000ad19                platform_init_stage_one
                0x000000000000ad3c                platform_init_stage_two
                0x000000000000ad5f                platform_init_stage_three
                0x000000000000ad82                platform_main_loop
                0x000000000000ae28                Java_org_contikios_cooja_corecomm_Lib13_init
                0x000000000000ae76                Java_org_contikios_cooja_corecomm_Lib13_getMemory
                0x000000000000aeb6                Java_org_contikios_cooja_corecomm_Lib13_setMemory
                0x000000000000af27                Java_org_contikios_cooja_corecomm_Lib13_tick
                0x000000000000afb1                Java_org_contikios_cooja_corecomm_Lib13_setReferenceAddress
 .text.__x86.get_pc_thunk.ax
                0x000000000000afd2        0x4 build/cooja/mtype985.o
                0x000000000000afd2                __x86.get_pc_thunk.ax
 .text          0x000000000000afd6       0x8d build/cooja/mtype985.a(simEnvChange.o)
                0x000000000000afd6                doActionsBeforeTick
                0x000000000000b01c                doActionsAfterTick
 .text          0x000000000000b063       0xb6 build/cooja/mtype985.a(cooja_mt.o)
                0x000000000000b063                cooja_mt_start
                0x000000000000b09d                cooja_mt_exec
                0x000000000000b0e4                cooja_mt_yield
 .text          0x000000000000b119       0xf2 build/cooja/mtype985.a(cooja_mtarch.o)
                0x000000000000b119                cooja_mtarch_start
                0x000000000000b19d                cooja_sw
                0x000000000000b1cb                cooja_mtarch_exec
                0x000000000000b1f6                cooja_mtarch_yield
 .text          0x000000000000b20b      0x127 build/cooja/mtype985.a(rtimer-arch.o)
                0x000000000000b20b                rtimer_arch_init
                0x000000000000b23a                rtimer_arch_schedule
                0x000000000000b27c                rtimer_arch_next
                0x000000000000b296                rtimer_arch_pending
                0x000000000000b2ad                rtimer_arch_check
                0x000000000000b318                rtimer_arch_now
 .text.__x86.get_pc_thunk.cx
                0x000000000000b332        0x4 build/cooja/mtype985.a(rtimer-arch.o)
                0x000000000000b332                __x86.get_pc_thunk.cx
 .text          0x000000000000b336      0x101 build/cooja/mtype985.a(beep.o)
                0x000000000000b336                beep_alarm
                0x000000000000b34f                beep_beep
                0x000000000000b368                beep
                0x000000000000b381                beep_down
                0x000000000000b39a                beep_on
                0x000000000000b3b3                beep_off
                0x000000000000b3cc                beep_spinup
                0x000000000000b3e5                beep_quick
                0x000000000000b3fe                beep_long
 .text          0x000000000000b437       0x9f build/cooja/mtype985.a(leds-arch.o)
                0x000000000000b45b                leds_arch_init
 .text          0x000000000000b4d6       0x56 build/cooja/mtype985.a(moteid.o)
 .text          0x000000000000b52c      0x101 build/cooja/mtype985.a(pir-sensor.o)
 .text          0x000000000000b62d      0x1cc build/cooja/mtype985.a(rs232.o)
                0x000000000000b62d                rs232_init
                0x000000000000b63d                rs232_set_speed
                0x000000000000b656                rs232_set_input
                0x000000000000b66f                rs232_send
                0x000000000000b6a5                rs232_print
                0x000000000000b6d3                slip_arch_writeb
 .text          0x000000000000b7f9      0x101 build/cooja/mtype985.a(vib-sensor.o)
 .text          0x000000000000b8fa       0x7a build/cooja/mtype985.a(clock.o)
                0x000000000000b8fa                clock_init
                0x000000000000b90a                clock_time
                0x000000000000b921                clock_seconds
                0x000000000000b944                clock_delay
 .text          0x000000000000b974      0x2b5 build/cooja/mtype985.a(cooja-log.o)
                0x000000000000b974                simlog_char
                0x000000000000b9d8                simlog
                0x000000000000ba72                log_message
                0x000000000000bac1                log_set_putchar_with_slip
                0x000000000000bada                log_putchar
                0x000000000000bb65                log_puts
                0x000000000000bb97                log_printf
 .text          0x000000000000bc29      0x36c build/cooja/mtype985.a(cfs-cooja.o)
                0x000000000000bc29                cfs_open
                0x000000000000bca1                cfs_close
                0x000000000000bcb8                cfs_read
                0x000000000000bd6c                cfs_write
                0x000000000000be6a                cfs_seek
                0x000000000000bf07                cfs_remove
                0x000000000000bf3d                cfs_opendir
                0x000000000000bf51                cfs_readdir
                0x000000000000bf65                cfs_closedir
 .text          0x000000000000bf95      0x78b build/cooja/mtype985.a(cooja-radio.o)
                0x000000000000c003                radio_set_channel
                0x000000000000c01c                radio_set_txpower
                0x000000000000c03f                radio_signal_strength_last
                0x000000000000c054                radio_signal_strength_current
                0x000000000000c069                radio_LQI
 .text          0x000000000000c720      0x130 build/cooja/mtype985.a(eeprom.o)
                0x000000000000c720                eeprom_init
                0x000000000000c730                eeprom_read
                0x000000000000c7b0                eeprom_write
 .text          0x000000000000c850       0x4e build/cooja/mtype985.a(random.o)
                0x000000000000c850                random_init
                0x000000000000c880                random_rand
 .text          0x000000000000c89e      0x332 build/cooja/mtype985.a(sensors.o)
                0x000000000000c8e5                sensors_first
                0x000000000000c8fc                sensors_next
                0x000000000000c927                sensors_changed
                0x000000000000c974                sensors_find
 .text          0x000000000000cbd0      0x3fc build/cooja/mtype985.a(leds.o)
                0x000000000000cbd0                leds_init
                0x000000000000cc28                leds_single_on
                0x000000000000cca0                leds_single_off
                0x000000000000cd18                leds_single_toggle
                0x000000000000cd5c                leds_on
                0x000000000000cdf4                leds_off
                0x000000000000ce8c                leds_toggle
                0x000000000000cef2                leds_set
                0x000000000000cf28                leds_get
 .text          0x000000000000cfcc      0x401 build/cooja/mtype985.a(gpio-hal-arch.o)
                0x000000000000cfcc                gpio_hal_arch_register_pin_callback
                0x000000000000d04d                gpio_hal_arch_init
                0x000000000000d0a7                gpio_hal_arch_no_port_interrupt_enable
                0x000000000000d0e1                gpio_hal_arch_no_port_interrupt_disable
                0x000000000000d11b                gpio_hal_arch_no_port_pin_cfg_set
                0x000000000000d14a                gpio_hal_arch_no_port_pin_cfg_get
                0x000000000000d17a                gpio_hal_arch_no_port_pin_set_input
                0x000000000000d196                gpio_hal_arch_no_port_pin_set_output
                0x000000000000d1b2                gpio_hal_arch_no_port_set_pin
                0x000000000000d1dd                gpio_hal_arch_no_port_clear_pin
                0x000000000000d208                gpio_hal_arch_no_port_read_pin
                0x000000000000d23a                gpio_hal_arch_no_port_write_pin
                0x000000000000d26e                gpio_hal_arch_no_port_set_pins
                0x000000000000d2bf                gpio_hal_arch_no_port_clear_pins
                0x000000000000d310                gpio_hal_arch_no_port_read_pins
                0x000000000000d363                gpio_hal_arch_no_port_write_pins
 .text          0x000000000000d3cd       0xc6 build/cooja/mtype985.a(buttons.o)
 .text          0x000000000000d493     0x3c24 build/cooja/mtype985.a(mqtt.o)
                0x000000000000d8be                mqtt_decode_var_byte_int
                0x000000000000d9b1                mqtt_encode_var_byte_int
                0x00000000000109d4                mqtt_init
                0x0000000000010abf                mqtt_register
                0x0000000000010b6c                mqtt_connect
                0x0000000000010cb0                mqtt_disconnect
                0x0000000000010d00                mqtt_subscribe
                0x0000000000010de4                mqtt_unsubscribe
                0x0000000000010ebc                mqtt_publish
                0x0000000000010fc4                mqtt_set_username_password
                0x0000000000011059                mqtt_set_last_will
 .text          0x00000000000110b7      0x3c1 build/cooja/mtype985.a(contiki-main.o)
                0x00000000000110b7                main
 .text          0x0000000000011478       0xb0 build/cooja/mtype985.a(autostart.o)
                0x0000000000011478                autostart_start
                0x00000000000114d1                autostart_exit
 .text          0x0000000000011528      0x400 build/cooja/mtype985.a(ctimer.o)
                0x000000000001166b                ctimer_init
                0x00000000000116b0                ctimer_set
                0x00000000000116e3                ctimer_set_with_process
                0x000000000001177a                ctimer_reset
                0x00000000000117e8                ctimer_restart
                0x0000000000011856                ctimer_stop
                0x00000000000118b6                ctimer_expired
 .text          0x0000000000011928      0x4a3 build/cooja/mtype985.a(log.o)
                0x0000000000011928                log_6addr
                0x000000000001198c                log_6addr_compact_snprint
                0x0000000000011a4c                log_6addr_compact
                0x0000000000011ab0                log_lladdr
                0x0000000000011b37                log_lladdr_compact
                0x0000000000011bb4                log_bytes
                0x0000000000011c08                log_set_level
                0x0000000000011ce6                log_get_level
                0x0000000000011d77                log_level_to_str
 .text          0x0000000000011dcb       0x39 build/cooja/mtype985.a(energest.o)
                0x0000000000011dcb                energest_init
                0x0000000000011ddb                energest_flush
                0x0000000000011deb                energest_get_total_time
 .text          0x0000000000011e04      0x527 build/cooja/mtype985.a(etimer.o)
                0x0000000000012059                etimer_request_poll
                0x000000000001210a                etimer_set
                0x0000000000012143                etimer_reset_with_new_interval
                0x0000000000012182                etimer_reset
                0x00000000000121b8                etimer_restart
                0x00000000000121ee                etimer_adjust
                0x0000000000012215                etimer_expired
                0x0000000000012232                etimer_expiration_time
                0x000000000001224e                etimer_start_time
                0x0000000000012262                etimer_pending
                0x000000000001227f                etimer_next_expiration_time
                0x00000000000122a7                etimer_stop
 .text          0x000000000001232b       0x36 build/cooja/mtype985.a(node-id.o)
                0x000000000001232b                node_id_init
 .text          0x0000000000012361      0x122 build/cooja/mtype985.a(rtimer.o)
                0x0000000000012361                rtimer_init
                0x0000000000012380                rtimer_set
                0x000000000001240e                rtimer_run_next
 .text          0x0000000000012483      0x5cb build/cooja/mtype985.a(process.o)
                0x0000000000012483                process_alloc_event
                0x00000000000124a4                process_start
                0x00000000000126a9                process_exit
                0x00000000000126d1                process_init
                0x0000000000012899                process_run
                0x00000000000128dc                process_nevents
                0x0000000000012901                process_post
                0x00000000000129ae                process_post_synch
                0x00000000000129f4                process_poll
                0x0000000000012a30                process_is_running
 .text.__x86.get_pc_thunk.si
                0x0000000000012a4e        0x4 build/cooja/mtype985.a(process.o)
                0x0000000000012a4e                __x86.get_pc_thunk.si
 .text          0x0000000000012a52       0xf6 build/cooja/mtype985.a(timer.o)
                0x0000000000012a52                timer_set
                0x0000000000012a81                timer_reset
                0x0000000000012ab8                timer_restart
                0x0000000000012ade                timer_expired
                0x0000000000012b1c                timer_remaining
 .text          0x0000000000012b48      0x311 build/cooja/mtype985.a(list.o)
                0x0000000000012b48                list_init
                0x0000000000012b61                list_head
                0x0000000000012b75                list_copy
                0x0000000000012b8f                list_tail
                0x0000000000012bcf                list_add
                0x0000000000012c25                list_push
                0x0000000000012c5b                list_chop
                0x0000000000012ccf                list_pop
                0x0000000000012d01                list_remove
                0x0000000000012d73                list_length
                0x0000000000012dab                list_insert
                0x0000000000012dfa                list_item_next
                0x0000000000012e1b                list_contains
 .text          0x0000000000012e59      0x566 build/cooja/mtype985.a(button-hal.o)
                0x000000000001304d                button_hal_get_by_id
                0x0000000000013097                button_hal_get_by_index
                0x00000000000130d1                button_hal_get_state
                0x0000000000013133                button_hal_init
 .text          0x00000000000133bf      0x242 build/cooja/mtype985.a(serial-line.o)
                0x00000000000133bf                serial_line_input_byte
                0x00000000000135b7                serial_line_init
 .text          0x0000000000013601      0x1d6 build/cooja/mtype985.a(gpio-hal.o)
                0x0000000000013601                gpio_hal_register_handler
                0x000000000001362f                gpio_hal_event_handler
                0x000000000001369c                gpio_hal_init
                0x00000000000136cb                gpio_hal_arch_port_toggle_pin
                0x0000000000013716                gpio_hal_arch_port_toggle_pins
                0x0000000000013753                gpio_hal_arch_no_port_toggle_pin
                0x00000000000137a0                gpio_hal_arch_no_port_toggle_pins
 .text          0x00000000000137d7      0x3a9 build/cooja/mtype985.a(queuebuf.o)
                0x00000000000137eb                queuebuf_init
                0x0000000000013827                queuebuf_numfree
                0x0000000000013851                queuebuf_new_from_packetbuf
                0x0000000000013905                queuebuf_update_attr_from_packetbuf
                0x0000000000013949                queuebuf_update_from_packetbuf
                0x00000000000139a8                queuebuf_free
                0x0000000000013a06                queuebuf_to_packetbuf
                0x0000000000013a83                queuebuf_dataptr
                0x0000000000013acf                queuebuf_datalen
                0x0000000000013afc                queuebuf_addr
                0x0000000000013b3b                queuebuf_attr
                0x0000000000013b70                queuebuf_debug_print
 .text          0x0000000000013b80      0x4dd build/cooja/mtype985.a(packetbuf.o)
                0x0000000000013b80                packetbuf_clear
                0x0000000000013bb6                packetbuf_copyfrom
                0x0000000000013c16                packetbuf_copyto
                0x0000000000013cb4                packetbuf_hdralloc
                0x0000000000013d44                packetbuf_hdrreduce
                0x0000000000013d96                packetbuf_set_datalen
                0x0000000000013dbb                packetbuf_dataptr
                0x0000000000013de2                packetbuf_hdrptr
                0x0000000000013df7                packetbuf_datalen
                0x0000000000013e0d                packetbuf_hdrlen
                0x0000000000013e2c                packetbuf_totlen
                0x0000000000013e4c                packetbuf_remaininglen
                0x0000000000013e69                packetbuf_attr_clear
                0x0000000000013ecf                packetbuf_attr_copyto
                0x0000000000013f15                packetbuf_attr_copyfrom
                0x0000000000013f5b                packetbuf_set_attr
                0x0000000000013f91                packetbuf_attr
                0x0000000000013fb7                packetbuf_set_addr
                0x0000000000013fff                packetbuf_addr
                0x0000000000014029                packetbuf_holds_broadcast
 .text          0x000000000001405d      0x13c build/cooja/mtype985.a(netstack.o)
                0x000000000001405d                netstack_process_ip_callback
                0x00000000000140fe                netstack_ip_packet_processor_add
                0x0000000000014132                uip_ds6_ip_packet_processor_rm
                0x0000000000014160                netstack_init
 .text          0x0000000000014199       0x75 build/cooja/mtype985.a(linkaddr.o)
                0x0000000000014199                linkaddr_copy
                0x00000000000141b9                linkaddr_cmp
                0x00000000000141ec                linkaddr_set_node_addr
 .text          0x000000000001420e      0x2ae build/cooja/mtype985.a(csma.o)
 .text          0x00000000000144bc      0xa6f build/cooja/mtype985.a(csma-output.o)
                0x0000000000014c2e                csma_output_packet
                0x0000000000014edd                csma_output_init
 .text          0x0000000000014f2b      0xe47 build/cooja/mtype985.a(uip-ds6.o)
                0x0000000000014f2b                uip_ds6_default_prefix
                0x0000000000014f40                uip_ds6_set_default_prefix
                0x0000000000014f76                uip_ds6_init
                0x0000000000015211                uip_ds6_periodic
                0x00000000000152b9                uip_ds6_list_loop
                0x0000000000015388                uip_ds6_prefix_add
                0x000000000001544f                uip_ds6_prefix_rm
                0x000000000001546c                uip_ds6_prefix_lookup
                0x00000000000154bf                uip_ds6_is_addr_onlink
                0x000000000001554c                uip_ds6_addr_add
                0x000000000001568e                uip_ds6_addr_rm
                0x000000000001574d                uip_ds6_addr_lookup
                0x000000000001579d                uip_ds6_get_link_local
                0x000000000001583b                uip_ds6_get_global
                0x00000000000158d9                uip_ds6_maddr_add
                0x0000000000015955                uip_ds6_maddr_rm
                0x0000000000015972                uip_ds6_maddr_lookup
                0x00000000000159c5                uip_ds6_aaddr_add
                0x0000000000015a3e                uip_ds6_aaddr_rm
                0x0000000000015a5b                uip_ds6_aaddr_lookup
                0x0000000000015aab                uip_ds6_select_src
                0x0000000000015c19                uip_ds6_set_addr_iid
                0x0000000000015c4e                uip_ds6_set_lladdr_from_iid
                0x0000000000015c81                get_match_length
                0x0000000000015d1c                uip_ds6_compute_reachable_time
 .text          0x0000000000015d72      0xb4d build/cooja/mtype985.a(tcp-socket.o)
                0x0000000000016489                tcp_socket_register
                0x000000000001652a                tcp_socket_connect
                0x00000000000165dd                tcp_socket_listen
                0x000000000001666d                tcp_socket_unlisten
                0x00000000000166fa                tcp_socket_send
                0x00000000000167aa                tcp_socket_send_str
                0x00000000000167e2                tcp_socket_close
                0x0000000000016815                tcp_socket_unregister
                0x000000000001687f                tcp_socket_max_sendlen
                0x00000000000168a6                tcp_socket_queuelen
 .text          0x00000000000168bf      0x453 build/cooja/mtype985.a(uip-ds6-route.o)
                0x0000000000016921                uip_ds6_route_init
                0x000000000001695d                uip_ds6_route_count_nexthop_neighbors
                0x0000000000016971                uip_ds6_route_nexthop
                0x0000000000016985                uip_ds6_route_head
                0x0000000000016999                uip_ds6_route_next
                0x00000000000169ad                uip_ds6_route_is_nexthop
                0x00000000000169c1                uip_ds6_route_num_routes
                0x00000000000169d5                uip_ds6_route_lookup
                0x00000000000169e9                uip_ds6_route_add
                0x0000000000016a06                uip_ds6_route_rm
                0x0000000000016a16                uip_ds6_route_rm_by_nexthop
                0x0000000000016a26                uip_ds6_defrt_head
                0x0000000000016a50                uip_ds6_defrt_add
                0x0000000000016b10                uip_ds6_defrt_rm
                0x0000000000016b89                uip_ds6_defrt_lookup
                0x0000000000016c00                uip_ds6_defrt_choose
                0x0000000000016c86                uip_ds6_defrt_periodic
 .text          0x0000000000016d12      0xc55 build/cooja/mtype985.a(tcpip.o)
                0x0000000000016d38                tcpip_output
                0x0000000000016e63                tcp_connect
                0x0000000000016ecb                tcp_unlisten
                0x0000000000016f40                tcp_listen
                0x0000000000016fb2                tcp_attach
                0x0000000000016fd4                udp_attach
                0x0000000000016ff6                udp_new
                0x0000000000017050                udp_broadcast_new
                0x0000000000017322                tcpip_input
                0x0000000000017518                tcpip_ipv6_output
                0x0000000000017754                tcpip_poll_udp
                0x0000000000017784                tcpip_poll_tcp
                0x00000000000177b4                tcpip_uipcall
 .text          0x0000000000017967     0x33b5 build/cooja/mtype985.a(uip6.o)
                0x0000000000017967                uip_add32
                0x0000000000017b52                uip_chksum
                0x0000000000017c4a                uip_icmp6chksum
                0x0000000000017c69                uip_tcpchksum
                0x0000000000017c88                uip_udpchksum
                0x0000000000017ca7                uip_init
                0x0000000000017d55                uip_connect
                0x0000000000017ef2                uip_remove_ext_hdr
                0x0000000000017fed                uip_udp_new
                0x0000000000018132                uip_unlisten
                0x0000000000018182                uip_listen
                0x0000000000018492                uip_process
                0x000000000001abac                uip_htons
                0x000000000001abd8                uip_htonl
                0x000000000001ac22                uip_send
 .text          0x000000000001ad1c      0x43e build/cooja/mtype985.a(uip-ds6-nbr.o)
                0x000000000001ad1c                uip_ds6_neighbors_init
                0x000000000001ad52                uip_ds6_nbr_add
                0x000000000001adec                uip_ds6_nbr_rm
                0x000000000001ae4b                uip_ds6_nbr_update_ll
                0x000000000001af48                uip_ds6_nbr_get_ipaddr
                0x000000000001af67                uip_ds6_nbr_get_ll
                0x000000000001af94                uip_ds6_nbr_num
                0x000000000001afee                uip_ds6_nbr_head
                0x000000000001b018                uip_ds6_nbr_next
                0x000000000001b045                uip_ds6_nbr_lookup
                0x000000000001b0ac                uip_ds6_nbr_ll_lookup
                0x000000000001b0d9                uip_ds6_nbr_ipaddr_from_lladdr
                0x000000000001b10c                uip_ds6_nbr_lladdr_from_ipaddr
                0x000000000001b14a                uip_ds6_link_callback
 .text          0x000000000001b15a      0x810 build/cooja/mtype985.a(uip-nd6.o)
                0x000000000001b93f                uip_nd6_init
 .text          0x000000000001b96a     0x33b0 build/cooja/mtype985.a(sicslowpan.o)
                0x000000000001c068                netstack_sniffer_add
                0x000000000001c081                netstack_sniffer_remove
                0x000000000001ecd9                sicslowpan_init
                0x000000000001ed05                sicslowpan_get_last_rssi
 .text          0x000000000001ed1a      0x51a build/cooja/mtype985.a(uiplib.o)
                0x000000000001ed1a                uiplib_ip6addrconv
                0x000000000001eee0                uiplib_ip4addrconv
                0x000000000001efad                uiplib_ipaddr_print
                0x000000000001f011                uiplib_ipaddr_snprint
 .text          0x000000000001f234      0x610 build/cooja/mtype985.a(rpl.o)
                0x000000000001f234                rpl_lollipop_greater_than
                0x000000000001f297                rpl_get_global_address
                0x000000000001f3cd                rpl_link_callback
                0x000000000001f430                rpl_has_joined
                0x000000000001f466                rpl_is_reachable
                0x000000000001f509                rpl_reset_prefix
                0x000000000001f585                rpl_set_prefix_from_addr
                0x000000000001f697                rpl_set_prefix
                0x000000000001f80b                rpl_set_leaf_only
                0x000000000001f82e                rpl_get_leaf_only
 .text          0x000000000001f844     0x1491 build/cooja/mtype985.a(rpl-icmp6.o)
                0x000000000001f9a1                rpl_icmp6_update_nbr_table
                0x000000000001fa53                rpl_icmp6_dis_output
                0x0000000000020068                rpl_icmp6_dio_output
                0x00000000000208c1                rpl_icmp6_dao_output
                0x0000000000020bee                rpl_icmp6_dao_ack_output
                0x0000000000020c75                rpl_icmp6_init
 .text          0x0000000000020cd5      0x2e4 build/cooja/mtype985.a(rpl-dag-root.o)
                0x0000000000020cd5                rpl_dag_root_print_links
                0x0000000000020e2e                rpl_dag_root_set_prefix
                0x0000000000020e69                rpl_dag_root_start
                0x0000000000020f77                rpl_dag_root_is_root
 .text          0x0000000000020fb9       0x6b build/cooja/mtype985.a(watchdog.o)
                0x0000000000020fb9                watchdog_init
                0x0000000000020fc9                watchdog_start
                0x0000000000020fd9                watchdog_periodic
                0x0000000000021004                watchdog_stop
                0x0000000000021014                watchdog_reboot
 .text          0x0000000000021024       0x75 build/cooja/mtype985.a(int-master.o)
                0x0000000000021024                int_master_enable
                0x000000000002103e                int_master_read_and_disable
                0x0000000000021066                int_master_status_set
                0x000000000002107f                int_master_is_enabled
 .text          0x0000000000021099      0x11d build/cooja/mtype985.a(stimer.o)
                0x0000000000021099                stimer_set
                0x00000000000210c8                stimer_reset
                0x00000000000210ff                stimer_restart
                0x0000000000021125                stimer_expired
                0x0000000000021161                stimer_remaining
                0x000000000002118d                stimer_elapsed
 .text          0x00000000000211b6      0x188 build/cooja/mtype985.a(ringbuf.o)
                0x00000000000211b6                ringbuf_init
                0x00000000000211f2                ringbuf_put
                0x000000000002127a                ringbuf_get
                0x00000000000212f1                ringbuf_size
                0x000000000002130d                ringbuf_elements
 .text          0x000000000002133e      0x1ec build/cooja/mtype985.a(memb.o)
                0x000000000002133e                memb_init
                0x00000000000213a2                memb_alloc
                0x000000000002140f                memb_free
                0x0000000000021490                memb_inmemb
                0x00000000000214d9                memb_numfree
 .text          0x000000000002152a       0x31 build/cooja/mtype985.a(assert.o)
                0x000000000002152a                _xassert
 .text          0x000000000002155b      0xb68 build/cooja/mtype985.a(nbr-table.o)
                0x00000000000218fd                nbr_table_count_entries
                0x00000000000219aa                nbr_table_gc_get_worst
                0x00000000000219ea                nbr_table_can_accept_new
                0x0000000000021b73                nbr_table_entry_is_allowed
                0x0000000000021c13                nbr_table_register
                0x0000000000021c91                nbr_table_is_registered
                0x0000000000021cd6                nbr_table_head
                0x0000000000021d43                nbr_table_next
                0x0000000000021db5                nbr_table_add_lladdr
                0x0000000000021f04                nbr_table_get_from_lladdr
                0x0000000000021f61                nbr_table_remove
                0x0000000000021fac                nbr_table_lock
                0x0000000000021fd2                nbr_table_unlock
                0x0000000000021ff8                nbr_table_get_lladdr
                0x000000000002202e                nbr_table_clear
                0x0000000000022073                nbr_table_key_head
                0x000000000002209d                nbr_table_key_next
 .text          0x00000000000220c3      0x450 build/cooja/mtype985.a(link-stats.o)
                0x00000000000220c3                link_stats_from_lladdr
                0x00000000000220f0                link_stats_get_lladdr
                0x000000000002211d                link_stats_is_fresh
                0x000000000002216a                guess_etx_from_rssi
                0x00000000000221f0                link_stats_packet_sent
                0x0000000000022334                link_stats_input_callback
                0x0000000000022468                link_stats_reset
                0x00000000000224ca                link_stats_init
 .text          0x0000000000022513      0x1a8 build/cooja/mtype985.a(mac-sequence.o)
                0x0000000000022513                mac_sequence_is_duplicate
                0x00000000000225d3                mac_sequence_register_seqno
 .text          0x00000000000226bb       0x2d build/cooja/mtype985.a(mac.o)
                0x00000000000226bb                mac_call_sent_callback
 .text          0x00000000000226e8      0x477 build/cooja/mtype985.a(framer-802154.o)
                0x000000000002288b                framer_802154_setup_params
 .text          0x0000000000022b5f      0xc1a build/cooja/mtype985.a(frame802154.o)
                0x0000000000022b9a                frame802154_get_pan_id
                0x0000000000022bb0                frame802154_set_pan_id
                0x0000000000022bd5                frame802154_has_panid
                0x0000000000022d8e                frame802154_check_dest_panid
                0x0000000000022e20                frame802154_is_broadcast_addr
                0x0000000000022e77                frame802154_extract_linkaddr
                0x0000000000023100                frame802154_hdrlen
                0x000000000002317d                frame802154_create_fcf
                0x000000000002323f                frame802154_create
                0x00000000000233ca                frame802154_parse_fcf
                0x00000000000234b6                frame802154_parse
 .text          0x0000000000023779       0x4e build/cooja/mtype985.a(csma-security.o)
                0x0000000000023779                csma_security_create_frame
                0x00000000000237aa                csma_security_parse_frame
 .text          0x00000000000237c7      0x5d3 build/cooja/mtype985.a(uipbuf.o)
                0x00000000000237c7                uipbuf_clear
                0x00000000000237fe                uipbuf_add_ext_hdr
                0x0000000000023899                uipbuf_set_len
                0x00000000000238d3                uipbuf_set_len_field
                0x0000000000023909                uipbuf_get_len_field
                0x0000000000023933                uipbuf_get_next_header
                0x0000000000023a84                uipbuf_get_last_header
                0x0000000000023b07                uipbuf_search_header
                0x0000000000023bcb                uipbuf_get_attr
                0x0000000000023bfc                uipbuf_set_attr
                0x0000000000023c3d                uipbuf_set_default_attr
                0x0000000000023c7e                uipbuf_clear_attr
                0x0000000000023cbe                uipbuf_set_attr_flag
                0x0000000000023cea                uipbuf_clr_attr_flag
                0x0000000000023d1c                uipbuf_is_attr_flag
                0x0000000000023d4a                uipbuf_init
 .text          0x0000000000023d9a      0x8b7 build/cooja/mtype985.a(uip-icmp6.o)
                0x0000000000023e1f                uip_icmp6_input
                0x0000000000023e80                uip_icmp6_register_input_handler
                0x0000000000024034                uip_icmp6_error_output
                0x0000000000024376                uip_icmp6_send
                0x00000000000245a4                uip_icmp6_echo_reply_callback_add
                0x00000000000245e7                uip_icmp6_echo_reply_callback_rm
                0x0000000000024615                uip_icmp6_init
 .text          0x0000000000024651      0x772 build/cooja/mtype985.a(uip-sr.o)
                0x0000000000024651                uip_sr_num_nodes
                0x00000000000246fd                uip_sr_get_node
                0x0000000000024764                uip_sr_is_addr_reachable
                0x0000000000024821                uip_sr_expire_parent
                0x0000000000024874                uip_sr_update_node
                0x00000000000249b8                uip_sr_init
                0x00000000000249fe                uip_sr_node_head
                0x0000000000024a28                uip_sr_node_next
                0x0000000000024a4e                uip_sr_periodic
                0x0000000000024b6a                uip_sr_free_all
                0x0000000000024bef                uip_sr_link_snprint
 .text          0x0000000000024dc3      0x1a5 build/cooja/mtype985.a(uip-packetqueue)
                0x0000000000024e03                uip_packetqueue_new
                0x0000000000024e1c                uip_packetqueue_alloc
                0x0000000000024e8b                uip_packetqueue_free
                0x0000000000024ee3                uip_packetqueue_buf
                0x0000000000024f0a                uip_packetqueue_buflen
                0x0000000000024f35                uip_packetqueue_set_buflen
 .text          0x0000000000024f68       0x8d build/cooja/mtype985.a(rpl-nbr-policy.)
                0x0000000000024fb4                rpl_nbr_gc_get_worst
 .text          0x0000000000024ff5      0xaad build/cooja/mtype985.a(rpl-neighbor.o)
                0x0000000000025091                rpl_neighbor_snprint
                0x0000000000025379                rpl_neighbor_print_list
                0x000000000002544c                rpl_neighbor_count
                0x000000000002552f                rpl_neighbor_get_from_lladdr
                0x000000000002555c                rpl_neighbor_is_acceptable_parent
                0x00000000000255a2                rpl_neighbor_get_link_metric
                0x00000000000255e8                rpl_neighbor_rank_via_nbr
                0x000000000002562e                rpl_neighbor_get_lladdr
                0x000000000002565b                rpl_neighbor_get_ipaddr
                0x0000000000025691                rpl_neighbor_get_link_stats
                0x00000000000256c7                rpl_neighbor_is_fresh
                0x00000000000256fd                rpl_neighbor_is_parent
                0x0000000000025734                rpl_neighbor_set_preferred_parent
                0x00000000000257ee                rpl_neighbor_remove_all
                0x000000000002585b                rpl_neighbor_get_from_ipaddr
                0x0000000000025995                rpl_neighbor_select_best
                0x0000000000025a70                rpl_neighbor_init
 .text          0x0000000000025aa2     0x11f4 build/cooja/mtype985.a(rpl-dag.o)
                0x0000000000025aa2                rpl_dag_state_to_str
                0x0000000000025af0                rpl_dag_get_root_ipaddr
                0x0000000000025b40                rpl_dag_leave
                0x0000000000025bf6                rpl_dag_poison_and_leave
                0x0000000000025c22                rpl_dag_periodic
                0x0000000000025ce7                rpl_is_addr_in_our_dag
                0x0000000000025d46                rpl_get_default_instance
                0x0000000000025d70                rpl_get_any_dag
                0x0000000000025de6                rpl_refresh_routes
                0x0000000000025e49                rpl_global_repair
                0x0000000000025f1a                rpl_local_repair
                0x0000000000025f7f                rpl_dag_ready_to_advertise
                0x0000000000025fd8                rpl_dag_update_state
                0x0000000000026854                rpl_process_dio
                0x00000000000268ef                rpl_process_dis
                0x0000000000026945                rpl_process_dao
                0x00000000000269e6                rpl_process_dao_ack
                0x0000000000026aa2                rpl_process_hbh
                0x0000000000026b02                rpl_dag_init_root
                0x0000000000026c64                rpl_dag_init
 .text          0x0000000000026c96      0xd8d build/cooja/mtype985.a(rpl-timers.o)
                0x0000000000026c96                rpl_timers_schedule_periodic_dis
                0x0000000000026e40                rpl_timers_dio_reset
                0x0000000000026fb8                rpl_timers_schedule_unicast_dio
                0x000000000002718b                rpl_timers_schedule_dao
                0x0000000000027291                rpl_timers_schedule_dao_ack
                0x0000000000027360                rpl_timers_notify_dao_ack
                0x00000000000273e6                get_probing_delay
                0x000000000002742b                get_probing_target
                0x0000000000027660                rpl_schedule_probing
                0x00000000000276ac                rpl_schedule_probing_now
                0x0000000000027746                rpl_timers_unschedule_leaving
                0x00000000000277a0                rpl_timers_schedule_leaving
                0x0000000000027805                rpl_timers_init
                0x00000000000278c7                rpl_timers_stop_dag_timers
                0x0000000000027984                rpl_timers_unschedule_state_update
                0x00000000000279c0                rpl_timers_schedule_state_update
 .text          0x0000000000027a23      0xd42 build/cooja/mtype985.a(rpl-ext-header.)
                0x0000000000027a23                rpl_ext_header_srh_get_next_hop
                0x0000000000027b2e                rpl_ext_header_srh_update
                0x0000000000028160                rpl_ext_header_hbh_update
                0x00000000000284df                rpl_ext_header_update
                0x000000000002858e                rpl_ext_header_remove
 .text          0x0000000000028765      0x39b build/cooja/mtype985.a(rpl-mrhof.o)
 .text          0x0000000000028b00       0x14 /usr/lib/i386-linux-gnu/libc_nonshared.a(stack_chk_fail_local.oS)
                0x0000000000028b00                __stack_chk_fail_local
 .text          0x0000000000028b14        0x0 /usr/lib/gcc/i686-linux-gnu/7/crtendS.o
 .text          0x0000000000028b14        0x0 /usr/lib/gcc/i686-linux-gnu/7/../../../i386-linux-gnu/crtn.o
 *(.gnu.warning)

.fini           0x0000000000028b14       0x14
 *(SORT_NONE(.fini))
 .fini          0x0000000000028b14        0xf /usr/lib/gcc/i686-linux-gnu/7/../../../i386-linux-gnu/crti.o
                0x0000000000028b14                _fini
 .fini          0x0000000000028b23        0x5 /usr/lib/gcc/i686-linux-gnu/7/../../../i386-linux-gnu/crtn.o
                [!provide]                        PROVIDE (__etext = .)
                [!provide]                        PROVIDE (_etext = .)
                [!provide]                        PROVIDE (etext = .)

.rodata         0x0000000000028b28      0x9d3
 *(.rodata .rodata.* .gnu.linkonce.r.*)
 .rodata        0x0000000000028b28      0x40f temperature-sensor.o
 *fill*         0x0000000000028f37        0x1 
 .rodata        0x0000000000028f38        0x6 build/cooja/mtype985.a(leds-arch.o)
                0x0000000000028f38                leds_arch_leds
 .rodata        0x0000000000028f3e        0x4 build/cooja/mtype985.a(pir-sensor.o)
 .rodata        0x0000000000028f42        0x6 build/cooja/mtype985.a(rs232.o)
 .rodata        0x0000000000028f48        0xa build/cooja/mtype985.a(vib-sensor.o)
 *fill*         0x0000000000028f52        0x2 
 .rodata        0x0000000000028f54       0x27 build/cooja/mtype985.a(cfs-cooja.o)
 *fill*         0x0000000000028f7b        0x1 
 .rodata        0x0000000000028f7c       0x68 build/cooja/mtype985.a(cooja-radio.o)
 .rodata        0x0000000000028fe4        0x8 build/cooja/mtype985.a(sensors.o)
 .rodata        0x0000000000028fec       0x14 build/cooja/mtype985.a(buttons.o)
                0x0000000000028ff8                button_hal_button_count
 .rodata        0x0000000000029000       0x14 build/cooja/mtype985.a(mqtt.o)
 .rodata        0x0000000000029014       0xf4 build/cooja/mtype985.a(contiki-main.o)
 .rodata        0x0000000000029108        0xf build/cooja/mtype985.a(ctimer.o)
 *fill*         0x0000000000029117        0x1 
 .rodata        0x0000000000029118       0xc4 build/cooja/mtype985.a(log.o)
 .rodata        0x00000000000291dc        0xc build/cooja/mtype985.a(etimer.o)
 .rodata        0x00000000000291e8       0x13 build/cooja/mtype985.a(button-hal.o)
 .rodata        0x00000000000291fb        0xe build/cooja/mtype985.a(serial-line.o)
 *fill*         0x0000000000029209        0x3 
 .rodata        0x000000000002920c        0x8 build/cooja/mtype985.a(linkaddr.o)
                0x000000000002920c                linkaddr_null
 .rodata        0x0000000000029214        0x5 build/cooja/mtype985.a(csma.o)
 *fill*         0x0000000000029219        0x3 
 .rodata        0x000000000002921c       0x27 build/cooja/mtype985.a(csma-output.o)
 .rodata        0x0000000000029243       0x13 build/cooja/mtype985.a(tcp-socket.o)
 *fill*         0x0000000000029256        0x2 
 .rodata        0x0000000000029258       0x4d build/cooja/mtype985.a(uip-ds6-route.o)
 .rodata        0x00000000000292a5        0xd build/cooja/mtype985.a(tcpip.o)
 *fill*         0x00000000000292b2        0x2 
 .rodata        0x00000000000292b4       0x48 build/cooja/mtype985.a(uip6.o)
 .rodata        0x00000000000292fc       0x1f build/cooja/mtype985.a(sicslowpan.o)
                0x00000000000292fc                unc_llconf
                0x0000000000029300                unc_ctxconf
                0x0000000000029304                unc_mxconf
                0x0000000000029308                llprefix
 .rodata        0x000000000002931b       0x2d build/cooja/mtype985.a(uiplib.o)
 .rodata        0x0000000000029348        0x9 build/cooja/mtype985.a(rpl.o)
 *fill*         0x0000000000029351        0x3 
 .rodata        0x0000000000029354       0x25 build/cooja/mtype985.a(assert.o)
 .rodata        0x0000000000029379       0x44 build/cooja/mtype985.a(uip-sr.o)
 *fill*         0x00000000000293bd        0x3 
 .rodata        0x00000000000293c0       0x58 build/cooja/mtype985.a(rpl-neighbor.o)
 .rodata        0x0000000000029418       0xd7 build/cooja/mtype985.a(rpl-dag.o)
 .rodata        0x00000000000294ef        0xc build/cooja/mtype985.a(rpl-timers.o)

.rodata1
 *(.rodata1)

.eh_frame_hdr   0x00000000000294fc     0x187c
 *(.eh_frame_hdr)
 .eh_frame_hdr  0x00000000000294fc     0x187c temperature-sensor.o
                0x00000000000294fc                __GNU_EH_FRAME_HDR
 *(.eh_frame_entry .eh_frame_entry.*)

.eh_frame       0x000000000002ad78     0x69d0
 *(.eh_frame)
 .eh_frame      0x000000000002ad78       0x3c /usr/lib/gcc/i686-linux-gnu/7/../../../i386-linux-gnu/crti.o
                                         0x40 (size before relaxing)
 .eh_frame      0x000000000002adb4       0x14 /usr/lib/gcc/i686-linux-gnu/7/../../../i386-linux-gnu/crti.o
                                         0x2c (size before relaxing)
 .eh_frame      0x000000000002adc8       0xc0 temperature-sensor.o
                                         0xec (size before relaxing)
 .eh_frame      0x000000000002ae88      0x1ac build/cooja/mtype985.o
                                        0x1ec (size before relaxing)
 .eh_frame      0x000000000002b034       0x48 build/cooja/mtype985.a(simEnvChange.o)
                                         0x74 (size before relaxing)
 .eh_frame      0x000000000002b07c       0x6c build/cooja/mtype985.a(cooja_mt.o)
                                         0x98 (size before relaxing)
 .eh_frame      0x000000000002b0e8       0x88 build/cooja/mtype985.a(cooja_mtarch.o)
                                         0xc8 (size before relaxing)
 .eh_frame      0x000000000002b170       0xe4 build/cooja/mtype985.a(rtimer-arch.o)
                                        0x110 (size before relaxing)
 .eh_frame      0x000000000002b254      0x160 build/cooja/mtype985.a(beep.o)
                                        0x18c (size before relaxing)
 .eh_frame      0x000000000002b3b4       0x88 build/cooja/mtype985.a(leds-arch.o)
                                         0xc8 (size before relaxing)
 .eh_frame      0x000000000002b43c       0x44 build/cooja/mtype985.a(moteid.o)
                                         0x70 (size before relaxing)
 .eh_frame      0x000000000002b480       0xa4 build/cooja/mtype985.a(pir-sensor.o)
                                         0xe4 (size before relaxing)
 .eh_frame      0x000000000002b524      0x110 build/cooja/mtype985.a(rs232.o)
                                        0x150 (size before relaxing)
 .eh_frame      0x000000000002b634       0xa4 build/cooja/mtype985.a(vib-sensor.o)
                                         0xe4 (size before relaxing)
 .eh_frame      0x000000000002b6d8       0xc0 build/cooja/mtype985.a(clock.o)
                                         0xec (size before relaxing)
 .eh_frame      0x000000000002b798      0x130 build/cooja/mtype985.a(cooja-log.o)
                                        0x170 (size before relaxing)
 .eh_frame      0x000000000002b8c8      0x16c build/cooja/mtype985.a(cfs-cooja.o)
                                        0x1ac (size before relaxing)
 .eh_frame      0x000000000002ba34      0x374 build/cooja/mtype985.a(cooja-radio.o)
                                        0x3b4 (size before relaxing)
 .eh_frame      0x000000000002bda8       0xa8 build/cooja/mtype985.a(eeprom.o)
                                         0xe8 (size before relaxing)
 .eh_frame      0x000000000002be50       0x48 build/cooja/mtype985.a(random.o)
                                         0x74 (size before relaxing)
 .eh_frame      0x000000000002be98       0xd0 build/cooja/mtype985.a(sensors.o)
                                        0x110 (size before relaxing)
 .eh_frame      0x000000000002bf68      0x140 build/cooja/mtype985.a(leds.o)
                                        0x180 (size before relaxing)
 .eh_frame      0x000000000002c0a8      0x228 build/cooja/mtype985.a(gpio-hal-arch.o)
                                        0x27c (size before relaxing)
 .eh_frame      0x000000000002c2d0       0xa4 build/cooja/mtype985.a(buttons.o)
                                         0xe4 (size before relaxing)
 .eh_frame      0x000000000002c374      0x560 build/cooja/mtype985.a(mqtt.o)
                                        0x5b4 (size before relaxing)
 .eh_frame      0x000000000002c8d4       0x38 build/cooja/mtype985.a(contiki-main.o)
                                         0x64 (size before relaxing)
 .eh_frame      0x000000000002c90c       0x48 build/cooja/mtype985.a(autostart.o)
                                         0x74 (size before relaxing)
 .eh_frame      0x000000000002c954      0x11c build/cooja/mtype985.a(ctimer.o)
                                        0x15c (size before relaxing)
 .eh_frame      0x000000000002ca70      0x144 build/cooja/mtype985.a(log.o)
                                        0x184 (size before relaxing)
 .eh_frame      0x000000000002cbb4       0x60 build/cooja/mtype985.a(energest.o)
                                         0x8c (size before relaxing)
 .eh_frame      0x000000000002cc14      0x204 build/cooja/mtype985.a(etimer.o)
                                        0x244 (size before relaxing)
 .eh_frame      0x000000000002ce18       0x20 build/cooja/mtype985.a(node-id.o)
                                         0x4c (size before relaxing)
 .eh_frame      0x000000000002ce38       0x6c build/cooja/mtype985.a(rtimer.o)
                                         0xc0 (size before relaxing)
 .eh_frame      0x000000000002cea4      0x1ec build/cooja/mtype985.a(process.o)
                                        0x22c (size before relaxing)
 .eh_frame      0x000000000002d090       0xb4 build/cooja/mtype985.a(timer.o)
                                         0xe0 (size before relaxing)
 .eh_frame      0x000000000002d144      0x1a0 build/cooja/mtype985.a(list.o)
                                        0x1cc (size before relaxing)
 .eh_frame      0x000000000002d2e4      0x188 build/cooja/mtype985.a(button-hal.o)
                                        0x1c8 (size before relaxing)
 .eh_frame      0x000000000002d46c       0x6c build/cooja/mtype985.a(serial-line.o)
                                         0x98 (size before relaxing)
 .eh_frame      0x000000000002d4d8       0xfc build/cooja/mtype985.a(gpio-hal.o)
                                        0x13c (size before relaxing)
 .eh_frame      0x000000000002d5d4      0x1c0 build/cooja/mtype985.a(queuebuf.o)
                                        0x200 (size before relaxing)
 .eh_frame      0x000000000002d794      0x2b0 build/cooja/mtype985.a(packetbuf.o)
                                        0x2f0 (size before relaxing)
 .eh_frame      0x000000000002da44       0x90 build/cooja/mtype985.a(netstack.o)
                                         0xd0 (size before relaxing)
 .eh_frame      0x000000000002dad4       0x64 build/cooja/mtype985.a(linkaddr.o)
                                         0x90 (size before relaxing)
 .eh_frame      0x000000000002db38       0xf0 build/cooja/mtype985.a(csma.o)
                                        0x130 (size before relaxing)
 .eh_frame      0x000000000002dc28      0x1f8 build/cooja/mtype985.a(csma-output.o)
                                        0x238 (size before relaxing)
 .eh_frame      0x000000000002de20      0x364 build/cooja/mtype985.a(uip-ds6.o)
                                        0x3a4 (size before relaxing)
 .eh_frame      0x000000000002e184      0x280 build/cooja/mtype985.a(tcp-socket.o)
                                        0x2c0 (size before relaxing)
 .eh_frame      0x000000000002e404      0x260 build/cooja/mtype985.a(uip-ds6-route.o)
                                        0x2a0 (size before relaxing)
 .eh_frame      0x000000000002e664      0x34c build/cooja/mtype985.a(tcpip.o)
                                        0x38c (size before relaxing)
 .eh_frame      0x000000000002e9b0      0x2e8 build/cooja/mtype985.a(uip6.o)
                                        0x33c (size before relaxing)
 .eh_frame      0x000000000002ec98      0x1e8 build/cooja/mtype985.a(uip-ds6-nbr.o)
                                        0x228 (size before relaxing)
 .eh_frame      0x000000000002ee80       0x8c build/cooja/mtype985.a(uip-nd6.o)
                                         0xe0 (size before relaxing)
 .eh_frame      0x000000000002ef0c      0x354 build/cooja/mtype985.a(sicslowpan.o)
                                        0x3a8 (size before relaxing)
 .eh_frame      0x000000000002f260       0x9c build/cooja/mtype985.a(uiplib.o)
                                         0xdc (size before relaxing)
 .eh_frame      0x000000000002f2fc      0x1fc build/cooja/mtype985.a(rpl.o)
                                        0x23c (size before relaxing)
 .eh_frame      0x000000000002f4f8      0x1f0 build/cooja/mtype985.a(rpl-icmp6.o)
                                        0x230 (size before relaxing)
 .eh_frame      0x000000000002f6e8       0xb0 build/cooja/mtype985.a(rpl-dag-root.o)
                                         0xf0 (size before relaxing)
 .eh_frame      0x000000000002f798       0xa4 build/cooja/mtype985.a(watchdog.o)
                                         0xd0 (size before relaxing)
 .eh_frame      0x000000000002f83c       0x80 build/cooja/mtype985.a(int-master.o)
                                         0xac (size before relaxing)
 .eh_frame      0x000000000002f8bc       0xd8 build/cooja/mtype985.a(stimer.o)
                                        0x104 (size before relaxing)
 .eh_frame      0x000000000002f994       0xa0 build/cooja/mtype985.a(ringbuf.o)
                                         0xcc (size before relaxing)
 .eh_frame      0x000000000002fa34       0xa4 build/cooja/mtype985.a(memb.o)
                                         0xe4 (size before relaxing)
 .eh_frame      0x000000000002fad8       0x24 build/cooja/mtype985.a(assert.o)
                                         0x50 (size before relaxing)
 .eh_frame      0x000000000002fafc      0x428 build/cooja/mtype985.a(nbr-table.o)
                                        0x468 (size before relaxing)
 .eh_frame      0x000000000002ff24      0x140 build/cooja/mtype985.a(link-stats.o)
                                        0x180 (size before relaxing)
 .eh_frame      0x0000000000030064       0x50 build/cooja/mtype985.a(mac-sequence.o)
                                         0x7c (size before relaxing)
 .eh_frame      0x00000000000300b4       0x20 build/cooja/mtype985.a(mac.o)
                                         0x4c (size before relaxing)
 .eh_frame      0x00000000000300d4       0xb4 build/cooja/mtype985.a(framer-802154.o)
                                         0xf4 (size before relaxing)
 .eh_frame      0x0000000000030188      0x1b0 build/cooja/mtype985.a(frame802154.o)
                                        0x1f0 (size before relaxing)
 .eh_frame      0x0000000000030338       0x44 build/cooja/mtype985.a(csma-security.o)
                                         0x84 (size before relaxing)
 .eh_frame      0x000000000003037c      0x204 build/cooja/mtype985.a(uipbuf.o)
                                        0x230 (size before relaxing)
 .eh_frame      0x0000000000030580      0x170 build/cooja/mtype985.a(uip-icmp6.o)
                                        0x1b0 (size before relaxing)
 .eh_frame      0x00000000000306f0      0x1ac build/cooja/mtype985.a(uip-sr.o)
                                        0x1ec (size before relaxing)
 .eh_frame      0x000000000003089c       0xec build/cooja/mtype985.a(uip-packetqueue)
                                        0x12c (size before relaxing)
 .eh_frame      0x0000000000030988       0x48 build/cooja/mtype985.a(rpl-nbr-policy.)
                                         0x88 (size before relaxing)
 .eh_frame      0x00000000000309d0      0x2ec build/cooja/mtype985.a(rpl-neighbor.o)
                                        0x340 (size before relaxing)
 .eh_frame      0x0000000000030cbc      0x3c0 build/cooja/mtype985.a(rpl-dag.o)
                                        0x414 (size before relaxing)
 .eh_frame      0x000000000003107c      0x418 build/cooja/mtype985.a(rpl-timers.o)
                                        0x458 (size before relaxing)
 .eh_frame      0x0000000000031494      0x144 build/cooja/mtype985.a(rpl-ext-header.)
                                        0x184 (size before relaxing)
 .eh_frame      0x00000000000315d8      0x150 build/cooja/mtype985.a(rpl-mrhof.o)
                                        0x190 (size before relaxing)
 .eh_frame      0x0000000000031728       0x1c /usr/lib/i386-linux-gnu/libc_nonshared.a(stack_chk_fail_local.oS)
                                         0x48 (size before relaxing)
 .eh_frame      0x0000000000031744        0x4 /usr/lib/gcc/i686-linux-gnu/7/crtendS.o
 *(.eh_frame.*)

.gcc_except_table
 *(.gcc_except_table .gcc_except_table.*)

.gnu_extab
 *(.gnu_extab*)

.exception_ranges
 *(.exception_ranges .exception_ranges*)
                0x0000000000032c18                . = DATA_SEGMENT_ALIGN (CONSTANT (MAXPAGESIZE), CONSTANT (COMMONPAGESIZE))

.eh_frame
 *(.eh_frame)
 *(.eh_frame.*)

.gnu_extab
 *(.gnu_extab)

.gcc_except_table
 *(.gcc_except_table .gcc_except_table.*)

.exception_ranges
 *(.exception_ranges .exception_ranges*)

.tdata
 *(.tdata .tdata.* .gnu.linkonce.td.*)

.tbss
 *(.tbss .tbss.* .gnu.linkonce.tb.*)
 *(.tcommon)

.preinit_array
 *(.preinit_array)

.init_array     0x0000000000032c18        0x4
 *(SORT_BY_INIT_PRIORITY(.init_array.*) SORT_BY_INIT_PRIORITY(.ctors.*))
 *(.init_array EXCLUDE_FILE(*crtend?.o *crtend.o *crtbegin?.o *crtbegin.o) .ctors)
 .init_array    0x0000000000032c18        0x4 /usr/lib/gcc/i686-linux-gnu/7/crtbeginS.o

.fini_array     0x0000000000032c1c        0x4
 *(SORT_BY_INIT_PRIORITY(.fini_array.*) SORT_BY_INIT_PRIORITY(.dtors.*))
 *(.fini_array EXCLUDE_FILE(*crtend?.o *crtend.o *crtbegin?.o *crtbegin.o) .dtors)
 .fini_array    0x0000000000032c1c        0x4 /usr/lib/gcc/i686-linux-gnu/7/crtbeginS.o

.ctors
 *crtbegin.o(.ctors)
 *crtbegin?.o(.ctors)
 *(EXCLUDE_FILE(*crtend?.o *crtend.o) .ctors)
 *(SORT_BY_NAME(.ctors.*))
 *(.ctors)

.dtors
 *crtbegin.o(.dtors)
 *crtbegin?.o(.dtors)
 *(EXCLUDE_FILE(*crtend?.o *crtend.o) .dtors)
 *(SORT_BY_NAME(.dtors.*))
 *(.dtors)

.jcr
 *(.jcr)

.data.rel.ro    0x0000000000032c20      0x198
 *(.data.rel.ro.local* .gnu.linkonce.d.rel.ro.local.*)
 .data.rel.ro.local
                0x0000000000032c20        0x8 temperature-sensor.o
                0x0000000000032c20                autostart_processes
 .data.rel.ro.local
                0x0000000000032c28        0x8 build/cooja/mtype985.a(beep.o)
                0x0000000000032c28                beep_interface
 .data.rel.ro.local
                0x0000000000032c30        0x8 build/cooja/mtype985.a(leds-arch.o)
                0x0000000000032c30                leds_interface
 .data.rel.ro.local
                0x0000000000032c38        0x8 build/cooja/mtype985.a(moteid.o)
                0x0000000000032c38                moteid_interface
 .data.rel.ro.local
                0x0000000000032c40       0x18 build/cooja/mtype985.a(pir-sensor.o)
                0x0000000000032c40                pir_interface
                0x0000000000032c48                pir_sensor
 .data.rel.ro.local
                0x0000000000032c58        0x8 build/cooja/mtype985.a(rs232.o)
                0x0000000000032c58                rs232_interface
 .data.rel.ro.local
                0x0000000000032c60       0x18 build/cooja/mtype985.a(vib-sensor.o)
                0x0000000000032c60                vib_interface
                0x0000000000032c68                vib_sensor
 .data.rel.ro.local
                0x0000000000032c78        0x8 build/cooja/mtype985.a(clock.o)
                0x0000000000032c78                clock_interface
 .data.rel.ro.local
                0x0000000000032c80        0x8 build/cooja/mtype985.a(cooja-log.o)
                0x0000000000032c80                simlog_interface
 .data.rel.ro.local
                0x0000000000032c88        0x8 build/cooja/mtype985.a(cfs-cooja.o)
                0x0000000000032c88                cfs_interface
 *fill*         0x0000000000032c90       0x10 
 .data.rel.ro.local
                0x0000000000032ca0       0x58 build/cooja/mtype985.a(cooja-radio.o)
                0x0000000000032ca0                radio_interface
                0x0000000000032cc0                cooja_radio_driver
 .data.rel.ro.local
                0x0000000000032cf8        0x8 build/cooja/mtype985.a(eeprom.o)
                0x0000000000032cf8                eeprom_interface
 .data.rel.ro.local
                0x0000000000032d00       0x18 build/cooja/mtype985.a(buttons.o)
                0x0000000000032d00                button_interface
                0x0000000000032d08                button_sensor
 .data.rel.ro.local
                0x0000000000032d18       0x1c build/cooja/mtype985.a(csma.o)
                0x0000000000032d18                csma_driver
 .data.rel.ro.local
                0x0000000000032d34       0x10 build/cooja/mtype985.a(sicslowpan.o)
                0x0000000000032d34                sicslowpan_driver
 .data.rel.ro.local
                0x0000000000032d44        0xc build/cooja/mtype985.a(framer-802154.o)
                0x0000000000032d44                framer_802154
 *(.data.rel.ro .data.rel.ro.* .gnu.linkonce.d.rel.ro.*)
 .data.rel.ro   0x0000000000032d50        0x0 /usr/lib/gcc/i686-linux-gnu/7/../../../i386-linux-gnu/crti.o
 *fill*         0x0000000000032d50       0x10 
 .data.rel.ro   0x0000000000032d60       0x54 build/cooja/mtype985.a(rpl.o)
                0x0000000000032d60                rpl_lite_driver
 .data.rel.ro   0x0000000000032db4        0x4 build/cooja/mtype985.a(rpl-dag.o)

.dynamic        0x0000000000032db8       0xf0
 *(.dynamic)
 .dynamic       0x0000000000032db8       0xf0 /usr/lib/gcc/i686-linux-gnu/7/../../../i386-linux-gnu/crti.o
                0x0000000000032db8                _DYNAMIC

.got            0x0000000000032ea8      0x158
 *(.got)
 .got           0x0000000000032ea8      0x158 /usr/lib/gcc/i686-linux-gnu/7/../../../i386-linux-gnu/crti.o
 *(.igot)
                0x0000000000033ff4                . = DATA_SEGMENT_RELRO_END (., (SIZEOF (.got.plt) >= 0xc)?0xc:0x0)

.got.plt        0x0000000000033000      0x4f8
 *(.got.plt)
 .got.plt       0x0000000000033000      0x4f8 /usr/lib/gcc/i686-linux-gnu/7/../../../i386-linux-gnu/crti.o
                0x0000000000033000                _GLOBAL_OFFSET_TABLE_
 *(.igot.plt)

.data           0x0000000000033500      0x3a4
 *(.data .data.* .gnu.linkonce.d.*)
 .data          0x0000000000033500        0x0 /usr/lib/gcc/i686-linux-gnu/7/../../../i386-linux-gnu/crti.o
 .data          0x0000000000033500        0x0 /usr/lib/gcc/i686-linux-gnu/7/crtbeginS.o
 .data.rel.local
                0x0000000000033500        0x4 /usr/lib/gcc/i686-linux-gnu/7/crtbeginS.o
                0x0000000000033500                __dso_handle
 .data          0x0000000000033504        0x4 temperature-sensor.o
 .data.rel.local
                0x0000000000033508       0x14 temperature-sensor.o
                0x000000000003350c                mqtt_temperature_sensor
 .data          0x000000000003351c        0x0 build/cooja/mtype985.o
 *fill*         0x000000000003351c        0x4 
 .data.rel      0x0000000000033520       0x44 build/cooja/mtype985.o
                0x0000000000033520                simInterfaces
                0x0000000000033554                sensors
 .data          0x0000000000033564        0x0 build/cooja/mtype985.a(simEnvChange.o)
 .data          0x0000000000033564        0x0 build/cooja/mtype985.a(cooja_mt.o)
 .data          0x0000000000033564        0x0 build/cooja/mtype985.a(cooja_mtarch.o)
 .data          0x0000000000033564        0x0 build/cooja/mtype985.a(rtimer-arch.o)
 .data          0x0000000000033564        0x0 build/cooja/mtype985.a(beep.o)
 .data          0x0000000000033564        0x0 build/cooja/mtype985.a(leds-arch.o)
 .data          0x0000000000033564        0x0 build/cooja/mtype985.a(moteid.o)
 .data          0x0000000000033564        0x0 build/cooja/mtype985.a(pir-sensor.o)
 .data          0x0000000000033564        0x0 build/cooja/mtype985.a(rs232.o)
 .data          0x0000000000033564        0x0 build/cooja/mtype985.a(vib-sensor.o)
 .data          0x0000000000033564        0x0 build/cooja/mtype985.a(clock.o)
 .data          0x0000000000033564        0x0 build/cooja/mtype985.a(cooja-log.o)
 .data          0x0000000000033564        0x0 build/cooja/mtype985.a(cfs-cooja.o)
 .data          0x0000000000033564       0x20 build/cooja/mtype985.a(cooja-radio.o)
                0x0000000000033564                simRadioHWOn
                0x0000000000033568                simSignalStrength
                0x000000000003356c                simLastSignalStrength
                0x0000000000033570                simPower
                0x0000000000033574                simRadioChannel
                0x0000000000033578                simLQI
                0x000000000003357c                simLastLQI
 .data.rel.local
                0x0000000000033584       0x10 build/cooja/mtype985.a(cooja-radio.o)
                0x0000000000033584                cooja_radio_process
 .data          0x0000000000033594        0x0 build/cooja/mtype985.a(eeprom.o)
 .data          0x0000000000033594        0x0 build/cooja/mtype985.a(random.o)
 .data          0x0000000000033594        0x0 build/cooja/mtype985.a(sensors.o)
 .data.rel.local
                0x0000000000033594       0x10 build/cooja/mtype985.a(sensors.o)
                0x0000000000033594                sensors_process
 .data          0x00000000000335a4        0x0 build/cooja/mtype985.a(leds.o)
 .data          0x00000000000335a4        0x0 build/cooja/mtype985.a(gpio-hal-arch.o)
 .data          0x00000000000335a4        0x1 build/cooja/mtype985.a(buttons.o)
                0x00000000000335a4                simButtonIsActive
 *fill*         0x00000000000335a5       0x1b 
 .data.rel.local
                0x00000000000335c0       0x58 build/cooja/mtype985.a(buttons.o)
                0x0000000000033610                button_hal_buttons
 .data          0x0000000000033618        0x0 build/cooja/mtype985.a(mqtt.o)
 .data.rel.local
                0x0000000000033618       0x14 build/cooja/mtype985.a(mqtt.o)
                0x000000000003361c                mqtt_process
 .data          0x000000000003362c        0x0 build/cooja/mtype985.a(contiki-main.o)
 .data          0x000000000003362c        0x0 build/cooja/mtype985.a(autostart.o)
 .data          0x000000000003362c        0x0 build/cooja/mtype985.a(ctimer.o)
 .data.rel.local
                0x000000000003362c       0x14 build/cooja/mtype985.a(ctimer.o)
                0x0000000000033630                ctimer_process
 .data          0x0000000000033640        0x4 build/cooja/mtype985.a(log.o)
                0x0000000000033640                curr_log_level_main
 *fill*         0x0000000000033644       0x1c 
 .data.rel.local
                0x0000000000033660       0x9c build/cooja/mtype985.a(log.o)
                0x0000000000033660                all_modules
 .data          0x00000000000336fc        0x0 build/cooja/mtype985.a(energest.o)
 .data          0x00000000000336fc        0x0 build/cooja/mtype985.a(etimer.o)
 .data.rel.local
                0x00000000000336fc       0x10 build/cooja/mtype985.a(etimer.o)
                0x00000000000336fc                etimer_process
 .data          0x000000000003370c        0x0 build/cooja/mtype985.a(node-id.o)
 .data          0x000000000003370c        0x0 build/cooja/mtype985.a(rtimer.o)
 .data          0x000000000003370c        0x0 build/cooja/mtype985.a(process.o)
 .data          0x000000000003370c        0x0 build/cooja/mtype985.a(timer.o)
 .data          0x000000000003370c        0x0 build/cooja/mtype985.a(list.o)
 .data          0x000000000003370c        0x0 build/cooja/mtype985.a(button-hal.o)
 .data.rel.local
                0x000000000003370c       0x10 build/cooja/mtype985.a(button-hal.o)
                0x000000000003370c                button_hal_process
 .data          0x000000000003371c        0x0 build/cooja/mtype985.a(serial-line.o)
 .data.rel.local
                0x000000000003371c       0x10 build/cooja/mtype985.a(serial-line.o)
                0x000000000003371c                serial_line_process
 .data          0x000000000003372c        0x0 build/cooja/mtype985.a(gpio-hal.o)
 .data.rel.local
                0x000000000003372c        0x4 build/cooja/mtype985.a(gpio-hal.o)
 .data          0x0000000000033730        0x0 build/cooja/mtype985.a(queuebuf.o)
 .data.rel.local
                0x0000000000033730       0x18 build/cooja/mtype985.a(queuebuf.o)
 .data          0x0000000000033748        0x0 build/cooja/mtype985.a(packetbuf.o)
 .data.rel.local
                0x0000000000033748        0x4 build/cooja/mtype985.a(packetbuf.o)
 .data          0x000000000003374c        0x0 build/cooja/mtype985.a(netstack.o)
 .data.rel.local
                0x000000000003374c        0x4 build/cooja/mtype985.a(netstack.o)
 .data          0x0000000000033750        0x0 build/cooja/mtype985.a(linkaddr.o)
 .data          0x0000000000033750        0x0 build/cooja/mtype985.a(csma.o)
 .data          0x0000000000033750        0x0 build/cooja/mtype985.a(csma-output.o)
 .data.rel.local
                0x0000000000033750       0x28 build/cooja/mtype985.a(csma-output.o)
 .data          0x0000000000033778        0x0 build/cooja/mtype985.a(uip-ds6.o)
 .data          0x0000000000033778        0x0 build/cooja/mtype985.a(tcp-socket.o)
 .data.rel.local
                0x0000000000033778       0x14 build/cooja/mtype985.a(tcp-socket.o)
                0x000000000003377c                tcp_socket_process
 .data          0x000000000003378c        0x0 build/cooja/mtype985.a(uip-ds6-route.o)
 .data.rel.local
                0x000000000003378c       0x10 build/cooja/mtype985.a(uip-ds6-route.o)
 .data          0x000000000003379c        0x0 build/cooja/mtype985.a(tcpip.o)
 .data.rel.local
                0x000000000003379c       0x10 build/cooja/mtype985.a(tcpip.o)
                0x000000000003379c                tcpip_process
 .data          0x00000000000337ac        0x0 build/cooja/mtype985.a(uip6.o)
 .data          0x00000000000337ac        0x0 build/cooja/mtype985.a(uip-ds6-nbr.o)
 .data.rel.local
                0x00000000000337ac       0x14 build/cooja/mtype985.a(uip-ds6-nbr.o)
 .data          0x00000000000337c0        0x0 build/cooja/mtype985.a(uip-nd6.o)
 .data.rel.local
                0x00000000000337c0        0xc build/cooja/mtype985.a(uip-nd6.o)
 .data          0x00000000000337cc        0x0 build/cooja/mtype985.a(sicslowpan.o)
 .data          0x00000000000337cc        0x0 build/cooja/mtype985.a(uiplib.o)
 .data          0x00000000000337cc        0x0 build/cooja/mtype985.a(rpl.o)
 .data          0x00000000000337cc        0x0 build/cooja/mtype985.a(rpl-icmp6.o)
 .data.rel.local
                0x00000000000337cc       0x30 build/cooja/mtype985.a(rpl-icmp6.o)
 .data          0x00000000000337fc        0x0 build/cooja/mtype985.a(rpl-dag-root.o)
 .data          0x00000000000337fc        0x0 build/cooja/mtype985.a(watchdog.o)
 .data          0x00000000000337fc        0x0 build/cooja/mtype985.a(int-master.o)
 .data          0x00000000000337fc        0x0 build/cooja/mtype985.a(stimer.o)
 .data          0x00000000000337fc        0x0 build/cooja/mtype985.a(ringbuf.o)
 .data          0x00000000000337fc        0x0 build/cooja/mtype985.a(memb.o)
 .data          0x00000000000337fc        0x0 build/cooja/mtype985.a(assert.o)
 .data          0x00000000000337fc        0x0 build/cooja/mtype985.a(nbr-table.o)
 .data.rel.local
                0x00000000000337fc       0x10 build/cooja/mtype985.a(nbr-table.o)
 .data          0x000000000003380c        0x0 build/cooja/mtype985.a(link-stats.o)
 .data.rel.local
                0x000000000003380c       0x14 build/cooja/mtype985.a(link-stats.o)
 .data          0x0000000000033820        0x0 build/cooja/mtype985.a(mac-sequence.o)
 .data          0x0000000000033820        0x0 build/cooja/mtype985.a(mac.o)
 .data          0x0000000000033820        0x0 build/cooja/mtype985.a(framer-802154.o)
 .data          0x0000000000033820        0x2 build/cooja/mtype985.a(frame802154.o)
 .data          0x0000000000033822        0x0 build/cooja/mtype985.a(csma-security.o)
 .data          0x0000000000033822        0x0 build/cooja/mtype985.a(uipbuf.o)
 .data          0x0000000000033822        0x0 build/cooja/mtype985.a(uip-icmp6.o)
 *fill*         0x0000000000033822        0x2 
 .data.rel.local
                0x0000000000033824       0x20 build/cooja/mtype985.a(uip-icmp6.o)
 .data          0x0000000000033844        0x0 build/cooja/mtype985.a(uip-sr.o)
 .data.rel.local
                0x0000000000033844       0x10 build/cooja/mtype985.a(uip-sr.o)
 .data          0x0000000000033854        0x0 build/cooja/mtype985.a(uip-packetqueue)
 .data.rel.local
                0x0000000000033854        0xc build/cooja/mtype985.a(uip-packetqueue)
 .data          0x0000000000033860        0x0 build/cooja/mtype985.a(rpl-nbr-policy.)
 .data          0x0000000000033860        0x0 build/cooja/mtype985.a(rpl-neighbor.o)
 .data.rel.local
                0x0000000000033860       0x14 build/cooja/mtype985.a(rpl-neighbor.o)
                0x0000000000033870                rpl_neighbors
 .data          0x0000000000033874        0x0 build/cooja/mtype985.a(rpl-dag.o)
 .data          0x0000000000033874        0x0 build/cooja/mtype985.a(rpl-timers.o)
 .data          0x0000000000033874        0x0 build/cooja/mtype985.a(rpl-ext-header.)
 .data          0x0000000000033874        0x0 build/cooja/mtype985.a(rpl-mrhof.o)
 *fill*         0x0000000000033874        0xc 
 .data.rel.local
                0x0000000000033880       0x24 build/cooja/mtype985.a(rpl-mrhof.o)
                0x0000000000033880                rpl_mrhof
 .data          0x00000000000338a4        0x0 /usr/lib/i386-linux-gnu/libc_nonshared.a(stack_chk_fail_local.oS)
 .data          0x00000000000338a4        0x0 /usr/lib/gcc/i686-linux-gnu/7/crtendS.o
 .data          0x00000000000338a4        0x0 /usr/lib/gcc/i686-linux-gnu/7/../../../i386-linux-gnu/crtn.o

.tm_clone_table
                0x00000000000338a4        0x0
 .tm_clone_table
                0x00000000000338a4        0x0 /usr/lib/gcc/i686-linux-gnu/7/crtbeginS.o
 .tm_clone_table
                0x00000000000338a4        0x0 /usr/lib/gcc/i686-linux-gnu/7/crtendS.o

.data1
 *(.data1)
                0x00000000000338a4                _edata = .
                [!provide]                        PROVIDE (edata = .)
                0x00000000000338a4                . = .
                0x00000000000338a4                __bss_start = .

.bss            0x00000000000338c0    0x144c4
 *(.dynbss)
 .dynbss        0x00000000000338c0        0x0 /usr/lib/gcc/i686-linux-gnu/7/../../../i386-linux-gnu/crti.o
 *(.bss .bss.* .gnu.linkonce.b.*)
 .bss           0x00000000000338c0        0x0 /usr/lib/gcc/i686-linux-gnu/7/../../../i386-linux-gnu/crti.o
 .bss           0x00000000000338c0        0x1 /usr/lib/gcc/i686-linux-gnu/7/crtbeginS.o
 *fill*         0x00000000000338c1       0x1f 
 .bss           0x00000000000338e0      0xa81 temperature-sensor.o
 *fill*         0x0000000000034361       0x1f 
 .bss           0x0000000000034380     0x2040 build/cooja/mtype985.o
 .bss           0x00000000000363c0        0x1 build/cooja/mtype985.a(simEnvChange.o)
                0x00000000000363c0                simDontFallAsleep
 *fill*         0x00000000000363c1        0x3 
 .bss           0x00000000000363c4        0x4 build/cooja/mtype985.a(cooja_mt.o)
 .bss           0x00000000000363c8        0x4 build/cooja/mtype985.a(cooja_mtarch.o)
 .bss           0x00000000000363cc        0x0 build/cooja/mtype985.a(rtimer-arch.o)
 .bss           0x00000000000363cc        0x0 build/cooja/mtype985.a(beep.o)
 .bss           0x00000000000363cc        0x1 build/cooja/mtype985.a(leds-arch.o)
                0x00000000000363cc                simLedsValue
 .bss           0x00000000000363cd        0x0 build/cooja/mtype985.a(moteid.o)
 .bss           0x00000000000363cd        0x1 build/cooja/mtype985.a(pir-sensor.o)
                0x00000000000363cd                simPirValue
 *fill*         0x00000000000363ce        0x2 
 .bss           0x00000000000363d0        0x4 build/cooja/mtype985.a(rs232.o)
 .bss           0x00000000000363d4        0x1 build/cooja/mtype985.a(vib-sensor.o)
                0x00000000000363d4                simVibValue
 .bss           0x00000000000363d5        0x0 build/cooja/mtype985.a(clock.o)
 *fill*         0x00000000000363d5        0xb 
 .bss           0x00000000000363e0     0x2020 build/cooja/mtype985.a(cooja-log.o)
 .bss           0x0000000000038400      0xfc0 build/cooja/mtype985.a(cfs-cooja.o)
                0x0000000000038400                simCFSData
                0x00000000000393a0                simCFSSize
                0x00000000000393a4                simCFSChanged
                0x00000000000393a8                simCFSRead
                0x00000000000393ac                simCFSWritten
 .bss           0x00000000000393c0       0x24 build/cooja/mtype985.a(cooja-radio.o)
                0x00000000000393c0                simReceiving
                0x00000000000393c4                simInSize
                0x00000000000393c8                simLastPacketTimestamp
                0x00000000000393d0                simOutSize
 .bss           0x00000000000393e4        0xc build/cooja/mtype985.a(eeprom.o)
                0x00000000000393e4                simEEPROMChanged
                0x00000000000393e8                simEEPROMRead
                0x00000000000393ec                simEEPROMWritten
 .bss           0x00000000000393f0        0x0 build/cooja/mtype985.a(random.o)
 .bss           0x00000000000393f0        0xc build/cooja/mtype985.a(sensors.o)
 .bss           0x00000000000393fc        0x0 build/cooja/mtype985.a(leds.o)
 .bss           0x00000000000393fc       0x24 build/cooja/mtype985.a(gpio-hal-arch.o)
 .bss           0x0000000000039420        0x0 build/cooja/mtype985.a(buttons.o)
 .bss           0x0000000000039420       0x15 build/cooja/mtype985.a(mqtt.o)
 .bss           0x0000000000039435        0x0 build/cooja/mtype985.a(contiki-main.o)
 .bss           0x0000000000039435        0x0 build/cooja/mtype985.a(autostart.o)
 *fill*         0x0000000000039435        0x3 
 .bss           0x0000000000039438        0x5 build/cooja/mtype985.a(ctimer.o)
 *fill*         0x000000000003943d        0x3 
 .bss           0x0000000000039440       0x2c build/cooja/mtype985.a(log.o)
                0x0000000000039440                curr_log_level_rpl
                0x0000000000039444                curr_log_level_tcpip
                0x0000000000039448                curr_log_level_ipv6
                0x000000000003944c                curr_log_level_6lowpan
                0x0000000000039450                curr_log_level_nullnet
                0x0000000000039454                curr_log_level_mac
                0x0000000000039458                curr_log_level_framer
                0x000000000003945c                curr_log_level_6top
                0x0000000000039460                curr_log_level_coap
                0x0000000000039464                curr_log_level_snmp
                0x0000000000039468                curr_log_level_lwm2m
 .bss           0x000000000003946c        0x0 build/cooja/mtype985.a(energest.o)
 .bss           0x000000000003946c        0x8 build/cooja/mtype985.a(etimer.o)
 .bss           0x0000000000039474        0x2 build/cooja/mtype985.a(node-id.o)
                0x0000000000039474                node_id
 *fill*         0x0000000000039476        0x2 
 .bss           0x0000000000039478        0x4 build/cooja/mtype985.a(rtimer.o)
 *fill*         0x000000000003947c        0x4 
 .bss           0x0000000000039480      0x1a1 build/cooja/mtype985.a(process.o)
                0x0000000000039480                process_list
                0x0000000000039484                process_current
 .bss           0x0000000000039621        0x0 build/cooja/mtype985.a(timer.o)
 .bss           0x0000000000039621        0x0 build/cooja/mtype985.a(list.o)
 *fill*         0x0000000000039621        0x3 
 .bss           0x0000000000039624       0x10 build/cooja/mtype985.a(button-hal.o)
 *fill*         0x0000000000039634        0xc 
 .bss           0x0000000000039640      0x140 build/cooja/mtype985.a(serial-line.o)
 .bss           0x0000000000039780        0x4 build/cooja/mtype985.a(gpio-hal.o)
 *fill*         0x0000000000039784       0x1c 
 .bss           0x00000000000397a0     0x2c80 build/cooja/mtype985.a(queuebuf.o)
 .bss           0x000000000003c420       0xa0 build/cooja/mtype985.a(packetbuf.o)
 .bss           0x000000000003c4c0        0x4 build/cooja/mtype985.a(netstack.o)
 .bss           0x000000000003c4c4        0x0 build/cooja/mtype985.a(linkaddr.o)
 .bss           0x000000000003c4c4        0x0 build/cooja/mtype985.a(csma.o)
 *fill*         0x000000000003c4c4       0x1c 
 .bss           0x000000000003c4e0      0x726 build/cooja/mtype985.a(csma-output.o)
 *fill*         0x000000000003cc06        0x2 
 .bss           0x000000000003cc08       0x30 build/cooja/mtype985.a(uip-ds6.o)
 .bss           0x000000000003cc38        0x5 build/cooja/mtype985.a(tcp-socket.o)
 *fill*         0x000000000003cc3d        0x3 
 .bss           0x000000000003cc40       0x60 build/cooja/mtype985.a(uip-ds6-route.o)
 .bss           0x000000000003cca0       0xc4 build/cooja/mtype985.a(tcpip.o)
 .bss           0x000000000003cd64        0xc build/cooja/mtype985.a(uip6.o)
                0x000000000003cd64                uip_ext_bitmap
                0x000000000003cd66                uip_ext_len
                0x000000000003cd68                uip_last_proto
 *fill*         0x000000000003cd70       0x10 
 .bss           0x000000000003cd80     0x1c20 build/cooja/mtype985.a(uip-ds6-nbr.o)
 .bss           0x000000000003e9a0       0x10 build/cooja/mtype985.a(uip-nd6.o)
 *fill*         0x000000000003e9b0       0x10 
 .bss           0x000000000003e9c0      0x724 build/cooja/mtype985.a(sicslowpan.o)
 .bss           0x000000000003f0e4        0x0 build/cooja/mtype985.a(uiplib.o)
 .bss           0x000000000003f0e4        0x1 build/cooja/mtype985.a(rpl.o)
 .bss           0x000000000003f0e5        0x0 build/cooja/mtype985.a(rpl-icmp6.o)
 *fill*         0x000000000003f0e5        0x3 
 .bss           0x000000000003f0e8       0x11 build/cooja/mtype985.a(rpl-dag-root.o)
 .bss           0x000000000003f0f9        0x0 build/cooja/mtype985.a(watchdog.o)
 *fill*         0x000000000003f0f9        0x3 
 .bss           0x000000000003f0fc        0x4 build/cooja/mtype985.a(int-master.o)
 .bss           0x000000000003f100        0x0 build/cooja/mtype985.a(stimer.o)
 .bss           0x000000000003f100        0x0 build/cooja/mtype985.a(ringbuf.o)
 .bss           0x000000000003f100        0x0 build/cooja/mtype985.a(memb.o)
 .bss           0x000000000003f100        0x0 build/cooja/mtype985.a(assert.o)
 .bss           0x000000000003f100     0x1214 build/cooja/mtype985.a(nbr-table.o)
 *fill*         0x0000000000040314        0xc 
 .bss           0x0000000000040320      0xe10 build/cooja/mtype985.a(link-stats.o)
 *fill*         0x0000000000041130       0x10 
 .bss           0x0000000000041140      0x100 build/cooja/mtype985.a(mac-sequence.o)
 .bss           0x0000000000041240        0x0 build/cooja/mtype985.a(mac.o)
 .bss           0x0000000000041240        0x2 build/cooja/mtype985.a(framer-802154.o)
 .bss           0x0000000000041242        0x0 build/cooja/mtype985.a(frame802154.o)
 .bss           0x0000000000041242        0x0 build/cooja/mtype985.a(csma-security.o)
 *fill*         0x0000000000041242        0x2 
 .bss           0x0000000000041244       0x20 build/cooja/mtype985.a(uipbuf.o)
 .bss           0x0000000000041264       0x18 build/cooja/mtype985.a(uip-icmp6.o)
 *fill*         0x000000000004127c        0x4 
 .bss           0x0000000000041280     0x1d80 build/cooja/mtype985.a(uip-sr.o)
 .bss           0x0000000000043000      0xa78 build/cooja/mtype985.a(uip-packetqueue)
 .bss           0x0000000000043a78        0x0 build/cooja/mtype985.a(rpl-nbr-policy.)
 *fill*         0x0000000000043a78        0x8 
 .bss           0x0000000000043a80      0x960 build/cooja/mtype985.a(rpl-neighbor.o)
 .bss           0x00000000000443e0        0x0 build/cooja/mtype985.a(rpl-dag.o)
 .bss           0x00000000000443e0       0x40 build/cooja/mtype985.a(rpl-timers.o)
 .bss           0x0000000000044420        0x0 build/cooja/mtype985.a(rpl-ext-header.)
 .bss           0x0000000000044420        0x0 build/cooja/mtype985.a(rpl-mrhof.o)
 .bss           0x0000000000044420        0x0 /usr/lib/i386-linux-gnu/libc_nonshared.a(stack_chk_fail_local.oS)
 .bss           0x0000000000044420        0x0 /usr/lib/gcc/i686-linux-gnu/7/crtendS.o
 .bss           0x0000000000044420        0x0 /usr/lib/gcc/i686-linux-gnu/7/../../../i386-linux-gnu/crtn.o
 *(COMMON)
 COMMON         0x0000000000044420        0x8 build/cooja/mtype985.o
                0x0000000000044420                referenceVar
                0x0000000000044424                sensors_flags
 COMMON         0x0000000000044428        0xc build/cooja/mtype985.a(simEnvChange.o)
                0x0000000000044428                simEtimerPending
                0x000000000004442c                simProcessRunValue
                0x0000000000044430                simEtimerNextExpirationTime
 *fill*         0x0000000000044434        0x4 
 COMMON         0x0000000000044438       0x18 build/cooja/mtype985.a(rtimer-arch.o)
                0x0000000000044438                simRtimerPending