Archive member included to satisfy reference by file (symbol)

build/cooja/mtype820.a(simEnvChange.o)
                              build/cooja/mtype820.o (simDontFallAsleep)
build/cooja/mtype820.a(cooja_mt.o)
                              build/cooja/mtype820.o (cooja_mt_start)
build/cooja/mtype820.a(cooja_mtarch.o)
                              build/cooja/mtype820.a(cooja_mt.o) (cooja_mtarch_start)
build/cooja/mtype820.a(rtimer-arch.o)
                              build/cooja/mtype820.o (rtimer_arch_check)
build/cooja/mtype820.a(beep.o)
                              build/cooja/mtype820.o (beep_interface)
build/cooja/mtype820.a(leds-arch.o)
                              build/cooja/mtype820.o (leds_interface)
build/cooja/mtype820.a(moteid.o)
                              build/cooja/mtype820.o (moteid_interface)
build/cooja/mtype820.a(pir-sensor.o)
                              build/cooja/mtype820.o (pir_interface)
build/cooja/mtype820.a(rs232.o)
                              build/cooja/mtype820.o (rs232_interface)
build/cooja/mtype820.a(vib-sensor.o)
                              build/cooja/mtype820.o (vib_interface)
build/cooja/mtype820.a(clock.o)
                              build/cooja/mtype820.o (clock_interface)
build/cooja/mtype820.a(cooja-log.o)
                              build/cooja/mtype820.o (simlog_interface)
build/cooja/mtype820.a(cfs-cooja.o)
                              build/cooja/mtype820.o (cfs_interface)
build/cooja/mtype820.a(cooja-radio.o)
                              build/cooja/mtype820.o (radio_interface)
build/cooja/mtype820.a(eeprom.o)
                              build/cooja/mtype820.o (eeprom_interface)
build/cooja/mtype820.a(random.o)
                              build/cooja/mtype820.a(moteid.o) (random_init)
build/cooja/mtype820.a(sensors.o)
                              build/cooja/mtype820.a(pir-sensor.o) (sensors_changed)
build/cooja/mtype820.a(leds.o)
                              build/cooja/mtype820.a(leds-arch.o) (leds_get)
build/cooja/mtype820.a(gpio-hal-arch.o)
                              build/cooja/mtype820.a(leds-arch.o) (gpio_hal_arch_register_pin_callback)
build/cooja/mtype820.a(buttons.o)
                              build/cooja/mtype820.o (button_interface)
build/cooja/mtype820.a(mqtt.o)
                              temperature-sensor.o (mqtt_register)
build/cooja/mtype820.a(contiki-main.o)
                              build/cooja/mtype820.o (main)
build/cooja/mtype820.a(autostart.o)
                              build/cooja/mtype820.a(contiki-main.o) (autostart_start)
build/cooja/mtype820.a(ctimer.o)
                              build/cooja/mtype820.a(contiki-main.o) (ctimer_init)
build/cooja/mtype820.a(log.o)
                              build/cooja/mtype820.a(contiki-main.o) (curr_log_level_main)
build/cooja/mtype820.a(energest.o)
                              build/cooja/mtype820.a(contiki-main.o) (energest_init)
build/cooja/mtype820.a(etimer.o)
                              build/cooja/mtype820.a(contiki-main.o) (etimer_process)
build/cooja/mtype820.a(node-id.o)
                              build/cooja/mtype820.a(contiki-main.o) (node_id)
build/cooja/mtype820.a(rtimer.o)
                              build/cooja/mtype820.a(contiki-main.o) (rtimer_init)
build/cooja/mtype820.a(process.o)
                              build/cooja/mtype820.a(mqtt.o) (process_current)
build/cooja/mtype820.a(timer.o)
                              build/cooja/mtype820.a(mqtt.o) (timer_set)
build/cooja/mtype820.a(list.o)
                              build/cooja/mtype820.a(mqtt.o) (list_init)
build/cooja/mtype820.a(button-hal.o)
                              build/cooja/mtype820.o (button_hal_init)
build/cooja/mtype820.a(serial-line.o)
                              build/cooja/mtype820.a(rs232.o) (serial_line_input_byte)
build/cooja/mtype820.a(gpio-hal.o)
                              build/cooja/mtype820.a(button-hal.o) (gpio_hal_register_handler)
build/cooja/mtype820.a(queuebuf.o)
                              build/cooja/mtype820.a(contiki-main.o) (queuebuf_init)
build/cooja/mtype820.a(packetbuf.o)
                              build/cooja/mtype820.a(cooja-radio.o) (packetbuf_clear)
build/cooja/mtype820.a(netstack.o)
                              build/cooja/mtype820.a(contiki-main.o) (netstack_init)
build/cooja/mtype820.a(linkaddr.o)
                              temperature-sensor.o (linkaddr_node_addr)
build/cooja/mtype820.a(csma.o)
                              build/cooja/mtype820.a(cooja-radio.o) (csma_driver)
build/cooja/mtype820.a(csma-output.o)
                              build/cooja/mtype820.a(csma.o) (csma_output_packet)
build/cooja/mtype820.a(uip-ds6.o)
                              build/cooja/mtype820.a(contiki-main.o) (uip_ds6_get_link_local)
build/cooja/mtype820.a(tcp-socket.o)
                              build/cooja/mtype820.a(mqtt.o) (tcp_socket_register)
build/cooja/mtype820.a(uip-ds6-route.o)
[...]
Memory Configuration

Name             Origin             Length             Attributes
*default*        0x0000000000000000 0xffffffffffffffff

Linker script and memory map

LOAD /usr/lib/gcc/i686-linux-gnu/7/../../../i386-linux-gnu/crti.o
LOAD /usr/lib/gcc/i686-linux-gnu/7/crtbeginS.o
LOAD temperature-sensor.o
LOAD build/cooja/mtype820.o
LOAD build/cooja/mtype820.a
LOAD /usr/lib/gcc/i686-linux-gnu/7/libgcc.a
LOAD /usr/lib/gcc/i686-linux-gnu/7/libgcc_s.so
START GROUP
LOAD /usr/lib/gcc/i686-linux-gnu/7/libgcc_s.so.1
LOAD /usr/lib/gcc/i686-linux-gnu/7/libgcc.a
END GROUP
LOAD /usr/lib/gcc/i686-linux-gnu/7/../../../i386-linux-gnu/libc.so
START GROUP
LOAD /lib/i386-linux-gnu/libc.so.6
LOAD /usr/lib/i386-linux-gnu/libc_nonshared.a
LOAD /lib/i386-linux-gnu/ld-linux.so.2
END GROUP
LOAD /usr/lib/gcc/i686-linux-gnu/7/libgcc.a
LOAD /usr/lib/gcc/i686-linux-gnu/7/libgcc_s.so
START GROUP
LOAD /usr/lib/gcc/i686-linux-gnu/7/libgcc_s.so.1
LOAD /usr/lib/gcc/i686-linux-gnu/7/libgcc.a
END GROUP
LOAD /usr/lib/gcc/i686-linux-gnu/7/crtendS.o
LOAD /usr/lib/gcc/i686-linux-gnu/7/../../../i386-linux-gnu/crtn.o
                0x0000000000000114                . = (SEGMENT_START ("text-segment", 0x0) + SIZEOF_HEADERS)

.note.gnu.build-id
                0x0000000000000114       0x24
 *(.note.gnu.build-id)
 .note.gnu.build-id
                0x0000000000000114       0x24 /usr/lib/gcc/i686-linux-gnu/7/../../../i386-linux-gnu/crti.o

.hash
 *(.hash)

.gnu.hash       0x0000000000000138     0x14b0
 *(.gnu.hash)
 .gnu.hash      0x0000000000000138     0x14b0 /usr/lib/gcc/i686-linux-gnu/7/../../../i386-linux-gnu/crti.o

.dynsym         0x00000000000015e8     0x2b10
 *(.dynsym)
 .dynsym        0x00000000000015e8     0x2b10 /usr/lib/gcc/i686-linux-gnu/7/../../../i386-linux-gnu/crti.o

.dynstr         0x00000000000040f8     0x3096
 *(.dynstr)
 .dynstr        0x00000000000040f8     0x3096 /usr/lib/gcc/i686-linux-gnu/7/../../../i386-linux-gnu/crti.o

.gnu.version    0x000000000000718e      0x562
 *(.gnu.version)
 .gnu.version   0x000000000000718e      0x562 /usr/lib/gcc/i686-linux-gnu/7/../../../i386-linux-gnu/crti.o

.gnu.version_d  0x00000000000076f0        0x0
 *(.gnu.version_d)
 .gnu.version_d
                0x00000000000076f0        0x0 /usr/lib/gcc/i686-linux-gnu/7/../../../i386-linux-gnu/crti.o

.gnu.version_r  0x00000000000076f0       0x40
 *(.gnu.version_r)
 .gnu.version_r
                0x00000000000076f0       0x40 /usr/lib/gcc/i686-linux-gnu/7/../../../i386-linux-gnu/crti.o

.rel.dyn        0x0000000000007730      0xe90
 *(.rel.init)
 .rel.init      0x0000000000007730        0x0 /usr/lib/gcc/i686-linux-gnu/7/../../../i386-linux-gnu/crti.o
 *(.rel.text .rel.text.* .rel.gnu.linkonce.t.*)
 .rel.text      0x0000000000007730      0x588 /usr/lib/gcc/i686-linux-gnu/7/../../../i386-linux-gnu/crti.o
 *(.rel.fini)
 .rel.fini      0x0000000000007cb8        0x0 /usr/lib/gcc/i686-linux-gnu/7/../../../i386-linux-gnu/crti.o
 *(.rel.rodata .rel.rodata.* .rel.gnu.linkonce.r.*)
 *(.rel.data.rel.ro .rel.data.rel.ro.* .rel.gnu.linkonce.d.rel.ro.*)
 .rel.data.rel.ro.local
                0x0000000000007cb8      0x208 /usr/lib/gcc/i686-linux-gnu/7/../../../i386-linux-gnu/crti.o
 .rel.data.rel.ro
                0x0000000000007ec0       0xb0 /usr/lib/gcc/i686-linux-gnu/7/../../../i386-linux-gnu/crti.o
 *(.rel.data .rel.data.* .rel.gnu.linkonce.d.*)
 .rel.data.rel.local
                0x0000000000007f70      0x318 /usr/lib/gcc/i686-linux-gnu/7/../../../i386-linux-gnu/crti.o
 .rel.data.rel  0x0000000000008288       0x78 /usr/lib/gcc/i686-linux-gnu/7/../../../i386-linux-gnu/crti.o
 *(.rel.tdata .rel.tdata.* .rel.gnu.linkonce.td.*)
 *(.rel.tbss .rel.tbss.* .rel.gnu.linkonce.tb.*)
 *(.rel.ctors)
 *(.rel.dtors)
 *(.rel.got)
 .rel.got       0x0000000000008300      0x2b0 /usr/lib/gcc/i686-linux-gnu/7/../../../i386-linux-gnu/crti.o
 *(.rel.bss .rel.bss.* .rel.gnu.linkonce.b.*)
 *(.rel.ifunc)
 .rel.ifunc     0x00000000000085b0        0x0 /usr/lib/gcc/i686-linux-gnu/7/../../../i386-linux-gnu/crti.o
 .rel.fini_array
                0x00000000000085b0        0x8 /usr/lib/gcc/i686-linux-gnu/7/../../../i386-linux-gnu/crti.o
 .rel.init_array
                0x00000000000085b8        0x8 /usr/lib/gcc/i686-linux-gnu/7/../../../i386-linux-gnu/crti.o

.rel.plt        0x00000000000085c0      0x9d8
 *(.rel.plt)
 .rel.plt       0x00000000000085c0      0x9d8 /usr/lib/gcc/i686-linux-gnu/7/../../../i386-linux-gnu/crti.o
 *(.rel.iplt)

.init           0x0000000000008f98       0x23
 *(SORT_NONE(.init))
 .init          0x0000000000008f98       0x1e /usr/lib/gcc/i686-linux-gnu/7/../../../i386-linux-gnu/crti.o
                0x0000000000008f98                _init
 .init          0x0000000000008fb6        0x5 /usr/lib/gcc/i686-linux-gnu/7/../../../i386-linux-gnu/crtn.o

.plt            0x0000000000008fc0     0x13c0
 *(.plt)
 .plt           0x0000000000008fc0     0x13c0 /usr/lib/gcc/i686-linux-gnu/7/../../../i386-linux-gnu/crti.o
 *(.iplt)

.plt.got        0x000000000000a380       0x18
 *(.plt.got)
 .plt.got       0x000000000000a380       0x18 /usr/lib/gcc/i686-linux-gnu/7/../../../i386-linux-gnu/crti.o

.plt.sec
 *(.plt.sec)

.text           0x000000000000a3a0    0x1e764
 *(.text.unlikely .text.*_unlikely .text.unlikely.*)
 *(.text.exit .text.exit.*)
 *(.text.startup .text.startup.*)
 *(.text.hot .text.hot.*)
 *(.text .stub .text.* .gnu.linkonce.t.*)
 .text          0x000000000000a3a0        0x0 /usr/lib/gcc/i686-linux-gnu/7/../../../i386-linux-gnu/crti.o
 .gnu.linkonce.t.__x86.get_pc_thunk.bx
                0x000000000000a3a0        0x4 /usr/lib/gcc/i686-linux-gnu/7/../../../i386-linux-gnu/crti.o
                0x000000000000a3a0                __x86.get_pc_thunk.bx
 *fill*         0x000000000000a3a4        0xc 
 .text          0x000000000000a3b0       0xe9 /usr/lib/gcc/i686-linux-gnu/7/crtbeginS.o
 .text.__x86.get_pc_thunk.dx
                0x000000000000a499        0x4 /usr/lib/gcc/i686-linux-gnu/7/crtbeginS.o
                0x000000000000a499                __x86.get_pc_thunk.dx
 .text          0x000000000000a49d      0x7ba temperature-sensor.o
 .text          0x000000000000ac57      0x36b build/cooja/mtype820.o
                0x000000000000ad09                platform_init_stage_one
                0x000000000000ad2c                platform_init_stage_two
                0x000000000000ad4f                platform_init_stage_three
                0x000000000000ad72                platform_main_loop
                0x000000000000ae18                Java_org_contikios_cooja_corecomm_Lib8_init
                0x000000000000ae66                Java_org_contikios_cooja_corecomm_Lib8_getMemory
                0x000000000000aea6                Java_org_contikios_cooja_corecomm_Lib8_setMemory
                0x000000000000af17                Java_org_contikios_cooja_corecomm_Lib8_tick
                0x000000000000afa1                Java_org_contikios_cooja_corecomm_Lib8_setReferenceAddress
 .text.__x86.get_pc_thunk.ax
                0x000000000000afc2        0x4 build/cooja/mtype820.o
                0x000000000000afc2                __x86.get_pc_thunk.ax
 .text          0x000000000000afc6       0x8d build/cooja/mtype820.a(simEnvChange.o)
                0x000000000000afc6                doActionsBeforeTick
                0x000000000000b00c                doActionsAfterTick
 .text          0x000000000000b053       0xb6 build/cooja/mtype820.a(cooja_mt.o)
                0x000000000000b053                cooja_mt_start
                0x000000000000b08d                cooja_mt_exec
                0x000000000000b0d4                cooja_mt_yield
 .text          0x000000000000b109       0xf2 build/cooja/mtype820.a(cooja_mtarch.o)
                0x000000000000b109                cooja_mtarch_start
                0x000000000000b18d                cooja_sw
                0x000000000000b1bb                cooja_mtarch_exec
                0x000000000000b1e6                cooja_mtarch_yield
 .text          0x000000000000b1fb      0x127 build/cooja/mtype820.a(rtimer-arch.o)
                0x000000000000b1fb                rtimer_arch_init
                0x000000000000b22a                rtimer_arch_schedule
                0x000000000000b26c                rtimer_arch_next
                0x000000000000b286                rtimer_arch_pending
                0x000000000000b29d                rtimer_arch_check
                0x000000000000b308                rtimer_arch_now
 .text.__x86.get_pc_thunk.cx
                0x000000000000b322        0x4 build/cooja/mtype820.a(rtimer-arch.o)
                0x000000000000b322                __x86.get_pc_thunk.cx
 .text          0x000000000000b326      0x101 build/cooja/mtype820.a(beep.o)
                0x000000000000b326                beep_alarm
                0x000000000000b33f                beep_beep
                0x000000000000b358                beep
                0x000000000000b371                beep_down
                0x000000000000b38a                beep_on
                0x000000000000b3a3                beep_off
                0x000000000000b3bc                beep_spinup
                0x000000000000b3d5                beep_quick
                0x000000000000b3ee                beep_long
 .text          0x000000000000b427       0x9f build/cooja/mtype820.a(leds-arch.o)
                0x000000000000b44b                leds_arch_init
 .text          0x000000000000b4c6       0x56 build/cooja/mtype820.a(moteid.o)
 .text          0x000000000000b51c      0x101 build/cooja/mtype820.a(pir-sensor.o)
 .text          0x000000000000b61d      0x1cc build/cooja/mtype820.a(rs232.o)
                0x000000000000b61d                rs232_init
                0x000000000000b62d                rs232_set_speed
                0x000000000000b646                rs232_set_input
                0x000000000000b65f                rs232_send
                0x000000000000b695                rs232_print
                0x000000000000b6c3                slip_arch_writeb
 .text          0x000000000000b7e9      0x101 build/cooja/mtype820.a(vib-sensor.o)
 .text          0x000000000000b8ea       0x7a build/cooja/mtype820.a(clock.o)
                0x000000000000b8ea                clock_init
                0x000000000000b8fa                clock_time
                0x000000000000b911                clock_seconds
                0x000000000000b934                clock_delay
 .text          0x000000000000b964      0x2b5 build/cooja/mtype820.a(cooja-log.o)
                0x000000000000b964                simlog_char
                0x000000000000b9c8                simlog
                0x000000000000ba62                log_message
                0x000000000000bab1                log_set_putchar_with_slip
                0x000000000000baca                log_putchar
                0x000000000000bb55                log_puts
                0x000000000000bb87                log_printf
 .text          0x000000000000bc19      0x36c build/cooja/mtype820.a(cfs-cooja.o)
                0x000000000000bc19                cfs_open
                0x000000000000bc91                cfs_close
                0x000000000000bca8                cfs_read
                0x000000000000bd5c                cfs_write
                0x000000000000be5a                cfs_seek
                0x000000000000bef7                cfs_remove
                0x000000000000bf2d                cfs_opendir
                0x000000000000bf41                cfs_readdir
                0x000000000000bf55                cfs_closedir
 .text          0x000000000000bf85      0x78b build/cooja/mtype820.a(cooja-radio.o)
                0x000000000000bff3                radio_set_channel
                0x000000000000c00c                radio_set_txpower
                0x000000000000c02f                radio_signal_strength_last
                0x000000000000c044                radio_signal_strength_current
                0x000000000000c059                radio_LQI
 .text          0x000000000000c710      0x130 build/cooja/mtype820.a(eeprom.o)
                0x000000000000c710                eeprom_init
                0x000000000000c720                eeprom_read
                0x000000000000c7a0                eeprom_write
 .text          0x000000000000c840       0x4e build/cooja/mtype820.a(random.o)
                0x000000000000c840                random_init
                0x000000000000c870                random_rand
 .text          0x000000000000c88e      0x332 build/cooja/mtype820.a(sensors.o)
                0x000000000000c8d5                sensors_first
                0x000000000000c8ec                sensors_next
                0x000000000000c917                sensors_changed
                0x000000000000c964                sensors_find
 .text          0x000000000000cbc0      0x3fc build/cooja/mtype820.a(leds.o)
                0x000000000000cbc0                leds_init
                0x000000000000cc18                leds_single_on
                0x000000000000cc90                leds_single_off
                0x000000000000cd08                leds_single_toggle
                0x000000000000cd4c                leds_on
                0x000000000000cde4                leds_off
                0x000000000000ce7c                leds_toggle
                0x000000000000cee2                leds_set
                0x000000000000cf18                leds_get
 .text          0x000000000000cfbc      0x401 build/cooja/mtype820.a(gpio-hal-arch.o)
                0x000000000000cfbc                gpio_hal_arch_register_pin_callback
                0x000000000000d03d                gpio_hal_arch_init
                0x000000000000d097                gpio_hal_arch_no_port_interrupt_enable
                0x000000000000d0d1                gpio_hal_arch_no_port_interrupt_disable
                0x000000000000d10b                gpio_hal_arch_no_port_pin_cfg_set
                0x000000000000d13a                gpio_hal_arch_no_port_pin_cfg_get
                0x000000000000d16a                gpio_hal_arch_no_port_pin_set_input
                0x000000000000d186                gpio_hal_arch_no_port_pin_set_output
                0x000000000000d1a2                gpio_hal_arch_no_port_set_pin
                0x000000000000d1cd                gpio_hal_arch_no_port_clear_pin
                0x000000000000d1f8                gpio_hal_arch_no_port_read_pin
                0x000000000000d22a                gpio_hal_arch_no_port_write_pin
                0x000000000000d25e                gpio_hal_arch_no_port_set_pins
                0x000000000000d2af                gpio_hal_arch_no_port_clear_pins
                0x000000000000d300                gpio_hal_arch_no_port_read_pins
                0x000000000000d353                gpio_hal_arch_no_port_write_pins
 .text          0x000000000000d3bd       0xc6 build/cooja/mtype820.a(buttons.o)
 .text          0x000000000000d483     0x3c24 build/cooja/mtype820.a(mqtt.o)
                0x000000000000d8ae                mqtt_decode_var_byte_int
                0x000000000000d9a1                mqtt_encode_var_byte_int
                0x00000000000109c4                mqtt_init
                0x0000000000010aaf                mqtt_register
                0x0000000000010b5c                mqtt_connect
                0x0000000000010ca0                mqtt_disconnect
                0x0000000000010cf0                mqtt_subscribe
                0x0000000000010dd4                mqtt_unsubscribe
                0x0000000000010eac                mqtt_publish
                0x0000000000010fb4                mqtt_set_username_password
                0x0000000000011049                mqtt_set_last_will
 .text          0x00000000000110a7      0x3c1 build/cooja/mtype820.a(contiki-main.o)
                0x00000000000110a7                main
 .text          0x0000000000011468       0xb0 build/cooja/mtype820.a(autostart.o)
                0x0000000000011468                autostart_start
                0x00000000000114c1                autostart_exit
 .text          0x0000000000011518      0x400 build/cooja/mtype820.a(ctimer.o)
                0x000000000001165b                ctimer_init
                0x00000000000116a0                ctimer_set
                0x00000000000116d3                ctimer_set_with_process
                0x000000000001176a                ctimer_reset
                0x00000000000117d8                ctimer_restart
                0x0000000000011846                ctimer_stop
                0x00000000000118a6                ctimer_expired
 .text          0x0000000000011918      0x4a3 build/cooja/mtype820.a(log.o)
                0x0000000000011918                log_6addr
                0x000000000001197c                log_6addr_compact_snprint
                0x0000000000011a3c                log_6addr_compact
                0x0000000000011aa0                log_lladdr
                0x0000000000011b27                log_lladdr_compact
                0x0000000000011ba4                log_bytes
                0x0000000000011bf8                log_set_level
                0x0000000000011cd6                log_get_level
                0x0000000000011d67                log_level_to_str
 .text          0x0000000000011dbb       0x39 build/cooja/mtype820.a(energest.o)
                0x0000000000011dbb                energest_init
                0x0000000000011dcb                energest_flush
                0x0000000000011ddb                energest_get_total_time
 .text          0x0000000000011df4      0x527 build/cooja/mtype820.a(etimer.o)
                0x0000000000012049                etimer_request_poll
                0x00000000000120fa                etimer_set
                0x0000000000012133                etimer_reset_with_new_interval
                0x0000000000012172                etimer_reset
                0x00000000000121a8                etimer_restart
                0x00000000000121de                etimer_adjust
                0x0000000000012205                etimer_expired
                0x0000000000012222                etimer_expiration_time
                0x000000000001223e                etimer_start_time
                0x0000000000012252                etimer_pending
                0x000000000001226f                etimer_next_expiration_time
                0x0000000000012297                etimer_stop
 .text          0x000000000001231b       0x36 build/cooja/mtype820.a(node-id.o)
                0x000000000001231b                node_id_init
 .text          0x0000000000012351      0x122 build/cooja/mtype820.a(rtimer.o)
                0x0000000000012351                rtimer_init
                0x0000000000012370                rtimer_set
                0x00000000000123fe                rtimer_run_next
 .text          0x0000000000012473      0x5cb build/cooja/mtype820.a(process.o)
                0x0000000000012473                process_alloc_event
                0x0000000000012494                process_start
                0x0000000000012699                process_exit
                0x00000000000126c1                process_init
                0x0000000000012889                process_run
                0x00000000000128cc                process_nevents
                0x00000000000128f1                process_post
                0x000000000001299e                process_post_synch
                0x00000000000129e4                process_poll
                0x0000000000012a20                process_is_running
 .text.__x86.get_pc_thunk.si
                0x0000000000012a3e        0x4 build/cooja/mtype820.a(process.o)
                0x0000000000012a3e                __x86.get_pc_thunk.si
 .text          0x0000000000012a42       0xf6 build/cooja/mtype820.a(timer.o)
                0x0000000000012a42                timer_set
                0x0000000000012a71                timer_reset
                0x0000000000012aa8                timer_restart
                0x0000000000012ace                timer_expired
                0x0000000000012b0c                timer_remaining
 .text          0x0000000000012b38      0x311 build/cooja/mtype820.a(list.o)
                0x0000000000012b38                list_init
                0x0000000000012b51                list_head
                0x0000000000012b65                list_copy
                0x0000000000012b7f                list_tail
                0x0000000000012bbf                list_add
                0x0000000000012c15                list_push
                0x0000000000012c4b                list_chop
                0x0000000000012cbf                list_pop
                0x0000000000012cf1                list_remove
                0x0000000000012d63                list_length
                0x0000000000012d9b                list_insert
                0x0000000000012dea                list_item_next
                0x0000000000012e0b                list_contains
 .text          0x0000000000012e49      0x566 build/cooja/mtype820.a(button-hal.o)
                0x000000000001303d                button_hal_get_by_id
                0x0000000000013087                button_hal_get_by_index
                0x00000000000130c1                button_hal_get_state
                0x0000000000013123                button_hal_init
 .text          0x00000000000133af      0x242 build/cooja/mtype820.a(serial-line.o)
                0x00000000000133af                serial_line_input_byte
                0x00000000000135a7                serial_line_init
 .text          0x00000000000135f1      0x1d6 build/cooja/mtype820.a(gpio-hal.o)
                0x00000000000135f1                gpio_hal_register_handler
                0x000000000001361f                gpio_hal_event_handler
                0x000000000001368c                gpio_hal_init
                0x00000000000136bb                gpio_hal_arch_port_toggle_pin
                0x0000000000013706                gpio_hal_arch_port_toggle_pins
                0x0000000000013743                gpio_hal_arch_no_port_toggle_pin
                0x0000000000013790                gpio_hal_arch_no_port_toggle_pins
 .text          0x00000000000137c7      0x3a9 build/cooja/mtype820.a(queuebuf.o)
                0x00000000000137db                queuebuf_init
                0x0000000000013817                queuebuf_numfree
                0x0000000000013841                queuebuf_new_from_packetbuf
                0x00000000000138f5                queuebuf_update_attr_from_packetbuf
                0x0000000000013939                queuebuf_update_from_packetbuf
                0x0000000000013998                queuebuf_free
                0x00000000000139f6                queuebuf_to_packetbuf
                0x0000000000013a73                queuebuf_dataptr
                0x0000000000013abf                queuebuf_datalen
                0x0000000000013aec                queuebuf_addr
                0x0000000000013b2b                queuebuf_attr
                0x0000000000013b60                queuebuf_debug_print
 .text          0x0000000000013b70      0x4dd build/cooja/mtype820.a(packetbuf.o)
                0x0000000000013b70                packetbuf_clear
                0x0000000000013ba6                packetbuf_copyfrom
                0x0000000000013c06                packetbuf_copyto
                0x0000000000013ca4                packetbuf_hdralloc
                0x0000000000013d34                packetbuf_hdrreduce
                0x0000000000013d86                packetbuf_set_datalen
                0x0000000000013dab                packetbuf_dataptr
                0x0000000000013dd2                packetbuf_hdrptr
                0x0000000000013de7                packetbuf_datalen
                0x0000000000013dfd                packetbuf_hdrlen
                0x0000000000013e1c                packetbuf_totlen
                0x0000000000013e3c                packetbuf_remaininglen
                0x0000000000013e59                packetbuf_attr_clear
                0x0000000000013ebf                packetbuf_attr_copyto
                0x0000000000013f05                packetbuf_attr_copyfrom
                0x0000000000013f4b                packetbuf_set_attr
                0x0000000000013f81                packetbuf_attr
                0x0000000000013fa7                packetbuf_set_addr
                0x0000000000013fef                packetbuf_addr
                0x0000000000014019                packetbuf_holds_broadcast
 .text          0x000000000001404d      0x13c build/cooja/mtype820.a(netstack.o)
                0x000000000001404d                netstack_process_ip_callback
                0x00000000000140ee                netstack_ip_packet_processor_add
                0x0000000000014122                uip_ds6_ip_packet_processor_rm
                0x0000000000014150                netstack_init
 .text          0x0000000000014189       0x75 build/cooja/mtype820.a(linkaddr.o)
                0x0000000000014189                linkaddr_copy
                0x00000000000141a9                linkaddr_cmp
                0x00000000000141dc                linkaddr_set_node_addr
 .text          0x00000000000141fe      0x2ae build/cooja/mtype820.a(csma.o)
 .text          0x00000000000144ac      0xa6f build/cooja/mtype820.a(csma-output.o)
                0x0000000000014c1e                csma_output_packet
                0x0000000000014ecd                csma_output_init
 .text          0x0000000000014f1b      0xe47 build/cooja/mtype820.a(uip-ds6.o)
                0x0000000000014f1b                uip_ds6_default_prefix
                0x0000000000014f30                uip_ds6_set_default_prefix
                0x0000000000014f66                uip_ds6_init
                0x0000000000015201                uip_ds6_periodic
                0x00000000000152a9                uip_ds6_list_loop
                0x0000000000015378                uip_ds6_prefix_add
                0x000000000001543f                uip_ds6_prefix_rm
                0x000000000001545c                uip_ds6_prefix_lookup
                0x00000000000154af                uip_ds6_is_addr_onlink
                0x000000000001553c                uip_ds6_addr_add
                0x000000000001567e                uip_ds6_addr_rm
                0x000000000001573d                uip_ds6_addr_lookup
                0x000000000001578d                uip_ds6_get_link_local
                0x000000000001582b                uip_ds6_get_global
                0x00000000000158c9                uip_ds6_maddr_add
                0x0000000000015945                uip_ds6_maddr_rm
                0x0000000000015962                uip_ds6_maddr_lookup
                0x00000000000159b5                uip_ds6_aaddr_add
                0x0000000000015a2e                uip_ds6_aaddr_rm
                0x0000000000015a4b                uip_ds6_aaddr_lookup
                0x0000000000015a9b                uip_ds6_select_src
                0x0000000000015c09                uip_ds6_set_addr_iid
                0x0000000000015c3e                uip_ds6_set_lladdr_from_iid
                0x0000000000015c71                get_match_length
                0x0000000000015d0c                uip_ds6_compute_reachable_time
 .text          0x0000000000015d62      0xb4d build/cooja/mtype820.a(tcp-socket.o)
                0x0000000000016479                tcp_socket_register
                0x000000000001651a                tcp_socket_connect
                0x00000000000165cd                tcp_socket_listen
                0x000000000001665d                tcp_socket_unlisten
                0x00000000000166ea                tcp_socket_send
                0x000000000001679a                tcp_socket_send_str
                0x00000000000167d2                tcp_socket_close
                0x0000000000016805                tcp_socket_unregister
                0x000000000001686f                tcp_socket_max_sendlen
                0x0000000000016896                tcp_socket_queuelen
 .text          0x00000000000168af      0x453 build/cooja/mtype820.a(uip-ds6-route.o)
                0x0000000000016911                uip_ds6_route_init
                0x000000000001694d                uip_ds6_route_count_nexthop_neighbors
                0x0000000000016961                uip_ds6_route_nexthop
                0x0000000000016975                uip_ds6_route_head
                0x0000000000016989                uip_ds6_route_next
                0x000000000001699d                uip_ds6_route_is_nexthop
                0x00000000000169b1                uip_ds6_route_num_routes
                0x00000000000169c5                uip_ds6_route_lookup
                0x00000000000169d9                uip_ds6_route_add
                0x00000000000169f6                uip_ds6_route_rm
                0x0000000000016a06                uip_ds6_route_rm_by_nexthop
                0x0000000000016a16                uip_ds6_defrt_head
                0x0000000000016a40                uip_ds6_defrt_add
                0x0000000000016b00                uip_ds6_defrt_rm
                0x0000000000016b79                uip_ds6_defrt_lookup
                0x0000000000016bf0                uip_ds6_defrt_choose
                0x0000000000016c76                uip_ds6_defrt_periodic
 .text          0x0000000000016d02      0xc55 build/cooja/mtype820.a(tcpip.o)
                0x0000000000016d28                tcpip_output
                0x0000000000016e53                tcp_connect
                0x0000000000016ebb                tcp_unlisten
                0x0000000000016f30                tcp_listen
                0x0000000000016fa2                tcp_attach
                0x0000000000016fc4                udp_attach
                0x0000000000016fe6                udp_new
                0x0000000000017040                udp_broadcast_new
                0x0000000000017312                tcpip_input
                0x0000000000017508                tcpip_ipv6_output
                0x0000000000017744                tcpip_poll_udp
                0x0000000000017774                tcpip_poll_tcp
                0x00000000000177a4                tcpip_uipcall
 .text          0x0000000000017957     0x33b5 build/cooja/mtype820.a(uip6.o)
                0x0000000000017957                uip_add32
                0x0000000000017b42                uip_chksum
                0x0000000000017c3a                uip_icmp6chksum
                0x0000000000017c59                uip_tcpchksum
                0x0000000000017c78                uip_udpchksum
                0x0000000000017c97                uip_init
                0x0000000000017d45                uip_connect
                0x0000000000017ee2                uip_remove_ext_hdr
                0x0000000000017fdd                uip_udp_new
                0x0000000000018122                uip_unlisten
                0x0000000000018172                uip_listen
                0x0000000000018482                uip_process
                0x000000000001ab9c                uip_htons
                0x000000000001abc8                uip_htonl
                0x000000000001ac12                uip_send
 .text          0x000000000001ad0c      0x43e build/cooja/mtype820.a(uip-ds6-nbr.o)
                0x000000000001ad0c                uip_ds6_neighbors_init
                0x000000000001ad42                uip_ds6_nbr_add
                0x000000000001addc                uip_ds6_nbr_rm
                0x000000000001ae3b                uip_ds6_nbr_update_ll
                0x000000000001af38                uip_ds6_nbr_get_ipaddr
                0x000000000001af57                uip_ds6_nbr_get_ll
                0x000000000001af84                uip_ds6_nbr_num
                0x000000000001afde                uip_ds6_nbr_head
                0x000000000001b008                uip_ds6_nbr_next
                0x000000000001b035                uip_ds6_nbr_lookup
                0x000000000001b09c                uip_ds6_nbr_ll_lookup
                0x000000000001b0c9                uip_ds6_nbr_ipaddr_from_lladdr
                0x000000000001b0fc                uip_ds6_nbr_lladdr_from_ipaddr
                0x000000000001b13a                uip_ds6_link_callback
 .text          0x000000000001b14a      0x810 build/cooja/mtype820.a(uip-nd6.o)
                0x000000000001b92f                uip_nd6_init
 .text          0x000000000001b95a     0x33b0 build/cooja/mtype820.a(sicslowpan.o)
                0x000000000001c058                netstack_sniffer_add
                0x000000000001c071                netstack_sniffer_remove
                0x000000000001ecc9                sicslowpan_init
                0x000000000001ecf5                sicslowpan_get_last_rssi
 .text          0x000000000001ed0a      0x51a build/cooja/mtype820.a(uiplib.o)
                0x000000000001ed0a                uiplib_ip6addrconv
                0x000000000001eed0                uiplib_ip4addrconv
                0x000000000001ef9d                uiplib_ipaddr_print
                0x000000000001f001                uiplib_ipaddr_snprint
 .text          0x000000000001f224      0x610 build/cooja/mtype820.a(rpl.o)
                0x000000000001f224                rpl_lollipop_greater_than
                0x000000000001f287                rpl_get_global_address
                0x000000000001f3bd                rpl_link_callback
                0x000000000001f420                rpl_has_joined
                0x000000000001f456                rpl_is_reachable
                0x000000000001f4f9                rpl_reset_prefix
                0x000000000001f575                rpl_set_prefix_from_addr
                0x000000000001f687                rpl_set_prefix
                0x000000000001f7fb                rpl_set_leaf_only
                0x000000000001f81e                rpl_get_leaf_only
 .text          0x000000000001f834     0x1491 build/cooja/mtype820.a(rpl-icmp6.o)
                0x000000000001f991                rpl_icmp6_update_nbr_table
                0x000000000001fa43                rpl_icmp6_dis_output
                0x0000000000020058                rpl_icmp6_dio_output
                0x00000000000208b1                rpl_icmp6_dao_output
                0x0000000000020bde                rpl_icmp6_dao_ack_output
                0x0000000000020c65                rpl_icmp6_init
 .text          0x0000000000020cc5      0x2e4 build/cooja/mtype820.a(rpl-dag-root.o)
                0x0000000000020cc5                rpl_dag_root_print_links
                0x0000000000020e1e                rpl_dag_root_set_prefix
                0x0000000000020e59                rpl_dag_root_start
                0x0000000000020f67                rpl_dag_root_is_root
 .text          0x0000000000020fa9       0x6b build/cooja/mtype820.a(watchdog.o)
                0x0000000000020fa9                watchdog_init
                0x0000000000020fb9                watchdog_start
                0x0000000000020fc9                watchdog_periodic
                0x0000000000020ff4                watchdog_stop
                0x0000000000021004                watchdog_reboot
 .text          0x0000000000021014       0x75 build/cooja/mtype820.a(int-master.o)
                0x0000000000021014                int_master_enable
                0x000000000002102e                int_master_read_and_disable
                0x0000000000021056                int_master_status_set
                0x000000000002106f                int_master_is_enabled
 .text          0x0000000000021089      0x11d build/cooja/mtype820.a(stimer.o)
                0x0000000000021089                stimer_set
                0x00000000000210b8                stimer_reset
                0x00000000000210ef                stimer_restart
                0x0000000000021115                stimer_expired
                0x0000000000021151                stimer_remaining
                0x000000000002117d                stimer_elapsed
 .text          0x00000000000211a6      0x188 build/cooja/mtype820.a(ringbuf.o)
                0x00000000000211a6                ringbuf_init
                0x00000000000211e2                ringbuf_put
                0x000000000002126a                ringbuf_get
                0x00000000000212e1                ringbuf_size
                0x00000000000212fd                ringbuf_elements
 .text          0x000000000002132e      0x1ec build/cooja/mtype820.a(memb.o)
                0x000000000002132e                memb_init
                0x0000000000021392                memb_alloc
                0x00000000000213ff                memb_free
                0x0000000000021480                memb_inmemb
                0x00000000000214c9                memb_numfree
 .text          0x000000000002151a       0x31 build/cooja/mtype820.a(assert.o)
                0x000000000002151a                _xassert
 .text          0x000000000002154b      0xb68 build/cooja/mtype820.a(nbr-table.o)
                0x00000000000218ed                nbr_table_count_entries
                0x000000000002199a                nbr_table_gc_get_worst
                0x00000000000219da                nbr_table_can_accept_new
                0x0000000000021b63                nbr_table_entry_is_allowed
                0x0000000000021c03                nbr_table_register
                0x0000000000021c81                nbr_table_is_registered
                0x0000000000021cc6                nbr_table_head
                0x0000000000021d33                nbr_table_next
                0x0000000000021da5                nbr_table_add_lladdr
                0x0000000000021ef4                nbr_table_get_from_lladdr
                0x0000000000021f51                nbr_table_remove
                0x0000000000021f9c                nbr_table_lock
                0x0000000000021fc2                nbr_table_unlock
                0x0000000000021fe8                nbr_table_get_lladdr
                0x000000000002201e                nbr_table_clear
                0x0000000000022063                nbr_table_key_head
                0x000000000002208d                nbr_table_key_next
 .text          0x00000000000220b3      0x450 build/cooja/mtype820.a(link-stats.o)
                0x00000000000220b3                link_stats_from_lladdr
                0x00000000000220e0                link_stats_get_lladdr
                0x000000000002210d                link_stats_is_fresh
                0x000000000002215a                guess_etx_from_rssi
                0x00000000000221e0                link_stats_packet_sent
                0x0000000000022324                link_stats_input_callback
                0x0000000000022458                link_stats_reset
                0x00000000000224ba                link_stats_init
 .text          0x0000000000022503      0x1a8 build/cooja/mtype820.a(mac-sequence.o)
                0x0000000000022503                mac_sequence_is_duplicate
                0x00000000000225c3                mac_sequence_register_seqno
 .text          0x00000000000226ab       0x2d build/cooja/mtype820.a(mac.o)
                0x00000000000226ab                mac_call_sent_callback
 .text          0x00000000000226d8      0x477 build/cooja/mtype820.a(framer-802154.o)
                0x000000000002287b                framer_802154_setup_params
 .text          0x0000000000022b4f      0xc1a build/cooja/mtype820.a(frame802154.o)
                0x0000000000022b8a                frame802154_get_pan_id
                0x0000000000022ba0                frame802154_set_pan_id
                0x0000000000022bc5                frame802154_has_panid
                0x0000000000022d7e                frame802154_check_dest_panid
                0x0000000000022e10                frame802154_is_broadcast_addr
                0x0000000000022e67                frame802154_extract_linkaddr
                0x00000000000230f0                frame802154_hdrlen
                0x000000000002316d                frame802154_create_fcf
                0x000000000002322f                frame802154_create
                0x00000000000233ba                frame802154_parse_fcf
                0x00000000000234a6                frame802154_parse
 .text          0x0000000000023769       0x4e build/cooja/mtype820.a(csma-security.o)
                0x0000000000023769                csma_security_create_frame
                0x000000000002379a                csma_security_parse_frame
 .text          0x00000000000237b7      0x5d3 build/cooja/mtype820.a(uipbuf.o)
                0x00000000000237b7                uipbuf_clear
                0x00000000000237ee                uipbuf_add_ext_hdr
                0x0000000000023889                uipbuf_set_len
                0x00000000000238c3                uipbuf_set_len_field
                0x00000000000238f9                uipbuf_get_len_field
                0x0000000000023923                uipbuf_get_next_header
                0x0000000000023a74                uipbuf_get_last_header
                0x0000000000023af7                uipbuf_search_header
                0x0000000000023bbb                uipbuf_get_attr
                0x0000000000023bec                uipbuf_set_attr
                0x0000000000023c2d                uipbuf_set_default_attr
                0x0000000000023c6e                uipbuf_clear_attr
                0x0000000000023cae                uipbuf_set_attr_flag
                0x0000000000023cda                uipbuf_clr_attr_flag
                0x0000000000023d0c                uipbuf_is_attr_flag
                0x0000000000023d3a                uipbuf_init
 .text          0x0000000000023d8a      0x8b7 build/cooja/mtype820.a(uip-icmp6.o)
                0x0000000000023e0f                uip_icmp6_input
                0x0000000000023e70                uip_icmp6_register_input_handler
                0x0000000000024024                uip_icmp6_error_output
                0x0000000000024366                uip_icmp6_send
                0x0000000000024594                uip_icmp6_echo_reply_callback_add
                0x00000000000245d7                uip_icmp6_echo_reply_callback_rm
                0x0000000000024605                uip_icmp6_init
 .text          0x0000000000024641      0x772 build/cooja/mtype820.a(uip-sr.o)
                0x0000000000024641                uip_sr_num_nodes
                0x00000000000246ed                uip_sr_get_node
                0x0000000000024754                uip_sr_is_addr_reachable
                0x0000000000024811                uip_sr_expire_parent
                0x0000000000024864                uip_sr_update_node
                0x00000000000249a8                uip_sr_init
                0x00000000000249ee                uip_sr_node_head
                0x0000000000024a18                uip_sr_node_next
                0x0000000000024a3e                uip_sr_periodic
                0x0000000000024b5a                uip_sr_free_all
                0x0000000000024bdf                uip_sr_link_snprint
 .text          0x0000000000024db3      0x1a5 build/cooja/mtype820.a(uip-packetqueue)
                0x0000000000024df3                uip_packetqueue_new
                0x0000000000024e0c                uip_packetqueue_alloc
                0x0000000000024e7b                uip_packetqueue_free
                0x0000000000024ed3                uip_packetqueue_buf
                0x0000000000024efa                uip_packetqueue_buflen
                0x0000000000024f25                uip_packetqueue_set_buflen
 .text          0x0000000000024f58       0x8d build/cooja/mtype820.a(rpl-nbr-policy.)
                0x0000000000024fa4                rpl_nbr_gc_get_worst
 .text          0x0000000000024fe5      0xaad build/cooja/mtype820.a(rpl-neighbor.o)
                0x0000000000025081                rpl_neighbor_snprint
                0x0000000000025369                rpl_neighbor_print_list
                0x000000000002543c                rpl_neighbor_count
                0x000000000002551f                rpl_neighbor_get_from_lladdr
                0x000000000002554c                rpl_neighbor_is_acceptable_parent
                0x0000000000025592                rpl_neighbor_get_link_metric
                0x00000000000255d8                rpl_neighbor_rank_via_nbr
                0x000000000002561e                rpl_neighbor_get_lladdr
                0x000000000002564b                rpl_neighbor_get_ipaddr
                0x0000000000025681                rpl_neighbor_get_link_stats
                0x00000000000256b7                rpl_neighbor_is_fresh
                0x00000000000256ed                rpl_neighbor_is_parent
                0x0000000000025724                rpl_neighbor_set_preferred_parent
                0x00000000000257de                rpl_neighbor_remove_all
                0x000000000002584b                rpl_neighbor_get_from_ipaddr
                0x0000000000025985                rpl_neighbor_select_best
                0x0000000000025a60                rpl_neighbor_init
 .text          0x0000000000025a92     0x11f4 build/cooja/mtype820.a(rpl-dag.o)
                0x0000000000025a92                rpl_dag_state_to_str
                0x0000000000025ae0                rpl_dag_get_root_ipaddr
                0x0000000000025b30                rpl_dag_leave
                0x0000000000025be6                rpl_dag_poison_and_leave
                0x0000000000025c12                rpl_dag_periodic
                0x0000000000025cd7                rpl_is_addr_in_our_dag
                0x0000000000025d36                rpl_get_default_instance
                0x0000000000025d60                rpl_get_any_dag
                0x0000000000025dd6                rpl_refresh_routes
                0x0000000000025e39                rpl_global_repair
                0x0000000000025f0a                rpl_local_repair
                0x0000000000025f6f                rpl_dag_ready_to_advertise
                0x0000000000025fc8                rpl_dag_update_state
                0x0000000000026844                rpl_process_dio
                0x00000000000268df                rpl_process_dis
                0x0000000000026935                rpl_process_dao
                0x00000000000269d6                rpl_process_dao_ack
                0x0000000000026a92                rpl_process_hbh
                0x0000000000026af2                rpl_dag_init_root
                0x0000000000026c54                rpl_dag_init
 .text          0x0000000000026c86      0xd8d build/cooja/mtype820.a(rpl-timers.o)
                0x0000000000026c86                rpl_timers_schedule_periodic_dis
                0x0000000000026e30                rpl_timers_dio_reset
                0x0000000000026fa8                rpl_timers_schedule_unicast_dio
                0x000000000002717b                rpl_timers_schedule_dao
                0x0000000000027281                rpl_timers_schedule_dao_ack
                0x0000000000027350                rpl_timers_notify_dao_ack
                0x00000000000273d6                get_probing_delay
                0x000000000002741b                get_probing_target
                0x0000000000027650                rpl_schedule_probing
                0x000000000002769c                rpl_schedule_probing_now
                0x0000000000027736                rpl_timers_unschedule_leaving
                0x0000000000027790                rpl_timers_schedule_leaving
                0x00000000000277f5                rpl_timers_init
                0x00000000000278b7                rpl_timers_stop_dag_timers
                0x0000000000027974                rpl_timers_unschedule_state_update
                0x00000000000279b0                rpl_timers_schedule_state_update
 .text          0x0000000000027a13      0xd42 build/cooja/mtype820.a(rpl-ext-header.)
                0x0000000000027a13                rpl_ext_header_srh_get_next_hop
                0x0000000000027b1e                rpl_ext_header_srh_update
                0x0000000000028150                rpl_ext_header_hbh_update
                0x00000000000284cf                rpl_ext_header_update
                0x000000000002857e                rpl_ext_header_remove
 .text          0x0000000000028755      0x39b build/cooja/mtype820.a(rpl-mrhof.o)
 .text          0x0000000000028af0       0x14 /usr/lib/i386-linux-gnu/libc_nonshared.a(stack_chk_fail_local.oS)
                0x0000000000028af0                __stack_chk_fail_local
 .text          0x0000000000028b04        0x0 /usr/lib/gcc/i686-linux-gnu/7/crtendS.o
 .text          0x0000000000028b04        0x0 /usr/lib/gcc/i686-linux-gnu/7/../../../i386-linux-gnu/crtn.o
 *(.gnu.warning)

.fini           0x0000000000028b04       0x14
 *(SORT_NONE(.fini))
 .fini          0x0000000000028b04        0xf /usr/lib/gcc/i686-linux-gnu/7/../../../i386-linux-gnu/crti.o
                0x0000000000028b04                _fini
 .fini          0x0000000000028b13        0x5 /usr/lib/gcc/i686-linux-gnu/7/../../../i386-linux-gnu/crtn.o
                [!provide]                        PROVIDE (__etext = .)
                [!provide]                        PROVIDE (_etext = .)
                [!provide]                        PROVIDE (etext = .)

.rodata         0x0000000000028b18      0x9d3
 *(.rodata .rodata.* .gnu.linkonce.r.*)
 .rodata        0x0000000000028b18      0x40f temperature-sensor.o
 *fill*         0x0000000000028f27        0x1 
 .rodata        0x0000000000028f28        0x6 build/cooja/mtype820.a(leds-arch.o)
                0x0000000000028f28                leds_arch_leds
 .rodata        0x0000000000028f2e        0x4 build/cooja/mtype820.a(pir-sensor.o)
 .rodata        0x0000000000028f32        0x6 build/cooja/mtype820.a(rs232.o)
 .rodata        0x0000000000028f38        0xa build/cooja/mtype820.a(vib-sensor.o)
 *fill*         0x0000000000028f42        0x2 
 .rodata        0x0000000000028f44       0x27 build/cooja/mtype820.a(cfs-cooja.o)
 *fill*         0x0000000000028f6b        0x1 
 .rodata        0x0000000000028f6c       0x68 build/cooja/mtype820.a(cooja-radio.o)
 .rodata        0x0000000000028fd4        0x8 build/cooja/mtype820.a(sensors.o)
 .rodata        0x0000000000028fdc       0x14 build/cooja/mtype820.a(buttons.o)
                0x0000000000028fe8                button_hal_button_count
 .rodata        0x0000000000028ff0       0x14 build/cooja/mtype820.a(mqtt.o)
 .rodata        0x0000000000029004       0xf4 build/cooja/mtype820.a(contiki-main.o)
 .rodata        0x00000000000290f8        0xf build/cooja/mtype820.a(ctimer.o)
 *fill*         0x0000000000029107        0x1 
 .rodata        0x0000000000029108       0xc4 build/cooja/mtype820.a(log.o)
 .rodata        0x00000000000291cc        0xc build/cooja/mtype820.a(etimer.o)
 .rodata        0x00000000000291d8       0x13 build/cooja/mtype820.a(button-hal.o)
 .rodata        0x00000000000291eb        0xe build/cooja/mtype820.a(serial-line.o)
 *fill*         0x00000000000291f9        0x3 
 .rodata        0x00000000000291fc        0x8 build/cooja/mtype820.a(linkaddr.o)
                0x00000000000291fc                linkaddr_null
 .rodata        0x0000000000029204        0x5 build/cooja/mtype820.a(csma.o)
 *fill*         0x0000000000029209        0x3 
 .rodata        0x000000000002920c       0x27 build/cooja/mtype820.a(csma-output.o)
 .rodata        0x0000000000029233       0x13 build/cooja/mtype820.a(tcp-socket.o)
 *fill*         0x0000000000029246        0x2 
 .rodata        0x0000000000029248       0x4d build/cooja/mtype820.a(uip-ds6-route.o)
 .rodata        0x0000000000029295        0xd build/cooja/mtype820.a(tcpip.o)
 *fill*         0x00000000000292a2        0x2 
 .rodata        0x00000000000292a4       0x48 build/cooja/mtype820.a(uip6.o)
 .rodata        0x00000000000292ec       0x1f build/cooja/mtype820.a(sicslowpan.o)
                0x00000000000292ec                unc_llconf
                0x00000000000292f0                unc_ctxconf
                0x00000000000292f4                unc_mxconf
                0x00000000000292f8                llprefix
 .rodata        0x000000000002930b       0x2d build/cooja/mtype820.a(uiplib.o)
 .rodata        0x0000000000029338        0x9 build/cooja/mtype820.a(rpl.o)
 *fill*         0x0000000000029341        0x3 
 .rodata        0x0000000000029344       0x25 build/cooja/mtype820.a(assert.o)
 .rodata        0x0000000000029369       0x44 build/cooja/mtype820.a(uip-sr.o)
 *fill*         0x00000000000293ad        0x3 
 .rodata        0x00000000000293b0       0x58 build/cooja/mtype820.a(rpl-neighbor.o)
 .rodata        0x0000000000029408       0xd7 build/cooja/mtype820.a(rpl-dag.o)
 .rodata        0x00000000000294df        0xc build/cooja/mtype820.a(rpl-timers.o)

.rodata1
 *(.rodata1)

.eh_frame_hdr   0x00000000000294ec     0x187c
 *(.eh_frame_hdr)
 .eh_frame_hdr  0x00000000000294ec     0x187c temperature-sensor.o
                0x00000000000294ec                __GNU_EH_FRAME_HDR
 *(.eh_frame_entry .eh_frame_entry.*)

.eh_frame       0x000000000002ad68     0x69d0
 *(.eh_frame)
 .eh_frame      0x000000000002ad68       0x3c /usr/lib/gcc/i686-linux-gnu/7/../../../i386-linux-gnu/crti.o
                                         0x40 (size before relaxing)
 .eh_frame      0x000000000002ada4       0x14 /usr/lib/gcc/i686-linux-gnu/7/../../../i386-linux-gnu/crti.o
                                         0x2c (size before relaxing)
 .eh_frame      0x000000000002adb8       0xc0 temperature-sensor.o
                                         0xec (size before relaxing)
 .eh_frame      0x000000000002ae78      0x1ac build/cooja/mtype820.o
                                        0x1ec (size before relaxing)
 .eh_frame      0x000000000002b024       0x48 build/cooja/mtype820.a(simEnvChange.o)
                                         0x74 (size before relaxing)
 .eh_frame      0x000000000002b06c       0x6c build/cooja/mtype820.a(cooja_mt.o)
                                         0x98 (size before relaxing)
 .eh_frame      0x000000000002b0d8       0x88 build/cooja/mtype820.a(cooja_mtarch.o)
                                         0xc8 (size before relaxing)
 .eh_frame      0x000000000002b160       0xe4 build/cooja/mtype820.a(rtimer-arch.o)
                                        0x110 (size before relaxing)
 .eh_frame      0x000000000002b244      0x160 build/cooja/mtype820.a(beep.o)
                                        0x18c (size before relaxing)
 .eh_frame      0x000000000002b3a4       0x88 build/cooja/mtype820.a(leds-arch.o)
                                         0xc8 (size before relaxing)
 .eh_frame      0x000000000002b42c       0x44 build/cooja/mtype820.a(moteid.o)
                                         0x70 (size before relaxing)
 .eh_frame      0x000000000002b470       0xa4 build/cooja/mtype820.a(pir-sensor.o)
                                         0xe4 (size before relaxing)
 .eh_frame      0x000000000002b514      0x110 build/cooja/mtype820.a(rs232.o)
                                        0x150 (size before relaxing)
 .eh_frame      0x000000000002b624       0xa4 build/cooja/mtype820.a(vib-sensor.o)
                                         0xe4 (size before relaxing)
 .eh_frame      0x000000000002b6c8       0xc0 build/cooja/mtype820.a(clock.o)
                                         0xec (size before relaxing)
 .eh_frame      0x000000000002b788      0x130 build/cooja/mtype820.a(cooja-log.o)
                                        0x170 (size before relaxing)
 .eh_frame      0x000000000002b8b8      0x16c build/cooja/mtype820.a(cfs-cooja.o)
                                        0x1ac (size before relaxing)
 .eh_frame      0x000000000002ba24      0x374 build/cooja/mtype820.a(cooja-radio.o)
                                        0x3b4 (size before relaxing)
 .eh_frame      0x000000000002bd98       0xa8 build/cooja/mtype820.a(eeprom.o)
                                         0xe8 (size before relaxing)
 .eh_frame      0x000000000002be40       0x48 build/cooja/mtype820.a(random.o)
                                         0x74 (size before relaxing)
 .eh_frame      0x000000000002be88       0xd0 build/cooja/mtype820.a(sensors.o)
                                        0x110 (size before relaxing)
 .eh_frame      0x000000000002bf58      0x140 build/cooja/mtype820.a(leds.o)
                                        0x180 (size before relaxing)
 .eh_frame      0x000000000002c098      0x228 build/cooja/mtype820.a(gpio-hal-arch.o)
                                        0x27c (size before relaxing)
 .eh_frame      0x000000000002c2c0       0xa4 build/cooja/mtype820.a(buttons.o)
                                         0xe4 (size before relaxing)
 .eh_frame      0x000000000002c364      0x560 build/cooja/mtype820.a(mqtt.o)
                                        0x5b4 (size before relaxing)
 .eh_frame      0x000000000002c8c4       0x38 build/cooja/mtype820.a(contiki-main.o)
                                         0x64 (size before relaxing)
 .eh_frame      0x000000000002c8fc       0x48 build/cooja/mtype820.a(autostart.o)
                                         0x74 (size before relaxing)
 .eh_frame      0x000000000002c944      0x11c build/cooja/mtype820.a(ctimer.o)
                                        0x15c (size before relaxing)
 .eh_frame      0x000000000002ca60      0x144 build/cooja/mtype820.a(log.o)
                                        0x184 (size before relaxing)
 .eh_frame      0x000000000002cba4       0x60 build/cooja/mtype820.a(energest.o)
                                         0x8c (size before relaxing)
 .eh_frame      0x000000000002cc04      0x204 build/cooja/mtype820.a(etimer.o)
                                        0x244 (size before relaxing)
 .eh_frame      0x000000000002ce08       0x20 build/cooja/mtype820.a(node-id.o)
                                         0x4c (size before relaxing)
 .eh_frame      0x000000000002ce28       0x6c build/cooja/mtype820.a(rtimer.o)
                                         0xc0 (size before relaxing)
 .eh_frame      0x000000000002ce94      0x1ec build/cooja/mtype820.a(process.o)
                                        0x22c (size before relaxing)
 .eh_frame      0x000000000002d080       0xb4 build/cooja/mtype820.a(timer.o)
                                         0xe0 (size before relaxing)
 .eh_frame      0x000000000002d134      0x1a0 build/cooja/mtype820.a(list.o)
                                        0x1cc (size before relaxing)
 .eh_frame      0x000000000002d2d4      0x188 build/cooja/mtype820.a(button-hal.o)
                                        0x1c8 (size before relaxing)
 .eh_frame      0x000000000002d45c       0x6c build/cooja/mtype820.a(serial-line.o)
                                         0x98 (size before relaxing)
 .eh_frame      0x000000000002d4c8       0xfc build/cooja/mtype820.a(gpio-hal.o)
                                        0x13c (size before relaxing)
 .eh_frame      0x000000000002d5c4      0x1c0 build/cooja/mtype820.a(queuebuf.o)
                                        0x200 (size before relaxing)
 .eh_frame      0x000000000002d784      0x2b0 build/cooja/mtype820.a(packetbuf.o)
                                        0x2f0 (size before relaxing)
 .eh_frame      0x000000000002da34       0x90 build/cooja/mtype820.a(netstack.o)
                                         0xd0 (size before relaxing)
 .eh_frame      0x000000000002dac4       0x64 build/cooja/mtype820.a(linkaddr.o)
                                         0x90 (size before relaxing)
 .eh_frame      0x000000000002db28       0xf0 build/cooja/mtype820.a(csma.o)
                                        0x130 (size before relaxing)
 .eh_frame      0x000000000002dc18      0x1f8 build/cooja/mtype820.a(csma-output.o)
                                        0x238 (size before relaxing)
 .eh_frame      0x000000000002de10      0x364 build/cooja/mtype820.a(uip-ds6.o)
                                        0x3a4 (size before relaxing)
 .eh_frame      0x000000000002e174      0x280 build/cooja/mtype820.a(tcp-socket.o)
                                        0x2c0 (size before relaxing)
 .eh_frame      0x000000000002e3f4      0x260 build/cooja/mtype820.a(uip-ds6-route.o)
                                        0x2a0 (size before relaxing)
 .eh_frame      0x000000000002e654      0x34c build/cooja/mtype820.a(tcpip.o)
                                        0x38c (size before relaxing)
 .eh_frame      0x000000000002e9a0      0x2e8 build/cooja/mtype820.a(uip6.o)
                                        0x33c (size before relaxing)
 .eh_frame      0x000000000002ec88      0x1e8 build/cooja/mtype820.a(uip-ds6-nbr.o)
                                        0x228 (size before relaxing)
 .eh_frame      0x000000000002ee70       0x8c build/cooja/mtype820.a(uip-nd6.o)
                                         0xe0 (size before relaxing)
 .eh_frame      0x000000000002eefc      0x354 build/cooja/mtype820.a(sicslowpan.o)
                                        0x3a8 (size before relaxing)
 .eh_frame      0x000000000002f250       0x9c build/cooja/mtype820.a(uiplib.o)
                                         0xdc (size before relaxing)
 .eh_frame      0x000000000002f2ec      0x1fc build/cooja/mtype820.a(rpl.o)
                                        0x23c (size before relaxing)
 .eh_frame      0x000000000002f4e8      0x1f0 build/cooja/mtype820.a(rpl-icmp6.o)
                                        0x230 (size before relaxing)
 .eh_frame      0x000000000002f6d8       0xb0 build/cooja/mtype820.a(rpl-dag-root.o)
                                         0xf0 (size before relaxing)
 .eh_frame      0x000000000002f788       0xa4 build/cooja/mtype820.a(watchdog.o)
                                         0xd0 (size before relaxing)
 .eh_frame      0x000000000002f82c       0x80 build/cooja/mtype820.a(int-master.o)
                                         0xac (size before relaxing)
 .eh_frame      0x000000000002f8ac       0xd8 build/cooja/mtype820.a(stimer.o)
                                        0x104 (size before relaxing)
 .eh_frame      0x000000000002f984       0xa0 build/cooja/mtype820.a(ringbuf.o)
                                         0xcc (size before relaxing)
 .eh_frame      0x000000000002fa24       0xa4 build/cooja/mtype820.a(memb.o)
                                         0xe4 (size before relaxing)
 .eh_frame      0x000000000002fac8       0x24 build/cooja/mtype820.a(assert.o)
                                         0x50 (size before relaxing)
 .eh_frame      0x000000000002faec      0x428 build/cooja/mtype820.a(nbr-table.o)
                                        0x468 (size before relaxing)
 .eh_frame      0x000000000002ff14      0x140 build/cooja/mtype820.a(link-stats.o)
                                        0x180 (size before relaxing)
 .eh_frame      0x0000000000030054       0x50 build/cooja/mtype820.a(mac-sequence.o)
                                         0x7c (size before relaxing)
 .eh_frame      0x00000000000300a4       0x20 build/cooja/mtype820.a(mac.o)
                                         0x4c (size before relaxing)
 .eh_frame      0x00000000000300c4       0xb4 build/cooja/mtype820.a(framer-802154.o)
                                         0xf4 (size before relaxing)
 .eh_frame      0x0000000000030178      0x1b0 build/cooja/mtype820.a(frame802154.o)
                                        0x1f0 (size before relaxing)
 .eh_frame      0x0000000000030328       0x44 build/cooja/mtype820.a(csma-security.o)
                                         0x84 (size before relaxing)
 .eh_frame      0x000000000003036c      0x204 build/cooja/mtype820.a(uipbuf.o)
                                        0x230 (size before relaxing)
 .eh_frame      0x0000000000030570      0x170 build/cooja/mtype820.a(uip-icmp6.o)
                                        0x1b0 (size before relaxing)
 .eh_frame      0x00000000000306e0      0x1ac build/cooja/mtype820.a(uip-sr.o)
                                        0x1ec (size before relaxing)
 .eh_frame      0x000000000003088c       0xec build/cooja/mtype820.a(uip-packetqueue)
                                        0x12c (size before relaxing)
 .eh_frame      0x0000000000030978       0x48 build/cooja/mtype820.a(rpl-nbr-policy.)
                                         0x88 (size before relaxing)
 .eh_frame      0x00000000000309c0      0x2ec build/cooja/mtype820.a(rpl-neighbor.o)
                                        0x340 (size before relaxing)
 .eh_frame      0x0000000000030cac      0x3c0 build/cooja/mtype820.a(rpl-dag.o)
                                        0x414 (size before relaxing)
 .eh_frame      0x000000000003106c      0x418 build/cooja/mtype820.a(rpl-timers.o)
                                        0x458 (size before relaxing)
 .eh_frame      0x0000000000031484      0x144 build/cooja/mtype820.a(rpl-ext-header.)
                                        0x184 (size before relaxing)
 .eh_frame      0x00000000000315c8      0x150 build/cooja/mtype820.a(rpl-mrhof.o)
                                        0x190 (size before relaxing)
 .eh_frame      0x0000000000031718       0x1c /usr/lib/i386-linux-gnu/libc_nonshared.a(stack_chk_fail_local.oS)
                                         0x48 (size before relaxing)
 .eh_frame      0x0000000000031734        0x4 /usr/lib/gcc/i686-linux-gnu/7/crtendS.o
 *(.eh_frame.*)

.gcc_except_table
 *(.gcc_except_table .gcc_except_table.*)

.gnu_extab
 *(.gnu_extab*)

.exception_ranges
 *(.exception_ranges .exception_ranges*)
                0x0000000000032c18                . = DATA_SEGMENT_ALIGN (CONSTANT (MAXPAGESIZE), CONSTANT (COMMONPAGESIZE))

.eh_frame
 *(.eh_frame)
 *(.eh_frame.*)

.gnu_extab
 *(.gnu_extab)

.gcc_except_table
 *(.gcc_except_table .gcc_except_table.*)

.exception_ranges
 *(.exception_ranges .exception_ranges*)

.tdata
 *(.tdata .tdata.* .gnu.linkonce.td.*)

.tbss
 *(.tbss .tbss.* .gnu.linkonce.tb.*)
 *(.tcommon)

.preinit_array
 *(.preinit_array)

.init_array     0x0000000000032c18        0x4
 *(SORT_BY_INIT_PRIORITY(.init_array.*) SORT_BY_INIT_PRIORITY(.ctors.*))
 *(.init_array EXCLUDE_FILE(*crtend?.o *crtend.o *crtbegin?.o *crtbegin.o) .ctors)
 .init_array    0x0000000000032c18        0x4 /usr/lib/gcc/i686-linux-gnu/7/crtbeginS.o

.fini_array     0x0000000000032c1c        0x4
 *(SORT_BY_INIT_PRIORITY(.fini_array.*) SORT_BY_INIT_PRIORITY(.dtors.*))
 *(.fini_array EXCLUDE_FILE(*crtend?.o *crtend.o *crtbegin?.o *crtbegin.o) .dtors)
 .fini_array    0x0000000000032c1c        0x4 /usr/lib/gcc/i686-linux-gnu/7/crtbeginS.o

.ctors
 *crtbegin.o(.ctors)
 *crtbegin?.o(.ctors)
 *(EXCLUDE_FILE(*crtend?.o *crtend.o) .ctors)
 *(SORT_BY_NAME(.ctors.*))
 *(.ctors)

.dtors
 *crtbegin.o(.dtors)
 *crtbegin?.o(.dtors)
 *(EXCLUDE_FILE(*crtend?.o *crtend.o) .dtors)
 *(SORT_BY_NAME(.dtors.*))
 *(.dtors)

.jcr
 *(.jcr)

.data.rel.ro    0x0000000000032c20      0x198
 *(.data.rel.ro.local* .gnu.linkonce.d.rel.ro.local.*)
 .data.rel.ro.local
                0x0000000000032c20        0x8 temperature-sensor.o
                0x0000000000032c20                autostart_processes
 .data.rel.ro.local
                0x0000000000032c28        0x8 build/cooja/mtype820.a(beep.o)
                0x0000000000032c28                beep_interface
 .data.rel.ro.local
                0x0000000000032c30        0x8 build/cooja/mtype820.a(leds-arch.o)
                0x0000000000032c30                leds_interface
 .data.rel.ro.local
                0x0000000000032c38        0x8 build/cooja/mtype820.a(moteid.o)
                0x0000000000032c38                moteid_interface
 .data.rel.ro.local
                0x0000000000032c40       0x18 build/cooja/mtype820.a(pir-sensor.o)
                0x0000000000032c40                pir_interface
                0x0000000000032c48                pir_sensor
 .data.rel.ro.local
                0x0000000000032c58        0x8 build/cooja/mtype820.a(rs232.o)
                0x0000000000032c58                rs232_interface
 .data.rel.ro.local
                0x0000000000032c60       0x18 build/cooja/mtype820.a(vib-sensor.o)
                0x0000000000032c60                vib_interface
                0x0000000000032c68                vib_sensor
 .data.rel.ro.local
                0x0000000000032c78        0x8 build/cooja/mtype820.a(clock.o)
                0x0000000000032c78                clock_interface
 .data.rel.ro.local
                0x0000000000032c80        0x8 build/cooja/mtype820.a(cooja-log.o)
                0x0000000000032c80                simlog_interface
 .data.rel.ro.local
                0x0000000000032c88        0x8 build/cooja/mtype820.a(cfs-cooja.o)
                0x0000000000032c88                cfs_interface
 *fill*         0x0000000000032c90       0x10 
 .data.rel.ro.local
                0x0000000000032ca0       0x58 build/cooja/mtype820.a(cooja-radio.o)
                0x0000000000032ca0                radio_interface
                0x0000000000032cc0                cooja_radio_driver
 .data.rel.ro.local
                0x0000000000032cf8        0x8 build/cooja/mtype820.a(eeprom.o)
                0x0000000000032cf8                eeprom_interface
 .data.rel.ro.local
                0x0000000000032d00       0x18 build/cooja/mtype820.a(buttons.o)
                0x0000000000032d00                button_interface
                0x0000000000032d08                button_sensor
 .data.rel.ro.local
                0x0000000000032d18       0x1c build/cooja/mtype820.a(csma.o)
                0x0000000000032d18                csma_driver
 .data.rel.ro.local
                0x0000000000032d34       0x10 build/cooja/mtype820.a(sicslowpan.o)
                0x0000000000032d34                sicslowpan_driver
 .data.rel.ro.local
                0x0000000000032d44        0xc build/cooja/mtype820.a(framer-802154.o)
                0x0000000000032d44                framer_802154
 *(.data.rel.ro .data.rel.ro.* .gnu.linkonce.d.rel.ro.*)
 .data.rel.ro   0x0000000000032d50        0x0 /usr/lib/gcc/i686-linux-gnu/7/../../../i386-linux-gnu/crti.o
 *fill*         0x0000000000032d50       0x10 
 .data.rel.ro   0x0000000000032d60       0x54 build/cooja/mtype820.a(rpl.o)
                0x0000000000032d60                rpl_lite_driver
 .data.rel.ro   0x0000000000032db4        0x4 build/cooja/mtype820.a(rpl-dag.o)

.dynamic        0x0000000000032db8       0xf0
 *(.dynamic)
 .dynamic       0x0000000000032db8       0xf0 /usr/lib/gcc/i686-linux-gnu/7/../../../i386-linux-gnu/crti.o
                0x0000000000032db8                _DYNAMIC

.got            0x0000000000032ea8      0x158
 *(.got)
 .got           0x0000000000032ea8      0x158 /usr/lib/gcc/i686-linux-gnu/7/../../../i386-linux-gnu/crti.o
 *(.igot)
                0x0000000000033ff4                . = DATA_SEGMENT_RELRO_END (., (SIZEOF (.got.plt) >= 0xc)?0xc:0x0)

.got.plt        0x0000000000033000      0x4f8
 *(.got.plt)
 .got.plt       0x0000000000033000      0x4f8 /usr/lib/gcc/i686-linux-gnu/7/../../../i386-linux-gnu/crti.o
                0x0000000000033000                _GLOBAL_OFFSET_TABLE_
 *(.igot.plt)

.data           0x0000000000033500      0x3a4
 *(.data .data.* .gnu.linkonce.d.*)
 .data          0x0000000000033500        0x0 /usr/lib/gcc/i686-linux-gnu/7/../../../i386-linux-gnu/crti.o
 .data          0x0000000000033500        0x0 /usr/lib/gcc/i686-linux-gnu/7/crtbeginS.o
 .data.rel.local
                0x0000000000033500        0x4 /usr/lib/gcc/i686-linux-gnu/7/crtbeginS.o
                0x0000000000033500                __dso_handle
 .data          0x0000000000033504        0x4 temperature-sensor.o
 .data.rel.local
                0x0000000000033508       0x14 temperature-sensor.o
                0x000000000003350c                mqtt_temperature_sensor
 .data          0x000000000003351c        0x0 build/cooja/mtype820.o
 *fill*         0x000000000003351c        0x4 
 .data.rel      0x0000000000033520       0x44 build/cooja/mtype820.o
                0x0000000000033520                simInterfaces
                0x0000000000033554                sensors
 .data          0x0000000000033564        0x0 build/cooja/mtype820.a(simEnvChange.o)
 .data          0x0000000000033564        0x0 build/cooja/mtype820.a(cooja_mt.o)
 .data          0x0000000000033564        0x0 build/cooja/mtype820.a(cooja_mtarch.o)
 .data          0x0000000000033564        0x0 build/cooja/mtype820.a(rtimer-arch.o)
 .data          0x0000000000033564        0x0 build/cooja/mtype820.a(beep.o)
 .data          0x0000000000033564        0x0 build/cooja/mtype820.a(leds-arch.o)
 .data          0x0000000000033564        0x0 build/cooja/mtype820.a(moteid.o)
 .data          0x0000000000033564        0x0 build/cooja/mtype820.a(pir-sensor.o)
 .data          0x0000000000033564        0x0 build/cooja/mtype820.a(rs232.o)
 .data          0x0000000000033564        0x0 build/cooja/mtype820.a(vib-sensor.o)
 .data          0x0000000000033564        0x0 build/cooja/mtype820.a(clock.o)
 .data          0x0000000000033564        0x0 build/cooja/mtype820.a(cooja-log.o)
 .data          0x0000000000033564        0x0 build/cooja/mtype820.a(cfs-cooja.o)
 .data          0x0000000000033564       0x20 build/cooja/mtype820.a(cooja-radio.o)
                0x0000000000033564                simRadioHWOn
                0x0000000000033568                simSignalStrength
                0x000000000003356c                simLastSignalStrength
                0x0000000000033570                simPower
                0x0000000000033574                simRadioChannel
                0x0000000000033578                simLQI
                0x000000000003357c                simLastLQI
 .data.rel.local
                0x0000000000033584       0x10 build/cooja/mtype820.a(cooja-radio.o)
                0x0000000000033584                cooja_radio_process
 .data          0x0000000000033594        0x0 build/cooja/mtype820.a(eeprom.o)
 .data          0x0000000000033594        0x0 build/cooja/mtype820.a(random.o)
 .data          0x0000000000033594        0x0 build/cooja/mtype820.a(sensors.o)
 .data.rel.local
                0x0000000000033594       0x10 build/cooja/mtype820.a(sensors.o)
                0x0000000000033594                sensors_process
 .data          0x00000000000335a4        0x0 build/cooja/mtype820.a(leds.o)
 .data          0x00000000000335a4        0x0 build/cooja/mtype820.a(gpio-hal-arch.o)
 .data          0x00000000000335a4        0x1 build/cooja/mtype820.a(buttons.o)
                0x00000000000335a4                simButtonIsActive
 *fill*         0x00000000000335a5       0x1b 
 .data.rel.local
                0x00000000000335c0       0x58 build/cooja/mtype820.a(buttons.o)
                0x0000000000033610                button_hal_buttons
 .data          0x0000000000033618        0x0 build/cooja/mtype820.a(mqtt.o)
 .data.rel.local
                0x0000000000033618       0x14 build/cooja/mtype820.a(mqtt.o)
                0x000000000003361c                mqtt_process
 .data          0x000000000003362c        0x0 build/cooja/mtype820.a(contiki-main.o)
 .data          0x000000000003362c        0x0 build/cooja/mtype820.a(autostart.o)
 .data          0x000000000003362c        0x0 build/cooja/mtype820.a(ctimer.o)
 .data.rel.local
                0x000000000003362c       0x14 build/cooja/mtype820.a(ctimer.o)
                0x0000000000033630                ctimer_process
 .data          0x0000000000033640        0x4 build/cooja/mtype820.a(log.o)
                0x0000000000033640                curr_log_level_main
 *fill*         0x0000000000033644       0x1c 
 .data.rel.local
                0x0000000000033660       0x9c build/cooja/mtype820.a(log.o)
                0x0000000000033660                all_modules
 .data          0x00000000000336fc        0x0 build/cooja/mtype820.a(energest.o)
 .data          0x00000000000336fc        0x0 build/cooja/mtype820.a(etimer.o)
 .data.rel.local
                0x00000000000336fc       0x10 build/cooja/mtype820.a(etimer.o)
                0x00000000000336fc                etimer_process
 .data          0x000000000003370c        0x0 build/cooja/mtype820.a(node-id.o)
 .data          0x000000000003370c        0x0 build/cooja/mtype820.a(rtimer.o)
 .data          0x000000000003370c        0x0 build/cooja/mtype820.a(process.o)
 .data          0x000000000003370c        0x0 build/cooja/mtype820.a(timer.o)
 .data          0x000000000003370c        0x0 build/cooja/mtype820.a(list.o)
 .data          0x000000000003370c        0x0 build/cooja/mtype820.a(button-hal.o)
 .data.rel.local
                0x000000000003370c       0x10 build/cooja/mtype820.a(button-hal.o)
                0x000000000003370c                button_hal_process
 .data          0x000000000003371c        0x0 build/cooja/mtype820.a(serial-line.o)
 .data.rel.local
                0x000000000003371c       0x10 build/cooja/mtype820.a(serial-line.o)
                0x000000000003371c                serial_line_process
 .data          0x000000000003372c        0x0 build/cooja/mtype820.a(gpio-hal.o)
 .data.rel.local
                0x000000000003372c        0x4 build/cooja/mtype820.a(gpio-hal.o)
 .data          0x0000000000033730        0x0 build/cooja/mtype820.a(queuebuf.o)
 .data.rel.local
                0x0000000000033730       0x18 build/cooja/mtype820.a(queuebuf.o)
 .data          0x0000000000033748        0x0 build/cooja/mtype820.a(packetbuf.o)
 .data.rel.local
                0x0000000000033748        0x4 build/cooja/mtype820.a(packetbuf.o)
 .data          0x000000000003374c        0x0 build/cooja/mtype820.a(netstack.o)
 .data.rel.local
                0x000000000003374c        0x4 build/cooja/mtype820.a(netstack.o)
 .data          0x0000000000033750        0x0 build/cooja/mtype820.a(linkaddr.o)
 .data          0x0000000000033750        0x0 build/cooja/mtype820.a(csma.o)
 .data          0x0000000000033750        0x0 build/cooja/mtype820.a(csma-output.o)
 .data.rel.local
                0x0000000000033750       0x28 build/cooja/mtype820.a(csma-output.o)
 .data          0x0000000000033778        0x0 build/cooja/mtype820.a(uip-ds6.o)
 .data          0x0000000000033778        0x0 build/cooja/mtype820.a(tcp-socket.o)
 .data.rel.local
                0x0000000000033778       0x14 build/cooja/mtype820.a(tcp-socket.o)
                0x000000000003377c                tcp_socket_process
 .data          0x000000000003378c        0x0 build/cooja/mtype820.a(uip-ds6-route.o)
 .data.rel.local
                0x000000000003378c       0x10 build/cooja/mtype820.a(uip-ds6-route.o)
 .data          0x000000000003379c        0x0 build/cooja/mtype820.a(tcpip.o)
 .data.rel.local
                0x000000000003379c       0x10 build/cooja/mtype820.a(tcpip.o)
                0x000000000003379c                tcpip_process
 .data          0x00000000000337ac        0x0 build/cooja/mtype820.a(uip6.o)
 .data          0x00000000000337ac        0x0 build/cooja/mtype820.a(uip-ds6-nbr.o)
 .data.rel.local
                0x00000000000337ac       0x14 build/cooja/mtype820.a(uip-ds6-nbr.o)
 .data          0x00000000000337c0        0x0 build/cooja/mtype820.a(uip-nd6.o)
 .data.rel.local
                0x00000000000337c0        0xc build/cooja/mtype820.a(uip-nd6.o)
 .data          0x00000000000337cc        0x0 build/cooja/mtype820.a(sicslowpan.o)
 .data          0x00000000000337cc        0x0 build/cooja/mtype820.a(uiplib.o)
 .data          0x00000000000337cc        0x0 build/cooja/mtype820.a(rpl.o)
 .data          0x00000000000337cc        0x0 build/cooja/mtype820.a(rpl-icmp6.o)
 .data.rel.local
                0x00000000000337cc       0x30 build/cooja/mtype820.a(rpl-icmp6.o)
 .data          0x00000000000337fc        0x0 build/cooja/mtype820.a(rpl-dag-root.o)
 .data          0x00000000000337fc        0x0 build/cooja/mtype820.a(watchdog.o)
 .data          0x00000000000337fc        0x0 build/cooja/mtype820.a(int-master.o)
 .data          0x00000000000337fc        0x0 build/cooja/mtype820.a(stimer.o)
 .data          0x00000000000337fc        0x0 build/cooja/mtype820.a(ringbuf.o)
 .data          0x00000000000337fc        0x0 build/cooja/mtype820.a(memb.o)
 .data          0x00000000000337fc        0x0 build/cooja/mtype820.a(assert.o)
 .data          0x00000000000337fc        0x0 build/cooja/mtype820.a(nbr-table.o)
 .data.rel.local
                0x00000000000337fc       0x10 build/cooja/mtype820.a(nbr-table.o)
 .data          0x000000000003380c        0x0 build/cooja/mtype820.a(link-stats.o)
 .data.rel.local
                0x000000000003380c       0x14 build/cooja/mtype820.a(link-stats.o)
 .data          0x0000000000033820        0x0 build/cooja/mtype820.a(mac-sequence.o)
 .data          0x0000000000033820        0x0 build/cooja/mtype820.a(mac.o)
 .data          0x0000000000033820        0x0 build/cooja/mtype820.a(framer-802154.o)
 .data          0x0000000000033820        0x2 build/cooja/mtype820.a(frame802154.o)
 .data          0x0000000000033822        0x0 build/cooja/mtype820.a(csma-security.o)
 .data          0x0000000000033822        0x0 build/cooja/mtype820.a(uipbuf.o)
 .data          0x0000000000033822        0x0 build/cooja/mtype820.a(uip-icmp6.o)
 *fill*         0x0000000000033822        0x2 
 .data.rel.local
                0x0000000000033824       0x20 build/cooja/mtype820.a(uip-icmp6.o)
 .data          0x0000000000033844        0x0 build/cooja/mtype820.a(uip-sr.o)
 .data.rel.local
                0x0000000000033844       0x10 build/cooja/mtype820.a(uip-sr.o)
 .data          0x0000000000033854        0x0 build/cooja/mtype820.a(uip-packetqueue)
 .data.rel.local
                0x0000000000033854        0xc build/cooja/mtype820.a(uip-packetqueue)
 .data          0x0000000000033860        0x0 build/cooja/mtype820.a(rpl-nbr-policy.)
 .data          0x0000000000033860        0x0 build/cooja/mtype820.a(rpl-neighbor.o)
 .data.rel.local
                0x0000000000033860       0x14 build/cooja/mtype820.a(rpl-neighbor.o)
                0x0000000000033870                rpl_neighbors
 .data          0x0000000000033874        0x0 build/cooja/mtype820.a(rpl-dag.o)
 .data          0x0000000000033874        0x0 build/cooja/mtype820.a(rpl-timers.o)
 .data          0x0000000000033874        0x0 build/cooja/mtype820.a(rpl-ext-header.)
 .data          0x0000000000033874        0x0 build/cooja/mtype820.a(rpl-mrhof.o)
 *fill*         0x0000000000033874        0xc 
 .data.rel.local
                0x0000000000033880       0x24 build/cooja/mtype820.a(rpl-mrhof.o)
                0x0000000000033880                rpl_mrhof
 .data          0x00000000000338a4        0x0 /usr/lib/i386-linux-gnu/libc_nonshared.a(stack_chk_fail_local.oS)
 .data          0x00000000000338a4        0x0 /usr/lib/gcc/i686-linux-gnu/7/crtendS.o
 .data          0x00000000000338a4        0x0 /usr/lib/gcc/i686-linux-gnu/7/../../../i386-linux-gnu/crtn.o

.tm_clone_table
                0x00000000000338a4        0x0
 .tm_clone_table
                0x00000000000338a4        0x0 /usr/lib/gcc/i686-linux-gnu/7/crtbeginS.o
 .tm_clone_table
                0x00000000000338a4        0x0 /usr/lib/gcc/i686-linux-gnu/7/crtendS.o

.data1
 *(.data1)
                0x00000000000338a4                _edata = .
                [!provide]                        PROVIDE (edata = .)
                0x00000000000338a4                . = .
                0x00000000000338a4                __bss_start = .

.bss            0x00000000000338c0    0x144c4
 *(.dynbss)
 .dynbss        0x00000000000338c0        0x0 /usr/lib/gcc/i686-linux-gnu/7/../../../i386-linux-gnu/crti.o
 *(.bss .bss.* .gnu.linkonce.b.*)
 .bss           0x00000000000338c0        0x0 /usr/lib/gcc/i686-linux-gnu/7/../../../i386-linux-gnu/crti.o
 .bss           0x00000000000338c0        0x1 /usr/lib/gcc/i686-linux-gnu/7/crtbeginS.o
 *fill*         0x00000000000338c1       0x1f 
 .bss           0x00000000000338e0      0xa81 temperature-sensor.o
 *fill*         0x0000000000034361       0x1f 
 .bss           0x0000000000034380     0x2040 build/cooja/mtype820.o
 .bss           0x00000000000363c0        0x1 build/cooja/mtype820.a(simEnvChange.o)
                0x00000000000363c0                simDontFallAsleep
 *fill*         0x00000000000363c1        0x3 
 .bss           0x00000000000363c4        0x4 build/cooja/mtype820.a(cooja_mt.o)
 .bss           0x00000000000363c8        0x4 build/cooja/mtype820.a(cooja_mtarch.o)
 .bss           0x00000000000363cc        0x0 build/cooja/mtype820.a(rtimer-arch.o)
 .bss           0x00000000000363cc        0x0 build/cooja/mtype820.a(beep.o)
 .bss           0x00000000000363cc        0x1 build/cooja/mtype820.a(leds-arch.o)
                0x00000000000363cc                simLedsValue
 .bss           0x00000000000363cd        0x0 build/cooja/mtype820.a(moteid.o)
 .bss           0x00000000000363cd        0x1 build/cooja/mtype820.a(pir-sensor.o)
                0x00000000000363cd                simPirValue
 *fill*         0x00000000000363ce        0x2 
 .bss           0x00000000000363d0        0x4 build/cooja/mtype820.a(rs232.o)
 .bss           0x00000000000363d4        0x1 build/cooja/mtype820.a(vib-sensor.o)
                0x00000000000363d4                simVibValue
 .bss           0x00000000000363d5        0x0 build/cooja/mtype820.a(clock.o)
 *fill*         0x00000000000363d5        0xb 
 .bss           0x00000000000363e0     0x2020 build/cooja/mtype820.a(cooja-log.o)
 .bss           0x0000000000038400      0xfc0 build/cooja/mtype820.a(cfs-cooja.o)
                0x0000000000038400                simCFSData
                0x00000000000393a0                simCFSSize
                0x00000000000393a4                simCFSChanged
                0x00000000000393a8                simCFSRead
                0x00000000000393ac                simCFSWritten
 .bss           0x00000000000393c0       0x24 build/cooja/mtype820.a(cooja-radio.o)
                0x00000000000393c0                simReceiving
                0x00000000000393c4                simInSize
                0x00000000000393c8                simLastPacketTimestamp
                0x00000000000393d0                simOutSize
 .bss           0x00000000000393e4        0xc build/cooja/mtype820.a(eeprom.o)
                0x00000000000393e4                simEEPROMChanged
                0x00000000000393e8                simEEPROMRead
                0x00000000000393ec                simEEPROMWritten
 .bss           0x00000000000393f0        0x0 build/cooja/mtype820.a(random.o)
 .bss           0x00000000000393f0        0xc build/cooja/mtype820.a(sensors.o)
 .bss           0x00000000000393fc        0x0 build/cooja/mtype820.a(leds.o)
 .bss           0x00000000000393fc       0x24 build/cooja/mtype820.a(gpio-hal-arch.o)
 .bss           0x0000000000039420        0x0 build/cooja/mtype820.a(buttons.o)
 .bss           0x0000000000039420       0x15 build/cooja/mtype820.a(mqtt.o)
 .bss           0x0000000000039435        0x0 build/cooja/mtype820.a(contiki-main.o)
 .bss           0x0000000000039435        0x0 build/cooja/mtype820.a(autostart.o)
 *fill*         0x0000000000039435        0x3 
 .bss           0x0000000000039438        0x5 build/cooja/mtype820.a(ctimer.o)
 *fill*         0x000000000003943d        0x3 
 .bss           0x0000000000039440       0x2c build/cooja/mtype820.a(log.o)
                0x0000000000039440                curr_log_level_rpl
                0x0000000000039444                curr_log_level_tcpip
                0x0000000000039448                curr_log_level_ipv6
                0x000000000003944c                curr_log_level_6lowpan
                0x0000000000039450                curr_log_level_nullnet
                0x0000000000039454                curr_log_level_mac
                0x0000000000039458                curr_log_level_framer
                0x000000000003945c                curr_log_level_6top
                0x0000000000039460                curr_log_level_coap
                0x0000000000039464                curr_log_level_snmp
                0x0000000000039468                curr_log_level_lwm2m
 .bss           0x000000000003946c        0x0 build/cooja/mtype820.a(energest.o)
 .bss           0x000000000003946c        0x8 build/cooja/mtype820.a(etimer.o)
 .bss           0x0000000000039474        0x2 build/cooja/mtype820.a(node-id.o)
                0x0000000000039474                node_id
 *fill*         0x0000000000039476        0x2 
 .bss           0x0000000000039478        0x4 build/cooja/mtype820.a(rtimer.o)
 *fill*         0x000000000003947c        0x4 
 .bss           0x0000000000039480      0x1a1 build/cooja/mtype820.a(process.o)
                0x0000000000039480                process_list
                0x0000000000039484                process_current
 .bss           0x0000000000039621        0x0 build/cooja/mtype820.a(timer.o)
 .bss           0x0000000000039621        0x0 build/cooja/mtype820.a(list.o)
 *fill*         0x0000000000039621        0x3 
 .bss           0x0000000000039624       0x10 build/cooja/mtype820.a(button-hal.o)
 *fill*         0x0000000000039634        0xc 
 .bss           0x0000000000039640      0x140 build/cooja/mtype820.a(serial-line.o)
 .bss           0x0000000000039780        0x4 build/cooja/mtype820.a(gpio-hal.o)
 *fill*         0x0000000000039784       0x1c 
 .bss           0x00000000000397a0     0x2c80 build/cooja/mtype820.a(queuebuf.o)
 .bss           0x000000000003c420       0xa0 build/cooja/mtype820.a(packetbuf.o)
 .bss           0x000000000003c4c0        0x4 build/cooja/mtype820.a(netstack.o)
 .bss           0x000000000003c4c4        0x0 build/cooja/mtype820.a(linkaddr.o)
 .bss           0x000000000003c4c4        0x0 build/cooja/mtype820.a(csma.o)
 *fill*         0x000000000003c4c4       0x1c 
 .bss           0x000000000003c4e0      0x726 build/cooja/mtype820.a(csma-output.o)
 *fill*         0x000000000003cc06        0x2 
 .bss           0x000000000003cc08       0x30 build/cooja/mtype820.a(uip-ds6.o)
 .bss           0x000000000003cc38        0x5 build/cooja/mtype820.a(tcp-socket.o)
 *fill*         0x000000000003cc3d        0x3 
 .bss           0x000000000003cc40       0x60 build/cooja/mtype820.a(uip-ds6-route.o)
 .bss           0x000000000003cca0       0xc4 build/cooja/mtype820.a(tcpip.o)
 .bss           0x000000000003cd64        0xc build/cooja/mtype820.a(uip6.o)
                0x000000000003cd64                uip_ext_bitmap
                0x000000000003cd66                uip_ext_len
                0x000000000003cd68                uip_last_proto
 *fill*         0x000000000003cd70       0x10 
 .bss           0x000000000003cd80     0x1c20 build/cooja/mtype820.a(uip-ds6-nbr.o)
 .bss           0x000000000003e9a0       0x10 build/cooja/mtype820.a(uip-nd6.o)
 *fill*         0x000000000003e9b0       0x10 
 .bss           0x000000000003e9c0      0x724 build/cooja/mtype820.a(sicslowpan.o)
 .bss           0x000000000003f0e4        0x0 build/cooja/mtype820.a(uiplib.o)
 .bss           0x000000000003f0e4        0x1 build/cooja/mtype820.a(rpl.o)
 .bss           0x000000000003f0e5        0x0 build/cooja/mtype820.a(rpl-icmp6.o)
 *fill*         0x000000000003f0e5        0x3 
 .bss           0x000000000003f0e8       0x11 build/cooja/mtype820.a(rpl-dag-root.o)
 .bss           0x000000000003f0f9        0x0 build/cooja/mtype820.a(watchdog.o)
 *fill*         0x000000000003f0f9        0x3 
 .bss           0x000000000003f0fc        0x4 build/cooja/mtype820.a(int-master.o)
 .bss           0x000000000003f100        0x0 build/cooja/mtype820.a(stimer.o)
 .bss           0x000000000003f100        0x0 build/cooja/mtype820.a(ringbuf.o)
 .bss           0x000000000003f100        0x0 build/cooja/mtype820.a(memb.o)
 .bss           0x000000000003f100        0x0 build/cooja/mtype820.a(assert.o)
 .bss           0x000000000003f100     0x1214 build/cooja/mtype820.a(nbr-table.o)
 *fill*         0x0000000000040314        0xc 
 .bss           0x0000000000040320      0xe10 build/cooja/mtype820.a(link-stats.o)
 *fill*         0x0000000000041130       0x10 
 .bss           0x0000000000041140      0x100 build/cooja/mtype820.a(mac-sequence.o)
 .bss           0x0000000000041240        0x0 build/cooja/mtype820.a(mac.o)
 .bss           0x0000000000041240        0x2 build/cooja/mtype820.a(framer-802154.o)
 .bss           0x0000000000041242        0x0 build/cooja/mtype820.a(frame802154.o)
 .bss           0x0000000000041242        0x0 build/cooja/mtype820.a(csma-security.o)
 *fill*         0x0000000000041242        0x2 
 .bss           0x0000000000041244       0x20 build/cooja/mtype820.a(uipbuf.o)
 .bss           0x0000000000041264       0x18 build/cooja/mtype820.a(uip-icmp6.o)
 *fill*         0x000000000004127c        0x4 
 .bss           0x0000000000041280     0x1d80 build/cooja/mtype820.a(uip-sr.o)
 .bss           0x0000000000043000      0xa78 build/cooja/mtype820.a(uip-packetqueue)
 .bss           0x0000000000043a78        0x0 build/cooja/mtype820.a(rpl-nbr-policy.)
 *fill*         0x0000000000043a78        0x8 
 .bss           0x0000000000043a80      0x960 build/cooja/mtype820.a(rpl-neighbor.o)
 .bss           0x00000000000443e0        0x0 build/cooja/mtype820.a(rpl-dag.o)
 .bss           0x00000000000443e0       0x40 build/cooja/mtype820.a(rpl-timers.o)
 .bss           0x0000000000044420        0x0 build/cooja/mtype820.a(rpl-ext-header.)
 .bss           0x0000000000044420        0x0 build/cooja/mtype820.a(rpl-mrhof.o)
 .bss           0x0000000000044420        0x0 /usr/lib/i386-linux-gnu/libc_nonshared.a(stack_chk_fail_local.oS)
 .bss           0x0000000000044420        0x0 /usr/lib/gcc/i686-linux-gnu/7/crtendS.o
 .bss           0x0000000000044420        0x0 /usr/lib/gcc/i686-linux-gnu/7/../../../i386-linux-gnu/crtn.o
 *(COMMON)
 COMMON         0x0000000000044420        0x8 build/cooja/mtype820.o
                0x0000000000044420                referenceVar
                0x0000000000044424                sensors_flags
 COMMON         0x0000000000044428        0xc build/cooja/mtype820.a(simEnvChange.o)
                0x0000000000044428                simEtimerPending
                0x000000000004442c                simProcessRunValue
                0x0000000000044430                simEtimerNextExpirationTime
 *fill*         0x0000000000044434        0x4 
 COMMON         0x0000000000044438       0x18 build/cooja/mtype820.a(rtimer-arch.o)
                0x0000000000044438                simRtimerPending