Archive member included to satisfy reference by file (symbol)

build/cooja/mtype327.a(simEnvChange.o)
                              build/cooja/mtype327.o (simDontFallAsleep)
build/cooja/mtype327.a(cooja_mt.o)
                              build/cooja/mtype327.o (cooja_mt_start)
build/cooja/mtype327.a(cooja_mtarch.o)
                              build/cooja/mtype327.a(cooja_mt.o) (cooja_mtarch_start)
build/cooja/mtype327.a(rtimer-arch.o)
                              build/cooja/mtype327.o (rtimer_arch_check)
build/cooja/mtype327.a(beep.o)
                              build/cooja/mtype327.o (beep_interface)
build/cooja/mtype327.a(leds-arch.o)
                              build/cooja/mtype327.o (leds_interface)
build/cooja/mtype327.a(moteid.o)
                              build/cooja/mtype327.o (moteid_interface)
build/cooja/mtype327.a(pir-sensor.o)
                              build/cooja/mtype327.o (pir_interface)
build/cooja/mtype327.a(rs232.o)
                              build/cooja/mtype327.o (rs232_interface)
build/cooja/mtype327.a(vib-sensor.o)
                              build/cooja/mtype327.o (vib_interface)
build/cooja/mtype327.a(clock.o)
                              build/cooja/mtype327.o (clock_interface)
build/cooja/mtype327.a(cooja-log.o)
                              build/cooja/mtype327.o (simlog_interface)
build/cooja/mtype327.a(cfs-cooja.o)
                              build/cooja/mtype327.o (cfs_interface)
build/cooja/mtype327.a(cooja-radio.o)
                              build/cooja/mtype327.o (radio_interface)
build/cooja/mtype327.a(eeprom.o)
                              build/cooja/mtype327.o (eeprom_interface)
build/cooja/mtype327.a(random.o)
                              build/cooja/mtype327.a(moteid.o) (random_init)
build/cooja/mtype327.a(sensors.o)
                              build/cooja/mtype327.a(pir-sensor.o) (sensors_changed)
build/cooja/mtype327.a(leds.o)
                              build/cooja/mtype327.a(leds-arch.o) (leds_get)
build/cooja/mtype327.a(gpio-hal-arch.o)
                              build/cooja/mtype327.a(leds-arch.o) (gpio_hal_arch_register_pin_callback)
build/cooja/mtype327.a(buttons.o)
                              build/cooja/mtype327.o (button_interface)
build/cooja/mtype327.a(mqtt.o)
                              temperature-sensor.o (mqtt_register)
build/cooja/mtype327.a(contiki-main.o)
                              build/cooja/mtype327.o (main)
build/cooja/mtype327.a(autostart.o)
                              build/cooja/mtype327.a(contiki-main.o) (autostart_start)
build/cooja/mtype327.a(ctimer.o)
                              build/cooja/mtype327.a(contiki-main.o) (ctimer_init)
build/cooja/mtype327.a(log.o)
                              build/cooja/mtype327.a(contiki-main.o) (curr_log_level_main)
build/cooja/mtype327.a(energest.o)
                              build/cooja/mtype327.a(contiki-main.o) (energest_init)
build/cooja/mtype327.a(etimer.o)
                              build/cooja/mtype327.a(contiki-main.o) (etimer_process)
build/cooja/mtype327.a(node-id.o)
                              build/cooja/mtype327.a(contiki-main.o) (node_id)
build/cooja/mtype327.a(rtimer.o)
                              build/cooja/mtype327.a(contiki-main.o) (rtimer_init)
build/cooja/mtype327.a(process.o)
                              build/cooja/mtype327.a(mqtt.o) (process_current)
build/cooja/mtype327.a(timer.o)
                              build/cooja/mtype327.a(mqtt.o) (timer_set)
build/cooja/mtype327.a(list.o)
                              build/cooja/mtype327.a(mqtt.o) (list_init)
build/cooja/mtype327.a(button-hal.o)
                              build/cooja/mtype327.o (button_hal_init)
build/cooja/mtype327.a(serial-line.o)
                              build/cooja/mtype327.a(rs232.o) (serial_line_input_byte)
build/cooja/mtype327.a(gpio-hal.o)
                              build/cooja/mtype327.a(button-hal.o) (gpio_hal_register_handler)
build/cooja/mtype327.a(queuebuf.o)
                              build/cooja/mtype327.a(contiki-main.o) (queuebuf_init)
build/cooja/mtype327.a(packetbuf.o)
                              build/cooja/mtype327.a(cooja-radio.o) (packetbuf_clear)
build/cooja/mtype327.a(netstack.o)
                              build/cooja/mtype327.a(contiki-main.o) (netstack_init)
build/cooja/mtype327.a(linkaddr.o)
                              temperature-sensor.o (linkaddr_node_addr)
build/cooja/mtype327.a(csma.o)
                              build/cooja/mtype327.a(cooja-radio.o) (csma_driver)
build/cooja/mtype327.a(csma-output.o)
                              build/cooja/mtype327.a(csma.o) (csma_output_packet)
build/cooja/mtype327.a(uip-ds6.o)
                              build/cooja/mtype327.a(contiki-main.o) (uip_ds6_get_link_local)
build/cooja/mtype327.a(tcp-socket.o)
                              build/cooja/mtype327.a(mqtt.o) (tcp_socket_register)
build/cooja/mtype327.a(uip-ds6-route.o)
[...]
Memory Configuration

Name             Origin             Length             Attributes
*default*        0x0000000000000000 0xffffffffffffffff

Linker script and memory map

LOAD /usr/lib/gcc/i686-linux-gnu/7/../../../i386-linux-gnu/crti.o
LOAD /usr/lib/gcc/i686-linux-gnu/7/crtbeginS.o
LOAD temperature-sensor.o
LOAD build/cooja/mtype327.o
LOAD build/cooja/mtype327.a
LOAD /usr/lib/gcc/i686-linux-gnu/7/libgcc.a
LOAD /usr/lib/gcc/i686-linux-gnu/7/libgcc_s.so
START GROUP
LOAD /usr/lib/gcc/i686-linux-gnu/7/libgcc_s.so.1
LOAD /usr/lib/gcc/i686-linux-gnu/7/libgcc.a
END GROUP
LOAD /usr/lib/gcc/i686-linux-gnu/7/../../../i386-linux-gnu/libc.so
START GROUP
LOAD /lib/i386-linux-gnu/libc.so.6
LOAD /usr/lib/i386-linux-gnu/libc_nonshared.a
LOAD /lib/i386-linux-gnu/ld-linux.so.2
END GROUP
LOAD /usr/lib/gcc/i686-linux-gnu/7/libgcc.a
LOAD /usr/lib/gcc/i686-linux-gnu/7/libgcc_s.so
START GROUP
LOAD /usr/lib/gcc/i686-linux-gnu/7/libgcc_s.so.1
LOAD /usr/lib/gcc/i686-linux-gnu/7/libgcc.a
END GROUP
LOAD /usr/lib/gcc/i686-linux-gnu/7/crtendS.o
LOAD /usr/lib/gcc/i686-linux-gnu/7/../../../i386-linux-gnu/crtn.o
                0x0000000000000114                . = (SEGMENT_START ("text-segment", 0x0) + SIZEOF_HEADERS)

.note.gnu.build-id
                0x0000000000000114       0x24
 *(.note.gnu.build-id)
 .note.gnu.build-id
                0x0000000000000114       0x24 /usr/lib/gcc/i686-linux-gnu/7/../../../i386-linux-gnu/crti.o

.hash
 *(.hash)

.gnu.hash       0x0000000000000138     0x14b0
 *(.gnu.hash)
 .gnu.hash      0x0000000000000138     0x14b0 /usr/lib/gcc/i686-linux-gnu/7/../../../i386-linux-gnu/crti.o

.dynsym         0x00000000000015e8     0x2b10
 *(.dynsym)
 .dynsym        0x00000000000015e8     0x2b10 /usr/lib/gcc/i686-linux-gnu/7/../../../i386-linux-gnu/crti.o

.dynstr         0x00000000000040f8     0x3096
 *(.dynstr)
 .dynstr        0x00000000000040f8     0x3096 /usr/lib/gcc/i686-linux-gnu/7/../../../i386-linux-gnu/crti.o

.gnu.version    0x000000000000718e      0x562
 *(.gnu.version)
 .gnu.version   0x000000000000718e      0x562 /usr/lib/gcc/i686-linux-gnu/7/../../../i386-linux-gnu/crti.o

.gnu.version_d  0x00000000000076f0        0x0
 *(.gnu.version_d)
 .gnu.version_d
                0x00000000000076f0        0x0 /usr/lib/gcc/i686-linux-gnu/7/../../../i386-linux-gnu/crti.o

.gnu.version_r  0x00000000000076f0       0x40
 *(.gnu.version_r)
 .gnu.version_r
                0x00000000000076f0       0x40 /usr/lib/gcc/i686-linux-gnu/7/../../../i386-linux-gnu/crti.o

.rel.dyn        0x0000000000007730      0xe90
 *(.rel.init)
 .rel.init      0x0000000000007730        0x0 /usr/lib/gcc/i686-linux-gnu/7/../../../i386-linux-gnu/crti.o
 *(.rel.text .rel.text.* .rel.gnu.linkonce.t.*)
 .rel.text      0x0000000000007730      0x588 /usr/lib/gcc/i686-linux-gnu/7/../../../i386-linux-gnu/crti.o
 *(.rel.fini)
 .rel.fini      0x0000000000007cb8        0x0 /usr/lib/gcc/i686-linux-gnu/7/../../../i386-linux-gnu/crti.o
 *(.rel.rodata .rel.rodata.* .rel.gnu.linkonce.r.*)
 *(.rel.data.rel.ro .rel.data.rel.ro.* .rel.gnu.linkonce.d.rel.ro.*)
 .rel.data.rel.ro.local
                0x0000000000007cb8      0x208 /usr/lib/gcc/i686-linux-gnu/7/../../../i386-linux-gnu/crti.o
 .rel.data.rel.ro
                0x0000000000007ec0       0xb0 /usr/lib/gcc/i686-linux-gnu/7/../../../i386-linux-gnu/crti.o
 *(.rel.data .rel.data.* .rel.gnu.linkonce.d.*)
 .rel.data.rel.local
                0x0000000000007f70      0x318 /usr/lib/gcc/i686-linux-gnu/7/../../../i386-linux-gnu/crti.o
 .rel.data.rel  0x0000000000008288       0x78 /usr/lib/gcc/i686-linux-gnu/7/../../../i386-linux-gnu/crti.o
 *(.rel.tdata .rel.tdata.* .rel.gnu.linkonce.td.*)
 *(.rel.tbss .rel.tbss.* .rel.gnu.linkonce.tb.*)
 *(.rel.ctors)
 *(.rel.dtors)
 *(.rel.got)
 .rel.got       0x0000000000008300      0x2b0 /usr/lib/gcc/i686-linux-gnu/7/../../../i386-linux-gnu/crti.o
 *(.rel.bss .rel.bss.* .rel.gnu.linkonce.b.*)
 *(.rel.ifunc)
 .rel.ifunc     0x00000000000085b0        0x0 /usr/lib/gcc/i686-linux-gnu/7/../../../i386-linux-gnu/crti.o
 .rel.fini_array
                0x00000000000085b0        0x8 /usr/lib/gcc/i686-linux-gnu/7/../../../i386-linux-gnu/crti.o
 .rel.init_array
                0x00000000000085b8        0x8 /usr/lib/gcc/i686-linux-gnu/7/../../../i386-linux-gnu/crti.o

.rel.plt        0x00000000000085c0      0x9d8
 *(.rel.plt)
 .rel.plt       0x00000000000085c0      0x9d8 /usr/lib/gcc/i686-linux-gnu/7/../../../i386-linux-gnu/crti.o
 *(.rel.iplt)

.init           0x0000000000008f98       0x23
 *(SORT_NONE(.init))
 .init          0x0000000000008f98       0x1e /usr/lib/gcc/i686-linux-gnu/7/../../../i386-linux-gnu/crti.o
                0x0000000000008f98                _init
 .init          0x0000000000008fb6        0x5 /usr/lib/gcc/i686-linux-gnu/7/../../../i386-linux-gnu/crtn.o

.plt            0x0000000000008fc0     0x13c0
 *(.plt)
 .plt           0x0000000000008fc0     0x13c0 /usr/lib/gcc/i686-linux-gnu/7/../../../i386-linux-gnu/crti.o
 *(.iplt)

.plt.got        0x000000000000a380       0x18
 *(.plt.got)
 .plt.got       0x000000000000a380       0x18 /usr/lib/gcc/i686-linux-gnu/7/../../../i386-linux-gnu/crti.o

.plt.sec
 *(.plt.sec)

.text           0x000000000000a3a0    0x1e714
 *(.text.unlikely .text.*_unlikely .text.unlikely.*)
 *(.text.exit .text.exit.*)
 *(.text.startup .text.startup.*)
 *(.text.hot .text.hot.*)
 *(.text .stub .text.* .gnu.linkonce.t.*)
 .text          0x000000000000a3a0        0x0 /usr/lib/gcc/i686-linux-gnu/7/../../../i386-linux-gnu/crti.o
 .gnu.linkonce.t.__x86.get_pc_thunk.bx
                0x000000000000a3a0        0x4 /usr/lib/gcc/i686-linux-gnu/7/../../../i386-linux-gnu/crti.o
                0x000000000000a3a0                __x86.get_pc_thunk.bx
 *fill*         0x000000000000a3a4        0xc 
 .text          0x000000000000a3b0       0xe9 /usr/lib/gcc/i686-linux-gnu/7/crtbeginS.o
 .text.__x86.get_pc_thunk.dx
                0x000000000000a499        0x4 /usr/lib/gcc/i686-linux-gnu/7/crtbeginS.o
                0x000000000000a499                __x86.get_pc_thunk.dx
 .text          0x000000000000a49d      0x761 temperature-sensor.o
 .text          0x000000000000abfe      0x36b build/cooja/mtype327.o
                0x000000000000acb0                platform_init_stage_one
                0x000000000000acd3                platform_init_stage_two
                0x000000000000acf6                platform_init_stage_three
                0x000000000000ad19                platform_main_loop
                0x000000000000adbf                Java_org_contikios_cooja_corecomm_Lib7_init
                0x000000000000ae0d                Java_org_contikios_cooja_corecomm_Lib7_getMemory
                0x000000000000ae4d                Java_org_contikios_cooja_corecomm_Lib7_setMemory
                0x000000000000aebe                Java_org_contikios_cooja_corecomm_Lib7_tick
                0x000000000000af48                Java_org_contikios_cooja_corecomm_Lib7_setReferenceAddress
 .text.__x86.get_pc_thunk.ax
                0x000000000000af69        0x4 build/cooja/mtype327.o
                0x000000000000af69                __x86.get_pc_thunk.ax
 .text          0x000000000000af6d       0x8d build/cooja/mtype327.a(simEnvChange.o)
                0x000000000000af6d                doActionsBeforeTick
                0x000000000000afb3                doActionsAfterTick
 .text          0x000000000000affa       0xb6 build/cooja/mtype327.a(cooja_mt.o)
                0x000000000000affa                cooja_mt_start
                0x000000000000b034                cooja_mt_exec
                0x000000000000b07b                cooja_mt_yield
 .text          0x000000000000b0b0       0xf2 build/cooja/mtype327.a(cooja_mtarch.o)
                0x000000000000b0b0                cooja_mtarch_start
                0x000000000000b134                cooja_sw
                0x000000000000b162                cooja_mtarch_exec
                0x000000000000b18d                cooja_mtarch_yield
 .text          0x000000000000b1a2      0x127 build/cooja/mtype327.a(rtimer-arch.o)
                0x000000000000b1a2                rtimer_arch_init
                0x000000000000b1d1                rtimer_arch_schedule
                0x000000000000b213                rtimer_arch_next
                0x000000000000b22d                rtimer_arch_pending
                0x000000000000b244                rtimer_arch_check
                0x000000000000b2af                rtimer_arch_now
 .text.__x86.get_pc_thunk.cx
                0x000000000000b2c9        0x4 build/cooja/mtype327.a(rtimer-arch.o)
                0x000000000000b2c9                __x86.get_pc_thunk.cx
 .text          0x000000000000b2cd      0x101 build/cooja/mtype327.a(beep.o)
                0x000000000000b2cd                beep_alarm
                0x000000000000b2e6                beep_beep
                0x000000000000b2ff                beep
                0x000000000000b318                beep_down
                0x000000000000b331                beep_on
                0x000000000000b34a                beep_off
                0x000000000000b363                beep_spinup
                0x000000000000b37c                beep_quick
                0x000000000000b395                beep_long
 .text          0x000000000000b3ce       0x9f build/cooja/mtype327.a(leds-arch.o)
                0x000000000000b3f2                leds_arch_init
 .text          0x000000000000b46d       0x56 build/cooja/mtype327.a(moteid.o)
 .text          0x000000000000b4c3      0x101 build/cooja/mtype327.a(pir-sensor.o)
 .text          0x000000000000b5c4      0x1cc build/cooja/mtype327.a(rs232.o)
                0x000000000000b5c4                rs232_init
                0x000000000000b5d4                rs232_set_speed
                0x000000000000b5ed                rs232_set_input
                0x000000000000b606                rs232_send
                0x000000000000b63c                rs232_print
                0x000000000000b66a                slip_arch_writeb
 .text          0x000000000000b790      0x101 build/cooja/mtype327.a(vib-sensor.o)
 .text          0x000000000000b891       0x7a build/cooja/mtype327.a(clock.o)
                0x000000000000b891                clock_init
                0x000000000000b8a1                clock_time
                0x000000000000b8b8                clock_seconds
                0x000000000000b8db                clock_delay
 .text          0x000000000000b90b      0x2b5 build/cooja/mtype327.a(cooja-log.o)
                0x000000000000b90b                simlog_char
                0x000000000000b96f                simlog
                0x000000000000ba09                log_message
                0x000000000000ba58                log_set_putchar_with_slip
                0x000000000000ba71                log_putchar
                0x000000000000bafc                log_puts
                0x000000000000bb2e                log_printf
 .text          0x000000000000bbc0      0x36c build/cooja/mtype327.a(cfs-cooja.o)
                0x000000000000bbc0                cfs_open
                0x000000000000bc38                cfs_close
                0x000000000000bc4f                cfs_read
                0x000000000000bd03                cfs_write
                0x000000000000be01                cfs_seek
                0x000000000000be9e                cfs_remove
                0x000000000000bed4                cfs_opendir
                0x000000000000bee8                cfs_readdir
                0x000000000000befc                cfs_closedir
 .text          0x000000000000bf2c      0x78b build/cooja/mtype327.a(cooja-radio.o)
                0x000000000000bf9a                radio_set_channel
                0x000000000000bfb3                radio_set_txpower
                0x000000000000bfd6                radio_signal_strength_last
                0x000000000000bfeb                radio_signal_strength_current
                0x000000000000c000                radio_LQI
 .text          0x000000000000c6b7      0x130 build/cooja/mtype327.a(eeprom.o)
                0x000000000000c6b7                eeprom_init
                0x000000000000c6c7                eeprom_read
                0x000000000000c747                eeprom_write
 .text          0x000000000000c7e7       0x4e build/cooja/mtype327.a(random.o)
                0x000000000000c7e7                random_init
                0x000000000000c817                random_rand
 .text          0x000000000000c835      0x332 build/cooja/mtype327.a(sensors.o)
                0x000000000000c87c                sensors_first
                0x000000000000c893                sensors_next
                0x000000000000c8be                sensors_changed
                0x000000000000c90b                sensors_find
 .text          0x000000000000cb67      0x3fc build/cooja/mtype327.a(leds.o)
                0x000000000000cb67                leds_init
                0x000000000000cbbf                leds_single_on
                0x000000000000cc37                leds_single_off
                0x000000000000ccaf                leds_single_toggle
                0x000000000000ccf3                leds_on
                0x000000000000cd8b                leds_off
                0x000000000000ce23                leds_toggle
                0x000000000000ce89                leds_set
                0x000000000000cebf                leds_get
 .text          0x000000000000cf63      0x401 build/cooja/mtype327.a(gpio-hal-arch.o)
                0x000000000000cf63                gpio_hal_arch_register_pin_callback
                0x000000000000cfe4                gpio_hal_arch_init
                0x000000000000d03e                gpio_hal_arch_no_port_interrupt_enable
                0x000000000000d078                gpio_hal_arch_no_port_interrupt_disable
                0x000000000000d0b2                gpio_hal_arch_no_port_pin_cfg_set
                0x000000000000d0e1                gpio_hal_arch_no_port_pin_cfg_get
                0x000000000000d111                gpio_hal_arch_no_port_pin_set_input
                0x000000000000d12d                gpio_hal_arch_no_port_pin_set_output
                0x000000000000d149                gpio_hal_arch_no_port_set_pin
                0x000000000000d174                gpio_hal_arch_no_port_clear_pin
                0x000000000000d19f                gpio_hal_arch_no_port_read_pin
                0x000000000000d1d1                gpio_hal_arch_no_port_write_pin
                0x000000000000d205                gpio_hal_arch_no_port_set_pins
                0x000000000000d256                gpio_hal_arch_no_port_clear_pins
                0x000000000000d2a7                gpio_hal_arch_no_port_read_pins
                0x000000000000d2fa                gpio_hal_arch_no_port_write_pins
 .text          0x000000000000d364       0xc6 build/cooja/mtype327.a(buttons.o)
 .text          0x000000000000d42a     0x3c24 build/cooja/mtype327.a(mqtt.o)
                0x000000000000d855                mqtt_decode_var_byte_int
                0x000000000000d948                mqtt_encode_var_byte_int
                0x000000000001096b                mqtt_init
                0x0000000000010a56                mqtt_register
                0x0000000000010b03                mqtt_connect
                0x0000000000010c47                mqtt_disconnect
                0x0000000000010c97                mqtt_subscribe
                0x0000000000010d7b                mqtt_unsubscribe
                0x0000000000010e53                mqtt_publish
                0x0000000000010f5b                mqtt_set_username_password
                0x0000000000010ff0                mqtt_set_last_will
 .text          0x000000000001104e      0x3c1 build/cooja/mtype327.a(contiki-main.o)
                0x000000000001104e                main
 .text          0x000000000001140f       0xb0 build/cooja/mtype327.a(autostart.o)
                0x000000000001140f                autostart_start
                0x0000000000011468                autostart_exit
 .text          0x00000000000114bf      0x400 build/cooja/mtype327.a(ctimer.o)
                0x0000000000011602                ctimer_init
                0x0000000000011647                ctimer_set
                0x000000000001167a                ctimer_set_with_process
                0x0000000000011711                ctimer_reset
                0x000000000001177f                ctimer_restart
                0x00000000000117ed                ctimer_stop
                0x000000000001184d                ctimer_expired
 .text          0x00000000000118bf      0x4a3 build/cooja/mtype327.a(log.o)
                0x00000000000118bf                log_6addr
                0x0000000000011923                log_6addr_compact_snprint
                0x00000000000119e3                log_6addr_compact
                0x0000000000011a47                log_lladdr
                0x0000000000011ace                log_lladdr_compact
                0x0000000000011b4b                log_bytes
                0x0000000000011b9f                log_set_level
                0x0000000000011c7d                log_get_level
                0x0000000000011d0e                log_level_to_str
 .text          0x0000000000011d62       0x39 build/cooja/mtype327.a(energest.o)
                0x0000000000011d62                energest_init
                0x0000000000011d72                energest_flush
                0x0000000000011d82                energest_get_total_time
 .text          0x0000000000011d9b      0x527 build/cooja/mtype327.a(etimer.o)
                0x0000000000011ff0                etimer_request_poll
                0x00000000000120a1                etimer_set
                0x00000000000120da                etimer_reset_with_new_interval
                0x0000000000012119                etimer_reset
                0x000000000001214f                etimer_restart
                0x0000000000012185                etimer_adjust
                0x00000000000121ac                etimer_expired
                0x00000000000121c9                etimer_expiration_time
                0x00000000000121e5                etimer_start_time
                0x00000000000121f9                etimer_pending
                0x0000000000012216                etimer_next_expiration_time
                0x000000000001223e                etimer_stop
 .text          0x00000000000122c2       0x36 build/cooja/mtype327.a(node-id.o)
                0x00000000000122c2                node_id_init
 .text          0x00000000000122f8      0x122 build/cooja/mtype327.a(rtimer.o)
                0x00000000000122f8                rtimer_init
                0x0000000000012317                rtimer_set
                0x00000000000123a5                rtimer_run_next
 .text          0x000000000001241a      0x5cb build/cooja/mtype327.a(process.o)
                0x000000000001241a                process_alloc_event
                0x000000000001243b                process_start
                0x0000000000012640                process_exit
                0x0000000000012668                process_init
                0x0000000000012830                process_run
                0x0000000000012873                process_nevents
                0x0000000000012898                process_post
                0x0000000000012945                process_post_synch
                0x000000000001298b                process_poll
                0x00000000000129c7                process_is_running
 .text.__x86.get_pc_thunk.si
                0x00000000000129e5        0x4 build/cooja/mtype327.a(process.o)
                0x00000000000129e5                __x86.get_pc_thunk.si
 .text          0x00000000000129e9       0xf6 build/cooja/mtype327.a(timer.o)
                0x00000000000129e9                timer_set
                0x0000000000012a18                timer_reset
                0x0000000000012a4f                timer_restart
                0x0000000000012a75                timer_expired
                0x0000000000012ab3                timer_remaining
 .text          0x0000000000012adf      0x311 build/cooja/mtype327.a(list.o)
                0x0000000000012adf                list_init
                0x0000000000012af8                list_head
                0x0000000000012b0c                list_copy
                0x0000000000012b26                list_tail
                0x0000000000012b66                list_add
                0x0000000000012bbc                list_push
                0x0000000000012bf2                list_chop
                0x0000000000012c66                list_pop
                0x0000000000012c98                list_remove
                0x0000000000012d0a                list_length
                0x0000000000012d42                list_insert
                0x0000000000012d91                list_item_next
                0x0000000000012db2                list_contains
 .text          0x0000000000012df0      0x566 build/cooja/mtype327.a(button-hal.o)
                0x0000000000012fe4                button_hal_get_by_id
                0x000000000001302e                button_hal_get_by_index
                0x0000000000013068                button_hal_get_state
                0x00000000000130ca                button_hal_init
 .text          0x0000000000013356      0x242 build/cooja/mtype327.a(serial-line.o)
                0x0000000000013356                serial_line_input_byte
                0x000000000001354e                serial_line_init
 .text          0x0000000000013598      0x1d6 build/cooja/mtype327.a(gpio-hal.o)
                0x0000000000013598                gpio_hal_register_handler
                0x00000000000135c6                gpio_hal_event_handler
                0x0000000000013633                gpio_hal_init
                0x0000000000013662                gpio_hal_arch_port_toggle_pin
                0x00000000000136ad                gpio_hal_arch_port_toggle_pins
                0x00000000000136ea                gpio_hal_arch_no_port_toggle_pin
                0x0000000000013737                gpio_hal_arch_no_port_toggle_pins
 .text          0x000000000001376e      0x3a9 build/cooja/mtype327.a(queuebuf.o)
                0x0000000000013782                queuebuf_init
                0x00000000000137be                queuebuf_numfree
                0x00000000000137e8                queuebuf_new_from_packetbuf
                0x000000000001389c                queuebuf_update_attr_from_packetbuf
                0x00000000000138e0                queuebuf_update_from_packetbuf
                0x000000000001393f                queuebuf_free
                0x000000000001399d                queuebuf_to_packetbuf
                0x0000000000013a1a                queuebuf_dataptr
                0x0000000000013a66                queuebuf_datalen
                0x0000000000013a93                queuebuf_addr
                0x0000000000013ad2                queuebuf_attr
                0x0000000000013b07                queuebuf_debug_print
 .text          0x0000000000013b17      0x4dd build/cooja/mtype327.a(packetbuf.o)
                0x0000000000013b17                packetbuf_clear
                0x0000000000013b4d                packetbuf_copyfrom
                0x0000000000013bad                packetbuf_copyto
                0x0000000000013c4b                packetbuf_hdralloc
                0x0000000000013cdb                packetbuf_hdrreduce
                0x0000000000013d2d                packetbuf_set_datalen
                0x0000000000013d52                packetbuf_dataptr
                0x0000000000013d79                packetbuf_hdrptr
                0x0000000000013d8e                packetbuf_datalen
                0x0000000000013da4                packetbuf_hdrlen
                0x0000000000013dc3                packetbuf_totlen
                0x0000000000013de3                packetbuf_remaininglen
                0x0000000000013e00                packetbuf_attr_clear
                0x0000000000013e66                packetbuf_attr_copyto
                0x0000000000013eac                packetbuf_attr_copyfrom
                0x0000000000013ef2                packetbuf_set_attr
                0x0000000000013f28                packetbuf_attr
                0x0000000000013f4e                packetbuf_set_addr
                0x0000000000013f96                packetbuf_addr
                0x0000000000013fc0                packetbuf_holds_broadcast
 .text          0x0000000000013ff4      0x13c build/cooja/mtype327.a(netstack.o)
                0x0000000000013ff4                netstack_process_ip_callback
                0x0000000000014095                netstack_ip_packet_processor_add
                0x00000000000140c9                uip_ds6_ip_packet_processor_rm
                0x00000000000140f7                netstack_init
 .text          0x0000000000014130       0x75 build/cooja/mtype327.a(linkaddr.o)
                0x0000000000014130                linkaddr_copy
                0x0000000000014150                linkaddr_cmp
                0x0000000000014183                linkaddr_set_node_addr
 .text          0x00000000000141a5      0x2ae build/cooja/mtype327.a(csma.o)
 .text          0x0000000000014453      0xa6f build/cooja/mtype327.a(csma-output.o)
                0x0000000000014bc5                csma_output_packet
                0x0000000000014e74                csma_output_init
 .text          0x0000000000014ec2      0xe47 build/cooja/mtype327.a(uip-ds6.o)
                0x0000000000014ec2                uip_ds6_default_prefix
                0x0000000000014ed7                uip_ds6_set_default_prefix
                0x0000000000014f0d                uip_ds6_init
                0x00000000000151a8                uip_ds6_periodic
                0x0000000000015250                uip_ds6_list_loop
                0x000000000001531f                uip_ds6_prefix_add
                0x00000000000153e6                uip_ds6_prefix_rm
                0x0000000000015403                uip_ds6_prefix_lookup
                0x0000000000015456                uip_ds6_is_addr_onlink
                0x00000000000154e3                uip_ds6_addr_add
                0x0000000000015625                uip_ds6_addr_rm
                0x00000000000156e4                uip_ds6_addr_lookup
                0x0000000000015734                uip_ds6_get_link_local
                0x00000000000157d2                uip_ds6_get_global
                0x0000000000015870                uip_ds6_maddr_add
                0x00000000000158ec                uip_ds6_maddr_rm
                0x0000000000015909                uip_ds6_maddr_lookup
                0x000000000001595c                uip_ds6_aaddr_add
                0x00000000000159d5                uip_ds6_aaddr_rm
                0x00000000000159f2                uip_ds6_aaddr_lookup
                0x0000000000015a42                uip_ds6_select_src
                0x0000000000015bb0                uip_ds6_set_addr_iid
                0x0000000000015be5                uip_ds6_set_lladdr_from_iid
                0x0000000000015c18                get_match_length
                0x0000000000015cb3                uip_ds6_compute_reachable_time
 .text          0x0000000000015d09      0xb4d build/cooja/mtype327.a(tcp-socket.o)
                0x0000000000016420                tcp_socket_register
                0x00000000000164c1                tcp_socket_connect
                0x0000000000016574                tcp_socket_listen
                0x0000000000016604                tcp_socket_unlisten
                0x0000000000016691                tcp_socket_send
                0x0000000000016741                tcp_socket_send_str
                0x0000000000016779                tcp_socket_close
                0x00000000000167ac                tcp_socket_unregister
                0x0000000000016816                tcp_socket_max_sendlen
                0x000000000001683d                tcp_socket_queuelen
 .text          0x0000000000016856      0x453 build/cooja/mtype327.a(uip-ds6-route.o)
                0x00000000000168b8                uip_ds6_route_init
                0x00000000000168f4                uip_ds6_route_count_nexthop_neighbors
                0x0000000000016908                uip_ds6_route_nexthop
                0x000000000001691c                uip_ds6_route_head
                0x0000000000016930                uip_ds6_route_next
                0x0000000000016944                uip_ds6_route_is_nexthop
                0x0000000000016958                uip_ds6_route_num_routes
                0x000000000001696c                uip_ds6_route_lookup
                0x0000000000016980                uip_ds6_route_add
                0x000000000001699d                uip_ds6_route_rm
                0x00000000000169ad                uip_ds6_route_rm_by_nexthop
                0x00000000000169bd                uip_ds6_defrt_head
                0x00000000000169e7                uip_ds6_defrt_add
                0x0000000000016aa7                uip_ds6_defrt_rm
                0x0000000000016b20                uip_ds6_defrt_lookup
                0x0000000000016b97                uip_ds6_defrt_choose
                0x0000000000016c1d                uip_ds6_defrt_periodic
 .text          0x0000000000016ca9      0xc55 build/cooja/mtype327.a(tcpip.o)
                0x0000000000016ccf                tcpip_output
                0x0000000000016dfa                tcp_connect
                0x0000000000016e62                tcp_unlisten
                0x0000000000016ed7                tcp_listen
                0x0000000000016f49                tcp_attach
                0x0000000000016f6b                udp_attach
                0x0000000000016f8d                udp_new
                0x0000000000016fe7                udp_broadcast_new
                0x00000000000172b9                tcpip_input
                0x00000000000174af                tcpip_ipv6_output
                0x00000000000176eb                tcpip_poll_udp
                0x000000000001771b                tcpip_poll_tcp
                0x000000000001774b                tcpip_uipcall
 .text          0x00000000000178fe     0x33b5 build/cooja/mtype327.a(uip6.o)
                0x00000000000178fe                uip_add32
                0x0000000000017ae9                uip_chksum
                0x0000000000017be1                uip_icmp6chksum
                0x0000000000017c00                uip_tcpchksum
                0x0000000000017c1f                uip_udpchksum
                0x0000000000017c3e                uip_init
                0x0000000000017cec                uip_connect
                0x0000000000017e89                uip_remove_ext_hdr
                0x0000000000017f84                uip_udp_new
                0x00000000000180c9                uip_unlisten
                0x0000000000018119                uip_listen
                0x0000000000018429                uip_process
                0x000000000001ab43                uip_htons
                0x000000000001ab6f                uip_htonl
                0x000000000001abb9                uip_send
 .text          0x000000000001acb3      0x43e build/cooja/mtype327.a(uip-ds6-nbr.o)
                0x000000000001acb3                uip_ds6_neighbors_init
                0x000000000001ace9                uip_ds6_nbr_add
                0x000000000001ad83                uip_ds6_nbr_rm
                0x000000000001ade2                uip_ds6_nbr_update_ll
                0x000000000001aedf                uip_ds6_nbr_get_ipaddr
                0x000000000001aefe                uip_ds6_nbr_get_ll
                0x000000000001af2b                uip_ds6_nbr_num
                0x000000000001af85                uip_ds6_nbr_head
                0x000000000001afaf                uip_ds6_nbr_next
                0x000000000001afdc                uip_ds6_nbr_lookup
                0x000000000001b043                uip_ds6_nbr_ll_lookup
                0x000000000001b070                uip_ds6_nbr_ipaddr_from_lladdr
                0x000000000001b0a3                uip_ds6_nbr_lladdr_from_ipaddr
                0x000000000001b0e1                uip_ds6_link_callback
 .text          0x000000000001b0f1      0x810 build/cooja/mtype327.a(uip-nd6.o)
                0x000000000001b8d6                uip_nd6_init
 .text          0x000000000001b901     0x33b0 build/cooja/mtype327.a(sicslowpan.o)
                0x000000000001bfff                netstack_sniffer_add
                0x000000000001c018                netstack_sniffer_remove
                0x000000000001ec70                sicslowpan_init
                0x000000000001ec9c                sicslowpan_get_last_rssi
 .text          0x000000000001ecb1      0x51a build/cooja/mtype327.a(uiplib.o)
                0x000000000001ecb1                uiplib_ip6addrconv
                0x000000000001ee77                uiplib_ip4addrconv
                0x000000000001ef44                uiplib_ipaddr_print
                0x000000000001efa8                uiplib_ipaddr_snprint
 .text          0x000000000001f1cb      0x610 build/cooja/mtype327.a(rpl.o)
                0x000000000001f1cb                rpl_lollipop_greater_than
                0x000000000001f22e                rpl_get_global_address
                0x000000000001f364                rpl_link_callback
                0x000000000001f3c7                rpl_has_joined
                0x000000000001f3fd                rpl_is_reachable
                0x000000000001f4a0                rpl_reset_prefix
                0x000000000001f51c                rpl_set_prefix_from_addr
                0x000000000001f62e                rpl_set_prefix
                0x000000000001f7a2                rpl_set_leaf_only
                0x000000000001f7c5                rpl_get_leaf_only
 .text          0x000000000001f7db     0x1491 build/cooja/mtype327.a(rpl-icmp6.o)
                0x000000000001f938                rpl_icmp6_update_nbr_table
                0x000000000001f9ea                rpl_icmp6_dis_output
                0x000000000001ffff                rpl_icmp6_dio_output
                0x0000000000020858                rpl_icmp6_dao_output
                0x0000000000020b85                rpl_icmp6_dao_ack_output
                0x0000000000020c0c                rpl_icmp6_init
 .text          0x0000000000020c6c      0x2e4 build/cooja/mtype327.a(rpl-dag-root.o)
                0x0000000000020c6c                rpl_dag_root_print_links
                0x0000000000020dc5                rpl_dag_root_set_prefix
                0x0000000000020e00                rpl_dag_root_start
                0x0000000000020f0e                rpl_dag_root_is_root
 .text          0x0000000000020f50       0x6b build/cooja/mtype327.a(watchdog.o)
                0x0000000000020f50                watchdog_init
                0x0000000000020f60                watchdog_start
                0x0000000000020f70                watchdog_periodic
                0x0000000000020f9b                watchdog_stop
                0x0000000000020fab                watchdog_reboot
 .text          0x0000000000020fbb       0x75 build/cooja/mtype327.a(int-master.o)
                0x0000000000020fbb                int_master_enable
                0x0000000000020fd5                int_master_read_and_disable
                0x0000000000020ffd                int_master_status_set
                0x0000000000021016                int_master_is_enabled
 .text          0x0000000000021030      0x11d build/cooja/mtype327.a(stimer.o)
                0x0000000000021030                stimer_set
                0x000000000002105f                stimer_reset
                0x0000000000021096                stimer_restart
                0x00000000000210bc                stimer_expired
                0x00000000000210f8                stimer_remaining
                0x0000000000021124                stimer_elapsed
 .text          0x000000000002114d      0x188 build/cooja/mtype327.a(ringbuf.o)
                0x000000000002114d                ringbuf_init
                0x0000000000021189                ringbuf_put
                0x0000000000021211                ringbuf_get
                0x0000000000021288                ringbuf_size
                0x00000000000212a4                ringbuf_elements
 .text          0x00000000000212d5      0x1ec build/cooja/mtype327.a(memb.o)
                0x00000000000212d5                memb_init
                0x0000000000021339                memb_alloc
                0x00000000000213a6                memb_free
                0x0000000000021427                memb_inmemb
                0x0000000000021470                memb_numfree
 .text          0x00000000000214c1       0x31 build/cooja/mtype327.a(assert.o)
                0x00000000000214c1                _xassert
 .text          0x00000000000214f2      0xb68 build/cooja/mtype327.a(nbr-table.o)
                0x0000000000021894                nbr_table_count_entries
                0x0000000000021941                nbr_table_gc_get_worst
                0x0000000000021981                nbr_table_can_accept_new
                0x0000000000021b0a                nbr_table_entry_is_allowed
                0x0000000000021baa                nbr_table_register
                0x0000000000021c28                nbr_table_is_registered
                0x0000000000021c6d                nbr_table_head
                0x0000000000021cda                nbr_table_next
                0x0000000000021d4c                nbr_table_add_lladdr
                0x0000000000021e9b                nbr_table_get_from_lladdr
                0x0000000000021ef8                nbr_table_remove
                0x0000000000021f43                nbr_table_lock
                0x0000000000021f69                nbr_table_unlock
                0x0000000000021f8f                nbr_table_get_lladdr
                0x0000000000021fc5                nbr_table_clear
                0x000000000002200a                nbr_table_key_head
                0x0000000000022034                nbr_table_key_next
 .text          0x000000000002205a      0x450 build/cooja/mtype327.a(link-stats.o)
                0x000000000002205a                link_stats_from_lladdr
                0x0000000000022087                link_stats_get_lladdr
                0x00000000000220b4                link_stats_is_fresh
                0x0000000000022101                guess_etx_from_rssi
                0x0000000000022187                link_stats_packet_sent
                0x00000000000222cb                link_stats_input_callback
                0x00000000000223ff                link_stats_reset
                0x0000000000022461                link_stats_init
 .text          0x00000000000224aa      0x1a8 build/cooja/mtype327.a(mac-sequence.o)
                0x00000000000224aa                mac_sequence_is_duplicate
                0x000000000002256a                mac_sequence_register_seqno
 .text          0x0000000000022652       0x2d build/cooja/mtype327.a(mac.o)
                0x0000000000022652                mac_call_sent_callback
 .text          0x000000000002267f      0x477 build/cooja/mtype327.a(framer-802154.o)
                0x0000000000022822                framer_802154_setup_params
 .text          0x0000000000022af6      0xc1a build/cooja/mtype327.a(frame802154.o)
                0x0000000000022b31                frame802154_get_pan_id
                0x0000000000022b47                frame802154_set_pan_id
                0x0000000000022b6c                frame802154_has_panid
                0x0000000000022d25                frame802154_check_dest_panid
                0x0000000000022db7                frame802154_is_broadcast_addr
                0x0000000000022e0e                frame802154_extract_linkaddr
                0x0000000000023097                frame802154_hdrlen
                0x0000000000023114                frame802154_create_fcf
                0x00000000000231d6                frame802154_create
                0x0000000000023361                frame802154_parse_fcf
                0x000000000002344d                frame802154_parse
 .text          0x0000000000023710       0x4e build/cooja/mtype327.a(csma-security.o)
                0x0000000000023710                csma_security_create_frame
                0x0000000000023741                csma_security_parse_frame
 .text          0x000000000002375e      0x5d3 build/cooja/mtype327.a(uipbuf.o)
                0x000000000002375e                uipbuf_clear
                0x0000000000023795                uipbuf_add_ext_hdr
                0x0000000000023830                uipbuf_set_len
                0x000000000002386a                uipbuf_set_len_field
                0x00000000000238a0                uipbuf_get_len_field
                0x00000000000238ca                uipbuf_get_next_header
                0x0000000000023a1b                uipbuf_get_last_header
                0x0000000000023a9e                uipbuf_search_header
                0x0000000000023b62                uipbuf_get_attr
                0x0000000000023b93                uipbuf_set_attr
                0x0000000000023bd4                uipbuf_set_default_attr
                0x0000000000023c15                uipbuf_clear_attr
                0x0000000000023c55                uipbuf_set_attr_flag
                0x0000000000023c81                uipbuf_clr_attr_flag
                0x0000000000023cb3                uipbuf_is_attr_flag
                0x0000000000023ce1                uipbuf_init
 .text          0x0000000000023d31      0x8b7 build/cooja/mtype327.a(uip-icmp6.o)
                0x0000000000023db6                uip_icmp6_input
                0x0000000000023e17                uip_icmp6_register_input_handler
                0x0000000000023fcb                uip_icmp6_error_output
                0x000000000002430d                uip_icmp6_send
                0x000000000002453b                uip_icmp6_echo_reply_callback_add
                0x000000000002457e                uip_icmp6_echo_reply_callback_rm
                0x00000000000245ac                uip_icmp6_init
 .text          0x00000000000245e8      0x772 build/cooja/mtype327.a(uip-sr.o)
                0x00000000000245e8                uip_sr_num_nodes
                0x0000000000024694                uip_sr_get_node
                0x00000000000246fb                uip_sr_is_addr_reachable
                0x00000000000247b8                uip_sr_expire_parent
                0x000000000002480b                uip_sr_update_node
                0x000000000002494f                uip_sr_init
                0x0000000000024995                uip_sr_node_head
                0x00000000000249bf                uip_sr_node_next
                0x00000000000249e5                uip_sr_periodic
                0x0000000000024b01                uip_sr_free_all
                0x0000000000024b86                uip_sr_link_snprint
 .text          0x0000000000024d5a      0x1a5 build/cooja/mtype327.a(uip-packetqueue)
                0x0000000000024d9a                uip_packetqueue_new
                0x0000000000024db3                uip_packetqueue_alloc
                0x0000000000024e22                uip_packetqueue_free
                0x0000000000024e7a                uip_packetqueue_buf
                0x0000000000024ea1                uip_packetqueue_buflen
                0x0000000000024ecc                uip_packetqueue_set_buflen
 .text          0x0000000000024eff       0x8d build/cooja/mtype327.a(rpl-nbr-policy.)
                0x0000000000024f4b                rpl_nbr_gc_get_worst
 .text          0x0000000000024f8c      0xaad build/cooja/mtype327.a(rpl-neighbor.o)
                0x0000000000025028                rpl_neighbor_snprint
                0x0000000000025310                rpl_neighbor_print_list
                0x00000000000253e3                rpl_neighbor_count
                0x00000000000254c6                rpl_neighbor_get_from_lladdr
                0x00000000000254f3                rpl_neighbor_is_acceptable_parent
                0x0000000000025539                rpl_neighbor_get_link_metric
                0x000000000002557f                rpl_neighbor_rank_via_nbr
                0x00000000000255c5                rpl_neighbor_get_lladdr
                0x00000000000255f2                rpl_neighbor_get_ipaddr
                0x0000000000025628                rpl_neighbor_get_link_stats
                0x000000000002565e                rpl_neighbor_is_fresh
                0x0000000000025694                rpl_neighbor_is_parent
                0x00000000000256cb                rpl_neighbor_set_preferred_parent
                0x0000000000025785                rpl_neighbor_remove_all
                0x00000000000257f2                rpl_neighbor_get_from_ipaddr
                0x000000000002592c                rpl_neighbor_select_best
                0x0000000000025a07                rpl_neighbor_init
 .text          0x0000000000025a39     0x11f4 build/cooja/mtype327.a(rpl-dag.o)
                0x0000000000025a39                rpl_dag_state_to_str
                0x0000000000025a87                rpl_dag_get_root_ipaddr
                0x0000000000025ad7                rpl_dag_leave
                0x0000000000025b8d                rpl_dag_poison_and_leave
                0x0000000000025bb9                rpl_dag_periodic
                0x0000000000025c7e                rpl_is_addr_in_our_dag
                0x0000000000025cdd                rpl_get_default_instance
                0x0000000000025d07                rpl_get_any_dag
                0x0000000000025d7d                rpl_refresh_routes
                0x0000000000025de0                rpl_global_repair
                0x0000000000025eb1                rpl_local_repair
                0x0000000000025f16                rpl_dag_ready_to_advertise
                0x0000000000025f6f                rpl_dag_update_state
                0x00000000000267eb                rpl_process_dio
                0x0000000000026886                rpl_process_dis
                0x00000000000268dc                rpl_process_dao
                0x000000000002697d                rpl_process_dao_ack
                0x0000000000026a39                rpl_process_hbh
                0x0000000000026a99                rpl_dag_init_root
                0x0000000000026bfb                rpl_dag_init
 .text          0x0000000000026c2d      0xd8d build/cooja/mtype327.a(rpl-timers.o)
                0x0000000000026c2d                rpl_timers_schedule_periodic_dis
                0x0000000000026dd7                rpl_timers_dio_reset
                0x0000000000026f4f                rpl_timers_schedule_unicast_dio
                0x0000000000027122                rpl_timers_schedule_dao
                0x0000000000027228                rpl_timers_schedule_dao_ack
                0x00000000000272f7                rpl_timers_notify_dao_ack
                0x000000000002737d                get_probing_delay
                0x00000000000273c2                get_probing_target
                0x00000000000275f7                rpl_schedule_probing
                0x0000000000027643                rpl_schedule_probing_now
                0x00000000000276dd                rpl_timers_unschedule_leaving
                0x0000000000027737                rpl_timers_schedule_leaving
                0x000000000002779c                rpl_timers_init
                0x000000000002785e                rpl_timers_stop_dag_timers
                0x000000000002791b                rpl_timers_unschedule_state_update
                0x0000000000027957                rpl_timers_schedule_state_update
 .text          0x00000000000279ba      0xd42 build/cooja/mtype327.a(rpl-ext-header.)
                0x00000000000279ba                rpl_ext_header_srh_get_next_hop
                0x0000000000027ac5                rpl_ext_header_srh_update
                0x00000000000280f7                rpl_ext_header_hbh_update
                0x0000000000028476                rpl_ext_header_update
                0x0000000000028525                rpl_ext_header_remove
 .text          0x00000000000286fc      0x39b build/cooja/mtype327.a(rpl-mrhof.o)
 *fill*         0x0000000000028a97        0x9 
 .text          0x0000000000028aa0       0x14 /usr/lib/i386-linux-gnu/libc_nonshared.a(stack_chk_fail_local.oS)
                0x0000000000028aa0                __stack_chk_fail_local
 .text          0x0000000000028ab4        0x0 /usr/lib/gcc/i686-linux-gnu/7/crtendS.o
 .text          0x0000000000028ab4        0x0 /usr/lib/gcc/i686-linux-gnu/7/../../../i386-linux-gnu/crtn.o
 *(.gnu.warning)

.fini           0x0000000000028ab4       0x14
 *(SORT_NONE(.fini))
 .fini          0x0000000000028ab4        0xf /usr/lib/gcc/i686-linux-gnu/7/../../../i386-linux-gnu/crti.o
                0x0000000000028ab4                _fini
 .fini          0x0000000000028ac3        0x5 /usr/lib/gcc/i686-linux-gnu/7/../../../i386-linux-gnu/crtn.o
                [!provide]                        PROVIDE (__etext = .)
                [!provide]                        PROVIDE (_etext = .)
                [!provide]                        PROVIDE (etext = .)

.rodata         0x0000000000028ac8      0x9d7
 *(.rodata .rodata.* .gnu.linkonce.r.*)
 .rodata        0x0000000000028ac8      0x40f temperature-sensor.o
 *fill*         0x0000000000028ed7        0x1 
 .rodata        0x0000000000028ed8        0x6 build/cooja/mtype327.a(leds-arch.o)
                0x0000000000028ed8                leds_arch_leds
 .rodata        0x0000000000028ede        0x4 build/cooja/mtype327.a(pir-sensor.o)
 .rodata        0x0000000000028ee2        0x6 build/cooja/mtype327.a(rs232.o)
 .rodata        0x0000000000028ee8        0xa build/cooja/mtype327.a(vib-sensor.o)
 *fill*         0x0000000000028ef2        0x2 
 .rodata        0x0000000000028ef4       0x27 build/cooja/mtype327.a(cfs-cooja.o)
 *fill*         0x0000000000028f1b        0x1 
 .rodata        0x0000000000028f1c       0x68 build/cooja/mtype327.a(cooja-radio.o)
 .rodata        0x0000000000028f84        0x8 build/cooja/mtype327.a(sensors.o)
 .rodata        0x0000000000028f8c       0x14 build/cooja/mtype327.a(buttons.o)
                0x0000000000028f98                button_hal_button_count
 .rodata        0x0000000000028fa0       0x14 build/cooja/mtype327.a(mqtt.o)
 .rodata        0x0000000000028fb4       0xf4 build/cooja/mtype327.a(contiki-main.o)
 .rodata        0x00000000000290a8        0xf build/cooja/mtype327.a(ctimer.o)
 *fill*         0x00000000000290b7        0x1 
 .rodata        0x00000000000290b8       0xc4 build/cooja/mtype327.a(log.o)
 .rodata        0x000000000002917c        0xc build/cooja/mtype327.a(etimer.o)
 .rodata        0x0000000000029188       0x13 build/cooja/mtype327.a(button-hal.o)
 .rodata        0x000000000002919b        0xe build/cooja/mtype327.a(serial-line.o)
 *fill*         0x00000000000291a9        0x3 
 .rodata        0x00000000000291ac        0x8 build/cooja/mtype327.a(linkaddr.o)
                0x00000000000291ac                linkaddr_null
 .rodata        0x00000000000291b4        0x5 build/cooja/mtype327.a(csma.o)
 *fill*         0x00000000000291b9        0x3 
 .rodata        0x00000000000291bc       0x2a build/cooja/mtype327.a(csma-output.o)
 .rodata        0x00000000000291e6       0x13 build/cooja/mtype327.a(tcp-socket.o)
 *fill*         0x00000000000291f9        0x3 
 .rodata        0x00000000000291fc       0x4d build/cooja/mtype327.a(uip-ds6-route.o)
 .rodata        0x0000000000029249        0xd build/cooja/mtype327.a(tcpip.o)
 *fill*         0x0000000000029256        0x2 
 .rodata        0x0000000000029258       0x48 build/cooja/mtype327.a(uip6.o)
 .rodata        0x00000000000292a0       0x1f build/cooja/mtype327.a(sicslowpan.o)
                0x00000000000292a0                unc_llconf
                0x00000000000292a4                unc_ctxconf
                0x00000000000292a8                unc_mxconf
                0x00000000000292ac                llprefix
 .rodata        0x00000000000292bf       0x2d build/cooja/mtype327.a(uiplib.o)
 .rodata        0x00000000000292ec        0x9 build/cooja/mtype327.a(rpl.o)
 *fill*         0x00000000000292f5        0x3 
 .rodata        0x00000000000292f8       0x25 build/cooja/mtype327.a(assert.o)
 .rodata        0x000000000002931d       0x44 build/cooja/mtype327.a(uip-sr.o)
 *fill*         0x0000000000029361        0x3 
 .rodata        0x0000000000029364       0x58 build/cooja/mtype327.a(rpl-neighbor.o)
 .rodata        0x00000000000293bc       0xd7 build/cooja/mtype327.a(rpl-dag.o)
 .rodata        0x0000000000029493        0xc build/cooja/mtype327.a(rpl-timers.o)

.rodata1
 *(.rodata1)

.eh_frame_hdr   0x00000000000294a0     0x187c
 *(.eh_frame_hdr)
 .eh_frame_hdr  0x00000000000294a0     0x187c temperature-sensor.o
                0x00000000000294a0                __GNU_EH_FRAME_HDR
 *(.eh_frame_entry .eh_frame_entry.*)

.eh_frame       0x000000000002ad1c     0x69d0
 *(.eh_frame)
 .eh_frame      0x000000000002ad1c       0x3c /usr/lib/gcc/i686-linux-gnu/7/../../../i386-linux-gnu/crti.o
                                         0x40 (size before relaxing)
 .eh_frame      0x000000000002ad58       0x14 /usr/lib/gcc/i686-linux-gnu/7/../../../i386-linux-gnu/crti.o
                                         0x2c (size before relaxing)
 .eh_frame      0x000000000002ad6c       0xc0 temperature-sensor.o
                                         0xec (size before relaxing)
 .eh_frame      0x000000000002ae2c      0x1ac build/cooja/mtype327.o
                                        0x1ec (size before relaxing)
 .eh_frame      0x000000000002afd8       0x48 build/cooja/mtype327.a(simEnvChange.o)
                                         0x74 (size before relaxing)
 .eh_frame      0x000000000002b020       0x6c build/cooja/mtype327.a(cooja_mt.o)
                                         0x98 (size before relaxing)
 .eh_frame      0x000000000002b08c       0x88 build/cooja/mtype327.a(cooja_mtarch.o)
                                         0xc8 (size before relaxing)
 .eh_frame      0x000000000002b114       0xe4 build/cooja/mtype327.a(rtimer-arch.o)
                                        0x110 (size before relaxing)
 .eh_frame      0x000000000002b1f8      0x160 build/cooja/mtype327.a(beep.o)
                                        0x18c (size before relaxing)
 .eh_frame      0x000000000002b358       0x88 build/cooja/mtype327.a(leds-arch.o)
                                         0xc8 (size before relaxing)
 .eh_frame      0x000000000002b3e0       0x44 build/cooja/mtype327.a(moteid.o)
                                         0x70 (size before relaxing)
 .eh_frame      0x000000000002b424       0xa4 build/cooja/mtype327.a(pir-sensor.o)
                                         0xe4 (size before relaxing)
 .eh_frame      0x000000000002b4c8      0x110 build/cooja/mtype327.a(rs232.o)
                                        0x150 (size before relaxing)
 .eh_frame      0x000000000002b5d8       0xa4 build/cooja/mtype327.a(vib-sensor.o)
                                         0xe4 (size before relaxing)
 .eh_frame      0x000000000002b67c       0xc0 build/cooja/mtype327.a(clock.o)
                                         0xec (size before relaxing)
 .eh_frame      0x000000000002b73c      0x130 build/cooja/mtype327.a(cooja-log.o)
                                        0x170 (size before relaxing)
 .eh_frame      0x000000000002b86c      0x16c build/cooja/mtype327.a(cfs-cooja.o)
                                        0x1ac (size before relaxing)
 .eh_frame      0x000000000002b9d8      0x374 build/cooja/mtype327.a(cooja-radio.o)
                                        0x3b4 (size before relaxing)
 .eh_frame      0x000000000002bd4c       0xa8 build/cooja/mtype327.a(eeprom.o)
                                         0xe8 (size before relaxing)
 .eh_frame      0x000000000002bdf4       0x48 build/cooja/mtype327.a(random.o)
                                         0x74 (size before relaxing)
 .eh_frame      0x000000000002be3c       0xd0 build/cooja/mtype327.a(sensors.o)
                                        0x110 (size before relaxing)
 .eh_frame      0x000000000002bf0c      0x140 build/cooja/mtype327.a(leds.o)
                                        0x180 (size before relaxing)
 .eh_frame      0x000000000002c04c      0x228 build/cooja/mtype327.a(gpio-hal-arch.o)
                                        0x27c (size before relaxing)
 .eh_frame      0x000000000002c274       0xa4 build/cooja/mtype327.a(buttons.o)
                                         0xe4 (size before relaxing)
 .eh_frame      0x000000000002c318      0x560 build/cooja/mtype327.a(mqtt.o)
                                        0x5b4 (size before relaxing)
 .eh_frame      0x000000000002c878       0x38 build/cooja/mtype327.a(contiki-main.o)
                                         0x64 (size before relaxing)
 .eh_frame      0x000000000002c8b0       0x48 build/cooja/mtype327.a(autostart.o)
                                         0x74 (size before relaxing)
 .eh_frame      0x000000000002c8f8      0x11c build/cooja/mtype327.a(ctimer.o)
                                        0x15c (size before relaxing)
 .eh_frame      0x000000000002ca14      0x144 build/cooja/mtype327.a(log.o)
                                        0x184 (size before relaxing)
 .eh_frame      0x000000000002cb58       0x60 build/cooja/mtype327.a(energest.o)
                                         0x8c (size before relaxing)
 .eh_frame      0x000000000002cbb8      0x204 build/cooja/mtype327.a(etimer.o)
                                        0x244 (size before relaxing)
 .eh_frame      0x000000000002cdbc       0x20 build/cooja/mtype327.a(node-id.o)
                                         0x4c (size before relaxing)
 .eh_frame      0x000000000002cddc       0x6c build/cooja/mtype327.a(rtimer.o)
                                         0xc0 (size before relaxing)
 .eh_frame      0x000000000002ce48      0x1ec build/cooja/mtype327.a(process.o)
                                        0x22c (size before relaxing)
 .eh_frame      0x000000000002d034       0xb4 build/cooja/mtype327.a(timer.o)
                                         0xe0 (size before relaxing)
 .eh_frame      0x000000000002d0e8      0x1a0 build/cooja/mtype327.a(list.o)
                                        0x1cc (size before relaxing)
 .eh_frame      0x000000000002d288      0x188 build/cooja/mtype327.a(button-hal.o)
                                        0x1c8 (size before relaxing)
 .eh_frame      0x000000000002d410       0x6c build/cooja/mtype327.a(serial-line.o)
                                         0x98 (size before relaxing)
 .eh_frame      0x000000000002d47c       0xfc build/cooja/mtype327.a(gpio-hal.o)
                                        0x13c (size before relaxing)
 .eh_frame      0x000000000002d578      0x1c0 build/cooja/mtype327.a(queuebuf.o)
                                        0x200 (size before relaxing)
 .eh_frame      0x000000000002d738      0x2b0 build/cooja/mtype327.a(packetbuf.o)
                                        0x2f0 (size before relaxing)
 .eh_frame      0x000000000002d9e8       0x90 build/cooja/mtype327.a(netstack.o)
                                         0xd0 (size before relaxing)
 .eh_frame      0x000000000002da78       0x64 build/cooja/mtype327.a(linkaddr.o)
                                         0x90 (size before relaxing)
 .eh_frame      0x000000000002dadc       0xf0 build/cooja/mtype327.a(csma.o)
                                        0x130 (size before relaxing)
 .eh_frame      0x000000000002dbcc      0x1f8 build/cooja/mtype327.a(csma-output.o)
                                        0x238 (size before relaxing)
 .eh_frame      0x000000000002ddc4      0x364 build/cooja/mtype327.a(uip-ds6.o)
                                        0x3a4 (size before relaxing)
 .eh_frame      0x000000000002e128      0x280 build/cooja/mtype327.a(tcp-socket.o)
                                        0x2c0 (size before relaxing)
 .eh_frame      0x000000000002e3a8      0x260 build/cooja/mtype327.a(uip-ds6-route.o)
                                        0x2a0 (size before relaxing)
 .eh_frame      0x000000000002e608      0x34c build/cooja/mtype327.a(tcpip.o)
                                        0x38c (size before relaxing)
 .eh_frame      0x000000000002e954      0x2e8 build/cooja/mtype327.a(uip6.o)
                                        0x33c (size before relaxing)
 .eh_frame      0x000000000002ec3c      0x1e8 build/cooja/mtype327.a(uip-ds6-nbr.o)
                                        0x228 (size before relaxing)
 .eh_frame      0x000000000002ee24       0x8c build/cooja/mtype327.a(uip-nd6.o)
                                         0xe0 (size before relaxing)
 .eh_frame      0x000000000002eeb0      0x354 build/cooja/mtype327.a(sicslowpan.o)
                                        0x3a8 (size before relaxing)
 .eh_frame      0x000000000002f204       0x9c build/cooja/mtype327.a(uiplib.o)
                                         0xdc (size before relaxing)
 .eh_frame      0x000000000002f2a0      0x1fc build/cooja/mtype327.a(rpl.o)
                                        0x23c (size before relaxing)
 .eh_frame      0x000000000002f49c      0x1f0 build/cooja/mtype327.a(rpl-icmp6.o)
                                        0x230 (size before relaxing)
 .eh_frame      0x000000000002f68c       0xb0 build/cooja/mtype327.a(rpl-dag-root.o)
                                         0xf0 (size before relaxing)
 .eh_frame      0x000000000002f73c       0xa4 build/cooja/mtype327.a(watchdog.o)
                                         0xd0 (size before relaxing)
 .eh_frame      0x000000000002f7e0       0x80 build/cooja/mtype327.a(int-master.o)
                                         0xac (size before relaxing)
 .eh_frame      0x000000000002f860       0xd8 build/cooja/mtype327.a(stimer.o)
                                        0x104 (size before relaxing)
 .eh_frame      0x000000000002f938       0xa0 build/cooja/mtype327.a(ringbuf.o)
                                         0xcc (size before relaxing)
 .eh_frame      0x000000000002f9d8       0xa4 build/cooja/mtype327.a(memb.o)
                                         0xe4 (size before relaxing)
 .eh_frame      0x000000000002fa7c       0x24 build/cooja/mtype327.a(assert.o)
                                         0x50 (size before relaxing)
 .eh_frame      0x000000000002faa0      0x428 build/cooja/mtype327.a(nbr-table.o)
                                        0x468 (size before relaxing)
 .eh_frame      0x000000000002fec8      0x140 build/cooja/mtype327.a(link-stats.o)
                                        0x180 (size before relaxing)
 .eh_frame      0x0000000000030008       0x50 build/cooja/mtype327.a(mac-sequence.o)
                                         0x7c (size before relaxing)
 .eh_frame      0x0000000000030058       0x20 build/cooja/mtype327.a(mac.o)
                                         0x4c (size before relaxing)
 .eh_frame      0x0000000000030078       0xb4 build/cooja/mtype327.a(framer-802154.o)
                                         0xf4 (size before relaxing)
 .eh_frame      0x000000000003012c      0x1b0 build/cooja/mtype327.a(frame802154.o)
                                        0x1f0 (size before relaxing)
 .eh_frame      0x00000000000302dc       0x44 build/cooja/mtype327.a(csma-security.o)
                                         0x84 (size before relaxing)
 .eh_frame      0x0000000000030320      0x204 build/cooja/mtype327.a(uipbuf.o)
                                        0x230 (size before relaxing)
 .eh_frame      0x0000000000030524      0x170 build/cooja/mtype327.a(uip-icmp6.o)
                                        0x1b0 (size before relaxing)
 .eh_frame      0x0000000000030694      0x1ac build/cooja/mtype327.a(uip-sr.o)
                                        0x1ec (size before relaxing)
 .eh_frame      0x0000000000030840       0xec build/cooja/mtype327.a(uip-packetqueue)
                                        0x12c (size before relaxing)
 .eh_frame      0x000000000003092c       0x48 build/cooja/mtype327.a(rpl-nbr-policy.)
                                         0x88 (size before relaxing)
 .eh_frame      0x0000000000030974      0x2ec build/cooja/mtype327.a(rpl-neighbor.o)
                                        0x340 (size before relaxing)
 .eh_frame      0x0000000000030c60      0x3c0 build/cooja/mtype327.a(rpl-dag.o)
                                        0x414 (size before relaxing)
 .eh_frame      0x0000000000031020      0x418 build/cooja/mtype327.a(rpl-timers.o)
                                        0x458 (size before relaxing)
 .eh_frame      0x0000000000031438      0x144 build/cooja/mtype327.a(rpl-ext-header.)
                                        0x184 (size before relaxing)
 .eh_frame      0x000000000003157c      0x150 build/cooja/mtype327.a(rpl-mrhof.o)
                                        0x190 (size before relaxing)
 .eh_frame      0x00000000000316cc       0x1c /usr/lib/i386-linux-gnu/libc_nonshared.a(stack_chk_fail_local.oS)
                                         0x48 (size before relaxing)
 .eh_frame      0x00000000000316e8        0x4 /usr/lib/gcc/i686-linux-gnu/7/crtendS.o
 *(.eh_frame.*)

.gcc_except_table
 *(.gcc_except_table .gcc_except_table.*)

.gnu_extab
 *(.gnu_extab*)

.exception_ranges
 *(.exception_ranges .exception_ranges*)
                0x0000000000032c18                . = DATA_SEGMENT_ALIGN (CONSTANT (MAXPAGESIZE), CONSTANT (COMMONPAGESIZE))

.eh_frame
 *(.eh_frame)
 *(.eh_frame.*)

.gnu_extab
 *(.gnu_extab)

.gcc_except_table
 *(.gcc_except_table .gcc_except_table.*)

.exception_ranges
 *(.exception_ranges .exception_ranges*)

.tdata
 *(.tdata .tdata.* .gnu.linkonce.td.*)

.tbss
 *(.tbss .tbss.* .gnu.linkonce.tb.*)
 *(.tcommon)

.preinit_array
 *(.preinit_array)

.init_array     0x0000000000032c18        0x4
 *(SORT_BY_INIT_PRIORITY(.init_array.*) SORT_BY_INIT_PRIORITY(.ctors.*))
 *(.init_array EXCLUDE_FILE(*crtend?.o *crtend.o *crtbegin?.o *crtbegin.o) .ctors)
 .init_array    0x0000000000032c18        0x4 /usr/lib/gcc/i686-linux-gnu/7/crtbeginS.o

.fini_array     0x0000000000032c1c        0x4
 *(SORT_BY_INIT_PRIORITY(.fini_array.*) SORT_BY_INIT_PRIORITY(.dtors.*))
 *(.fini_array EXCLUDE_FILE(*crtend?.o *crtend.o *crtbegin?.o *crtbegin.o) .dtors)
 .fini_array    0x0000000000032c1c        0x4 /usr/lib/gcc/i686-linux-gnu/7/crtbeginS.o

.ctors
 *crtbegin.o(.ctors)
 *crtbegin?.o(.ctors)
 *(EXCLUDE_FILE(*crtend?.o *crtend.o) .ctors)
 *(SORT_BY_NAME(.ctors.*))
 *(.ctors)

.dtors
 *crtbegin.o(.dtors)
 *crtbegin?.o(.dtors)
 *(EXCLUDE_FILE(*crtend?.o *crtend.o) .dtors)
 *(SORT_BY_NAME(.dtors.*))
 *(.dtors)

.jcr
 *(.jcr)

.data.rel.ro    0x0000000000032c20      0x198
 *(.data.rel.ro.local* .gnu.linkonce.d.rel.ro.local.*)
 .data.rel.ro.local
                0x0000000000032c20        0x8 temperature-sensor.o
                0x0000000000032c20                autostart_processes
 .data.rel.ro.local
                0x0000000000032c28        0x8 build/cooja/mtype327.a(beep.o)
                0x0000000000032c28                beep_interface
 .data.rel.ro.local
                0x0000000000032c30        0x8 build/cooja/mtype327.a(leds-arch.o)
                0x0000000000032c30                leds_interface
 .data.rel.ro.local
                0x0000000000032c38        0x8 build/cooja/mtype327.a(moteid.o)
                0x0000000000032c38                moteid_interface
 .data.rel.ro.local
                0x0000000000032c40       0x18 build/cooja/mtype327.a(pir-sensor.o)
                0x0000000000032c40                pir_interface
                0x0000000000032c48                pir_sensor
 .data.rel.ro.local
                0x0000000000032c58        0x8 build/cooja/mtype327.a(rs232.o)
                0x0000000000032c58                rs232_interface
 .data.rel.ro.local
                0x0000000000032c60       0x18 build/cooja/mtype327.a(vib-sensor.o)
                0x0000000000032c60                vib_interface
                0x0000000000032c68                vib_sensor
 .data.rel.ro.local
                0x0000000000032c78        0x8 build/cooja/mtype327.a(clock.o)
                0x0000000000032c78                clock_interface
 .data.rel.ro.local
                0x0000000000032c80        0x8 build/cooja/mtype327.a(cooja-log.o)
                0x0000000000032c80                simlog_interface
 .data.rel.ro.local
                0x0000000000032c88        0x8 build/cooja/mtype327.a(cfs-cooja.o)
                0x0000000000032c88                cfs_interface
 *fill*         0x0000000000032c90       0x10 
 .data.rel.ro.local
                0x0000000000032ca0       0x58 build/cooja/mtype327.a(cooja-radio.o)
                0x0000000000032ca0                radio_interface
                0x0000000000032cc0                cooja_radio_driver
 .data.rel.ro.local
                0x0000000000032cf8        0x8 build/cooja/mtype327.a(eeprom.o)
                0x0000000000032cf8                eeprom_interface
 .data.rel.ro.local
                0x0000000000032d00       0x18 build/cooja/mtype327.a(buttons.o)
                0x0000000000032d00                button_interface
                0x0000000000032d08                button_sensor
 .data.rel.ro.local
                0x0000000000032d18       0x1c build/cooja/mtype327.a(csma.o)
                0x0000000000032d18                csma_driver
 .data.rel.ro.local
                0x0000000000032d34       0x10 build/cooja/mtype327.a(sicslowpan.o)
                0x0000000000032d34                sicslowpan_driver
 .data.rel.ro.local
                0x0000000000032d44        0xc build/cooja/mtype327.a(framer-802154.o)
                0x0000000000032d44                framer_802154
 *(.data.rel.ro .data.rel.ro.* .gnu.linkonce.d.rel.ro.*)
 .data.rel.ro   0x0000000000032d50        0x0 /usr/lib/gcc/i686-linux-gnu/7/../../../i386-linux-gnu/crti.o
 *fill*         0x0000000000032d50       0x10 
 .data.rel.ro   0x0000000000032d60       0x54 build/cooja/mtype327.a(rpl.o)
                0x0000000000032d60                rpl_lite_driver
 .data.rel.ro   0x0000000000032db4        0x4 build/cooja/mtype327.a(rpl-dag.o)

.dynamic        0x0000000000032db8       0xf0
 *(.dynamic)
 .dynamic       0x0000000000032db8       0xf0 /usr/lib/gcc/i686-linux-gnu/7/../../../i386-linux-gnu/crti.o
                0x0000000000032db8                _DYNAMIC

.got            0x0000000000032ea8      0x158
 *(.got)
 .got           0x0000000000032ea8      0x158 /usr/lib/gcc/i686-linux-gnu/7/../../../i386-linux-gnu/crti.o
 *(.igot)
                0x0000000000033ff4                . = DATA_SEGMENT_RELRO_END (., (SIZEOF (.got.plt) >= 0xc)?0xc:0x0)

.got.plt        0x0000000000033000      0x4f8
 *(.got.plt)
 .got.plt       0x0000000000033000      0x4f8 /usr/lib/gcc/i686-linux-gnu/7/../../../i386-linux-gnu/crti.o
                0x0000000000033000                _GLOBAL_OFFSET_TABLE_
 *(.igot.plt)

.data           0x0000000000033500      0x3a4
 *(.data .data.* .gnu.linkonce.d.*)
 .data          0x0000000000033500        0x0 /usr/lib/gcc/i686-linux-gnu/7/../../../i386-linux-gnu/crti.o
 .data          0x0000000000033500        0x0 /usr/lib/gcc/i686-linux-gnu/7/crtbeginS.o
 .data.rel.local
                0x0000000000033500        0x4 /usr/lib/gcc/i686-linux-gnu/7/crtbeginS.o
                0x0000000000033500                __dso_handle
 .data          0x0000000000033504        0x4 temperature-sensor.o
 .data.rel.local
                0x0000000000033508       0x14 temperature-sensor.o
                0x000000000003350c                mqtt_temperature_sensor
 .data          0x000000000003351c        0x0 build/cooja/mtype327.o
 *fill*         0x000000000003351c        0x4 
 .data.rel      0x0000000000033520       0x44 build/cooja/mtype327.o
                0x0000000000033520                simInterfaces
                0x0000000000033554                sensors
 .data          0x0000000000033564        0x0 build/cooja/mtype327.a(simEnvChange.o)
 .data          0x0000000000033564        0x0 build/cooja/mtype327.a(cooja_mt.o)
 .data          0x0000000000033564        0x0 build/cooja/mtype327.a(cooja_mtarch.o)
 .data          0x0000000000033564        0x0 build/cooja/mtype327.a(rtimer-arch.o)
 .data          0x0000000000033564        0x0 build/cooja/mtype327.a(beep.o)
 .data          0x0000000000033564        0x0 build/cooja/mtype327.a(leds-arch.o)
 .data          0x0000000000033564        0x0 build/cooja/mtype327.a(moteid.o)
 .data          0x0000000000033564        0x0 build/cooja/mtype327.a(pir-sensor.o)
 .data          0x0000000000033564        0x0 build/cooja/mtype327.a(rs232.o)
 .data          0x0000000000033564        0x0 build/cooja/mtype327.a(vib-sensor.o)
 .data          0x0000000000033564        0x0 build/cooja/mtype327.a(clock.o)
 .data          0x0000000000033564        0x0 build/cooja/mtype327.a(cooja-log.o)
 .data          0x0000000000033564        0x0 build/cooja/mtype327.a(cfs-cooja.o)
 .data          0x0000000000033564       0x20 build/cooja/mtype327.a(cooja-radio.o)
                0x0000000000033564                simRadioHWOn
                0x0000000000033568                simSignalStrength
                0x000000000003356c                simLastSignalStrength
                0x0000000000033570                simPower
                0x0000000000033574                simRadioChannel
                0x0000000000033578                simLQI
                0x000000000003357c                simLastLQI
 .data.rel.local
                0x0000000000033584       0x10 build/cooja/mtype327.a(cooja-radio.o)
                0x0000000000033584                cooja_radio_process
 .data          0x0000000000033594        0x0 build/cooja/mtype327.a(eeprom.o)
 .data          0x0000000000033594        0x0 build/cooja/mtype327.a(random.o)
 .data          0x0000000000033594        0x0 build/cooja/mtype327.a(sensors.o)
 .data.rel.local
                0x0000000000033594       0x10 build/cooja/mtype327.a(sensors.o)
                0x0000000000033594                sensors_process
 .data          0x00000000000335a4        0x0 build/cooja/mtype327.a(leds.o)
 .data          0x00000000000335a4        0x0 build/cooja/mtype327.a(gpio-hal-arch.o)
 .data          0x00000000000335a4        0x1 build/cooja/mtype327.a(buttons.o)
                0x00000000000335a4                simButtonIsActive
 *fill*         0x00000000000335a5       0x1b 
 .data.rel.local
                0x00000000000335c0       0x58 build/cooja/mtype327.a(buttons.o)
                0x0000000000033610                button_hal_buttons
 .data          0x0000000000033618        0x0 build/cooja/mtype327.a(mqtt.o)
 .data.rel.local
                0x0000000000033618       0x14 build/cooja/mtype327.a(mqtt.o)
                0x000000000003361c                mqtt_process
 .data          0x000000000003362c        0x0 build/cooja/mtype327.a(contiki-main.o)
 .data          0x000000000003362c        0x0 build/cooja/mtype327.a(autostart.o)
 .data          0x000000000003362c        0x0 build/cooja/mtype327.a(ctimer.o)
 .data.rel.local
                0x000000000003362c       0x14 build/cooja/mtype327.a(ctimer.o)
                0x0000000000033630                ctimer_process
 .data          0x0000000000033640        0x4 build/cooja/mtype327.a(log.o)
                0x0000000000033640                curr_log_level_main
 *fill*         0x0000000000033644       0x1c 
 .data.rel.local
                0x0000000000033660       0x9c build/cooja/mtype327.a(log.o)
                0x0000000000033660                all_modules
 .data          0x00000000000336fc        0x0 build/cooja/mtype327.a(energest.o)
 .data          0x00000000000336fc        0x0 build/cooja/mtype327.a(etimer.o)
 .data.rel.local
                0x00000000000336fc       0x10 build/cooja/mtype327.a(etimer.o)
                0x00000000000336fc                etimer_process
 .data          0x000000000003370c        0x0 build/cooja/mtype327.a(node-id.o)
 .data          0x000000000003370c        0x0 build/cooja/mtype327.a(rtimer.o)
 .data          0x000000000003370c        0x0 build/cooja/mtype327.a(process.o)
 .data          0x000000000003370c        0x0 build/cooja/mtype327.a(timer.o)
 .data          0x000000000003370c        0x0 build/cooja/mtype327.a(list.o)
 .data          0x000000000003370c        0x0 build/cooja/mtype327.a(button-hal.o)
 .data.rel.local
                0x000000000003370c       0x10 build/cooja/mtype327.a(button-hal.o)
                0x000000000003370c                button_hal_process
 .data          0x000000000003371c        0x0 build/cooja/mtype327.a(serial-line.o)
 .data.rel.local
                0x000000000003371c       0x10 build/cooja/mtype327.a(serial-line.o)
                0x000000000003371c                serial_line_process
 .data          0x000000000003372c        0x0 build/cooja/mtype327.a(gpio-hal.o)
 .data.rel.local
                0x000000000003372c        0x4 build/cooja/mtype327.a(gpio-hal.o)
 .data          0x0000000000033730        0x0 build/cooja/mtype327.a(queuebuf.o)
 .data.rel.local
                0x0000000000033730       0x18 build/cooja/mtype327.a(queuebuf.o)
 .data          0x0000000000033748        0x0 build/cooja/mtype327.a(packetbuf.o)
 .data.rel.local
                0x0000000000033748        0x4 build/cooja/mtype327.a(packetbuf.o)
 .data          0x000000000003374c        0x0 build/cooja/mtype327.a(netstack.o)
 .data.rel.local
                0x000000000003374c        0x4 build/cooja/mtype327.a(netstack.o)
 .data          0x0000000000033750        0x0 build/cooja/mtype327.a(linkaddr.o)
 .data          0x0000000000033750        0x0 build/cooja/mtype327.a(csma.o)
 .data          0x0000000000033750        0x0 build/cooja/mtype327.a(csma-output.o)
 .data.rel.local
                0x0000000000033750       0x28 build/cooja/mtype327.a(csma-output.o)
 .data          0x0000000000033778        0x0 build/cooja/mtype327.a(uip-ds6.o)
 .data          0x0000000000033778        0x0 build/cooja/mtype327.a(tcp-socket.o)
 .data.rel.local
                0x0000000000033778       0x14 build/cooja/mtype327.a(tcp-socket.o)
                0x000000000003377c                tcp_socket_process
 .data          0x000000000003378c        0x0 build/cooja/mtype327.a(uip-ds6-route.o)
 .data.rel.local
                0x000000000003378c       0x10 build/cooja/mtype327.a(uip-ds6-route.o)
 .data          0x000000000003379c        0x0 build/cooja/mtype327.a(tcpip.o)
 .data.rel.local
                0x000000000003379c       0x10 build/cooja/mtype327.a(tcpip.o)
                0x000000000003379c                tcpip_process
 .data          0x00000000000337ac        0x0 build/cooja/mtype327.a(uip6.o)
 .data          0x00000000000337ac        0x0 build/cooja/mtype327.a(uip-ds6-nbr.o)
 .data.rel.local
                0x00000000000337ac       0x14 build/cooja/mtype327.a(uip-ds6-nbr.o)
 .data          0x00000000000337c0        0x0 build/cooja/mtype327.a(uip-nd6.o)
 .data.rel.local
                0x00000000000337c0        0xc build/cooja/mtype327.a(uip-nd6.o)
 .data          0x00000000000337cc        0x0 build/cooja/mtype327.a(sicslowpan.o)
 .data          0x00000000000337cc        0x0 build/cooja/mtype327.a(uiplib.o)
 .data          0x00000000000337cc        0x0 build/cooja/mtype327.a(rpl.o)
 .data          0x00000000000337cc        0x0 build/cooja/mtype327.a(rpl-icmp6.o)
 .data.rel.local
                0x00000000000337cc       0x30 build/cooja/mtype327.a(rpl-icmp6.o)
 .data          0x00000000000337fc        0x0 build/cooja/mtype327.a(rpl-dag-root.o)
 .data          0x00000000000337fc        0x0 build/cooja/mtype327.a(watchdog.o)
 .data          0x00000000000337fc        0x0 build/cooja/mtype327.a(int-master.o)
 .data          0x00000000000337fc        0x0 build/cooja/mtype327.a(stimer.o)
 .data          0x00000000000337fc        0x0 build/cooja/mtype327.a(ringbuf.o)
 .data          0x00000000000337fc        0x0 build/cooja/mtype327.a(memb.o)
 .data          0x00000000000337fc        0x0 build/cooja/mtype327.a(assert.o)
 .data          0x00000000000337fc        0x0 build/cooja/mtype327.a(nbr-table.o)
 .data.rel.local
                0x00000000000337fc       0x10 build/cooja/mtype327.a(nbr-table.o)
 .data          0x000000000003380c        0x0 build/cooja/mtype327.a(link-stats.o)
 .data.rel.local
                0x000000000003380c       0x14 build/cooja/mtype327.a(link-stats.o)
 .data          0x0000000000033820        0x0 build/cooja/mtype327.a(mac-sequence.o)
 .data          0x0000000000033820        0x0 build/cooja/mtype327.a(mac.o)
 .data          0x0000000000033820        0x0 build/cooja/mtype327.a(framer-802154.o)
 .data          0x0000000000033820        0x2 build/cooja/mtype327.a(frame802154.o)
 .data          0x0000000000033822        0x0 build/cooja/mtype327.a(csma-security.o)
 .data          0x0000000000033822        0x0 build/cooja/mtype327.a(uipbuf.o)
 .data          0x0000000000033822        0x0 build/cooja/mtype327.a(uip-icmp6.o)
 *fill*         0x0000000000033822        0x2 
 .data.rel.local
                0x0000000000033824       0x20 build/cooja/mtype327.a(uip-icmp6.o)
 .data          0x0000000000033844        0x0 build/cooja/mtype327.a(uip-sr.o)
 .data.rel.local
                0x0000000000033844       0x10 build/cooja/mtype327.a(uip-sr.o)
 .data          0x0000000000033854        0x0 build/cooja/mtype327.a(uip-packetqueue)
 .data.rel.local
                0x0000000000033854        0xc build/cooja/mtype327.a(uip-packetqueue)
 .data          0x0000000000033860        0x0 build/cooja/mtype327.a(rpl-nbr-policy.)
 .data          0x0000000000033860        0x0 build/cooja/mtype327.a(rpl-neighbor.o)
 .data.rel.local
                0x0000000000033860       0x14 build/cooja/mtype327.a(rpl-neighbor.o)
                0x0000000000033870                rpl_neighbors
 .data          0x0000000000033874        0x0 build/cooja/mtype327.a(rpl-dag.o)
 .data          0x0000000000033874        0x0 build/cooja/mtype327.a(rpl-timers.o)
 .data          0x0000000000033874        0x0 build/cooja/mtype327.a(rpl-ext-header.)
 .data          0x0000000000033874        0x0 build/cooja/mtype327.a(rpl-mrhof.o)
 *fill*         0x0000000000033874        0xc 
 .data.rel.local
                0x0000000000033880       0x24 build/cooja/mtype327.a(rpl-mrhof.o)
                0x0000000000033880                rpl_mrhof
 .data          0x00000000000338a4        0x0 /usr/lib/i386-linux-gnu/libc_nonshared.a(stack_chk_fail_local.oS)
 .data          0x00000000000338a4        0x0 /usr/lib/gcc/i686-linux-gnu/7/crtendS.o
 .data          0x00000000000338a4        0x0 /usr/lib/gcc/i686-linux-gnu/7/../../../i386-linux-gnu/crtn.o

.tm_clone_table
                0x00000000000338a4        0x0
 .tm_clone_table
                0x00000000000338a4        0x0 /usr/lib/gcc/i686-linux-gnu/7/crtbeginS.o
 .tm_clone_table
                0x00000000000338a4        0x0 /usr/lib/gcc/i686-linux-gnu/7/crtendS.o

.data1
 *(.data1)
                0x00000000000338a4                _edata = .
                [!provide]                        PROVIDE (edata = .)
                0x00000000000338a4                . = .
                0x00000000000338a4                __bss_start = .

.bss            0x00000000000338c0    0x14444
 *(.dynbss)
 .dynbss        0x00000000000338c0        0x0 /usr/lib/gcc/i686-linux-gnu/7/../../../i386-linux-gnu/crti.o
 *(.bss .bss.* .gnu.linkonce.b.*)
 .bss           0x00000000000338c0        0x0 /usr/lib/gcc/i686-linux-gnu/7/../../../i386-linux-gnu/crti.o
 .bss           0x00000000000338c0        0x1 /usr/lib/gcc/i686-linux-gnu/7/crtbeginS.o
 *fill*         0x00000000000338c1       0x1f 
 .bss           0x00000000000338e0      0xa01 temperature-sensor.o
 *fill*         0x00000000000342e1       0x1f 
 .bss           0x0000000000034300     0x2040 build/cooja/mtype327.o
 .bss           0x0000000000036340        0x1 build/cooja/mtype327.a(simEnvChange.o)
                0x0000000000036340                simDontFallAsleep
 *fill*         0x0000000000036341        0x3 
 .bss           0x0000000000036344        0x4 build/cooja/mtype327.a(cooja_mt.o)
 .bss           0x0000000000036348        0x4 build/cooja/mtype327.a(cooja_mtarch.o)
 .bss           0x000000000003634c        0x0 build/cooja/mtype327.a(rtimer-arch.o)
 .bss           0x000000000003634c        0x0 build/cooja/mtype327.a(beep.o)
 .bss           0x000000000003634c        0x1 build/cooja/mtype327.a(leds-arch.o)
                0x000000000003634c                simLedsValue
 .bss           0x000000000003634d        0x0 build/cooja/mtype327.a(moteid.o)
 .bss           0x000000000003634d        0x1 build/cooja/mtype327.a(pir-sensor.o)
                0x000000000003634d                simPirValue
 *fill*         0x000000000003634e        0x2 
 .bss           0x0000000000036350        0x4 build/cooja/mtype327.a(rs232.o)
 .bss           0x0000000000036354        0x1 build/cooja/mtype327.a(vib-sensor.o)
                0x0000000000036354                simVibValue
 .bss           0x0000000000036355        0x0 build/cooja/mtype327.a(clock.o)
 *fill*         0x0000000000036355        0xb 
 .bss           0x0000000000036360     0x2020 build/cooja/mtype327.a(cooja-log.o)
 .bss           0x0000000000038380      0xfc0 build/cooja/mtype327.a(cfs-cooja.o)
                0x0000000000038380                simCFSData
                0x0000000000039320                simCFSSize
                0x0000000000039324                simCFSChanged
                0x0000000000039328                simCFSRead
                0x000000000003932c                simCFSWritten
 .bss           0x0000000000039340       0x24 build/cooja/mtype327.a(cooja-radio.o)
                0x0000000000039340                simReceiving
                0x0000000000039344                simInSize
                0x0000000000039348                simLastPacketTimestamp
                0x0000000000039350                simOutSize
 .bss           0x0000000000039364        0xc build/cooja/mtype327.a(eeprom.o)
                0x0000000000039364                simEEPROMChanged
                0x0000000000039368                simEEPROMRead
                0x000000000003936c                simEEPROMWritten
 .bss           0x0000000000039370        0x0 build/cooja/mtype327.a(random.o)
 .bss           0x0000000000039370        0xc build/cooja/mtype327.a(sensors.o)
 .bss           0x000000000003937c        0x0 build/cooja/mtype327.a(leds.o)
 .bss           0x000000000003937c       0x24 build/cooja/mtype327.a(gpio-hal-arch.o)
 .bss           0x00000000000393a0        0x0 build/cooja/mtype327.a(buttons.o)
 .bss           0x00000000000393a0       0x15 build/cooja/mtype327.a(mqtt.o)
 .bss           0x00000000000393b5        0x0 build/cooja/mtype327.a(contiki-main.o)
 .bss           0x00000000000393b5        0x0 build/cooja/mtype327.a(autostart.o)
 *fill*         0x00000000000393b5        0x3 
 .bss           0x00000000000393b8        0x5 build/cooja/mtype327.a(ctimer.o)
 *fill*         0x00000000000393bd        0x3 
 .bss           0x00000000000393c0       0x2c build/cooja/mtype327.a(log.o)
                0x00000000000393c0                curr_log_level_rpl
                0x00000000000393c4                curr_log_level_tcpip
                0x00000000000393c8                curr_log_level_ipv6
                0x00000000000393cc                curr_log_level_6lowpan
                0x00000000000393d0                curr_log_level_nullnet
                0x00000000000393d4                curr_log_level_mac
                0x00000000000393d8                curr_log_level_framer
                0x00000000000393dc                curr_log_level_6top
                0x00000000000393e0                curr_log_level_coap
                0x00000000000393e4                curr_log_level_snmp
                0x00000000000393e8                curr_log_level_lwm2m
 .bss           0x00000000000393ec        0x0 build/cooja/mtype327.a(energest.o)
 .bss           0x00000000000393ec        0x8 build/cooja/mtype327.a(etimer.o)
 .bss           0x00000000000393f4        0x2 build/cooja/mtype327.a(node-id.o)
                0x00000000000393f4                node_id
 *fill*         0x00000000000393f6        0x2 
 .bss           0x00000000000393f8        0x4 build/cooja/mtype327.a(rtimer.o)
 *fill*         0x00000000000393fc        0x4 
 .bss           0x0000000000039400      0x1a1 build/cooja/mtype327.a(process.o)
                0x0000000000039400                process_list
                0x0000000000039404                process_current
 .bss           0x00000000000395a1        0x0 build/cooja/mtype327.a(timer.o)
 .bss           0x00000000000395a1        0x0 build/cooja/mtype327.a(list.o)
 *fill*         0x00000000000395a1        0x3 
 .bss           0x00000000000395a4       0x10 build/cooja/mtype327.a(button-hal.o)
 *fill*         0x00000000000395b4        0xc 
 .bss           0x00000000000395c0      0x140 build/cooja/mtype327.a(serial-line.o)
 .bss           0x0000000000039700        0x4 build/cooja/mtype327.a(gpio-hal.o)
 *fill*         0x0000000000039704       0x1c 
 .bss           0x0000000000039720     0x2c80 build/cooja/mtype327.a(queuebuf.o)
 .bss           0x000000000003c3a0       0xa0 build/cooja/mtype327.a(packetbuf.o)
 .bss           0x000000000003c440        0x4 build/cooja/mtype327.a(netstack.o)
 .bss           0x000000000003c444        0x0 build/cooja/mtype327.a(linkaddr.o)
 .bss           0x000000000003c444        0x0 build/cooja/mtype327.a(csma.o)
 *fill*         0x000000000003c444       0x1c 
 .bss           0x000000000003c460      0x726 build/cooja/mtype327.a(csma-output.o)
 *fill*         0x000000000003cb86        0x2 
 .bss           0x000000000003cb88       0x30 build/cooja/mtype327.a(uip-ds6.o)
 .bss           0x000000000003cbb8        0x5 build/cooja/mtype327.a(tcp-socket.o)
 *fill*         0x000000000003cbbd        0x3 
 .bss           0x000000000003cbc0       0x60 build/cooja/mtype327.a(uip-ds6-route.o)
 .bss           0x000000000003cc20       0xc4 build/cooja/mtype327.a(tcpip.o)
 .bss           0x000000000003cce4        0xc build/cooja/mtype327.a(uip6.o)
                0x000000000003cce4                uip_ext_bitmap
                0x000000000003cce6                uip_ext_len
                0x000000000003cce8                uip_last_proto
 *fill*         0x000000000003ccf0       0x10 
 .bss           0x000000000003cd00     0x1c20 build/cooja/mtype327.a(uip-ds6-nbr.o)
 .bss           0x000000000003e920       0x10 build/cooja/mtype327.a(uip-nd6.o)
 *fill*         0x000000000003e930       0x10 
 .bss           0x000000000003e940      0x724 build/cooja/mtype327.a(sicslowpan.o)
 .bss           0x000000000003f064        0x0 build/cooja/mtype327.a(uiplib.o)
 .bss           0x000000000003f064        0x1 build/cooja/mtype327.a(rpl.o)
 .bss           0x000000000003f065        0x0 build/cooja/mtype327.a(rpl-icmp6.o)
 *fill*         0x000000000003f065        0x3 
 .bss           0x000000000003f068       0x11 build/cooja/mtype327.a(rpl-dag-root.o)
 .bss           0x000000000003f079        0x0 build/cooja/mtype327.a(watchdog.o)
 *fill*         0x000000000003f079        0x3 
 .bss           0x000000000003f07c        0x4 build/cooja/mtype327.a(int-master.o)
 .bss           0x000000000003f080        0x0 build/cooja/mtype327.a(stimer.o)
 .bss           0x000000000003f080        0x0 build/cooja/mtype327.a(ringbuf.o)
 .bss           0x000000000003f080        0x0 build/cooja/mtype327.a(memb.o)
 .bss           0x000000000003f080        0x0 build/cooja/mtype327.a(assert.o)
 .bss           0x000000000003f080     0x1214 build/cooja/mtype327.a(nbr-table.o)
 *fill*         0x0000000000040294        0xc 
 .bss           0x00000000000402a0      0xe10 build/cooja/mtype327.a(link-stats.o)
 *fill*         0x00000000000410b0       0x10 
 .bss           0x00000000000410c0      0x100 build/cooja/mtype327.a(mac-sequence.o)
 .bss           0x00000000000411c0        0x0 build/cooja/mtype327.a(mac.o)
 .bss           0x00000000000411c0        0x2 build/cooja/mtype327.a(framer-802154.o)
 .bss           0x00000000000411c2        0x0 build/cooja/mtype327.a(frame802154.o)
 .bss           0x00000000000411c2        0x0 build/cooja/mtype327.a(csma-security.o)
 *fill*         0x00000000000411c2        0x2 
 .bss           0x00000000000411c4       0x20 build/cooja/mtype327.a(uipbuf.o)
 .bss           0x00000000000411e4       0x18 build/cooja/mtype327.a(uip-icmp6.o)
 *fill*         0x00000000000411fc        0x4 
 .bss           0x0000000000041200     0x1d80 build/cooja/mtype327.a(uip-sr.o)
 .bss           0x0000000000042f80      0xa78 build/cooja/mtype327.a(uip-packetqueue)
 .bss           0x00000000000439f8        0x0 build/cooja/mtype327.a(rpl-nbr-policy.)
 *fill*         0x00000000000439f8        0x8 
 .bss           0x0000000000043a00      0x960 build/cooja/mtype327.a(rpl-neighbor.o)
 .bss           0x0000000000044360        0x0 build/cooja/mtype327.a(rpl-dag.o)
 .bss           0x0000000000044360       0x40 build/cooja/mtype327.a(rpl-timers.o)
 .bss           0x00000000000443a0        0x0 build/cooja/mtype327.a(rpl-ext-header.)
 .bss           0x00000000000443a0        0x0 build/cooja/mtype327.a(rpl-mrhof.o)
 .bss           0x00000000000443a0        0x0 /usr/lib/i386-linux-gnu/libc_nonshared.a(stack_chk_fail_local.oS)
 .bss           0x00000000000443a0        0x0 /usr/lib/gcc/i686-linux-gnu/7/crtendS.o
 .bss           0x00000000000443a0        0x0 /usr/lib/gcc/i686-linux-gnu/7/../../../i386-linux-gnu/crtn.o
 *(COMMON)
 COMMON         0x00000000000443a0        0x8 build/cooja/mtype327.o
                0x00000000000443a0                referenceVar
                0x00000000000443a4                sensors_flags
 COMMON         0x00000000000443a8        0xc build/cooja/mtype327.a(simEnvChange.o)
                0x00000000000443a8                simEtimerPending
                0x00000000000443ac                simProcessRunValue
                0x00000000000443b0                simEtimerNextExpirationTime
 *fill*         0x00000000000443b4        0x4 
 COMMON         0x00000000000443b8       0x18 build/cooja/mtype327.a(rtimer-arch.o)
                0x00000000000443b8                simRtimerPending