Archive member included to satisfy reference by file (symbol)

build/cooja/mtype165.a(simEnvChange.o)
                              build/cooja/mtype165.o (simDontFallAsleep)
build/cooja/mtype165.a(cooja_mt.o)
                              build/cooja/mtype165.o (cooja_mt_start)
build/cooja/mtype165.a(cooja_mtarch.o)
                              build/cooja/mtype165.a(cooja_mt.o) (cooja_mtarch_start)
build/cooja/mtype165.a(rtimer-arch.o)
                              build/cooja/mtype165.o (rtimer_arch_check)
build/cooja/mtype165.a(beep.o)
                              build/cooja/mtype165.o (beep_interface)
build/cooja/mtype165.a(leds-arch.o)
                              build/cooja/mtype165.o (leds_interface)
build/cooja/mtype165.a(moteid.o)
                              build/cooja/mtype165.o (moteid_interface)
build/cooja/mtype165.a(pir-sensor.o)
                              build/cooja/mtype165.o (pir_interface)
build/cooja/mtype165.a(rs232.o)
                              build/cooja/mtype165.o (rs232_interface)
build/cooja/mtype165.a(vib-sensor.o)
                              build/cooja/mtype165.o (vib_interface)
build/cooja/mtype165.a(clock.o)
                              build/cooja/mtype165.o (clock_interface)
build/cooja/mtype165.a(cooja-log.o)
                              build/cooja/mtype165.o (simlog_interface)
build/cooja/mtype165.a(cfs-cooja.o)
                              build/cooja/mtype165.o (cfs_interface)
build/cooja/mtype165.a(cooja-radio.o)
                              build/cooja/mtype165.o (radio_interface)
build/cooja/mtype165.a(eeprom.o)
                              build/cooja/mtype165.o (eeprom_interface)
build/cooja/mtype165.a(random.o)
                              build/cooja/mtype165.a(moteid.o) (random_init)
build/cooja/mtype165.a(sensors.o)
                              build/cooja/mtype165.a(pir-sensor.o) (sensors_changed)
build/cooja/mtype165.a(leds.o)
                              fire_detector_server.o (leds_on)
build/cooja/mtype165.a(gpio-hal-arch.o)
                              build/cooja/mtype165.a(leds-arch.o) (gpio_hal_arch_register_pin_callback)
build/cooja/mtype165.a(buttons.o)
                              build/cooja/mtype165.o (button_interface)
build/cooja/mtype165.a(fire_detector.o)
                              fire_detector_server.o (fire_detector)
build/cooja/mtype165.a(coap-blocking-a)
                              fire_detector_server.o (coap_blocking_request)
build/cooja/mtype165.a(coap-engine.o)
                              fire_detector_server.o (coap_activate_resource)
build/cooja/mtype165.a(coap-res-well-k)
                              build/cooja/mtype165.a(coap-engine.o) (res_well_known_core)
build/cooja/mtype165.a(coap-observe.o)
                              build/cooja/mtype165.a(coap-engine.o) (coap_remove_observer_by_mid)
build/cooja/mtype165.a(coap-uip.o)
                              build/cooja/mtype165.a(coap-observe.o) (coap_endpoint_copy)
build/cooja/mtype165.a(coap-timer.o)
                              build/cooja/mtype165.a(coap-engine.o) (coap_timer_set)
build/cooja/mtype165.a(coap-transactio)
                              build/cooja/mtype165.a(coap-blocking-a) (coap_send_transaction)
build/cooja/mtype165.a(coap.o)
                              build/cooja/mtype165.a(coap-engine.o) (coap_status_code)
build/cooja/mtype165.a(contiki-main.o)
                              build/cooja/mtype165.o (main)
build/cooja/mtype165.a(autostart.o)
                              build/cooja/mtype165.a(contiki-main.o) (autostart_start)
build/cooja/mtype165.a(ctimer.o)
                              build/cooja/mtype165.a(contiki-main.o) (ctimer_init)
build/cooja/mtype165.a(log.o)
                              build/cooja/mtype165.a(contiki-main.o) (curr_log_level_main)
build/cooja/mtype165.a(energest.o)
                              build/cooja/mtype165.a(contiki-main.o) (energest_init)
build/cooja/mtype165.a(etimer.o)
                              build/cooja/mtype165.a(contiki-main.o) (etimer_process)
build/cooja/mtype165.a(node-id.o)
                              build/cooja/mtype165.a(contiki-main.o) (node_id)
build/cooja/mtype165.a(rtimer.o)
                              build/cooja/mtype165.a(contiki-main.o) (rtimer_init)
build/cooja/mtype165.a(process.o)
                              build/cooja/mtype165.a(coap-blocking-a) (process_current)
build/cooja/mtype165.a(timer.o)
                              build/cooja/mtype165.a(etimer.o) (timer_set)
build/cooja/mtype165.a(list.o)
                              build/cooja/mtype165.a(coap-engine.o) (list_init)
build/cooja/mtype165.a(memb.o)
                              build/cooja/mtype165.a(coap-observe.o) (memb_alloc)
build/cooja/mtype165.a(button-hal.o)
                              build/cooja/mtype165.o (button_hal_init)
build/cooja/mtype165.a(serial-line.o)
                              build/cooja/mtype165.a(rs232.o) (serial_line_input_byte)
[...]
Memory Configuration

Name             Origin             Length             Attributes
*default*        0x0000000000000000 0xffffffffffffffff

Linker script and memory map

LOAD /usr/lib/gcc/i686-linux-gnu/7/../../../i386-linux-gnu/crti.o
LOAD /usr/lib/gcc/i686-linux-gnu/7/crtbeginS.o
LOAD fire_detector_server.o
LOAD build/cooja/mtype165.o
LOAD build/cooja/mtype165.a
LOAD /usr/lib/gcc/i686-linux-gnu/7/libgcc.a
LOAD /usr/lib/gcc/i686-linux-gnu/7/libgcc_s.so
START GROUP
LOAD /usr/lib/gcc/i686-linux-gnu/7/libgcc_s.so.1
LOAD /usr/lib/gcc/i686-linux-gnu/7/libgcc.a
END GROUP
LOAD /usr/lib/gcc/i686-linux-gnu/7/../../../i386-linux-gnu/libc.so
START GROUP
LOAD /lib/i386-linux-gnu/libc.so.6
LOAD /usr/lib/i386-linux-gnu/libc_nonshared.a
LOAD /lib/i386-linux-gnu/ld-linux.so.2
END GROUP
LOAD /usr/lib/gcc/i686-linux-gnu/7/libgcc.a
LOAD /usr/lib/gcc/i686-linux-gnu/7/libgcc_s.so
START GROUP
LOAD /usr/lib/gcc/i686-linux-gnu/7/libgcc_s.so.1
LOAD /usr/lib/gcc/i686-linux-gnu/7/libgcc.a
END GROUP
LOAD /usr/lib/gcc/i686-linux-gnu/7/crtendS.o
LOAD /usr/lib/gcc/i686-linux-gnu/7/../../../i386-linux-gnu/crtn.o
                0x0000000000000114                . = (SEGMENT_START ("text-segment", 0x0) + SIZEOF_HEADERS)

.note.gnu.build-id
                0x0000000000000114       0x24
 *(.note.gnu.build-id)
 .note.gnu.build-id
                0x0000000000000114       0x24 /usr/lib/gcc/i686-linux-gnu/7/../../../i386-linux-gnu/crti.o

.hash
 *(.hash)

.gnu.hash       0x0000000000000138     0x15dc
 *(.gnu.hash)
 .gnu.hash      0x0000000000000138     0x15dc /usr/lib/gcc/i686-linux-gnu/7/../../../i386-linux-gnu/crti.o

.dynsym         0x0000000000001714     0x2fe0
 *(.dynsym)
 .dynsym        0x0000000000001714     0x2fe0 /usr/lib/gcc/i686-linux-gnu/7/../../../i386-linux-gnu/crti.o

.dynstr         0x00000000000046f4     0x3784
 *(.dynstr)
 .dynstr        0x00000000000046f4     0x3784 /usr/lib/gcc/i686-linux-gnu/7/../../../i386-linux-gnu/crti.o

.gnu.version    0x0000000000007e78      0x5fc
 *(.gnu.version)
 .gnu.version   0x0000000000007e78      0x5fc /usr/lib/gcc/i686-linux-gnu/7/../../../i386-linux-gnu/crti.o

.gnu.version_d  0x0000000000008474        0x0
 *(.gnu.version_d)
 .gnu.version_d
                0x0000000000008474        0x0 /usr/lib/gcc/i686-linux-gnu/7/../../../i386-linux-gnu/crti.o

.gnu.version_r  0x0000000000008474       0x40
 *(.gnu.version_r)
 .gnu.version_r
                0x0000000000008474       0x40 /usr/lib/gcc/i686-linux-gnu/7/../../../i386-linux-gnu/crti.o

.rel.dyn        0x00000000000084b4      0xf78
 *(.rel.init)
 .rel.init      0x00000000000084b4        0x0 /usr/lib/gcc/i686-linux-gnu/7/../../../i386-linux-gnu/crti.o
 *(.rel.text .rel.text.* .rel.gnu.linkonce.t.*)
 .rel.text      0x00000000000084b4      0x5c0 /usr/lib/gcc/i686-linux-gnu/7/../../../i386-linux-gnu/crti.o
 *(.rel.fini)
 .rel.fini      0x0000000000008a74        0x0 /usr/lib/gcc/i686-linux-gnu/7/../../../i386-linux-gnu/crti.o
 *(.rel.rodata .rel.rodata.* .rel.gnu.linkonce.r.*)
 *(.rel.data.rel.ro .rel.data.rel.ro.* .rel.gnu.linkonce.d.rel.ro.*)
 .rel.data.rel.ro.local
                0x0000000000008a74      0x220 /usr/lib/gcc/i686-linux-gnu/7/../../../i386-linux-gnu/crti.o
 .rel.data.rel.ro
                0x0000000000008c94       0xb0 /usr/lib/gcc/i686-linux-gnu/7/../../../i386-linux-gnu/crti.o
 *(.rel.data .rel.data.* .rel.gnu.linkonce.d.*)
 .rel.data.rel.local
                0x0000000000008d44      0x388 /usr/lib/gcc/i686-linux-gnu/7/../../../i386-linux-gnu/crti.o
 .rel.data.rel  0x00000000000090cc       0x78 /usr/lib/gcc/i686-linux-gnu/7/../../../i386-linux-gnu/crti.o
 *(.rel.tdata .rel.tdata.* .rel.gnu.linkonce.td.*)
 *(.rel.tbss .rel.tbss.* .rel.gnu.linkonce.tb.*)
 *(.rel.ctors)
 *(.rel.dtors)
 *(.rel.got)
 .rel.got       0x0000000000009144      0x2d8 /usr/lib/gcc/i686-linux-gnu/7/../../../i386-linux-gnu/crti.o
 *(.rel.bss .rel.bss.* .rel.gnu.linkonce.b.*)
 *(.rel.ifunc)
 .rel.ifunc     0x000000000000941c        0x0 /usr/lib/gcc/i686-linux-gnu/7/../../../i386-linux-gnu/crti.o
 .rel.fini_array
                0x000000000000941c        0x8 /usr/lib/gcc/i686-linux-gnu/7/../../../i386-linux-gnu/crti.o
 .rel.init_array
                0x0000000000009424        0x8 /usr/lib/gcc/i686-linux-gnu/7/../../../i386-linux-gnu/crti.o

.rel.plt        0x000000000000942c      0xad8
 *(.rel.plt)
 .rel.plt       0x000000000000942c      0xad8 /usr/lib/gcc/i686-linux-gnu/7/../../../i386-linux-gnu/crti.o
 *(.rel.iplt)

.init           0x0000000000009f04       0x23
 *(SORT_NONE(.init))
 .init          0x0000000000009f04       0x1e /usr/lib/gcc/i686-linux-gnu/7/../../../i386-linux-gnu/crti.o
                0x0000000000009f04                _init
 .init          0x0000000000009f22        0x5 /usr/lib/gcc/i686-linux-gnu/7/../../../i386-linux-gnu/crtn.o

.plt            0x0000000000009f30     0x15c0
 *(.plt)
 .plt           0x0000000000009f30     0x15c0 /usr/lib/gcc/i686-linux-gnu/7/../../../i386-linux-gnu/crti.o
 *(.iplt)

.plt.got        0x000000000000b4f0       0x18
 *(.plt.got)
 .plt.got       0x000000000000b4f0       0x18 /usr/lib/gcc/i686-linux-gnu/7/../../../i386-linux-gnu/crti.o

.plt.sec
 *(.plt.sec)

.text           0x000000000000b510    0x1f294
 *(.text.unlikely .text.*_unlikely .text.unlikely.*)
 *(.text.exit .text.exit.*)
 *(.text.startup .text.startup.*)
 *(.text.hot .text.hot.*)
 *(.text .stub .text.* .gnu.linkonce.t.*)
 .text          0x000000000000b510        0x0 /usr/lib/gcc/i686-linux-gnu/7/../../../i386-linux-gnu/crti.o
 .gnu.linkonce.t.__x86.get_pc_thunk.bx
                0x000000000000b510        0x4 /usr/lib/gcc/i686-linux-gnu/7/../../../i386-linux-gnu/crti.o
                0x000000000000b510                __x86.get_pc_thunk.bx
 *fill*         0x000000000000b514        0xc 
 .text          0x000000000000b520       0xe9 /usr/lib/gcc/i686-linux-gnu/7/crtbeginS.o
 .text.__x86.get_pc_thunk.dx
                0x000000000000b609        0x4 /usr/lib/gcc/i686-linux-gnu/7/crtbeginS.o
                0x000000000000b609                __x86.get_pc_thunk.dx
 .text          0x000000000000b60d      0x4ff fire_detector_server.o
                0x000000000000b6c0                client_chunk_handler
 .text          0x000000000000bb0c      0x36b build/cooja/mtype165.o
                0x000000000000bbbe                platform_init_stage_one
                0x000000000000bbe1                platform_init_stage_two
                0x000000000000bc04                platform_init_stage_three
                0x000000000000bc27                platform_main_loop
                0x000000000000bccd                Java_org_contikios_cooja_corecomm_Lib102_init
                0x000000000000bd1b                Java_org_contikios_cooja_corecomm_Lib102_getMemory
                0x000000000000bd5b                Java_org_contikios_cooja_corecomm_Lib102_setMemory
                0x000000000000bdcc                Java_org_contikios_cooja_corecomm_Lib102_tick
                0x000000000000be56                Java_org_contikios_cooja_corecomm_Lib102_setReferenceAddress
 .text.__x86.get_pc_thunk.ax
                0x000000000000be77        0x4 build/cooja/mtype165.o
                0x000000000000be77                __x86.get_pc_thunk.ax
 .text          0x000000000000be7b       0x8d build/cooja/mtype165.a(simEnvChange.o)
                0x000000000000be7b                doActionsBeforeTick
                0x000000000000bec1                doActionsAfterTick
 .text          0x000000000000bf08       0xb6 build/cooja/mtype165.a(cooja_mt.o)
                0x000000000000bf08                cooja_mt_start
                0x000000000000bf42                cooja_mt_exec
                0x000000000000bf89                cooja_mt_yield
 .text          0x000000000000bfbe       0xf2 build/cooja/mtype165.a(cooja_mtarch.o)
                0x000000000000bfbe                cooja_mtarch_start
                0x000000000000c042                cooja_sw
                0x000000000000c070                cooja_mtarch_exec
                0x000000000000c09b                cooja_mtarch_yield
 .text          0x000000000000c0b0      0x127 build/cooja/mtype165.a(rtimer-arch.o)
                0x000000000000c0b0                rtimer_arch_init
                0x000000000000c0df                rtimer_arch_schedule
                0x000000000000c121                rtimer_arch_next
                0x000000000000c13b                rtimer_arch_pending
                0x000000000000c152                rtimer_arch_check
                0x000000000000c1bd                rtimer_arch_now
 .text.__x86.get_pc_thunk.cx
                0x000000000000c1d7        0x4 build/cooja/mtype165.a(rtimer-arch.o)
                0x000000000000c1d7                __x86.get_pc_thunk.cx
 .text          0x000000000000c1db      0x101 build/cooja/mtype165.a(beep.o)
                0x000000000000c1db                beep_alarm
                0x000000000000c1f4                beep_beep
                0x000000000000c20d                beep
                0x000000000000c226                beep_down
                0x000000000000c23f                beep_on
                0x000000000000c258                beep_off
                0x000000000000c271                beep_spinup
                0x000000000000c28a                beep_quick
                0x000000000000c2a3                beep_long
 .text          0x000000000000c2dc       0x9f build/cooja/mtype165.a(leds-arch.o)
                0x000000000000c300                leds_arch_init
 .text          0x000000000000c37b       0x56 build/cooja/mtype165.a(moteid.o)
 .text          0x000000000000c3d1      0x101 build/cooja/mtype165.a(pir-sensor.o)
 .text          0x000000000000c4d2      0x1cc build/cooja/mtype165.a(rs232.o)
                0x000000000000c4d2                rs232_init
                0x000000000000c4e2                rs232_set_speed
                0x000000000000c4fb                rs232_set_input
                0x000000000000c514                rs232_send
                0x000000000000c54a                rs232_print
                0x000000000000c578                slip_arch_writeb
 .text          0x000000000000c69e      0x101 build/cooja/mtype165.a(vib-sensor.o)
 .text          0x000000000000c79f       0x7a build/cooja/mtype165.a(clock.o)
                0x000000000000c79f                clock_init
                0x000000000000c7af                clock_time
                0x000000000000c7c6                clock_seconds
                0x000000000000c7e9                clock_delay
 .text          0x000000000000c819      0x2b5 build/cooja/mtype165.a(cooja-log.o)
                0x000000000000c819                simlog_char
                0x000000000000c87d                simlog
                0x000000000000c917                log_message
                0x000000000000c966                log_set_putchar_with_slip
                0x000000000000c97f                log_putchar
                0x000000000000ca0a                log_puts
                0x000000000000ca3c                log_printf
 .text          0x000000000000cace      0x36c build/cooja/mtype165.a(cfs-cooja.o)
                0x000000000000cace                cfs_open
                0x000000000000cb46                cfs_close
                0x000000000000cb5d                cfs_read
                0x000000000000cc11                cfs_write
                0x000000000000cd0f                cfs_seek
                0x000000000000cdac                cfs_remove
                0x000000000000cde2                cfs_opendir
                0x000000000000cdf6                cfs_readdir
                0x000000000000ce0a                cfs_closedir
 .text          0x000000000000ce3a      0x78b build/cooja/mtype165.a(cooja-radio.o)
                0x000000000000cea8                radio_set_channel
                0x000000000000cec1                radio_set_txpower
                0x000000000000cee4                radio_signal_strength_last
                0x000000000000cef9                radio_signal_strength_current
                0x000000000000cf0e                radio_LQI
 .text          0x000000000000d5c5      0x130 build/cooja/mtype165.a(eeprom.o)
                0x000000000000d5c5                eeprom_init
                0x000000000000d5d5                eeprom_read
                0x000000000000d655                eeprom_write
 .text          0x000000000000d6f5       0x4e build/cooja/mtype165.a(random.o)
                0x000000000000d6f5                random_init
                0x000000000000d725                random_rand
 .text          0x000000000000d743      0x332 build/cooja/mtype165.a(sensors.o)
                0x000000000000d78a                sensors_first
                0x000000000000d7a1                sensors_next
                0x000000000000d7cc                sensors_changed
                0x000000000000d819                sensors_find
 .text          0x000000000000da75      0x3fc build/cooja/mtype165.a(leds.o)
                0x000000000000da75                leds_init
                0x000000000000dacd                leds_single_on
                0x000000000000db45                leds_single_off
                0x000000000000dbbd                leds_single_toggle
                0x000000000000dc01                leds_on
                0x000000000000dc99                leds_off
                0x000000000000dd31                leds_toggle
                0x000000000000dd97                leds_set
                0x000000000000ddcd                leds_get
 .text          0x000000000000de71      0x401 build/cooja/mtype165.a(gpio-hal-arch.o)
                0x000000000000de71                gpio_hal_arch_register_pin_callback
                0x000000000000def2                gpio_hal_arch_init
                0x000000000000df4c                gpio_hal_arch_no_port_interrupt_enable
                0x000000000000df86                gpio_hal_arch_no_port_interrupt_disable
                0x000000000000dfc0                gpio_hal_arch_no_port_pin_cfg_set
                0x000000000000dfef                gpio_hal_arch_no_port_pin_cfg_get
                0x000000000000e01f                gpio_hal_arch_no_port_pin_set_input
                0x000000000000e03b                gpio_hal_arch_no_port_pin_set_output
                0x000000000000e057                gpio_hal_arch_no_port_set_pin
                0x000000000000e082                gpio_hal_arch_no_port_clear_pin
                0x000000000000e0ad                gpio_hal_arch_no_port_read_pin
                0x000000000000e0df                gpio_hal_arch_no_port_write_pin
                0x000000000000e113                gpio_hal_arch_no_port_set_pins
                0x000000000000e164                gpio_hal_arch_no_port_clear_pins
                0x000000000000e1b5                gpio_hal_arch_no_port_read_pins
                0x000000000000e208                gpio_hal_arch_no_port_write_pins
 .text          0x000000000000e272       0xc6 build/cooja/mtype165.a(buttons.o)
 .text          0x000000000000e338      0x46e build/cooja/mtype165.a(fire_detector.o)
 .text          0x000000000000e7a6      0x29c build/cooja/mtype165.a(coap-blocking-a)
                0x000000000000e7a6                coap_blocking_request_callback
                0x000000000000e7e0                coap_blocking_request
 .text          0x000000000000ea42      0xd4f build/cooja/mtype165.a(coap-engine.o)
                0x000000000000eb13                coap_add_handler
                0x000000000000eb41                coap_remove_handler
                0x000000000000eb6f                coap_call_handlers
                0x000000000000ec96                coap_receive
                0x000000000000f310                coap_engine_init
                0x000000000000f383                coap_activate_resource
                0x000000000000f440                coap_get_first_resource
                0x000000000000f46a                coap_get_next_resource
 .text          0x000000000000f791      0x2ed build/cooja/mtype165.a(coap-res-well-k)
 .text          0x000000000000fa7e      0xa13 build/cooja/mtype165.a(coap-observe.o)
                0x000000000000fbb9                coap_remove_observer
                0x000000000000fbfb                coap_remove_observer_by_client
                0x000000000000fc73                coap_remove_observer_by_token
                0x000000000000fd16                coap_remove_observer_by_uri
                0x000000000000fdcd                coap_remove_observer_by_mid
                0x000000000000fe59                coap_notify_observers
                0x000000000000fe7c                coap_notify_observers_sub
                0x00000000000102ed                coap_observe_handler
                0x0000000000010418                coap_has_observers
 .text          0x0000000000010491      0x84c build/cooja/mtype165.a(coap-uip.o)
                0x0000000000010491                coap_endpoint_log
                0x000000000001052e                coap_endpoint_print
                0x00000000000105cb                coap_endpoint_snprint
                0x0000000000010714                coap_endpoint_copy
                0x000000000001075b                coap_endpoint_cmp
                0x000000000001088c                coap_endpoint_parse
                0x0000000000010a9d                coap_endpoint_is_secure
                0x0000000000010ab6                coap_endpoint_is_connected
                0x0000000000010afa                coap_endpoint_connect
                0x0000000000010b20                coap_endpoint_disconnect
                0x0000000000010b30                coap_databuf
                0x0000000000010b47                coap_transport_init
                0x0000000000010bbd                coap_sendto
 .text          0x0000000000010cdd      0x3ad build/cooja/mtype165.a(coap-timer.o)
                0x0000000000010e02                coap_timer_stop
                0x0000000000010e3d                coap_timer_set
                0x0000000000010e8a                coap_timer_reset
                0x0000000000010ed7                coap_timer_time_to_next_expiration
                0x0000000000010f54                coap_timer_run
                0x0000000000011036                coap_timer_init
 .text          0x000000000001108a      0x334 build/cooja/mtype165.a(coap-transactio)
                0x0000000000011118                coap_new_transaction
                0x0000000000011190                coap_send_transaction
                0x0000000000011302                coap_clear_transaction
                0x000000000001135c                coap_get_transaction_by_mid
 .text          0x00000000000113be     0x1f9f build/cooja/mtype165.a(coap.o)
                0x00000000000119b9                coap_init_connection
                0x00000000000119de                coap_get_mid
                0x0000000000011a05                coap_init_message
                0x0000000000011a5e                coap_serialize_message
                0x00000000000120f5                coap_parse_message
                0x0000000000012811                coap_get_query_variable
                0x000000000001285d                coap_get_post_variable
                0x00000000000128ab                coap_set_status_code
                0x00000000000128da                coap_set_token
                0x0000000000012931                coap_get_header_content_format
                0x000000000001296c                coap_set_header_content_format
                0x0000000000012999                coap_get_header_accept
                0x00000000000129d4                coap_set_header_accept
                0x0000000000012a01                coap_get_header_max_age
                0x0000000000012a3c                coap_set_header_max_age
                0x0000000000012a66                coap_get_header_etag
                0x0000000000012aa2                coap_set_header_etag
                0x0000000000012b09                coap_get_header_if_match
                0x0000000000012b45                coap_set_header_if_match
                0x0000000000012bac                coap_get_header_if_none_match
                0x0000000000012bd0                coap_set_header_if_none_match
                0x0000000000012bf1                coap_get_header_proxy_uri
                0x0000000000012c29                coap_set_header_proxy_uri
                0x0000000000012c76                coap_get_header_uri_host
                0x0000000000012cae                coap_set_header_uri_host
                0x0000000000012cfb                coap_get_header_uri_path
                0x0000000000012d33                coap_set_header_uri_path
                0x0000000000012d91                coap_get_header_uri_query
                0x0000000000012dcf                coap_set_header_uri_query
                0x0000000000012e36                coap_get_header_location_path
                0x0000000000012e6e                coap_set_header_location_path
                0x0000000000012f16                coap_get_header_location_query
                0x0000000000012f4e                coap_set_header_location_query
                0x0000000000012fac                coap_get_header_observe
                0x0000000000012fe5                coap_set_header_observe
                0x000000000001300f                coap_get_header_block2
                0x0000000000013085                coap_set_header_block2
                0x0000000000013106                coap_get_header_block1
                0x0000000000013185                coap_set_header_block1
                0x000000000001320a                coap_get_header_size2
                0x0000000000013244                coap_set_header_size2
                0x0000000000013271                coap_get_header_size1
                0x00000000000132ab                coap_set_header_size1
                0x00000000000132d8                coap_get_payload
                0x000000000001331c                coap_set_payload
 .text          0x000000000001335d      0x3c6 build/cooja/mtype165.a(contiki-main.o)
                0x000000000001335d                main
 .text          0x0000000000013723       0xb0 build/cooja/mtype165.a(autostart.o)
                0x0000000000013723                autostart_start
                0x000000000001377c                autostart_exit
 .text          0x00000000000137d3      0x400 build/cooja/mtype165.a(ctimer.o)
                0x0000000000013916                ctimer_init
                0x000000000001395b                ctimer_set
                0x000000000001398e                ctimer_set_with_process
                0x0000000000013a25                ctimer_reset
                0x0000000000013a93                ctimer_restart
                0x0000000000013b01                ctimer_stop
                0x0000000000013b61                ctimer_expired
 .text          0x0000000000013bd3      0x4a3 build/cooja/mtype165.a(log.o)
                0x0000000000013bd3                log_6addr
                0x0000000000013c37                log_6addr_compact_snprint
                0x0000000000013cf7                log_6addr_compact
                0x0000000000013d5b                log_lladdr
                0x0000000000013de2                log_lladdr_compact
                0x0000000000013e5f                log_bytes
                0x0000000000013eb3                log_set_level
                0x0000000000013f91                log_get_level
                0x0000000000014022                log_level_to_str
 .text          0x0000000000014076       0x39 build/cooja/mtype165.a(energest.o)
                0x0000000000014076                energest_init
                0x0000000000014086                energest_flush
                0x0000000000014096                energest_get_total_time
 .text          0x00000000000140af      0x527 build/cooja/mtype165.a(etimer.o)
                0x0000000000014304                etimer_request_poll
                0x00000000000143b5                etimer_set
                0x00000000000143ee                etimer_reset_with_new_interval
                0x000000000001442d                etimer_reset
                0x0000000000014463                etimer_restart
                0x0000000000014499                etimer_adjust
                0x00000000000144c0                etimer_expired
                0x00000000000144dd                etimer_expiration_time
                0x00000000000144f9                etimer_start_time
                0x000000000001450d                etimer_pending
                0x000000000001452a                etimer_next_expiration_time
                0x0000000000014552                etimer_stop
 .text          0x00000000000145d6       0x36 build/cooja/mtype165.a(node-id.o)
                0x00000000000145d6                node_id_init
 .text          0x000000000001460c      0x122 build/cooja/mtype165.a(rtimer.o)
                0x000000000001460c                rtimer_init
                0x000000000001462b                rtimer_set
                0x00000000000146b9                rtimer_run_next
 .text          0x000000000001472e      0x5cb build/cooja/mtype165.a(process.o)
                0x000000000001472e                process_alloc_event
                0x000000000001474f                process_start
                0x0000000000014954                process_exit
                0x000000000001497c                process_init
                0x0000000000014b44                process_run
                0x0000000000014b87                process_nevents
                0x0000000000014bac                process_post
                0x0000000000014c59                process_post_synch
                0x0000000000014c9f                process_poll
                0x0000000000014cdb                process_is_running
 .text.__x86.get_pc_thunk.si
                0x0000000000014cf9        0x4 build/cooja/mtype165.a(process.o)
                0x0000000000014cf9                __x86.get_pc_thunk.si
 .text          0x0000000000014cfd       0xf6 build/cooja/mtype165.a(timer.o)
                0x0000000000014cfd                timer_set
                0x0000000000014d2c                timer_reset
                0x0000000000014d63                timer_restart
                0x0000000000014d89                timer_expired
                0x0000000000014dc7                timer_remaining
 .text          0x0000000000014df3      0x311 build/cooja/mtype165.a(list.o)
                0x0000000000014df3                list_init
                0x0000000000014e0c                list_head
                0x0000000000014e20                list_copy
                0x0000000000014e3a                list_tail
                0x0000000000014e7a                list_add
                0x0000000000014ed0                list_push
                0x0000000000014f06                list_chop
                0x0000000000014f7a                list_pop
                0x0000000000014fac                list_remove
                0x000000000001501e                list_length
                0x0000000000015056                list_insert
                0x00000000000150a5                list_item_next
                0x00000000000150c6                list_contains
 .text          0x0000000000015104      0x1ec build/cooja/mtype165.a(memb.o)
                0x0000000000015104                memb_init
                0x0000000000015168                memb_alloc
                0x00000000000151d5                memb_free
                0x0000000000015256                memb_inmemb
                0x000000000001529f                memb_numfree
 .text          0x00000000000152f0      0x566 build/cooja/mtype165.a(button-hal.o)
                0x00000000000154e4                button_hal_get_by_id
                0x000000000001552e                button_hal_get_by_index
                0x0000000000015568                button_hal_get_state
                0x00000000000155ca                button_hal_init
 .text          0x0000000000015856      0x242 build/cooja/mtype165.a(serial-line.o)
                0x0000000000015856                serial_line_input_byte
                0x0000000000015a4e                serial_line_init
 .text          0x0000000000015a98      0x1d6 build/cooja/mtype165.a(gpio-hal.o)
                0x0000000000015a98                gpio_hal_register_handler
                0x0000000000015ac6                gpio_hal_event_handler
                0x0000000000015b33                gpio_hal_init
                0x0000000000015b62                gpio_hal_arch_port_toggle_pin
                0x0000000000015bad                gpio_hal_arch_port_toggle_pins
                0x0000000000015bea                gpio_hal_arch_no_port_toggle_pin
                0x0000000000015c37                gpio_hal_arch_no_port_toggle_pins
 .text          0x0000000000015c6e      0x3a9 build/cooja/mtype165.a(queuebuf.o)
                0x0000000000015c82                queuebuf_init
                0x0000000000015cbe                queuebuf_numfree
                0x0000000000015ce8                queuebuf_new_from_packetbuf
                0x0000000000015d9c                queuebuf_update_attr_from_packetbuf
                0x0000000000015de0                queuebuf_update_from_packetbuf
                0x0000000000015e3f                queuebuf_free
                0x0000000000015e9d                queuebuf_to_packetbuf
                0x0000000000015f1a                queuebuf_dataptr
                0x0000000000015f66                queuebuf_datalen
                0x0000000000015f93                queuebuf_addr
                0x0000000000015fd2                queuebuf_attr
                0x0000000000016007                queuebuf_debug_print
 .text          0x0000000000016017      0x4dd build/cooja/mtype165.a(packetbuf.o)
                0x0000000000016017                packetbuf_clear
                0x000000000001604d                packetbuf_copyfrom
                0x00000000000160ad                packetbuf_copyto
                0x000000000001614b                packetbuf_hdralloc
                0x00000000000161db                packetbuf_hdrreduce
                0x000000000001622d                packetbuf_set_datalen
                0x0000000000016252                packetbuf_dataptr
                0x0000000000016279                packetbuf_hdrptr
                0x000000000001628e                packetbuf_datalen
                0x00000000000162a4                packetbuf_hdrlen
                0x00000000000162c3                packetbuf_totlen
                0x00000000000162e3                packetbuf_remaininglen
                0x0000000000016300                packetbuf_attr_clear
                0x0000000000016366                packetbuf_attr_copyto
                0x00000000000163ac                packetbuf_attr_copyfrom
                0x00000000000163f2                packetbuf_set_attr
                0x0000000000016428                packetbuf_attr
                0x000000000001644e                packetbuf_set_addr
                0x0000000000016496                packetbuf_addr
                0x00000000000164c0                packetbuf_holds_broadcast
 .text          0x00000000000164f4      0x13c build/cooja/mtype165.a(netstack.o)
                0x00000000000164f4                netstack_process_ip_callback
                0x0000000000016595                netstack_ip_packet_processor_add
                0x00000000000165c9                uip_ds6_ip_packet_processor_rm
                0x00000000000165f7                netstack_init
 .text          0x0000000000016630       0x75 build/cooja/mtype165.a(linkaddr.o)
                0x0000000000016630                linkaddr_copy
                0x0000000000016650                linkaddr_cmp
                0x0000000000016683                linkaddr_set_node_addr
 .text          0x00000000000166a5      0x2ae build/cooja/mtype165.a(csma.o)
 .text          0x0000000000016953      0xa6f build/cooja/mtype165.a(csma-output.o)
                0x00000000000170c5                csma_output_packet
                0x0000000000017374                csma_output_init
 .text          0x00000000000173c2      0xe47 build/cooja/mtype165.a(uip-ds6.o)
                0x00000000000173c2                uip_ds6_default_prefix
                0x00000000000173d7                uip_ds6_set_default_prefix
                0x000000000001740d                uip_ds6_init
                0x00000000000176a8                uip_ds6_periodic
                0x0000000000017750                uip_ds6_list_loop
                0x000000000001781f                uip_ds6_prefix_add
                0x00000000000178e6                uip_ds6_prefix_rm
                0x0000000000017903                uip_ds6_prefix_lookup
                0x0000000000017956                uip_ds6_is_addr_onlink
                0x00000000000179e3                uip_ds6_addr_add
                0x0000000000017b25                uip_ds6_addr_rm
                0x0000000000017be4                uip_ds6_addr_lookup
                0x0000000000017c34                uip_ds6_get_link_local
                0x0000000000017cd2                uip_ds6_get_global
                0x0000000000017d70                uip_ds6_maddr_add
                0x0000000000017dec                uip_ds6_maddr_rm
                0x0000000000017e09                uip_ds6_maddr_lookup
                0x0000000000017e5c                uip_ds6_aaddr_add
                0x0000000000017ed5                uip_ds6_aaddr_rm
                0x0000000000017ef2                uip_ds6_aaddr_lookup
                0x0000000000017f42                uip_ds6_select_src
                0x00000000000180b0                uip_ds6_set_addr_iid
                0x00000000000180e5                uip_ds6_set_lladdr_from_iid
                0x0000000000018118                get_match_length
                0x00000000000181b3                uip_ds6_compute_reachable_time
 .text          0x0000000000018209      0x152 build/cooja/mtype165.a(uip-udp-packet.)
                0x0000000000018209                uip_udp_packet_send
                0x0000000000018282                uip_udp_packet_sendto
 .text          0x000000000001835b      0x453 build/cooja/mtype165.a(uip-ds6-route.o)
                0x00000000000183bd                uip_ds6_route_init
                0x00000000000183f9                uip_ds6_route_count_nexthop_neighbors
                0x000000000001840d                uip_ds6_route_nexthop
                0x0000000000018421                uip_ds6_route_head
                0x0000000000018435                uip_ds6_route_next
                0x0000000000018449                uip_ds6_route_is_nexthop
                0x000000000001845d                uip_ds6_route_num_routes
                0x0000000000018471                uip_ds6_route_lookup
                0x0000000000018485                uip_ds6_route_add
                0x00000000000184a2                uip_ds6_route_rm
                0x00000000000184b2                uip_ds6_route_rm_by_nexthop
                0x00000000000184c2                uip_ds6_defrt_head
                0x00000000000184ec                uip_ds6_defrt_add
                0x00000000000185ac                uip_ds6_defrt_rm
                0x0000000000018625                uip_ds6_defrt_lookup
                0x000000000001869c                uip_ds6_defrt_choose
                0x0000000000018722                uip_ds6_defrt_periodic
 .text          0x00000000000187ae      0xc55 build/cooja/mtype165.a(tcpip.o)
                0x00000000000187d4                tcpip_output
                0x00000000000188ff                tcp_connect
                0x0000000000018967                tcp_unlisten
                0x00000000000189dc                tcp_listen
                0x0000000000018a4e                tcp_attach
                0x0000000000018a70                udp_attach
                0x0000000000018a92                udp_new
                0x0000000000018aec                udp_broadcast_new
                0x0000000000018dbe                tcpip_input
                0x0000000000018fb4                tcpip_ipv6_output
                0x00000000000191f0                tcpip_poll_udp
                0x0000000000019220                tcpip_poll_tcp
                0x0000000000019250                tcpip_uipcall
 .text          0x0000000000019403     0x33b5 build/cooja/mtype165.a(uip6.o)
                0x0000000000019403                uip_add32
                0x00000000000195ee                uip_chksum
                0x00000000000196e6                uip_icmp6chksum
                0x0000000000019705                uip_tcpchksum
                0x0000000000019724                uip_udpchksum
                0x0000000000019743                uip_init
                0x00000000000197f1                uip_connect
                0x000000000001998e                uip_remove_ext_hdr
                0x0000000000019a89                uip_udp_new
                0x0000000000019bce                uip_unlisten
                0x0000000000019c1e                uip_listen
                0x0000000000019f2e                uip_process
                0x000000000001c648                uip_htons
                0x000000000001c674                uip_htonl
                0x000000000001c6be                uip_send
 .text          0x000000000001c7b8      0x43e build/cooja/mtype165.a(uip-ds6-nbr.o)
                0x000000000001c7b8                uip_ds6_neighbors_init
                0x000000000001c7ee                uip_ds6_nbr_add
                0x000000000001c888                uip_ds6_nbr_rm
                0x000000000001c8e7                uip_ds6_nbr_update_ll
                0x000000000001c9e4                uip_ds6_nbr_get_ipaddr
                0x000000000001ca03                uip_ds6_nbr_get_ll
                0x000000000001ca30                uip_ds6_nbr_num
                0x000000000001ca8a                uip_ds6_nbr_head
                0x000000000001cab4                uip_ds6_nbr_next
                0x000000000001cae1                uip_ds6_nbr_lookup
                0x000000000001cb48                uip_ds6_nbr_ll_lookup
                0x000000000001cb75                uip_ds6_nbr_ipaddr_from_lladdr
                0x000000000001cba8                uip_ds6_nbr_lladdr_from_ipaddr
                0x000000000001cbe6                uip_ds6_link_callback
 .text          0x000000000001cbf6      0x810 build/cooja/mtype165.a(uip-nd6.o)
                0x000000000001d3db                uip_nd6_init
 .text          0x000000000001d406     0x33b0 build/cooja/mtype165.a(sicslowpan.o)
                0x000000000001db04                netstack_sniffer_add
                0x000000000001db1d                netstack_sniffer_remove
                0x0000000000020775                sicslowpan_init
                0x00000000000207a1                sicslowpan_get_last_rssi
 .text          0x00000000000207b6      0x51a build/cooja/mtype165.a(uiplib.o)
                0x00000000000207b6                uiplib_ip6addrconv
                0x000000000002097c                uiplib_ip4addrconv
                0x0000000000020a49                uiplib_ipaddr_print
                0x0000000000020aad                uiplib_ipaddr_snprint
 .text          0x0000000000020cd0      0x610 build/cooja/mtype165.a(rpl.o)
                0x0000000000020cd0                rpl_lollipop_greater_than
                0x0000000000020d33                rpl_get_global_address
                0x0000000000020e69                rpl_link_callback
                0x0000000000020ecc                rpl_has_joined
                0x0000000000020f02                rpl_is_reachable
                0x0000000000020fa5                rpl_reset_prefix
                0x0000000000021021                rpl_set_prefix_from_addr
                0x0000000000021133                rpl_set_prefix
                0x00000000000212a7                rpl_set_leaf_only
                0x00000000000212ca                rpl_get_leaf_only
 .text          0x00000000000212e0     0x1491 build/cooja/mtype165.a(rpl-icmp6.o)
                0x000000000002143d                rpl_icmp6_update_nbr_table
                0x00000000000214ef                rpl_icmp6_dis_output
                0x0000000000021b04                rpl_icmp6_dio_output
                0x000000000002235d                rpl_icmp6_dao_output
                0x000000000002268a                rpl_icmp6_dao_ack_output
                0x0000000000022711                rpl_icmp6_init
 .text          0x0000000000022771      0x2e4 build/cooja/mtype165.a(rpl-dag-root.o)
                0x0000000000022771                rpl_dag_root_print_links
                0x00000000000228ca                rpl_dag_root_set_prefix
                0x0000000000022905                rpl_dag_root_start
                0x0000000000022a13                rpl_dag_root_is_root
 .text          0x0000000000022a55       0x6b build/cooja/mtype165.a(watchdog.o)
                0x0000000000022a55                watchdog_init
                0x0000000000022a65                watchdog_start
                0x0000000000022a75                watchdog_periodic
                0x0000000000022aa0                watchdog_stop
                0x0000000000022ab0                watchdog_reboot
 .text          0x0000000000022ac0       0x75 build/cooja/mtype165.a(int-master.o)
                0x0000000000022ac0                int_master_enable
                0x0000000000022ada                int_master_read_and_disable
                0x0000000000022b02                int_master_status_set
                0x0000000000022b1b                int_master_is_enabled
 .text          0x0000000000022b35      0x2bc build/cooja/mtype165.a(coap-timer-defa)
 .text          0x0000000000022df1      0x11d build/cooja/mtype165.a(stimer.o)
                0x0000000000022df1                stimer_set
                0x0000000000022e20                stimer_reset
                0x0000000000022e57                stimer_restart
                0x0000000000022e7d                stimer_expired
                0x0000000000022eb9                stimer_remaining
                0x0000000000022ee5                stimer_elapsed
 .text          0x0000000000022f0e      0x188 build/cooja/mtype165.a(ringbuf.o)
                0x0000000000022f0e                ringbuf_init
                0x0000000000022f4a                ringbuf_put
                0x0000000000022fd2                ringbuf_get
                0x0000000000023049                ringbuf_size
                0x0000000000023065                ringbuf_elements
 .text          0x0000000000023096       0x31 build/cooja/mtype165.a(assert.o)
                0x0000000000023096                _xassert
 .text          0x00000000000230c7      0xb68 build/cooja/mtype165.a(nbr-table.o)
                0x0000000000023469                nbr_table_count_entries
                0x0000000000023516                nbr_table_gc_get_worst
                0x0000000000023556                nbr_table_can_accept_new
                0x00000000000236df                nbr_table_entry_is_allowed
                0x000000000002377f                nbr_table_register
                0x00000000000237fd                nbr_table_is_registered
                0x0000000000023842                nbr_table_head
                0x00000000000238af                nbr_table_next
                0x0000000000023921                nbr_table_add_lladdr
                0x0000000000023a70                nbr_table_get_from_lladdr
                0x0000000000023acd                nbr_table_remove
                0x0000000000023b18                nbr_table_lock
                0x0000000000023b3e                nbr_table_unlock
                0x0000000000023b64                nbr_table_get_lladdr
                0x0000000000023b9a                nbr_table_clear
                0x0000000000023bdf                nbr_table_key_head
                0x0000000000023c09                nbr_table_key_next
 .text          0x0000000000023c2f      0x450 build/cooja/mtype165.a(link-stats.o)
                0x0000000000023c2f                link_stats_from_lladdr
                0x0000000000023c5c                link_stats_get_lladdr
                0x0000000000023c89                link_stats_is_fresh
                0x0000000000023cd6                guess_etx_from_rssi
                0x0000000000023d5c                link_stats_packet_sent
                0x0000000000023ea0                link_stats_input_callback
                0x0000000000023fd4                link_stats_reset
                0x0000000000024036                link_stats_init
 .text          0x000000000002407f      0x1a8 build/cooja/mtype165.a(mac-sequence.o)
                0x000000000002407f                mac_sequence_is_duplicate
                0x000000000002413f                mac_sequence_register_seqno
 .text          0x0000000000024227       0x2d build/cooja/mtype165.a(mac.o)
                0x0000000000024227                mac_call_sent_callback
 .text          0x0000000000024254      0x477 build/cooja/mtype165.a(framer-802154.o)
                0x00000000000243f7                framer_802154_setup_params
 .text          0x00000000000246cb      0xc1a build/cooja/mtype165.a(frame802154.o)
                0x0000000000024706                frame802154_get_pan_id
                0x000000000002471c                frame802154_set_pan_id
                0x0000000000024741                frame802154_has_panid
                0x00000000000248fa                frame802154_check_dest_panid
                0x000000000002498c                frame802154_is_broadcast_addr
                0x00000000000249e3                frame802154_extract_linkaddr
                0x0000000000024c6c                frame802154_hdrlen
                0x0000000000024ce9                frame802154_create_fcf
                0x0000000000024dab                frame802154_create
                0x0000000000024f36                frame802154_parse_fcf
                0x0000000000025022                frame802154_parse
 .text          0x00000000000252e5       0x4e build/cooja/mtype165.a(csma-security.o)
                0x00000000000252e5                csma_security_create_frame
                0x0000000000025316                csma_security_parse_frame
 .text          0x0000000000025333      0x5d3 build/cooja/mtype165.a(uipbuf.o)
                0x0000000000025333                uipbuf_clear
                0x000000000002536a                uipbuf_add_ext_hdr
                0x0000000000025405                uipbuf_set_len
                0x000000000002543f                uipbuf_set_len_field
                0x0000000000025475                uipbuf_get_len_field
                0x000000000002549f                uipbuf_get_next_header
                0x00000000000255f0                uipbuf_get_last_header
                0x0000000000025673                uipbuf_search_header
                0x0000000000025737                uipbuf_get_attr
                0x0000000000025768                uipbuf_set_attr
                0x00000000000257a9                uipbuf_set_default_attr
                0x00000000000257ea                uipbuf_clear_attr
                0x000000000002582a                uipbuf_set_attr_flag
                0x0000000000025856                uipbuf_clr_attr_flag
                0x0000000000025888                uipbuf_is_attr_flag
                0x00000000000258b6                uipbuf_init
 .text          0x0000000000025906      0x8b7 build/cooja/mtype165.a(uip-icmp6.o)
                0x000000000002598b                uip_icmp6_input
                0x00000000000259ec                uip_icmp6_register_input_handler
                0x0000000000025ba0                uip_icmp6_error_output
                0x0000000000025ee2                uip_icmp6_send
                0x0000000000026110                uip_icmp6_echo_reply_callback_add
                0x0000000000026153                uip_icmp6_echo_reply_callback_rm
                0x0000000000026181                uip_icmp6_init
 .text          0x00000000000261bd      0x772 build/cooja/mtype165.a(uip-sr.o)
                0x00000000000261bd                uip_sr_num_nodes
                0x0000000000026269                uip_sr_get_node
                0x00000000000262d0                uip_sr_is_addr_reachable
                0x000000000002638d                uip_sr_expire_parent
                0x00000000000263e0                uip_sr_update_node
                0x0000000000026524                uip_sr_init
                0x000000000002656a                uip_sr_node_head
                0x0000000000026594                uip_sr_node_next
                0x00000000000265ba                uip_sr_periodic
                0x00000000000266d6                uip_sr_free_all
                0x000000000002675b                uip_sr_link_snprint
 .text          0x000000000002692f      0x1a5 build/cooja/mtype165.a(uip-packetqueue)
                0x000000000002696f                uip_packetqueue_new
                0x0000000000026988                uip_packetqueue_alloc
                0x00000000000269f7                uip_packetqueue_free
                0x0000000000026a4f                uip_packetqueue_buf
                0x0000000000026a76                uip_packetqueue_buflen
                0x0000000000026aa1                uip_packetqueue_set_buflen
 .text          0x0000000000026ad4       0x8d build/cooja/mtype165.a(rpl-nbr-policy.)
                0x0000000000026b20                rpl_nbr_gc_get_worst
 .text          0x0000000000026b61      0xaad build/cooja/mtype165.a(rpl-neighbor.o)
                0x0000000000026bfd                rpl_neighbor_snprint
                0x0000000000026ee5                rpl_neighbor_print_list
                0x0000000000026fb8                rpl_neighbor_count
                0x000000000002709b                rpl_neighbor_get_from_lladdr
                0x00000000000270c8                rpl_neighbor_is_acceptable_parent
                0x000000000002710e                rpl_neighbor_get_link_metric
                0x0000000000027154                rpl_neighbor_rank_via_nbr
                0x000000000002719a                rpl_neighbor_get_lladdr
                0x00000000000271c7                rpl_neighbor_get_ipaddr
                0x00000000000271fd                rpl_neighbor_get_link_stats
                0x0000000000027233                rpl_neighbor_is_fresh
                0x0000000000027269                rpl_neighbor_is_parent
                0x00000000000272a0                rpl_neighbor_set_preferred_parent
                0x000000000002735a                rpl_neighbor_remove_all
                0x00000000000273c7                rpl_neighbor_get_from_ipaddr
                0x0000000000027501                rpl_neighbor_select_best
                0x00000000000275dc                rpl_neighbor_init
 .text          0x000000000002760e     0x11f4 build/cooja/mtype165.a(rpl-dag.o)
                0x000000000002760e                rpl_dag_state_to_str
                0x000000000002765c                rpl_dag_get_root_ipaddr
                0x00000000000276ac                rpl_dag_leave
                0x0000000000027762                rpl_dag_poison_and_leave
                0x000000000002778e                rpl_dag_periodic
                0x0000000000027853                rpl_is_addr_in_our_dag
                0x00000000000278b2                rpl_get_default_instance
                0x00000000000278dc                rpl_get_any_dag
                0x0000000000027952                rpl_refresh_routes
                0x00000000000279b5                rpl_global_repair
                0x0000000000027a86                rpl_local_repair
                0x0000000000027aeb                rpl_dag_ready_to_advertise
                0x0000000000027b44                rpl_dag_update_state
                0x00000000000283c0                rpl_process_dio
                0x000000000002845b                rpl_process_dis
                0x00000000000284b1                rpl_process_dao
                0x0000000000028552                rpl_process_dao_ack
                0x000000000002860e                rpl_process_hbh
                0x000000000002866e                rpl_dag_init_root
                0x00000000000287d0                rpl_dag_init
 .text          0x0000000000028802      0xd8d build/cooja/mtype165.a(rpl-timers.o)
                0x0000000000028802                rpl_timers_schedule_periodic_dis
                0x00000000000289ac                rpl_timers_dio_reset
                0x0000000000028b24                rpl_timers_schedule_unicast_dio
                0x0000000000028cf7                rpl_timers_schedule_dao
                0x0000000000028dfd                rpl_timers_schedule_dao_ack
                0x0000000000028ecc                rpl_timers_notify_dao_ack
                0x0000000000028f52                get_probing_delay
                0x0000000000028f97                get_probing_target
                0x00000000000291cc                rpl_schedule_probing
                0x0000000000029218                rpl_schedule_probing_now
                0x00000000000292b2                rpl_timers_unschedule_leaving
                0x000000000002930c                rpl_timers_schedule_leaving
                0x0000000000029371                rpl_timers_init
                0x0000000000029433                rpl_timers_stop_dag_timers
                0x00000000000294f0                rpl_timers_unschedule_state_update
                0x000000000002952c                rpl_timers_schedule_state_update
 .text          0x000000000002958f      0xd42 build/cooja/mtype165.a(rpl-ext-header.)
                0x000000000002958f                rpl_ext_header_srh_get_next_hop
                0x000000000002969a                rpl_ext_header_srh_update
                0x0000000000029ccc                rpl_ext_header_hbh_update
                0x000000000002a04b                rpl_ext_header_update
                0x000000000002a0fa                rpl_ext_header_remove
 .text          0x000000000002a2d1      0x39b build/cooja/mtype165.a(rpl-mrhof.o)
 *fill*         0x000000000002a66c        0x4 
 .text          0x000000000002a670      0x116 /usr/lib/gcc/i686-linux-gnu/7/libgcc.a(_udivdi3.o)
                0x000000000002a670                __udivdi3
 *fill*         0x000000000002a786        0xa 
 .text          0x000000000002a790       0x14 /usr/lib/i386-linux-gnu/libc_nonshared.a(stack_chk_fail_local.oS)
                0x000000000002a790                __stack_chk_fail_local
 .text          0x000000000002a7a4        0x0 /usr/lib/gcc/i686-linux-gnu/7/crtendS.o
 .text          0x000000000002a7a4        0x0 /usr/lib/gcc/i686-linux-gnu/7/../../../i386-linux-gnu/crtn.o
 *(.gnu.warning)

.fini           0x000000000002a7a4       0x14
 *(SORT_NONE(.fini))
 .fini          0x000000000002a7a4        0xf /usr/lib/gcc/i686-linux-gnu/7/../../../i386-linux-gnu/crti.o
                0x000000000002a7a4                _fini
 .fini          0x000000000002a7b3        0x5 /usr/lib/gcc/i686-linux-gnu/7/../../../i386-linux-gnu/crtn.o
                [!provide]                        PROVIDE (__etext = .)
                [!provide]                        PROVIDE (_etext = .)
                [!provide]                        PROVIDE (etext = .)

.rodata         0x000000000002a7b8      0xa6f
 *(.rodata .rodata.* .gnu.linkonce.r.*)
 .rodata        0x000000000002a7b8      0x16b fire_detector_server.o
 *fill*         0x000000000002a923        0x1 
 .rodata        0x000000000002a924        0x6 build/cooja/mtype165.a(leds-arch.o)
                0x000000000002a924                leds_arch_leds
 .rodata        0x000000000002a92a        0x4 build/cooja/mtype165.a(pir-sensor.o)
 .rodata        0x000000000002a92e        0x6 build/cooja/mtype165.a(rs232.o)
 .rodata        0x000000000002a934        0xa build/cooja/mtype165.a(vib-sensor.o)
 *fill*         0x000000000002a93e        0x2 
 .rodata        0x000000000002a940       0x27 build/cooja/mtype165.a(cfs-cooja.o)
 *fill*         0x000000000002a967        0x1 
 .rodata        0x000000000002a968       0x68 build/cooja/mtype165.a(cooja-radio.o)
 .rodata        0x000000000002a9d0        0x8 build/cooja/mtype165.a(sensors.o)
 .rodata        0x000000000002a9d8       0x14 build/cooja/mtype165.a(buttons.o)
                0x000000000002a9e4                button_hal_button_count
 .rodata        0x000000000002a9ec      0x10c build/cooja/mtype165.a(fire_detector.o)
 .rodata        0x000000000002aaf8       0x41 build/cooja/mtype165.a(coap-engine.o)
 .rodata        0x000000000002ab39       0x19 build/cooja/mtype165.a(coap-res-well-k)
 .rodata        0x000000000002ab52       0x11 build/cooja/mtype165.a(coap-observe.o)
 .rodata        0x000000000002ab63       0x35 build/cooja/mtype165.a(coap-uip.o)
 .rodata        0x000000000002ab98      0x1ac build/cooja/mtype165.a(coap.o)
 .rodata        0x000000000002ad44       0xf4 build/cooja/mtype165.a(contiki-main.o)
 .rodata        0x000000000002ae38        0xf build/cooja/mtype165.a(ctimer.o)
 *fill*         0x000000000002ae47        0x1 
 .rodata        0x000000000002ae48       0xc4 build/cooja/mtype165.a(log.o)
 .rodata        0x000000000002af0c        0xc build/cooja/mtype165.a(etimer.o)
 .rodata        0x000000000002af18       0x13 build/cooja/mtype165.a(button-hal.o)
 .rodata        0x000000000002af2b        0xe build/cooja/mtype165.a(serial-line.o)
 *fill*         0x000000000002af39        0x3 
 .rodata        0x000000000002af3c        0x8 build/cooja/mtype165.a(linkaddr.o)
                0x000000000002af3c                linkaddr_null
 .rodata        0x000000000002af44        0x5 build/cooja/mtype165.a(csma.o)
 *fill*         0x000000000002af49        0x3 
 .rodata        0x000000000002af4c       0x27 build/cooja/mtype165.a(csma-output.o)
 *fill*         0x000000000002af73        0x1 
 .rodata        0x000000000002af74       0x4d build/cooja/mtype165.a(uip-ds6-route.o)
 .rodata        0x000000000002afc1        0xd build/cooja/mtype165.a(tcpip.o)
 *fill*         0x000000000002afce        0x2 
 .rodata        0x000000000002afd0       0x48 build/cooja/mtype165.a(uip6.o)
 .rodata        0x000000000002b018       0x1f build/cooja/mtype165.a(sicslowpan.o)
                0x000000000002b018                unc_llconf
                0x000000000002b01c                unc_ctxconf
                0x000000000002b020                unc_mxconf
                0x000000000002b024                llprefix
 .rodata        0x000000000002b037       0x2d build/cooja/mtype165.a(uiplib.o)
 .rodata        0x000000000002b064        0x9 build/cooja/mtype165.a(rpl.o)
 .rodata        0x000000000002b06d       0x13 build/cooja/mtype165.a(coap-timer-defa)
 .rodata        0x000000000002b080       0x25 build/cooja/mtype165.a(assert.o)
 .rodata        0x000000000002b0a5       0x44 build/cooja/mtype165.a(uip-sr.o)
 *fill*         0x000000000002b0e9        0x3 
 .rodata        0x000000000002b0ec       0x58 build/cooja/mtype165.a(rpl-neighbor.o)
 .rodata        0x000000000002b144       0xd7 build/cooja/mtype165.a(rpl-dag.o)
 .rodata        0x000000000002b21b        0xc build/cooja/mtype165.a(rpl-timers.o)

.rodata1
 *(.rodata1)

.eh_frame_hdr   0x000000000002b228     0x1acc
 *(.eh_frame_hdr)
 .eh_frame_hdr  0x000000000002b228     0x1acc fire_detector_server.o
                0x000000000002b228                __GNU_EH_FRAME_HDR
 *(.eh_frame_entry .eh_frame_entry.*)

.eh_frame       0x000000000002ccf4     0x7408
 *(.eh_frame)
 .eh_frame      0x000000000002ccf4       0x3c /usr/lib/gcc/i686-linux-gnu/7/../../../i386-linux-gnu/crti.o
                                         0x40 (size before relaxing)
 .eh_frame      0x000000000002cd30       0x14 /usr/lib/gcc/i686-linux-gnu/7/../../../i386-linux-gnu/crti.o
                                         0x2c (size before relaxing)
 .eh_frame      0x000000000002cd44       0x6c fire_detector_server.o
                                         0x98 (size before relaxing)
 .eh_frame      0x000000000002cdb0      0x1ac build/cooja/mtype165.o
                                        0x1ec (size before relaxing)
 .eh_frame      0x000000000002cf5c       0x48 build/cooja/mtype165.a(simEnvChange.o)
                                         0x74 (size before relaxing)
 .eh_frame      0x000000000002cfa4       0x6c build/cooja/mtype165.a(cooja_mt.o)
                                         0x98 (size before relaxing)
 .eh_frame      0x000000000002d010       0x88 build/cooja/mtype165.a(cooja_mtarch.o)
                                         0xc8 (size before relaxing)
 .eh_frame      0x000000000002d098       0xe4 build/cooja/mtype165.a(rtimer-arch.o)
                                        0x110 (size before relaxing)
 .eh_frame      0x000000000002d17c      0x160 build/cooja/mtype165.a(beep.o)
                                        0x18c (size before relaxing)
 .eh_frame      0x000000000002d2dc       0x88 build/cooja/mtype165.a(leds-arch.o)
                                         0xc8 (size before relaxing)
 .eh_frame      0x000000000002d364       0x44 build/cooja/mtype165.a(moteid.o)
                                         0x70 (size before relaxing)
 .eh_frame      0x000000000002d3a8       0xa4 build/cooja/mtype165.a(pir-sensor.o)
                                         0xe4 (size before relaxing)
 .eh_frame      0x000000000002d44c      0x110 build/cooja/mtype165.a(rs232.o)
                                        0x150 (size before relaxing)
 .eh_frame      0x000000000002d55c       0xa4 build/cooja/mtype165.a(vib-sensor.o)
                                         0xe4 (size before relaxing)
 .eh_frame      0x000000000002d600       0xc0 build/cooja/mtype165.a(clock.o)
                                         0xec (size before relaxing)
 .eh_frame      0x000000000002d6c0      0x130 build/cooja/mtype165.a(cooja-log.o)
                                        0x170 (size before relaxing)
 .eh_frame      0x000000000002d7f0      0x16c build/cooja/mtype165.a(cfs-cooja.o)
                                        0x1ac (size before relaxing)
 .eh_frame      0x000000000002d95c      0x374 build/cooja/mtype165.a(cooja-radio.o)
                                        0x3b4 (size before relaxing)
 .eh_frame      0x000000000002dcd0       0xa8 build/cooja/mtype165.a(eeprom.o)
                                         0xe8 (size before relaxing)
 .eh_frame      0x000000000002dd78       0x48 build/cooja/mtype165.a(random.o)
                                         0x74 (size before relaxing)
 .eh_frame      0x000000000002ddc0       0xd0 build/cooja/mtype165.a(sensors.o)
                                        0x110 (size before relaxing)
 .eh_frame      0x000000000002de90      0x140 build/cooja/mtype165.a(leds.o)
                                        0x180 (size before relaxing)
 .eh_frame      0x000000000002dfd0      0x228 build/cooja/mtype165.a(gpio-hal-arch.o)
                                        0x27c (size before relaxing)
 .eh_frame      0x000000000002e1f8       0xa4 build/cooja/mtype165.a(buttons.o)
                                         0xe4 (size before relaxing)
 .eh_frame      0x000000000002e29c       0x90 build/cooja/mtype165.a(fire_detector.o)
                                         0xbc (size before relaxing)
 .eh_frame      0x000000000002e32c       0x48 build/cooja/mtype165.a(coap-blocking-a)
                                         0x88 (size before relaxing)
 .eh_frame      0x000000000002e374      0x24c build/cooja/mtype165.a(coap-engine.o)
                                        0x28c (size before relaxing)
 .eh_frame      0x000000000002e5c0       0x2c build/cooja/mtype165.a(coap-res-well-k)
                                         0x58 (size before relaxing)
 .eh_frame      0x000000000002e5ec      0x1b4 build/cooja/mtype165.a(coap-observe.o)
                                        0x1f4 (size before relaxing)
 .eh_frame      0x000000000002e7a0      0x278 build/cooja/mtype165.a(coap-uip.o)
                                        0x2b8 (size before relaxing)
 .eh_frame      0x000000000002ea18      0x128 build/cooja/mtype165.a(coap-timer.o)
                                        0x168 (size before relaxing)
 .eh_frame      0x000000000002eb40      0x110 build/cooja/mtype165.a(coap-transactio)
                                        0x150 (size before relaxing)
 .eh_frame      0x000000000002ec50      0x72c build/cooja/mtype165.a(coap.o)
                                        0x76c (size before relaxing)
 .eh_frame      0x000000000002f37c       0x38 build/cooja/mtype165.a(contiki-main.o)
                                         0x64 (size before relaxing)
 .eh_frame      0x000000000002f3b4       0x48 build/cooja/mtype165.a(autostart.o)
                                         0x74 (size before relaxing)
 .eh_frame      0x000000000002f3fc      0x11c build/cooja/mtype165.a(ctimer.o)
                                        0x15c (size before relaxing)
 .eh_frame      0x000000000002f518      0x144 build/cooja/mtype165.a(log.o)
                                        0x184 (size before relaxing)
 .eh_frame      0x000000000002f65c       0x60 build/cooja/mtype165.a(energest.o)
                                         0x8c (size before relaxing)
 .eh_frame      0x000000000002f6bc      0x204 build/cooja/mtype165.a(etimer.o)
                                        0x244 (size before relaxing)
 .eh_frame      0x000000000002f8c0       0x20 build/cooja/mtype165.a(node-id.o)
                                         0x4c (size before relaxing)
 .eh_frame      0x000000000002f8e0       0x6c build/cooja/mtype165.a(rtimer.o)
                                         0xc0 (size before relaxing)
 .eh_frame      0x000000000002f94c      0x1ec build/cooja/mtype165.a(process.o)
                                        0x22c (size before relaxing)
 .eh_frame      0x000000000002fb38       0xb4 build/cooja/mtype165.a(timer.o)
                                         0xe0 (size before relaxing)
 .eh_frame      0x000000000002fbec      0x1a0 build/cooja/mtype165.a(list.o)
                                        0x1cc (size before relaxing)
 .eh_frame      0x000000000002fd8c       0xa4 build/cooja/mtype165.a(memb.o)
                                         0xe4 (size before relaxing)
 .eh_frame      0x000000000002fe30      0x188 build/cooja/mtype165.a(button-hal.o)
                                        0x1c8 (size before relaxing)
 .eh_frame      0x000000000002ffb8       0x6c build/cooja/mtype165.a(serial-line.o)
                                         0x98 (size before relaxing)
 .eh_frame      0x0000000000030024       0xfc build/cooja/mtype165.a(gpio-hal.o)
                                        0x13c (size before relaxing)
 .eh_frame      0x0000000000030120      0x1c0 build/cooja/mtype165.a(queuebuf.o)
                                        0x200 (size before relaxing)
 .eh_frame      0x00000000000302e0      0x2b0 build/cooja/mtype165.a(packetbuf.o)
                                        0x2f0 (size before relaxing)
 .eh_frame      0x0000000000030590       0x90 build/cooja/mtype165.a(netstack.o)
                                         0xd0 (size before relaxing)
 .eh_frame      0x0000000000030620       0x64 build/cooja/mtype165.a(linkaddr.o)
                                         0x90 (size before relaxing)
 .eh_frame      0x0000000000030684       0xf0 build/cooja/mtype165.a(csma.o)
                                        0x130 (size before relaxing)
 .eh_frame      0x0000000000030774      0x1f8 build/cooja/mtype165.a(csma-output.o)
                                        0x238 (size before relaxing)
 .eh_frame      0x000000000003096c      0x364 build/cooja/mtype165.a(uip-ds6.o)
                                        0x3a4 (size before relaxing)
 .eh_frame      0x0000000000030cd0       0x44 build/cooja/mtype165.a(uip-udp-packet.)
                                         0x84 (size before relaxing)
 .eh_frame      0x0000000000030d14      0x260 build/cooja/mtype165.a(uip-ds6-route.o)
                                        0x2a0 (size before relaxing)
 .eh_frame      0x0000000000030f74      0x34c build/cooja/mtype165.a(tcpip.o)
                                        0x38c (size before relaxing)
 .eh_frame      0x00000000000312c0      0x2e8 build/cooja/mtype165.a(uip6.o)
                                        0x33c (size before relaxing)
 .eh_frame      0x00000000000315a8      0x1e8 build/cooja/mtype165.a(uip-ds6-nbr.o)
                                        0x228 (size before relaxing)
 .eh_frame      0x0000000000031790       0x8c build/cooja/mtype165.a(uip-nd6.o)
                                         0xe0 (size before relaxing)
 .eh_frame      0x000000000003181c      0x354 build/cooja/mtype165.a(sicslowpan.o)
                                        0x3a8 (size before relaxing)
 .eh_frame      0x0000000000031b70       0x9c build/cooja/mtype165.a(uiplib.o)
                                         0xdc (size before relaxing)
 .eh_frame      0x0000000000031c0c      0x1fc build/cooja/mtype165.a(rpl.o)
                                        0x23c (size before relaxing)
 .eh_frame      0x0000000000031e08      0x1f0 build/cooja/mtype165.a(rpl-icmp6.o)
                                        0x230 (size before relaxing)
 .eh_frame      0x0000000000031ff8       0xb0 build/cooja/mtype165.a(rpl-dag-root.o)
                                         0xf0 (size before relaxing)
 .eh_frame      0x00000000000320a8       0xa4 build/cooja/mtype165.a(watchdog.o)
                                         0xd0 (size before relaxing)
 .eh_frame      0x000000000003214c       0x80 build/cooja/mtype165.a(int-master.o)
                                         0xac (size before relaxing)
 .eh_frame      0x00000000000321cc       0xc4 build/cooja/mtype165.a(coap-timer-defa)
                                        0x104 (size before relaxing)
 .eh_frame      0x0000000000032290       0xd8 build/cooja/mtype165.a(stimer.o)
                                        0x104 (size before relaxing)
 .eh_frame      0x0000000000032368       0xa0 build/cooja/mtype165.a(ringbuf.o)
                                         0xcc (size before relaxing)
 .eh_frame      0x0000000000032408       0x24 build/cooja/mtype165.a(assert.o)
                                         0x50 (size before relaxing)
 .eh_frame      0x000000000003242c      0x428 build/cooja/mtype165.a(nbr-table.o)
                                        0x468 (size before relaxing)
 .eh_frame      0x0000000000032854      0x140 build/cooja/mtype165.a(link-stats.o)
                                        0x180 (size before relaxing)
 .eh_frame      0x0000000000032994       0x50 build/cooja/mtype165.a(mac-sequence.o)
                                         0x7c (size before relaxing)
 .eh_frame      0x00000000000329e4       0x20 build/cooja/mtype165.a(mac.o)
                                         0x4c (size before relaxing)
 .eh_frame      0x0000000000032a04       0xb4 build/cooja/mtype165.a(framer-802154.o)
                                         0xf4 (size before relaxing)
 .eh_frame      0x0000000000032ab8      0x1b0 build/cooja/mtype165.a(frame802154.o)
                                        0x1f0 (size before relaxing)
 .eh_frame      0x0000000000032c68       0x44 build/cooja/mtype165.a(csma-security.o)
                                         0x84 (size before relaxing)
 .eh_frame      0x0000000000032cac      0x204 build/cooja/mtype165.a(uipbuf.o)
                                        0x230 (size before relaxing)
 .eh_frame      0x0000000000032eb0      0x170 build/cooja/mtype165.a(uip-icmp6.o)
                                        0x1b0 (size before relaxing)
 .eh_frame      0x0000000000033020      0x1ac build/cooja/mtype165.a(uip-sr.o)
                                        0x1ec (size before relaxing)
 .eh_frame      0x00000000000331cc       0xec build/cooja/mtype165.a(uip-packetqueue)
                                        0x12c (size before relaxing)
 .eh_frame      0x00000000000332b8       0x48 build/cooja/mtype165.a(rpl-nbr-policy.)
                                         0x88 (size before relaxing)
 .eh_frame      0x0000000000033300      0x2ec build/cooja/mtype165.a(rpl-neighbor.o)
                                        0x340 (size before relaxing)
 .eh_frame      0x00000000000335ec      0x3c0 build/cooja/mtype165.a(rpl-dag.o)
                                        0x414 (size before relaxing)
 .eh_frame      0x00000000000339ac      0x418 build/cooja/mtype165.a(rpl-timers.o)
                                        0x458 (size before relaxing)
 .eh_frame      0x0000000000033dc4      0x144 build/cooja/mtype165.a(rpl-ext-header.)
                                        0x184 (size before relaxing)
 .eh_frame      0x0000000000033f08      0x150 build/cooja/mtype165.a(rpl-mrhof.o)
                                        0x190 (size before relaxing)
 .eh_frame      0x0000000000034058       0x84 /usr/lib/gcc/i686-linux-gnu/7/libgcc.a(_udivdi3.o)
                                         0x9c (size before relaxing)
 .eh_frame      0x00000000000340dc       0x1c /usr/lib/i386-linux-gnu/libc_nonshared.a(stack_chk_fail_local.oS)
                                         0x48 (size before relaxing)
 .eh_frame      0x00000000000340f8        0x4 /usr/lib/gcc/i686-linux-gnu/7/crtendS.o
 *(.eh_frame.*)

.gcc_except_table
 *(.gcc_except_table .gcc_except_table.*)

.gnu_extab
 *(.gnu_extab*)

.exception_ranges
 *(.exception_ranges .exception_ranges*)
                0x0000000000035bf8                . = DATA_SEGMENT_ALIGN (CONSTANT (MAXPAGESIZE), CONSTANT (COMMONPAGESIZE))

.eh_frame
 *(.eh_frame)
 *(.eh_frame.*)

.gnu_extab
 *(.gnu_extab)

.gcc_except_table
 *(.gcc_except_table .gcc_except_table.*)

.exception_ranges
 *(.exception_ranges .exception_ranges*)

.tdata
 *(.tdata .tdata.* .gnu.linkonce.td.*)

.tbss
 *(.tbss .tbss.* .gnu.linkonce.tb.*)
 *(.tcommon)

.preinit_array
 *(.preinit_array)

.init_array     0x0000000000035bf8        0x4
 *(SORT_BY_INIT_PRIORITY(.init_array.*) SORT_BY_INIT_PRIORITY(.ctors.*))
 *(.init_array EXCLUDE_FILE(*crtend?.o *crtend.o *crtbegin?.o *crtbegin.o) .ctors)
 .init_array    0x0000000000035bf8        0x4 /usr/lib/gcc/i686-linux-gnu/7/crtbeginS.o

.fini_array     0x0000000000035bfc        0x4
 *(SORT_BY_INIT_PRIORITY(.fini_array.*) SORT_BY_INIT_PRIORITY(.dtors.*))
 *(.fini_array EXCLUDE_FILE(*crtend?.o *crtend.o *crtbegin?.o *crtbegin.o) .dtors)
 .fini_array    0x0000000000035bfc        0x4 /usr/lib/gcc/i686-linux-gnu/7/crtbeginS.o

.ctors
 *crtbegin.o(.ctors)
 *crtbegin?.o(.ctors)
 *(EXCLUDE_FILE(*crtend?.o *crtend.o) .ctors)
 *(SORT_BY_NAME(.ctors.*))
 *(.ctors)

.dtors
 *crtbegin.o(.dtors)
 *crtbegin?.o(.dtors)
 *(EXCLUDE_FILE(*crtend?.o *crtend.o) .dtors)
 *(SORT_BY_NAME(.dtors.*))
 *(.dtors)

.jcr
 *(.jcr)

.data.rel.ro    0x0000000000035c00      0x198
 *(.data.rel.ro.local* .gnu.linkonce.d.rel.ro.local.*)
 .data.rel.ro.local
                0x0000000000035c00        0x8 fire_detector_server.o
                0x0000000000035c00                autostart_processes
 .data.rel.ro.local
                0x0000000000035c08        0x8 build/cooja/mtype165.a(beep.o)
                0x0000000000035c08                beep_interface
 .data.rel.ro.local
                0x0000000000035c10        0x8 build/cooja/mtype165.a(leds-arch.o)
                0x0000000000035c10                leds_interface
 .data.rel.ro.local
                0x0000000000035c18        0x8 build/cooja/mtype165.a(moteid.o)
                0x0000000000035c18                moteid_interface
 .data.rel.ro.local
                0x0000000000035c20       0x18 build/cooja/mtype165.a(pir-sensor.o)
                0x0000000000035c20                pir_interface
                0x0000000000035c28                pir_sensor
 .data.rel.ro.local
                0x0000000000035c38        0x8 build/cooja/mtype165.a(rs232.o)
                0x0000000000035c38                rs232_interface
 .data.rel.ro.local
                0x0000000000035c40       0x18 build/cooja/mtype165.a(vib-sensor.o)
                0x0000000000035c40                vib_interface
                0x0000000000035c48                vib_sensor
 .data.rel.ro.local
                0x0000000000035c58        0x8 build/cooja/mtype165.a(clock.o)
                0x0000000000035c58                clock_interface
 .data.rel.ro.local
                0x0000000000035c60        0x8 build/cooja/mtype165.a(cooja-log.o)
                0x0000000000035c60                simlog_interface
 .data.rel.ro.local
                0x0000000000035c68        0x8 build/cooja/mtype165.a(cfs-cooja.o)
                0x0000000000035c68                cfs_interface
 *fill*         0x0000000000035c70       0x10 
 .data.rel.ro.local
                0x0000000000035c80       0x58 build/cooja/mtype165.a(cooja-radio.o)
                0x0000000000035c80                radio_interface
                0x0000000000035ca0                cooja_radio_driver
 .data.rel.ro.local
                0x0000000000035cd8        0x8 build/cooja/mtype165.a(eeprom.o)
                0x0000000000035cd8                eeprom_interface
 .data.rel.ro.local
                0x0000000000035ce0       0x18 build/cooja/mtype165.a(buttons.o)
                0x0000000000035ce0                button_interface
                0x0000000000035ce8                button_sensor
 .data.rel.ro.local
                0x0000000000035cf8       0x1c build/cooja/mtype165.a(csma.o)
                0x0000000000035cf8                csma_driver
 .data.rel.ro.local
                0x0000000000035d14       0x10 build/cooja/mtype165.a(sicslowpan.o)
                0x0000000000035d14                sicslowpan_driver
 .data.rel.ro.local
                0x0000000000035d24        0xc build/cooja/mtype165.a(coap-timer-defa)
                0x0000000000035d24                coap_timer_default_driver
 .data.rel.ro.local
                0x0000000000035d30        0xc build/cooja/mtype165.a(framer-802154.o)
                0x0000000000035d30                framer_802154
 *(.data.rel.ro .data.rel.ro.* .gnu.linkonce.d.rel.ro.*)
 .data.rel.ro   0x0000000000035d3c        0x0 /usr/lib/gcc/i686-linux-gnu/7/../../../i386-linux-gnu/crti.o
 *fill*         0x0000000000035d3c        0x4 
 .data.rel.ro   0x0000000000035d40       0x54 build/cooja/mtype165.a(rpl.o)
                0x0000000000035d40                rpl_lite_driver
 .data.rel.ro   0x0000000000035d94        0x4 build/cooja/mtype165.a(rpl-dag.o)

.dynamic        0x0000000000035d98       0xf0
 *(.dynamic)
 .dynamic       0x0000000000035d98       0xf0 /usr/lib/gcc/i686-linux-gnu/7/../../../i386-linux-gnu/crti.o
                0x0000000000035d98                _DYNAMIC

.got            0x0000000000035e88      0x16c
 *(.got)
 .got           0x0000000000035e88      0x16c /usr/lib/gcc/i686-linux-gnu/7/../../../i386-linux-gnu/crti.o
 *(.igot)
                0x0000000000035ff4                . = DATA_SEGMENT_RELRO_END (., (SIZEOF (.got.plt) >= 0xc)?0xc:0x0)

.got.plt        0x0000000000036000      0x578
 *(.got.plt)
 .got.plt       0x0000000000036000      0x578 /usr/lib/gcc/i686-linux-gnu/7/../../../i386-linux-gnu/crti.o
                0x0000000000036000                _GLOBAL_OFFSET_TABLE_
 *(.igot.plt)

.data           0x0000000000036580      0x424
 *(.data .data.* .gnu.linkonce.d.*)
 .data          0x0000000000036580        0x0 /usr/lib/gcc/i686-linux-gnu/7/../../../i386-linux-gnu/crti.o
 .data          0x0000000000036580        0x0 /usr/lib/gcc/i686-linux-gnu/7/crtbeginS.o
 .data.rel.local
                0x0000000000036580        0x4 /usr/lib/gcc/i686-linux-gnu/7/crtbeginS.o
                0x0000000000036580                __dso_handle
 .data          0x0000000000036584        0x0 fire_detector_server.o
 .data.rel.local
                0x0000000000036584       0x14 fire_detector_server.o
                0x0000000000036584                fire_detector_server
                0x0000000000036594                service_url
 .data          0x0000000000036598        0x0 build/cooja/mtype165.o
 *fill*         0x0000000000036598        0x8 
 .data.rel      0x00000000000365a0       0x44 build/cooja/mtype165.o
                0x00000000000365a0                simInterfaces
                0x00000000000365d4                sensors
 .data          0x00000000000365e4        0x0 build/cooja/mtype165.a(simEnvChange.o)
 .data          0x00000000000365e4        0x0 build/cooja/mtype165.a(cooja_mt.o)
 .data          0x00000000000365e4        0x0 build/cooja/mtype165.a(cooja_mtarch.o)
 .data          0x00000000000365e4        0x0 build/cooja/mtype165.a(rtimer-arch.o)
 .data          0x00000000000365e4        0x0 build/cooja/mtype165.a(beep.o)
 .data          0x00000000000365e4        0x0 build/cooja/mtype165.a(leds-arch.o)
 .data          0x00000000000365e4        0x0 build/cooja/mtype165.a(moteid.o)
 .data          0x00000000000365e4        0x0 build/cooja/mtype165.a(pir-sensor.o)
 .data          0x00000000000365e4        0x0 build/cooja/mtype165.a(rs232.o)
 .data          0x00000000000365e4        0x0 build/cooja/mtype165.a(vib-sensor.o)
 .data          0x00000000000365e4        0x0 build/cooja/mtype165.a(clock.o)
 .data          0x00000000000365e4        0x0 build/cooja/mtype165.a(cooja-log.o)
 .data          0x00000000000365e4        0x0 build/cooja/mtype165.a(cfs-cooja.o)
 .data          0x00000000000365e4       0x20 build/cooja/mtype165.a(cooja-radio.o)
                0x00000000000365e4                simRadioHWOn
                0x00000000000365e8                simSignalStrength
                0x00000000000365ec                simLastSignalStrength
                0x00000000000365f0                simPower
                0x00000000000365f4                simRadioChannel
                0x00000000000365f8                simLQI
                0x00000000000365fc                simLastLQI
 .data.rel.local
                0x0000000000036604       0x10 build/cooja/mtype165.a(cooja-radio.o)
                0x0000000000036604                cooja_radio_process
 .data          0x0000000000036614        0x0 build/cooja/mtype165.a(eeprom.o)
 .data          0x0000000000036614        0x0 build/cooja/mtype165.a(random.o)
 .data          0x0000000000036614        0x0 build/cooja/mtype165.a(sensors.o)
 .data.rel.local
                0x0000000000036614       0x10 build/cooja/mtype165.a(sensors.o)
                0x0000000000036614                sensors_process
 .data          0x0000000000036624        0x0 build/cooja/mtype165.a(leds.o)
 .data          0x0000000000036624        0x0 build/cooja/mtype165.a(gpio-hal-arch.o)
 .data          0x0000000000036624        0x1 build/cooja/mtype165.a(buttons.o)
                0x0000000000036624                simButtonIsActive
 *fill*         0x0000000000036625       0x1b 
 .data.rel.local
                0x0000000000036640       0x58 build/cooja/mtype165.a(buttons.o)
                0x0000000000036690                button_hal_buttons
 .data          0x0000000000036698        0x0 build/cooja/mtype165.a(fire_detector.o)
 *fill*         0x0000000000036698        0x8 
 .data.rel.local
                0x00000000000366a0       0x24 build/cooja/mtype165.a(fire_detector.o)
                0x00000000000366a0                fire_detector
 .data          0x00000000000366c4        0x0 build/cooja/mtype165.a(coap-blocking-a)
 .data          0x00000000000366c4        0x0 build/cooja/mtype165.a(coap-engine.o)
 .data.rel.local
                0x00000000000366c4        0x8 build/cooja/mtype165.a(coap-engine.o)
 .data          0x00000000000366cc        0x0 build/cooja/mtype165.a(coap-res-well-k)
 *fill*         0x00000000000366cc       0x14 
 .data.rel.local
                0x00000000000366e0       0x24 build/cooja/mtype165.a(coap-res-well-k)
                0x00000000000366e0                res_well_known_core
 .data          0x0000000000036704        0x0 build/cooja/mtype165.a(coap-observe.o)
 .data.rel.local
                0x0000000000036704       0x10 build/cooja/mtype165.a(coap-observe.o)
 .data          0x0000000000036714        0x0 build/cooja/mtype165.a(coap-uip.o)
 .data.rel.local
                0x0000000000036714       0x10 build/cooja/mtype165.a(coap-uip.o)
                0x0000000000036714                coap_engine
 .data          0x0000000000036724        0x0 build/cooja/mtype165.a(coap-timer.o)
 .data.rel.local
                0x0000000000036724        0x4 build/cooja/mtype165.a(coap-timer.o)
 .data          0x0000000000036728        0x0 build/cooja/mtype165.a(coap-transactio)
 .data.rel.local
                0x0000000000036728       0x10 build/cooja/mtype165.a(coap-transactio)
 .data          0x0000000000036738        0x0 build/cooja/mtype165.a(coap.o)
 .data.rel.local
                0x0000000000036738        0x4 build/cooja/mtype165.a(coap.o)
                0x0000000000036738                coap_error_message
 .data          0x000000000003673c        0x0 build/cooja/mtype165.a(contiki-main.o)
 .data          0x000000000003673c        0x0 build/cooja/mtype165.a(autostart.o)
 .data          0x000000000003673c        0x0 build/cooja/mtype165.a(ctimer.o)
 .data.rel.local
                0x000000000003673c       0x14 build/cooja/mtype165.a(ctimer.o)
                0x0000000000036740                ctimer_process
 .data          0x0000000000036750        0x4 build/cooja/mtype165.a(log.o)
                0x0000000000036750                curr_log_level_main
 *fill*         0x0000000000036754        0xc 
 .data.rel.local
                0x0000000000036760       0x9c build/cooja/mtype165.a(log.o)
                0x0000000000036760                all_modules
 .data          0x00000000000367fc        0x0 build/cooja/mtype165.a(energest.o)
 .data          0x00000000000367fc        0x0 build/cooja/mtype165.a(etimer.o)
 .data.rel.local
                0x00000000000367fc       0x10 build/cooja/mtype165.a(etimer.o)
                0x00000000000367fc                etimer_process
 .data          0x000000000003680c        0x0 build/cooja/mtype165.a(node-id.o)
 .data          0x000000000003680c        0x0 build/cooja/mtype165.a(rtimer.o)
 .data          0x000000000003680c        0x0 build/cooja/mtype165.a(process.o)
 .data          0x000000000003680c        0x0 build/cooja/mtype165.a(timer.o)
 .data          0x000000000003680c        0x0 build/cooja/mtype165.a(list.o)
 .data          0x000000000003680c        0x0 build/cooja/mtype165.a(memb.o)
 .data          0x000000000003680c        0x0 build/cooja/mtype165.a(button-hal.o)
 .data.rel.local
                0x000000000003680c       0x10 build/cooja/mtype165.a(button-hal.o)
                0x000000000003680c                button_hal_process
 .data          0x000000000003681c        0x0 build/cooja/mtype165.a(serial-line.o)
 .data.rel.local
                0x000000000003681c       0x10 build/cooja/mtype165.a(serial-line.o)
                0x000000000003681c                serial_line_process
 .data          0x000000000003682c        0x0 build/cooja/mtype165.a(gpio-hal.o)
 .data.rel.local
                0x000000000003682c        0x4 build/cooja/mtype165.a(gpio-hal.o)
 .data          0x0000000000036830        0x0 build/cooja/mtype165.a(queuebuf.o)
 .data.rel.local
                0x0000000000036830       0x18 build/cooja/mtype165.a(queuebuf.o)
 .data          0x0000000000036848        0x0 build/cooja/mtype165.a(packetbuf.o)
 .data.rel.local
                0x0000000000036848        0x4 build/cooja/mtype165.a(packetbuf.o)
 .data          0x000000000003684c        0x0 build/cooja/mtype165.a(netstack.o)
 .data.rel.local
                0x000000000003684c        0x4 build/cooja/mtype165.a(netstack.o)
 .data          0x0000000000036850        0x0 build/cooja/mtype165.a(linkaddr.o)
 .data          0x0000000000036850        0x0 build/cooja/mtype165.a(csma.o)
 .data          0x0000000000036850        0x0 build/cooja/mtype165.a(csma-output.o)
 .data.rel.local
                0x0000000000036850       0x28 build/cooja/mtype165.a(csma-output.o)
 .data          0x0000000000036878        0x0 build/cooja/mtype165.a(uip-ds6.o)
 .data          0x0000000000036878        0x0 build/cooja/mtype165.a(uip-udp-packet.)
 .data          0x0000000000036878        0x0 build/cooja/mtype165.a(uip-ds6-route.o)
 .data.rel.local
                0x0000000000036878       0x10 build/cooja/mtype165.a(uip-ds6-route.o)
 .data          0x0000000000036888        0x0 build/cooja/mtype165.a(tcpip.o)
 .data.rel.local
                0x0000000000036888       0x10 build/cooja/mtype165.a(tcpip.o)
                0x0000000000036888                tcpip_process
 .data          0x0000000000036898        0x0 build/cooja/mtype165.a(uip6.o)
 .data          0x0000000000036898        0x0 build/cooja/mtype165.a(uip-ds6-nbr.o)
 .data.rel.local
                0x0000000000036898       0x14 build/cooja/mtype165.a(uip-ds6-nbr.o)
 .data          0x00000000000368ac        0x0 build/cooja/mtype165.a(uip-nd6.o)
 .data.rel.local
                0x00000000000368ac        0xc build/cooja/mtype165.a(uip-nd6.o)
 .data          0x00000000000368b8        0x0 build/cooja/mtype165.a(sicslowpan.o)
 .data          0x00000000000368b8        0x0 build/cooja/mtype165.a(uiplib.o)
 .data          0x00000000000368b8        0x0 build/cooja/mtype165.a(rpl.o)
 .data          0x00000000000368b8        0x0 build/cooja/mtype165.a(rpl-icmp6.o)
 .data.rel.local
                0x00000000000368b8       0x30 build/cooja/mtype165.a(rpl-icmp6.o)
 .data          0x00000000000368e8        0x0 build/cooja/mtype165.a(rpl-dag-root.o)
 .data          0x00000000000368e8        0x0 build/cooja/mtype165.a(watchdog.o)
 .data          0x00000000000368e8        0x0 build/cooja/mtype165.a(int-master.o)
 .data          0x00000000000368e8        0x0 build/cooja/mtype165.a(coap-timer-defa)
 .data.rel.local
                0x00000000000368e8       0x10 build/cooja/mtype165.a(coap-timer-defa)
                0x00000000000368e8                coap_timer_process
 .data          0x00000000000368f8        0x0 build/cooja/mtype165.a(stimer.o)
 .data          0x00000000000368f8        0x0 build/cooja/mtype165.a(ringbuf.o)
 .data          0x00000000000368f8        0x0 build/cooja/mtype165.a(assert.o)
 .data          0x00000000000368f8        0x0 build/cooja/mtype165.a(nbr-table.o)
 .data.rel.local
                0x00000000000368f8       0x10 build/cooja/mtype165.a(nbr-table.o)
 .data          0x0000000000036908        0x0 build/cooja/mtype165.a(link-stats.o)
 .data.rel.local
                0x0000000000036908       0x14 build/cooja/mtype165.a(link-stats.o)
 .data          0x000000000003691c        0x0 build/cooja/mtype165.a(mac-sequence.o)
 .data          0x000000000003691c        0x0 build/cooja/mtype165.a(mac.o)
 .data          0x000000000003691c        0x0 build/cooja/mtype165.a(framer-802154.o)
 .data          0x000000000003691c        0x2 build/cooja/mtype165.a(frame802154.o)
 .data          0x000000000003691e        0x0 build/cooja/mtype165.a(csma-security.o)
 .data          0x000000000003691e        0x0 build/cooja/mtype165.a(uipbuf.o)
 .data          0x000000000003691e        0x0 build/cooja/mtype165.a(uip-icmp6.o)
 *fill*         0x000000000003691e        0x2 
 .data.rel.local
                0x0000000000036920       0x20 build/cooja/mtype165.a(uip-icmp6.o)
 .data          0x0000000000036940        0x0 build/cooja/mtype165.a(uip-sr.o)
 .data.rel.local
                0x0000000000036940       0x10 build/cooja/mtype165.a(uip-sr.o)
 .data          0x0000000000036950        0x0 build/cooja/mtype165.a(uip-packetqueue)
 .data.rel.local
                0x0000000000036950        0xc build/cooja/mtype165.a(uip-packetqueue)
 .data          0x000000000003695c        0x0 build/cooja/mtype165.a(rpl-nbr-policy.)
 .data          0x000000000003695c        0x0 build/cooja/mtype165.a(rpl-neighbor.o)
 .data.rel.local
                0x000000000003695c       0x14 build/cooja/mtype165.a(rpl-neighbor.o)
                0x000000000003696c                rpl_neighbors
 .data          0x0000000000036970        0x0 build/cooja/mtype165.a(rpl-dag.o)
 .data          0x0000000000036970        0x0 build/cooja/mtype165.a(rpl-timers.o)
 .data          0x0000000000036970        0x0 build/cooja/mtype165.a(rpl-ext-header.)
 .data          0x0000000000036970        0x0 build/cooja/mtype165.a(rpl-mrhof.o)
 *fill*         0x0000000000036970       0x10 
 .data.rel.local
                0x0000000000036980       0x24 build/cooja/mtype165.a(rpl-mrhof.o)
                0x0000000000036980                rpl_mrhof
 .data          0x00000000000369a4        0x0 /usr/lib/gcc/i686-linux-gnu/7/libgcc.a(_udivdi3.o)
 .data          0x00000000000369a4        0x0 /usr/lib/i386-linux-gnu/libc_nonshared.a(stack_chk_fail_local.oS)
 .data          0x00000000000369a4        0x0 /usr/lib/gcc/i686-linux-gnu/7/crtendS.o
 .data          0x00000000000369a4        0x0 /usr/lib/gcc/i686-linux-gnu/7/../../../i386-linux-gnu/crtn.o

.tm_clone_table
                0x00000000000369a4        0x0
 .tm_clone_table
                0x00000000000369a4        0x0 /usr/lib/gcc/i686-linux-gnu/7/crtbeginS.o
 .tm_clone_table
                0x00000000000369a4        0x0 /usr/lib/gcc/i686-linux-gnu/7/crtendS.o

.data1
 *(.data1)
                0x00000000000369a4                _edata = .
                [!provide]                        PROVIDE (edata = .)
                0x00000000000369a4                . = .
                0x00000000000369a4                __bss_start = .

.bss            0x00000000000369c0    0x143e4
 *(.dynbss)
 .dynbss        0x00000000000369c0        0x0 /usr/lib/gcc/i686-linux-gnu/7/../../../i386-linux-gnu/crti.o
 *(.bss .bss.* .gnu.linkonce.b.*)
 .bss           0x00000000000369c0        0x0 /usr/lib/gcc/i686-linux-gnu/7/../../../i386-linux-gnu/crti.o
 .bss           0x00000000000369c0        0x1 /usr/lib/gcc/i686-linux-gnu/7/crtbeginS.o
 *fill*         0x00000000000369c1       0x1f 
 .bss           0x00000000000369e0      0x14c fire_detector_server.o
 *fill*         0x0000000000036b2c       0x14 
 .bss           0x0000000000036b40     0x2040 build/cooja/mtype165.o
 .bss           0x0000000000038b80        0x1 build/cooja/mtype165.a(simEnvChange.o)
                0x0000000000038b80                simDontFallAsleep
 *fill*         0x0000000000038b81        0x3 