Archive member included to satisfy reference by file (symbol)

build/cooja/mtype35.a(simEnvChange.o)
                              build/cooja/mtype35.o (simDontFallAsleep)
build/cooja/mtype35.a(cooja_mt.o)
                              build/cooja/mtype35.o (cooja_mt_start)
build/cooja/mtype35.a(cooja_mtarch.o)
                              build/cooja/mtype35.a(cooja_mt.o) (cooja_mtarch_start)
build/cooja/mtype35.a(rtimer-arch.o)
                              build/cooja/mtype35.o (rtimer_arch_check)
build/cooja/mtype35.a(beep.o)
                              build/cooja/mtype35.o (beep_interface)
build/cooja/mtype35.a(leds-arch.o)
                              build/cooja/mtype35.o (leds_interface)
build/cooja/mtype35.a(moteid.o)
                              build/cooja/mtype35.o (moteid_interface)
build/cooja/mtype35.a(pir-sensor.o)
                              build/cooja/mtype35.o (pir_interface)
build/cooja/mtype35.a(rs232.o)
                              build/cooja/mtype35.o (rs232_interface)
build/cooja/mtype35.a(vib-sensor.o)
                              build/cooja/mtype35.o (vib_interface)
build/cooja/mtype35.a(clock.o)
                              build/cooja/mtype35.o (clock_interface)
build/cooja/mtype35.a(cooja-log.o)
                              build/cooja/mtype35.o (simlog_interface)
build/cooja/mtype35.a(cfs-cooja.o)
                              build/cooja/mtype35.o (cfs_interface)
build/cooja/mtype35.a(cooja-radio.o)
                              build/cooja/mtype35.o (radio_interface)
build/cooja/mtype35.a(eeprom.o)
                              build/cooja/mtype35.o (eeprom_interface)
build/cooja/mtype35.a(random.o)
                              build/cooja/mtype35.a(moteid.o) (random_init)
build/cooja/mtype35.a(sensors.o)
                              build/cooja/mtype35.a(pir-sensor.o) (sensors_changed)
build/cooja/mtype35.a(leds.o)
                              fire_detector_server.o (leds_single_off)
build/cooja/mtype35.a(gpio-hal-arch.o)
                              build/cooja/mtype35.a(leds-arch.o) (gpio_hal_arch_register_pin_callback)
build/cooja/mtype35.a(buttons.o)
                              build/cooja/mtype35.o (button_interface)
build/cooja/mtype35.a(fire_detector.o)
                              fire_detector_server.o (fire_detector)
build/cooja/mtype35.a(coap-blocking-a)
                              fire_detector_server.o (coap_blocking_request)
build/cooja/mtype35.a(coap-engine.o)
                              fire_detector_server.o (coap_activate_resource)
build/cooja/mtype35.a(coap-res-well-k)
                              build/cooja/mtype35.a(coap-engine.o) (res_well_known_core)
build/cooja/mtype35.a(coap-observe.o)
                              build/cooja/mtype35.a(coap-engine.o) (coap_remove_observer_by_mid)
build/cooja/mtype35.a(coap-uip.o)
                              build/cooja/mtype35.a(coap-observe.o) (coap_endpoint_copy)
build/cooja/mtype35.a(coap-timer.o)
                              build/cooja/mtype35.a(coap-engine.o) (coap_timer_set)
build/cooja/mtype35.a(coap-transactio)
                              build/cooja/mtype35.a(coap-blocking-a) (coap_send_transaction)
build/cooja/mtype35.a(coap.o)
                              build/cooja/mtype35.a(coap-engine.o) (coap_status_code)
build/cooja/mtype35.a(contiki-main.o)
                              build/cooja/mtype35.o (main)
build/cooja/mtype35.a(autostart.o)
                              build/cooja/mtype35.a(contiki-main.o) (autostart_start)
build/cooja/mtype35.a(ctimer.o)
                              build/cooja/mtype35.a(contiki-main.o) (ctimer_init)
build/cooja/mtype35.a(log.o)  build/cooja/mtype35.a(contiki-main.o) (curr_log_level_main)
build/cooja/mtype35.a(energest.o)
                              build/cooja/mtype35.a(contiki-main.o) (energest_init)
build/cooja/mtype35.a(etimer.o)
                              build/cooja/mtype35.a(contiki-main.o) (etimer_process)
build/cooja/mtype35.a(node-id.o)
                              build/cooja/mtype35.a(contiki-main.o) (node_id)
build/cooja/mtype35.a(rtimer.o)
                              build/cooja/mtype35.a(contiki-main.o) (rtimer_init)
build/cooja/mtype35.a(process.o)
                              build/cooja/mtype35.a(coap-blocking-a) (process_current)
build/cooja/mtype35.a(timer.o)
                              build/cooja/mtype35.a(etimer.o) (timer_set)
build/cooja/mtype35.a(list.o)
                              build/cooja/mtype35.a(coap-engine.o) (list_init)
build/cooja/mtype35.a(memb.o)
                              build/cooja/mtype35.a(coap-observe.o) (memb_alloc)
build/cooja/mtype35.a(button-hal.o)
                              build/cooja/mtype35.o (button_hal_init)
build/cooja/mtype35.a(serial-line.o)
                              build/cooja/mtype35.a(rs232.o) (serial_line_input_byte)
build/cooja/mtype35.a(gpio-hal.o)
                              build/cooja/mtype35.a(button-hal.o) (gpio_hal_register_handler)
[...]
Memory Configuration

Name             Origin             Length             Attributes
*default*        0x0000000000000000 0xffffffffffffffff

Linker script and memory map

LOAD /usr/lib/gcc/i686-linux-gnu/7/../../../i386-linux-gnu/crti.o
LOAD /usr/lib/gcc/i686-linux-gnu/7/crtbeginS.o
LOAD fire_detector_server.o
LOAD build/cooja/mtype35.o
LOAD build/cooja/mtype35.a
LOAD /usr/lib/gcc/i686-linux-gnu/7/libgcc.a
LOAD /usr/lib/gcc/i686-linux-gnu/7/libgcc_s.so
START GROUP
LOAD /usr/lib/gcc/i686-linux-gnu/7/libgcc_s.so.1
LOAD /usr/lib/gcc/i686-linux-gnu/7/libgcc.a
END GROUP
LOAD /usr/lib/gcc/i686-linux-gnu/7/../../../i386-linux-gnu/libc.so
START GROUP
LOAD /lib/i386-linux-gnu/libc.so.6
LOAD /usr/lib/i386-linux-gnu/libc_nonshared.a
LOAD /lib/i386-linux-gnu/ld-linux.so.2
END GROUP
LOAD /usr/lib/gcc/i686-linux-gnu/7/libgcc.a
LOAD /usr/lib/gcc/i686-linux-gnu/7/libgcc_s.so
START GROUP
LOAD /usr/lib/gcc/i686-linux-gnu/7/libgcc_s.so.1
LOAD /usr/lib/gcc/i686-linux-gnu/7/libgcc.a
END GROUP
LOAD /usr/lib/gcc/i686-linux-gnu/7/crtendS.o
LOAD /usr/lib/gcc/i686-linux-gnu/7/../../../i386-linux-gnu/crtn.o
                0x0000000000000114                . = (SEGMENT_START ("text-segment", 0x0) + SIZEOF_HEADERS)

.note.gnu.build-id
                0x0000000000000114       0x24
 *(.note.gnu.build-id)
 .note.gnu.build-id
                0x0000000000000114       0x24 /usr/lib/gcc/i686-linux-gnu/7/../../../i386-linux-gnu/crti.o

.hash
 *(.hash)

.gnu.hash       0x0000000000000138     0x15dc
 *(.gnu.hash)
 .gnu.hash      0x0000000000000138     0x15dc /usr/lib/gcc/i686-linux-gnu/7/../../../i386-linux-gnu/crti.o

.dynsym         0x0000000000001714     0x2fe0
 *(.dynsym)
 .dynsym        0x0000000000001714     0x2fe0 /usr/lib/gcc/i686-linux-gnu/7/../../../i386-linux-gnu/crti.o

.dynstr         0x00000000000046f4     0x377a
 *(.dynstr)
 .dynstr        0x00000000000046f4     0x377a /usr/lib/gcc/i686-linux-gnu/7/../../../i386-linux-gnu/crti.o

.gnu.version    0x0000000000007e6e      0x5fc
 *(.gnu.version)
 .gnu.version   0x0000000000007e6e      0x5fc /usr/lib/gcc/i686-linux-gnu/7/../../../i386-linux-gnu/crti.o

.gnu.version_d  0x000000000000846c        0x0
 *(.gnu.version_d)
 .gnu.version_d
                0x000000000000846c        0x0 /usr/lib/gcc/i686-linux-gnu/7/../../../i386-linux-gnu/crti.o

.gnu.version_r  0x000000000000846c       0x40
 *(.gnu.version_r)
 .gnu.version_r
                0x000000000000846c       0x40 /usr/lib/gcc/i686-linux-gnu/7/../../../i386-linux-gnu/crti.o

.rel.dyn        0x00000000000084ac      0xf78
 *(.rel.init)
 .rel.init      0x00000000000084ac        0x0 /usr/lib/gcc/i686-linux-gnu/7/../../../i386-linux-gnu/crti.o
 *(.rel.text .rel.text.* .rel.gnu.linkonce.t.*)
 .rel.text      0x00000000000084ac      0x5c0 /usr/lib/gcc/i686-linux-gnu/7/../../../i386-linux-gnu/crti.o
 *(.rel.fini)
 .rel.fini      0x0000000000008a6c        0x0 /usr/lib/gcc/i686-linux-gnu/7/../../../i386-linux-gnu/crti.o
 *(.rel.rodata .rel.rodata.* .rel.gnu.linkonce.r.*)
 *(.rel.data.rel.ro .rel.data.rel.ro.* .rel.gnu.linkonce.d.rel.ro.*)
 .rel.data.rel.ro.local
                0x0000000000008a6c      0x220 /usr/lib/gcc/i686-linux-gnu/7/../../../i386-linux-gnu/crti.o
 .rel.data.rel.ro
                0x0000000000008c8c       0xb0 /usr/lib/gcc/i686-linux-gnu/7/../../../i386-linux-gnu/crti.o
 *(.rel.data .rel.data.* .rel.gnu.linkonce.d.*)
 .rel.data.rel.local
                0x0000000000008d3c      0x388 /usr/lib/gcc/i686-linux-gnu/7/../../../i386-linux-gnu/crti.o
 .rel.data.rel  0x00000000000090c4       0x78 /usr/lib/gcc/i686-linux-gnu/7/../../../i386-linux-gnu/crti.o
 *(.rel.tdata .rel.tdata.* .rel.gnu.linkonce.td.*)
 *(.rel.tbss .rel.tbss.* .rel.gnu.linkonce.tb.*)
 *(.rel.ctors)
 *(.rel.dtors)
 *(.rel.got)
 .rel.got       0x000000000000913c      0x2d8 /usr/lib/gcc/i686-linux-gnu/7/../../../i386-linux-gnu/crti.o
 *(.rel.bss .rel.bss.* .rel.gnu.linkonce.b.*)
 *(.rel.ifunc)
 .rel.ifunc     0x0000000000009414        0x0 /usr/lib/gcc/i686-linux-gnu/7/../../../i386-linux-gnu/crti.o
 .rel.fini_array
                0x0000000000009414        0x8 /usr/lib/gcc/i686-linux-gnu/7/../../../i386-linux-gnu/crti.o
 .rel.init_array
                0x000000000000941c        0x8 /usr/lib/gcc/i686-linux-gnu/7/../../../i386-linux-gnu/crti.o

.rel.plt        0x0000000000009424      0xad8
 *(.rel.plt)
 .rel.plt       0x0000000000009424      0xad8 /usr/lib/gcc/i686-linux-gnu/7/../../../i386-linux-gnu/crti.o
 *(.rel.iplt)

.init           0x0000000000009efc       0x23
 *(SORT_NONE(.init))
 .init          0x0000000000009efc       0x1e /usr/lib/gcc/i686-linux-gnu/7/../../../i386-linux-gnu/crti.o
                0x0000000000009efc                _init
 .init          0x0000000000009f1a        0x5 /usr/lib/gcc/i686-linux-gnu/7/../../../i386-linux-gnu/crtn.o

.plt            0x0000000000009f20     0x15c0
 *(.plt)
 .plt           0x0000000000009f20     0x15c0 /usr/lib/gcc/i686-linux-gnu/7/../../../i386-linux-gnu/crti.o
 *(.iplt)

.plt.got        0x000000000000b4e0       0x18
 *(.plt.got)
 .plt.got       0x000000000000b4e0       0x18 /usr/lib/gcc/i686-linux-gnu/7/../../../i386-linux-gnu/crti.o

.plt.sec
 *(.plt.sec)

.text           0x000000000000b500    0x1f284
 *(.text.unlikely .text.*_unlikely .text.unlikely.*)
 *(.text.exit .text.exit.*)
 *(.text.startup .text.startup.*)
 *(.text.hot .text.hot.*)
 *(.text .stub .text.* .gnu.linkonce.t.*)
 .text          0x000000000000b500        0x0 /usr/lib/gcc/i686-linux-gnu/7/../../../i386-linux-gnu/crti.o
 .gnu.linkonce.t.__x86.get_pc_thunk.bx
                0x000000000000b500        0x4 /usr/lib/gcc/i686-linux-gnu/7/../../../i386-linux-gnu/crti.o
                0x000000000000b500                __x86.get_pc_thunk.bx
 *fill*         0x000000000000b504        0xc 
 .text          0x000000000000b510       0xe9 /usr/lib/gcc/i686-linux-gnu/7/crtbeginS.o
 .text.__x86.get_pc_thunk.dx
                0x000000000000b5f9        0x4 /usr/lib/gcc/i686-linux-gnu/7/crtbeginS.o
                0x000000000000b5f9                __x86.get_pc_thunk.dx
 .text          0x000000000000b5fd      0x526 fire_detector_server.o
                0x000000000000b6f1                client_chunk_handler
 .text          0x000000000000bb23      0x36b build/cooja/mtype35.o
                0x000000000000bbd5                platform_init_stage_one
                0x000000000000bbf8                platform_init_stage_two
                0x000000000000bc1b                platform_init_stage_three
                0x000000000000bc3e                platform_main_loop
                0x000000000000bce4                Java_org_contikios_cooja_corecomm_Lib6_init
                0x000000000000bd32                Java_org_contikios_cooja_corecomm_Lib6_getMemory
                0x000000000000bd72                Java_org_contikios_cooja_corecomm_Lib6_setMemory
                0x000000000000bde3                Java_org_contikios_cooja_corecomm_Lib6_tick
                0x000000000000be6d                Java_org_contikios_cooja_corecomm_Lib6_setReferenceAddress
 .text.__x86.get_pc_thunk.ax
                0x000000000000be8e        0x4 build/cooja/mtype35.o
                0x000000000000be8e                __x86.get_pc_thunk.ax
 .text          0x000000000000be92       0x8d build/cooja/mtype35.a(simEnvChange.o)
                0x000000000000be92                doActionsBeforeTick
                0x000000000000bed8                doActionsAfterTick
 .text          0x000000000000bf1f       0xb6 build/cooja/mtype35.a(cooja_mt.o)
                0x000000000000bf1f                cooja_mt_start
                0x000000000000bf59                cooja_mt_exec
                0x000000000000bfa0                cooja_mt_yield
 .text          0x000000000000bfd5       0xf2 build/cooja/mtype35.a(cooja_mtarch.o)
                0x000000000000bfd5                cooja_mtarch_start
                0x000000000000c059                cooja_sw
                0x000000000000c087                cooja_mtarch_exec
                0x000000000000c0b2                cooja_mtarch_yield
 .text          0x000000000000c0c7      0x127 build/cooja/mtype35.a(rtimer-arch.o)
                0x000000000000c0c7                rtimer_arch_init
                0x000000000000c0f6                rtimer_arch_schedule
                0x000000000000c138                rtimer_arch_next
                0x000000000000c152                rtimer_arch_pending
                0x000000000000c169                rtimer_arch_check
                0x000000000000c1d4                rtimer_arch_now
 .text.__x86.get_pc_thunk.cx
                0x000000000000c1ee        0x4 build/cooja/mtype35.a(rtimer-arch.o)
                0x000000000000c1ee                __x86.get_pc_thunk.cx
 .text          0x000000000000c1f2      0x101 build/cooja/mtype35.a(beep.o)
                0x000000000000c1f2                beep_alarm
                0x000000000000c20b                beep_beep
                0x000000000000c224                beep
                0x000000000000c23d                beep_down
                0x000000000000c256                beep_on
                0x000000000000c26f                beep_off
                0x000000000000c288                beep_spinup
                0x000000000000c2a1                beep_quick
                0x000000000000c2ba                beep_long
 .text          0x000000000000c2f3       0x9f build/cooja/mtype35.a(leds-arch.o)
                0x000000000000c317                leds_arch_init
 .text          0x000000000000c392       0x56 build/cooja/mtype35.a(moteid.o)
 .text          0x000000000000c3e8      0x101 build/cooja/mtype35.a(pir-sensor.o)
 .text          0x000000000000c4e9      0x1cc build/cooja/mtype35.a(rs232.o)
                0x000000000000c4e9                rs232_init
                0x000000000000c4f9                rs232_set_speed
                0x000000000000c512                rs232_set_input
                0x000000000000c52b                rs232_send
                0x000000000000c561                rs232_print
                0x000000000000c58f                slip_arch_writeb
 .text          0x000000000000c6b5      0x101 build/cooja/mtype35.a(vib-sensor.o)
 .text          0x000000000000c7b6       0x7a build/cooja/mtype35.a(clock.o)
                0x000000000000c7b6                clock_init
                0x000000000000c7c6                clock_time
                0x000000000000c7dd                clock_seconds
                0x000000000000c800                clock_delay
 .text          0x000000000000c830      0x2b5 build/cooja/mtype35.a(cooja-log.o)
                0x000000000000c830                simlog_char
                0x000000000000c894                simlog
                0x000000000000c92e                log_message
                0x000000000000c97d                log_set_putchar_with_slip
                0x000000000000c996                log_putchar
                0x000000000000ca21                log_puts
                0x000000000000ca53                log_printf
 .text          0x000000000000cae5      0x36c build/cooja/mtype35.a(cfs-cooja.o)
                0x000000000000cae5                cfs_open
                0x000000000000cb5d                cfs_close
                0x000000000000cb74                cfs_read
                0x000000000000cc28                cfs_write
                0x000000000000cd26                cfs_seek
                0x000000000000cdc3                cfs_remove
                0x000000000000cdf9                cfs_opendir
                0x000000000000ce0d                cfs_readdir
                0x000000000000ce21                cfs_closedir
 .text          0x000000000000ce51      0x78b build/cooja/mtype35.a(cooja-radio.o)
                0x000000000000cebf                radio_set_channel
                0x000000000000ced8                radio_set_txpower
                0x000000000000cefb                radio_signal_strength_last
                0x000000000000cf10                radio_signal_strength_current
                0x000000000000cf25                radio_LQI
 .text          0x000000000000d5dc      0x130 build/cooja/mtype35.a(eeprom.o)
                0x000000000000d5dc                eeprom_init
                0x000000000000d5ec                eeprom_read
                0x000000000000d66c                eeprom_write
 .text          0x000000000000d70c       0x4e build/cooja/mtype35.a(random.o)
                0x000000000000d70c                random_init
                0x000000000000d73c                random_rand
 .text          0x000000000000d75a      0x332 build/cooja/mtype35.a(sensors.o)
                0x000000000000d7a1                sensors_first
                0x000000000000d7b8                sensors_next
                0x000000000000d7e3                sensors_changed
                0x000000000000d830                sensors_find
 .text          0x000000000000da8c      0x3fc build/cooja/mtype35.a(leds.o)
                0x000000000000da8c                leds_init
                0x000000000000dae4                leds_single_on
                0x000000000000db5c                leds_single_off
                0x000000000000dbd4                leds_single_toggle
                0x000000000000dc18                leds_on
                0x000000000000dcb0                leds_off
                0x000000000000dd48                leds_toggle
                0x000000000000ddae                leds_set
                0x000000000000dde4                leds_get
 .text          0x000000000000de88      0x401 build/cooja/mtype35.a(gpio-hal-arch.o)
                0x000000000000de88                gpio_hal_arch_register_pin_callback
                0x000000000000df09                gpio_hal_arch_init
                0x000000000000df63                gpio_hal_arch_no_port_interrupt_enable
                0x000000000000df9d                gpio_hal_arch_no_port_interrupt_disable
                0x000000000000dfd7                gpio_hal_arch_no_port_pin_cfg_set
                0x000000000000e006                gpio_hal_arch_no_port_pin_cfg_get
                0x000000000000e036                gpio_hal_arch_no_port_pin_set_input
                0x000000000000e052                gpio_hal_arch_no_port_pin_set_output
                0x000000000000e06e                gpio_hal_arch_no_port_set_pin
                0x000000000000e099                gpio_hal_arch_no_port_clear_pin
                0x000000000000e0c4                gpio_hal_arch_no_port_read_pin
                0x000000000000e0f6                gpio_hal_arch_no_port_write_pin
                0x000000000000e12a                gpio_hal_arch_no_port_set_pins
                0x000000000000e17b                gpio_hal_arch_no_port_clear_pins
                0x000000000000e1cc                gpio_hal_arch_no_port_read_pins
                0x000000000000e21f                gpio_hal_arch_no_port_write_pins
 .text          0x000000000000e289       0xc6 build/cooja/mtype35.a(buttons.o)
 .text          0x000000000000e34f      0x430 build/cooja/mtype35.a(fire_detector.o)
 .text          0x000000000000e77f      0x29c build/cooja/mtype35.a(coap-blocking-a)
                0x000000000000e77f                coap_blocking_request_callback
                0x000000000000e7b9                coap_blocking_request
 .text          0x000000000000ea1b      0xd4f build/cooja/mtype35.a(coap-engine.o)
                0x000000000000eaec                coap_add_handler
                0x000000000000eb1a                coap_remove_handler
                0x000000000000eb48                coap_call_handlers
                0x000000000000ec6f                coap_receive
                0x000000000000f2e9                coap_engine_init
                0x000000000000f35c                coap_activate_resource
                0x000000000000f419                coap_get_first_resource
                0x000000000000f443                coap_get_next_resource
 .text          0x000000000000f76a      0x2ed build/cooja/mtype35.a(coap-res-well-k)
 .text          0x000000000000fa57      0xa13 build/cooja/mtype35.a(coap-observe.o)
                0x000000000000fb92                coap_remove_observer
                0x000000000000fbd4                coap_remove_observer_by_client
                0x000000000000fc4c                coap_remove_observer_by_token
                0x000000000000fcef                coap_remove_observer_by_uri
                0x000000000000fda6                coap_remove_observer_by_mid
                0x000000000000fe32                coap_notify_observers
                0x000000000000fe55                coap_notify_observers_sub
                0x00000000000102c6                coap_observe_handler
                0x00000000000103f1                coap_has_observers
 .text          0x000000000001046a      0x84c build/cooja/mtype35.a(coap-uip.o)
                0x000000000001046a                coap_endpoint_log
                0x0000000000010507                coap_endpoint_print
                0x00000000000105a4                coap_endpoint_snprint
                0x00000000000106ed                coap_endpoint_copy
                0x0000000000010734                coap_endpoint_cmp
                0x0000000000010865                coap_endpoint_parse
                0x0000000000010a76                coap_endpoint_is_secure
                0x0000000000010a8f                coap_endpoint_is_connected
                0x0000000000010ad3                coap_endpoint_connect
                0x0000000000010af9                coap_endpoint_disconnect
                0x0000000000010b09                coap_databuf
                0x0000000000010b20                coap_transport_init
                0x0000000000010b96                coap_sendto
 .text          0x0000000000010cb6      0x3ad build/cooja/mtype35.a(coap-timer.o)
                0x0000000000010ddb                coap_timer_stop
                0x0000000000010e16                coap_timer_set
                0x0000000000010e63                coap_timer_reset
                0x0000000000010eb0                coap_timer_time_to_next_expiration
                0x0000000000010f2d                coap_timer_run
                0x000000000001100f                coap_timer_init
 .text          0x0000000000011063      0x334 build/cooja/mtype35.a(coap-transactio)
                0x00000000000110f1                coap_new_transaction
                0x0000000000011169                coap_send_transaction
                0x00000000000112db                coap_clear_transaction
                0x0000000000011335                coap_get_transaction_by_mid
 .text          0x0000000000011397     0x1f9f build/cooja/mtype35.a(coap.o)
                0x0000000000011992                coap_init_connection
                0x00000000000119b7                coap_get_mid
                0x00000000000119de                coap_init_message
                0x0000000000011a37                coap_serialize_message
                0x00000000000120ce                coap_parse_message
                0x00000000000127ea                coap_get_query_variable
                0x0000000000012836                coap_get_post_variable
                0x0000000000012884                coap_set_status_code
                0x00000000000128b3                coap_set_token
                0x000000000001290a                coap_get_header_content_format
                0x0000000000012945                coap_set_header_content_format
                0x0000000000012972                coap_get_header_accept
                0x00000000000129ad                coap_set_header_accept
                0x00000000000129da                coap_get_header_max_age
                0x0000000000012a15                coap_set_header_max_age
                0x0000000000012a3f                coap_get_header_etag
                0x0000000000012a7b                coap_set_header_etag
                0x0000000000012ae2                coap_get_header_if_match
                0x0000000000012b1e                coap_set_header_if_match
                0x0000000000012b85                coap_get_header_if_none_match
                0x0000000000012ba9                coap_set_header_if_none_match
                0x0000000000012bca                coap_get_header_proxy_uri
                0x0000000000012c02                coap_set_header_proxy_uri
                0x0000000000012c4f                coap_get_header_uri_host
                0x0000000000012c87                coap_set_header_uri_host
                0x0000000000012cd4                coap_get_header_uri_path
                0x0000000000012d0c                coap_set_header_uri_path
                0x0000000000012d6a                coap_get_header_uri_query
                0x0000000000012da8                coap_set_header_uri_query
                0x0000000000012e0f                coap_get_header_location_path
                0x0000000000012e47                coap_set_header_location_path
                0x0000000000012eef                coap_get_header_location_query
                0x0000000000012f27                coap_set_header_location_query
                0x0000000000012f85                coap_get_header_observe
                0x0000000000012fbe                coap_set_header_observe
                0x0000000000012fe8                coap_get_header_block2
                0x000000000001305e                coap_set_header_block2
                0x00000000000130df                coap_get_header_block1
                0x000000000001315e                coap_set_header_block1
                0x00000000000131e3                coap_get_header_size2
                0x000000000001321d                coap_set_header_size2
                0x000000000001324a                coap_get_header_size1
                0x0000000000013284                coap_set_header_size1
                0x00000000000132b1                coap_get_payload
                0x00000000000132f5                coap_set_payload
 .text          0x0000000000013336      0x3c6 build/cooja/mtype35.a(contiki-main.o)
                0x0000000000013336                main
 .text          0x00000000000136fc       0xb0 build/cooja/mtype35.a(autostart.o)
                0x00000000000136fc                autostart_start
                0x0000000000013755                autostart_exit
 .text          0x00000000000137ac      0x400 build/cooja/mtype35.a(ctimer.o)
                0x00000000000138ef                ctimer_init
                0x0000000000013934                ctimer_set
                0x0000000000013967                ctimer_set_with_process
                0x00000000000139fe                ctimer_reset
                0x0000000000013a6c                ctimer_restart
                0x0000000000013ada                ctimer_stop
                0x0000000000013b3a                ctimer_expired
 .text          0x0000000000013bac      0x4a3 build/cooja/mtype35.a(log.o)
                0x0000000000013bac                log_6addr
                0x0000000000013c10                log_6addr_compact_snprint
                0x0000000000013cd0                log_6addr_compact
                0x0000000000013d34                log_lladdr
                0x0000000000013dbb                log_lladdr_compact
                0x0000000000013e38                log_bytes
                0x0000000000013e8c                log_set_level
                0x0000000000013f6a                log_get_level
                0x0000000000013ffb                log_level_to_str
 .text          0x000000000001404f       0x39 build/cooja/mtype35.a(energest.o)
                0x000000000001404f                energest_init
                0x000000000001405f                energest_flush
                0x000000000001406f                energest_get_total_time
 .text          0x0000000000014088      0x527 build/cooja/mtype35.a(etimer.o)
                0x00000000000142dd                etimer_request_poll
                0x000000000001438e                etimer_set
                0x00000000000143c7                etimer_reset_with_new_interval
                0x0000000000014406                etimer_reset
                0x000000000001443c                etimer_restart
                0x0000000000014472                etimer_adjust
                0x0000000000014499                etimer_expired
                0x00000000000144b6                etimer_expiration_time
                0x00000000000144d2                etimer_start_time
                0x00000000000144e6                etimer_pending
                0x0000000000014503                etimer_next_expiration_time
                0x000000000001452b                etimer_stop
 .text          0x00000000000145af       0x36 build/cooja/mtype35.a(node-id.o)
                0x00000000000145af                node_id_init
 .text          0x00000000000145e5      0x122 build/cooja/mtype35.a(rtimer.o)
                0x00000000000145e5                rtimer_init
                0x0000000000014604                rtimer_set
                0x0000000000014692                rtimer_run_next
 .text          0x0000000000014707      0x5cb build/cooja/mtype35.a(process.o)
                0x0000000000014707                process_alloc_event
                0x0000000000014728                process_start
                0x000000000001492d                process_exit
                0x0000000000014955                process_init
                0x0000000000014b1d                process_run
                0x0000000000014b60                process_nevents
                0x0000000000014b85                process_post
                0x0000000000014c32                process_post_synch
                0x0000000000014c78                process_poll
                0x0000000000014cb4                process_is_running
 .text.__x86.get_pc_thunk.si
                0x0000000000014cd2        0x4 build/cooja/mtype35.a(process.o)
                0x0000000000014cd2                __x86.get_pc_thunk.si
 .text          0x0000000000014cd6       0xf6 build/cooja/mtype35.a(timer.o)
                0x0000000000014cd6                timer_set
                0x0000000000014d05                timer_reset
                0x0000000000014d3c                timer_restart
                0x0000000000014d62                timer_expired
                0x0000000000014da0                timer_remaining
 .text          0x0000000000014dcc      0x311 build/cooja/mtype35.a(list.o)
                0x0000000000014dcc                list_init
                0x0000000000014de5                list_head
                0x0000000000014df9                list_copy
                0x0000000000014e13                list_tail
                0x0000000000014e53                list_add
                0x0000000000014ea9                list_push
                0x0000000000014edf                list_chop
                0x0000000000014f53                list_pop
                0x0000000000014f85                list_remove
                0x0000000000014ff7                list_length
                0x000000000001502f                list_insert
                0x000000000001507e                list_item_next
                0x000000000001509f                list_contains
 .text          0x00000000000150dd      0x1ec build/cooja/mtype35.a(memb.o)
                0x00000000000150dd                memb_init
                0x0000000000015141                memb_alloc
                0x00000000000151ae                memb_free
                0x000000000001522f                memb_inmemb
                0x0000000000015278                memb_numfree
 .text          0x00000000000152c9      0x566 build/cooja/mtype35.a(button-hal.o)
                0x00000000000154bd                button_hal_get_by_id
                0x0000000000015507                button_hal_get_by_index
                0x0000000000015541                button_hal_get_state
                0x00000000000155a3                button_hal_init
 .text          0x000000000001582f      0x242 build/cooja/mtype35.a(serial-line.o)
                0x000000000001582f                serial_line_input_byte
                0x0000000000015a27                serial_line_init
 .text          0x0000000000015a71      0x1d6 build/cooja/mtype35.a(gpio-hal.o)
                0x0000000000015a71                gpio_hal_register_handler
                0x0000000000015a9f                gpio_hal_event_handler
                0x0000000000015b0c                gpio_hal_init
                0x0000000000015b3b                gpio_hal_arch_port_toggle_pin
                0x0000000000015b86                gpio_hal_arch_port_toggle_pins
                0x0000000000015bc3                gpio_hal_arch_no_port_toggle_pin
                0x0000000000015c10                gpio_hal_arch_no_port_toggle_pins
 .text          0x0000000000015c47      0x3a9 build/cooja/mtype35.a(queuebuf.o)
                0x0000000000015c5b                queuebuf_init
                0x0000000000015c97                queuebuf_numfree
                0x0000000000015cc1                queuebuf_new_from_packetbuf
                0x0000000000015d75                queuebuf_update_attr_from_packetbuf
                0x0000000000015db9                queuebuf_update_from_packetbuf
                0x0000000000015e18                queuebuf_free
                0x0000000000015e76                queuebuf_to_packetbuf
                0x0000000000015ef3                queuebuf_dataptr
                0x0000000000015f3f                queuebuf_datalen
                0x0000000000015f6c                queuebuf_addr
                0x0000000000015fab                queuebuf_attr
                0x0000000000015fe0                queuebuf_debug_print
 .text          0x0000000000015ff0      0x4dd build/cooja/mtype35.a(packetbuf.o)
                0x0000000000015ff0                packetbuf_clear
                0x0000000000016026                packetbuf_copyfrom
                0x0000000000016086                packetbuf_copyto
                0x0000000000016124                packetbuf_hdralloc
                0x00000000000161b4                packetbuf_hdrreduce
                0x0000000000016206                packetbuf_set_datalen
                0x000000000001622b                packetbuf_dataptr
                0x0000000000016252                packetbuf_hdrptr
                0x0000000000016267                packetbuf_datalen
                0x000000000001627d                packetbuf_hdrlen
                0x000000000001629c                packetbuf_totlen
                0x00000000000162bc                packetbuf_remaininglen
                0x00000000000162d9                packetbuf_attr_clear
                0x000000000001633f                packetbuf_attr_copyto
                0x0000000000016385                packetbuf_attr_copyfrom
                0x00000000000163cb                packetbuf_set_attr
                0x0000000000016401                packetbuf_attr
                0x0000000000016427                packetbuf_set_addr
                0x000000000001646f                packetbuf_addr
                0x0000000000016499                packetbuf_holds_broadcast
 .text          0x00000000000164cd      0x13c build/cooja/mtype35.a(netstack.o)
                0x00000000000164cd                netstack_process_ip_callback
                0x000000000001656e                netstack_ip_packet_processor_add
                0x00000000000165a2                uip_ds6_ip_packet_processor_rm
                0x00000000000165d0                netstack_init
 .text          0x0000000000016609       0x75 build/cooja/mtype35.a(linkaddr.o)
                0x0000000000016609                linkaddr_copy
                0x0000000000016629                linkaddr_cmp
                0x000000000001665c                linkaddr_set_node_addr
 .text          0x000000000001667e      0x2ae build/cooja/mtype35.a(csma.o)
 .text          0x000000000001692c      0xa6f build/cooja/mtype35.a(csma-output.o)
                0x000000000001709e                csma_output_packet
                0x000000000001734d                csma_output_init
 .text          0x000000000001739b      0xe47 build/cooja/mtype35.a(uip-ds6.o)
                0x000000000001739b                uip_ds6_default_prefix
                0x00000000000173b0                uip_ds6_set_default_prefix
                0x00000000000173e6                uip_ds6_init
                0x0000000000017681                uip_ds6_periodic
                0x0000000000017729                uip_ds6_list_loop
                0x00000000000177f8                uip_ds6_prefix_add
                0x00000000000178bf                uip_ds6_prefix_rm
                0x00000000000178dc                uip_ds6_prefix_lookup
                0x000000000001792f                uip_ds6_is_addr_onlink
                0x00000000000179bc                uip_ds6_addr_add
                0x0000000000017afe                uip_ds6_addr_rm
                0x0000000000017bbd                uip_ds6_addr_lookup
                0x0000000000017c0d                uip_ds6_get_link_local
                0x0000000000017cab                uip_ds6_get_global
                0x0000000000017d49                uip_ds6_maddr_add
                0x0000000000017dc5                uip_ds6_maddr_rm
                0x0000000000017de2                uip_ds6_maddr_lookup
                0x0000000000017e35                uip_ds6_aaddr_add
                0x0000000000017eae                uip_ds6_aaddr_rm
                0x0000000000017ecb                uip_ds6_aaddr_lookup
                0x0000000000017f1b                uip_ds6_select_src
                0x0000000000018089                uip_ds6_set_addr_iid
                0x00000000000180be                uip_ds6_set_lladdr_from_iid
                0x00000000000180f1                get_match_length
                0x000000000001818c                uip_ds6_compute_reachable_time
 .text          0x00000000000181e2      0x152 build/cooja/mtype35.a(uip-udp-packet.)
                0x00000000000181e2                uip_udp_packet_send
                0x000000000001825b                uip_udp_packet_sendto
 .text          0x0000000000018334      0x453 build/cooja/mtype35.a(uip-ds6-route.o)
                0x0000000000018396                uip_ds6_route_init
                0x00000000000183d2                uip_ds6_route_count_nexthop_neighbors
                0x00000000000183e6                uip_ds6_route_nexthop
                0x00000000000183fa                uip_ds6_route_head
                0x000000000001840e                uip_ds6_route_next
                0x0000000000018422                uip_ds6_route_is_nexthop
                0x0000000000018436                uip_ds6_route_num_routes
                0x000000000001844a                uip_ds6_route_lookup
                0x000000000001845e                uip_ds6_route_add
                0x000000000001847b                uip_ds6_route_rm
                0x000000000001848b                uip_ds6_route_rm_by_nexthop
                0x000000000001849b                uip_ds6_defrt_head
                0x00000000000184c5                uip_ds6_defrt_add
                0x0000000000018585                uip_ds6_defrt_rm
                0x00000000000185fe                uip_ds6_defrt_lookup
                0x0000000000018675                uip_ds6_defrt_choose
                0x00000000000186fb                uip_ds6_defrt_periodic
 .text          0x0000000000018787      0xc55 build/cooja/mtype35.a(tcpip.o)
                0x00000000000187ad                tcpip_output
                0x00000000000188d8                tcp_connect
                0x0000000000018940                tcp_unlisten
                0x00000000000189b5                tcp_listen
                0x0000000000018a27                tcp_attach
                0x0000000000018a49                udp_attach
                0x0000000000018a6b                udp_new
                0x0000000000018ac5                udp_broadcast_new
                0x0000000000018d97                tcpip_input
                0x0000000000018f8d                tcpip_ipv6_output
                0x00000000000191c9                tcpip_poll_udp
                0x00000000000191f9                tcpip_poll_tcp
                0x0000000000019229                tcpip_uipcall
 .text          0x00000000000193dc     0x33b5 build/cooja/mtype35.a(uip6.o)
                0x00000000000193dc                uip_add32
                0x00000000000195c7                uip_chksum
                0x00000000000196bf                uip_icmp6chksum
                0x00000000000196de                uip_tcpchksum
                0x00000000000196fd                uip_udpchksum
                0x000000000001971c                uip_init
                0x00000000000197ca                uip_connect
                0x0000000000019967                uip_remove_ext_hdr
                0x0000000000019a62                uip_udp_new
                0x0000000000019ba7                uip_unlisten
                0x0000000000019bf7                uip_listen
                0x0000000000019f07                uip_process
                0x000000000001c621                uip_htons
                0x000000000001c64d                uip_htonl
                0x000000000001c697                uip_send
 .text          0x000000000001c791      0x43e build/cooja/mtype35.a(uip-ds6-nbr.o)
                0x000000000001c791                uip_ds6_neighbors_init
                0x000000000001c7c7                uip_ds6_nbr_add
                0x000000000001c861                uip_ds6_nbr_rm
                0x000000000001c8c0                uip_ds6_nbr_update_ll
                0x000000000001c9bd                uip_ds6_nbr_get_ipaddr
                0x000000000001c9dc                uip_ds6_nbr_get_ll
                0x000000000001ca09                uip_ds6_nbr_num
                0x000000000001ca63                uip_ds6_nbr_head
                0x000000000001ca8d                uip_ds6_nbr_next
                0x000000000001caba                uip_ds6_nbr_lookup
                0x000000000001cb21                uip_ds6_nbr_ll_lookup
                0x000000000001cb4e                uip_ds6_nbr_ipaddr_from_lladdr
                0x000000000001cb81                uip_ds6_nbr_lladdr_from_ipaddr
                0x000000000001cbbf                uip_ds6_link_callback
 .text          0x000000000001cbcf      0x810 build/cooja/mtype35.a(uip-nd6.o)
                0x000000000001d3b4                uip_nd6_init
 .text          0x000000000001d3df     0x33b0 build/cooja/mtype35.a(sicslowpan.o)
                0x000000000001dadd                netstack_sniffer_add
                0x000000000001daf6                netstack_sniffer_remove
                0x000000000002074e                sicslowpan_init
                0x000000000002077a                sicslowpan_get_last_rssi
 .text          0x000000000002078f      0x51a build/cooja/mtype35.a(uiplib.o)
                0x000000000002078f                uiplib_ip6addrconv
                0x0000000000020955                uiplib_ip4addrconv
                0x0000000000020a22                uiplib_ipaddr_print
                0x0000000000020a86                uiplib_ipaddr_snprint
 .text          0x0000000000020ca9      0x610 build/cooja/mtype35.a(rpl.o)
                0x0000000000020ca9                rpl_lollipop_greater_than
                0x0000000000020d0c                rpl_get_global_address
                0x0000000000020e42                rpl_link_callback
                0x0000000000020ea5                rpl_has_joined
                0x0000000000020edb                rpl_is_reachable
                0x0000000000020f7e                rpl_reset_prefix
                0x0000000000020ffa                rpl_set_prefix_from_addr
                0x000000000002110c                rpl_set_prefix
                0x0000000000021280                rpl_set_leaf_only
                0x00000000000212a3                rpl_get_leaf_only
 .text          0x00000000000212b9     0x1491 build/cooja/mtype35.a(rpl-icmp6.o)
                0x0000000000021416                rpl_icmp6_update_nbr_table
                0x00000000000214c8                rpl_icmp6_dis_output
                0x0000000000021add                rpl_icmp6_dio_output
                0x0000000000022336                rpl_icmp6_dao_output
                0x0000000000022663                rpl_icmp6_dao_ack_output
                0x00000000000226ea                rpl_icmp6_init
 .text          0x000000000002274a      0x2e4 build/cooja/mtype35.a(rpl-dag-root.o)
                0x000000000002274a                rpl_dag_root_print_links
                0x00000000000228a3                rpl_dag_root_set_prefix
                0x00000000000228de                rpl_dag_root_start
                0x00000000000229ec                rpl_dag_root_is_root
 .text          0x0000000000022a2e       0x6b build/cooja/mtype35.a(watchdog.o)
                0x0000000000022a2e                watchdog_init
                0x0000000000022a3e                watchdog_start
                0x0000000000022a4e                watchdog_periodic
                0x0000000000022a79                watchdog_stop
                0x0000000000022a89                watchdog_reboot
 .text          0x0000000000022a99       0x75 build/cooja/mtype35.a(int-master.o)
                0x0000000000022a99                int_master_enable
                0x0000000000022ab3                int_master_read_and_disable
                0x0000000000022adb                int_master_status_set
                0x0000000000022af4                int_master_is_enabled
 .text          0x0000000000022b0e      0x2bc build/cooja/mtype35.a(coap-timer-defa)
 .text          0x0000000000022dca      0x11d build/cooja/mtype35.a(stimer.o)
                0x0000000000022dca                stimer_set
                0x0000000000022df9                stimer_reset
                0x0000000000022e30                stimer_restart
                0x0000000000022e56                stimer_expired
                0x0000000000022e92                stimer_remaining
                0x0000000000022ebe                stimer_elapsed
 .text          0x0000000000022ee7      0x188 build/cooja/mtype35.a(ringbuf.o)
                0x0000000000022ee7                ringbuf_init
                0x0000000000022f23                ringbuf_put
                0x0000000000022fab                ringbuf_get
                0x0000000000023022                ringbuf_size
                0x000000000002303e                ringbuf_elements
 .text          0x000000000002306f       0x31 build/cooja/mtype35.a(assert.o)
                0x000000000002306f                _xassert
 .text          0x00000000000230a0      0xb68 build/cooja/mtype35.a(nbr-table.o)
                0x0000000000023442                nbr_table_count_entries
                0x00000000000234ef                nbr_table_gc_get_worst
                0x000000000002352f                nbr_table_can_accept_new
                0x00000000000236b8                nbr_table_entry_is_allowed
                0x0000000000023758                nbr_table_register
                0x00000000000237d6                nbr_table_is_registered
                0x000000000002381b                nbr_table_head
                0x0000000000023888                nbr_table_next
                0x00000000000238fa                nbr_table_add_lladdr
                0x0000000000023a49                nbr_table_get_from_lladdr
                0x0000000000023aa6                nbr_table_remove
                0x0000000000023af1                nbr_table_lock
                0x0000000000023b17                nbr_table_unlock
                0x0000000000023b3d                nbr_table_get_lladdr
                0x0000000000023b73                nbr_table_clear
                0x0000000000023bb8                nbr_table_key_head
                0x0000000000023be2                nbr_table_key_next
 .text          0x0000000000023c08      0x450 build/cooja/mtype35.a(link-stats.o)
                0x0000000000023c08                link_stats_from_lladdr
                0x0000000000023c35                link_stats_get_lladdr
                0x0000000000023c62                link_stats_is_fresh
                0x0000000000023caf                guess_etx_from_rssi
                0x0000000000023d35                link_stats_packet_sent
                0x0000000000023e79                link_stats_input_callback
                0x0000000000023fad                link_stats_reset
                0x000000000002400f                link_stats_init
 .text          0x0000000000024058      0x1a8 build/cooja/mtype35.a(mac-sequence.o)
                0x0000000000024058                mac_sequence_is_duplicate
                0x0000000000024118                mac_sequence_register_seqno
 .text          0x0000000000024200       0x2d build/cooja/mtype35.a(mac.o)
                0x0000000000024200                mac_call_sent_callback
 .text          0x000000000002422d      0x477 build/cooja/mtype35.a(framer-802154.o)
                0x00000000000243d0                framer_802154_setup_params
 .text          0x00000000000246a4      0xc1a build/cooja/mtype35.a(frame802154.o)
                0x00000000000246df                frame802154_get_pan_id
                0x00000000000246f5                frame802154_set_pan_id
                0x000000000002471a                frame802154_has_panid
                0x00000000000248d3                frame802154_check_dest_panid
                0x0000000000024965                frame802154_is_broadcast_addr
                0x00000000000249bc                frame802154_extract_linkaddr
                0x0000000000024c45                frame802154_hdrlen
                0x0000000000024cc2                frame802154_create_fcf
                0x0000000000024d84                frame802154_create
                0x0000000000024f0f                frame802154_parse_fcf
                0x0000000000024ffb                frame802154_parse
 .text          0x00000000000252be       0x4e build/cooja/mtype35.a(csma-security.o)
                0x00000000000252be                csma_security_create_frame
                0x00000000000252ef                csma_security_parse_frame
 .text          0x000000000002530c      0x5d3 build/cooja/mtype35.a(uipbuf.o)
                0x000000000002530c                uipbuf_clear
                0x0000000000025343                uipbuf_add_ext_hdr
                0x00000000000253de                uipbuf_set_len
                0x0000000000025418                uipbuf_set_len_field
                0x000000000002544e                uipbuf_get_len_field
                0x0000000000025478                uipbuf_get_next_header
                0x00000000000255c9                uipbuf_get_last_header
                0x000000000002564c                uipbuf_search_header
                0x0000000000025710                uipbuf_get_attr
                0x0000000000025741                uipbuf_set_attr
                0x0000000000025782                uipbuf_set_default_attr
                0x00000000000257c3                uipbuf_clear_attr
                0x0000000000025803                uipbuf_set_attr_flag
                0x000000000002582f                uipbuf_clr_attr_flag
                0x0000000000025861                uipbuf_is_attr_flag
                0x000000000002588f                uipbuf_init
 .text          0x00000000000258df      0x8b7 build/cooja/mtype35.a(uip-icmp6.o)
                0x0000000000025964                uip_icmp6_input
                0x00000000000259c5                uip_icmp6_register_input_handler
                0x0000000000025b79                uip_icmp6_error_output
                0x0000000000025ebb                uip_icmp6_send
                0x00000000000260e9                uip_icmp6_echo_reply_callback_add
                0x000000000002612c                uip_icmp6_echo_reply_callback_rm
                0x000000000002615a                uip_icmp6_init
 .text          0x0000000000026196      0x772 build/cooja/mtype35.a(uip-sr.o)
                0x0000000000026196                uip_sr_num_nodes
                0x0000000000026242                uip_sr_get_node
                0x00000000000262a9                uip_sr_is_addr_reachable
                0x0000000000026366                uip_sr_expire_parent
                0x00000000000263b9                uip_sr_update_node
                0x00000000000264fd                uip_sr_init
                0x0000000000026543                uip_sr_node_head
                0x000000000002656d                uip_sr_node_next
                0x0000000000026593                uip_sr_periodic
                0x00000000000266af                uip_sr_free_all
                0x0000000000026734                uip_sr_link_snprint
 .text          0x0000000000026908      0x1a5 build/cooja/mtype35.a(uip-packetqueue)
                0x0000000000026948                uip_packetqueue_new
                0x0000000000026961                uip_packetqueue_alloc
                0x00000000000269d0                uip_packetqueue_free
                0x0000000000026a28                uip_packetqueue_buf
                0x0000000000026a4f                uip_packetqueue_buflen
                0x0000000000026a7a                uip_packetqueue_set_buflen
 .text          0x0000000000026aad       0x8d build/cooja/mtype35.a(rpl-nbr-policy.)
                0x0000000000026af9                rpl_nbr_gc_get_worst
 .text          0x0000000000026b3a      0xaad build/cooja/mtype35.a(rpl-neighbor.o)
                0x0000000000026bd6                rpl_neighbor_snprint
                0x0000000000026ebe                rpl_neighbor_print_list
                0x0000000000026f91                rpl_neighbor_count
                0x0000000000027074                rpl_neighbor_get_from_lladdr
                0x00000000000270a1                rpl_neighbor_is_acceptable_parent
                0x00000000000270e7                rpl_neighbor_get_link_metric
                0x000000000002712d                rpl_neighbor_rank_via_nbr
                0x0000000000027173                rpl_neighbor_get_lladdr
                0x00000000000271a0                rpl_neighbor_get_ipaddr
                0x00000000000271d6                rpl_neighbor_get_link_stats
                0x000000000002720c                rpl_neighbor_is_fresh
                0x0000000000027242                rpl_neighbor_is_parent
                0x0000000000027279                rpl_neighbor_set_preferred_parent
                0x0000000000027333                rpl_neighbor_remove_all
                0x00000000000273a0                rpl_neighbor_get_from_ipaddr
                0x00000000000274da                rpl_neighbor_select_best
                0x00000000000275b5                rpl_neighbor_init
 .text          0x00000000000275e7     0x11f4 build/cooja/mtype35.a(rpl-dag.o)
                0x00000000000275e7                rpl_dag_state_to_str
                0x0000000000027635                rpl_dag_get_root_ipaddr
                0x0000000000027685                rpl_dag_leave
                0x000000000002773b                rpl_dag_poison_and_leave
                0x0000000000027767                rpl_dag_periodic
                0x000000000002782c                rpl_is_addr_in_our_dag
                0x000000000002788b                rpl_get_default_instance
                0x00000000000278b5                rpl_get_any_dag
                0x000000000002792b                rpl_refresh_routes
                0x000000000002798e                rpl_global_repair
                0x0000000000027a5f                rpl_local_repair
                0x0000000000027ac4                rpl_dag_ready_to_advertise
                0x0000000000027b1d                rpl_dag_update_state
                0x0000000000028399                rpl_process_dio
                0x0000000000028434                rpl_process_dis
                0x000000000002848a                rpl_process_dao
                0x000000000002852b                rpl_process_dao_ack
                0x00000000000285e7                rpl_process_hbh
                0x0000000000028647                rpl_dag_init_root
                0x00000000000287a9                rpl_dag_init
 .text          0x00000000000287db      0xd8d build/cooja/mtype35.a(rpl-timers.o)
                0x00000000000287db                rpl_timers_schedule_periodic_dis
                0x0000000000028985                rpl_timers_dio_reset
                0x0000000000028afd                rpl_timers_schedule_unicast_dio
                0x0000000000028cd0                rpl_timers_schedule_dao
                0x0000000000028dd6                rpl_timers_schedule_dao_ack
                0x0000000000028ea5                rpl_timers_notify_dao_ack
                0x0000000000028f2b                get_probing_delay
                0x0000000000028f70                get_probing_target
                0x00000000000291a5                rpl_schedule_probing
                0x00000000000291f1                rpl_schedule_probing_now
                0x000000000002928b                rpl_timers_unschedule_leaving
                0x00000000000292e5                rpl_timers_schedule_leaving
                0x000000000002934a                rpl_timers_init
                0x000000000002940c                rpl_timers_stop_dag_timers
                0x00000000000294c9                rpl_timers_unschedule_state_update
                0x0000000000029505                rpl_timers_schedule_state_update
 .text          0x0000000000029568      0xd42 build/cooja/mtype35.a(rpl-ext-header.)
                0x0000000000029568                rpl_ext_header_srh_get_next_hop
                0x0000000000029673                rpl_ext_header_srh_update
                0x0000000000029ca5                rpl_ext_header_hbh_update
                0x000000000002a024                rpl_ext_header_update
                0x000000000002a0d3                rpl_ext_header_remove
 .text          0x000000000002a2aa      0x39b build/cooja/mtype35.a(rpl-mrhof.o)
 *fill*         0x000000000002a645        0xb 
 .text          0x000000000002a650      0x116 /usr/lib/gcc/i686-linux-gnu/7/libgcc.a(_udivdi3.o)
                0x000000000002a650                __udivdi3
 *fill*         0x000000000002a766        0xa 
 .text          0x000000000002a770       0x14 /usr/lib/i386-linux-gnu/libc_nonshared.a(stack_chk_fail_local.oS)
                0x000000000002a770                __stack_chk_fail_local
 .text          0x000000000002a784        0x0 /usr/lib/gcc/i686-linux-gnu/7/crtendS.o
 .text          0x000000000002a784        0x0 /usr/lib/gcc/i686-linux-gnu/7/../../../i386-linux-gnu/crtn.o
 *(.gnu.warning)

.fini           0x000000000002a784       0x14
 *(SORT_NONE(.fini))
 .fini          0x000000000002a784        0xf /usr/lib/gcc/i686-linux-gnu/7/../../../i386-linux-gnu/crti.o
                0x000000000002a784                _fini
 .fini          0x000000000002a793        0x5 /usr/lib/gcc/i686-linux-gnu/7/../../../i386-linux-gnu/crtn.o
                [!provide]                        PROVIDE (__etext = .)
                [!provide]                        PROVIDE (_etext = .)
                [!provide]                        PROVIDE (etext = .)

.rodata         0x000000000002a798      0xa37
 *(.rodata .rodata.* .gnu.linkonce.r.*)
 .rodata        0x000000000002a798      0x16b fire_detector_server.o
 *fill*         0x000000000002a903        0x1 
 .rodata        0x000000000002a904        0x6 build/cooja/mtype35.a(leds-arch.o)
                0x000000000002a904                leds_arch_leds
 .rodata        0x000000000002a90a        0x4 build/cooja/mtype35.a(pir-sensor.o)
 .rodata        0x000000000002a90e        0x6 build/cooja/mtype35.a(rs232.o)
 .rodata        0x000000000002a914        0xa build/cooja/mtype35.a(vib-sensor.o)
 *fill*         0x000000000002a91e        0x2 
 .rodata        0x000000000002a920       0x27 build/cooja/mtype35.a(cfs-cooja.o)
 *fill*         0x000000000002a947        0x1 
 .rodata        0x000000000002a948       0x68 build/cooja/mtype35.a(cooja-radio.o)
 .rodata        0x000000000002a9b0        0x8 build/cooja/mtype35.a(sensors.o)
 .rodata        0x000000000002a9b8       0x14 build/cooja/mtype35.a(buttons.o)
                0x000000000002a9c4                button_hal_button_count
 .rodata        0x000000000002a9cc       0xcf build/cooja/mtype35.a(fire_detector.o)
 .rodata        0x000000000002aa9b       0x41 build/cooja/mtype35.a(coap-engine.o)
 .rodata        0x000000000002aadc       0x19 build/cooja/mtype35.a(coap-res-well-k)
 .rodata        0x000000000002aaf5       0x11 build/cooja/mtype35.a(coap-observe.o)
 .rodata        0x000000000002ab06       0x35 build/cooja/mtype35.a(coap-uip.o)
 *fill*         0x000000000002ab3b        0x1 
 .rodata        0x000000000002ab3c      0x1ac build/cooja/mtype35.a(coap.o)
 .rodata        0x000000000002ace8       0xf4 build/cooja/mtype35.a(contiki-main.o)
 .rodata        0x000000000002addc        0xf build/cooja/mtype35.a(ctimer.o)
 *fill*         0x000000000002adeb        0x1 
 .rodata        0x000000000002adec       0xc4 build/cooja/mtype35.a(log.o)
 .rodata        0x000000000002aeb0        0xc build/cooja/mtype35.a(etimer.o)
 .rodata        0x000000000002aebc       0x13 build/cooja/mtype35.a(button-hal.o)
 .rodata        0x000000000002aecf        0xe build/cooja/mtype35.a(serial-line.o)
 *fill*         0x000000000002aedd        0x3 
 .rodata        0x000000000002aee0        0x8 build/cooja/mtype35.a(linkaddr.o)
                0x000000000002aee0                linkaddr_null
 .rodata        0x000000000002aee8        0x5 build/cooja/mtype35.a(csma.o)
 *fill*         0x000000000002aeed        0x3 
 .rodata        0x000000000002aef0       0x2a build/cooja/mtype35.a(csma-output.o)
 *fill*         0x000000000002af1a        0x2 
 .rodata        0x000000000002af1c       0x4d build/cooja/mtype35.a(uip-ds6-route.o)
 .rodata        0x000000000002af69        0xd build/cooja/mtype35.a(tcpip.o)
 *fill*         0x000000000002af76        0x2 
 .rodata        0x000000000002af78       0x48 build/cooja/mtype35.a(uip6.o)
 .rodata        0x000000000002afc0       0x1f build/cooja/mtype35.a(sicslowpan.o)
                0x000000000002afc0                unc_llconf
                0x000000000002afc4                unc_ctxconf
                0x000000000002afc8                unc_mxconf
                0x000000000002afcc                llprefix
 .rodata        0x000000000002afdf       0x2d build/cooja/mtype35.a(uiplib.o)
 .rodata        0x000000000002b00c        0x9 build/cooja/mtype35.a(rpl.o)
 .rodata        0x000000000002b015       0x13 build/cooja/mtype35.a(coap-timer-defa)
 .rodata        0x000000000002b028       0x25 build/cooja/mtype35.a(assert.o)
 .rodata        0x000000000002b04d       0x44 build/cooja/mtype35.a(uip-sr.o)
 *fill*         0x000000000002b091        0x3 
 .rodata        0x000000000002b094       0x58 build/cooja/mtype35.a(rpl-neighbor.o)
 .rodata        0x000000000002b0ec       0xd7 build/cooja/mtype35.a(rpl-dag.o)
 .rodata        0x000000000002b1c3        0xc build/cooja/mtype35.a(rpl-timers.o)

.rodata1
 *(.rodata1)

.eh_frame_hdr   0x000000000002b1d0     0x1acc
 *(.eh_frame_hdr)
 .eh_frame_hdr  0x000000000002b1d0     0x1acc fire_detector_server.o
                0x000000000002b1d0                __GNU_EH_FRAME_HDR
 *(.eh_frame_entry .eh_frame_entry.*)

.eh_frame       0x000000000002cc9c     0x7408
 *(.eh_frame)
 .eh_frame      0x000000000002cc9c       0x3c /usr/lib/gcc/i686-linux-gnu/7/../../../i386-linux-gnu/crti.o
                                         0x40 (size before relaxing)
 .eh_frame      0x000000000002ccd8       0x14 /usr/lib/gcc/i686-linux-gnu/7/../../../i386-linux-gnu/crti.o
                                         0x2c (size before relaxing)
 .eh_frame      0x000000000002ccec       0x6c fire_detector_server.o
                                         0x98 (size before relaxing)
 .eh_frame      0x000000000002cd58      0x1ac build/cooja/mtype35.o
                                        0x1ec (size before relaxing)
 .eh_frame      0x000000000002cf04       0x48 build/cooja/mtype35.a(simEnvChange.o)
                                         0x74 (size before relaxing)
 .eh_frame      0x000000000002cf4c       0x6c build/cooja/mtype35.a(cooja_mt.o)
                                         0x98 (size before relaxing)
 .eh_frame      0x000000000002cfb8       0x88 build/cooja/mtype35.a(cooja_mtarch.o)
                                         0xc8 (size before relaxing)
 .eh_frame      0x000000000002d040       0xe4 build/cooja/mtype35.a(rtimer-arch.o)
                                        0x110 (size before relaxing)
 .eh_frame      0x000000000002d124      0x160 build/cooja/mtype35.a(beep.o)
                                        0x18c (size before relaxing)
 .eh_frame      0x000000000002d284       0x88 build/cooja/mtype35.a(leds-arch.o)
                                         0xc8 (size before relaxing)
 .eh_frame      0x000000000002d30c       0x44 build/cooja/mtype35.a(moteid.o)
                                         0x70 (size before relaxing)
 .eh_frame      0x000000000002d350       0xa4 build/cooja/mtype35.a(pir-sensor.o)
                                         0xe4 (size before relaxing)
 .eh_frame      0x000000000002d3f4      0x110 build/cooja/mtype35.a(rs232.o)
                                        0x150 (size before relaxing)
 .eh_frame      0x000000000002d504       0xa4 build/cooja/mtype35.a(vib-sensor.o)
                                         0xe4 (size before relaxing)
 .eh_frame      0x000000000002d5a8       0xc0 build/cooja/mtype35.a(clock.o)
                                         0xec (size before relaxing)
 .eh_frame      0x000000000002d668      0x130 build/cooja/mtype35.a(cooja-log.o)
                                        0x170 (size before relaxing)
 .eh_frame      0x000000000002d798      0x16c build/cooja/mtype35.a(cfs-cooja.o)
                                        0x1ac (size before relaxing)
 .eh_frame      0x000000000002d904      0x374 build/cooja/mtype35.a(cooja-radio.o)
                                        0x3b4 (size before relaxing)
 .eh_frame      0x000000000002dc78       0xa8 build/cooja/mtype35.a(eeprom.o)
                                         0xe8 (size before relaxing)
 .eh_frame      0x000000000002dd20       0x48 build/cooja/mtype35.a(random.o)
                                         0x74 (size before relaxing)
 .eh_frame      0x000000000002dd68       0xd0 build/cooja/mtype35.a(sensors.o)
                                        0x110 (size before relaxing)
 .eh_frame      0x000000000002de38      0x140 build/cooja/mtype35.a(leds.o)
                                        0x180 (size before relaxing)
 .eh_frame      0x000000000002df78      0x228 build/cooja/mtype35.a(gpio-hal-arch.o)
                                        0x27c (size before relaxing)
 .eh_frame      0x000000000002e1a0       0xa4 build/cooja/mtype35.a(buttons.o)
                                         0xe4 (size before relaxing)
 .eh_frame      0x000000000002e244       0x90 build/cooja/mtype35.a(fire_detector.o)
                                         0xbc (size before relaxing)
 .eh_frame      0x000000000002e2d4       0x48 build/cooja/mtype35.a(coap-blocking-a)
                                         0x88 (size before relaxing)
 .eh_frame      0x000000000002e31c      0x24c build/cooja/mtype35.a(coap-engine.o)
                                        0x28c (size before relaxing)
 .eh_frame      0x000000000002e568       0x2c build/cooja/mtype35.a(coap-res-well-k)
                                         0x58 (size before relaxing)
 .eh_frame      0x000000000002e594      0x1b4 build/cooja/mtype35.a(coap-observe.o)
                                        0x1f4 (size before relaxing)
 .eh_frame      0x000000000002e748      0x278 build/cooja/mtype35.a(coap-uip.o)
                                        0x2b8 (size before relaxing)
 .eh_frame      0x000000000002e9c0      0x128 build/cooja/mtype35.a(coap-timer.o)
                                        0x168 (size before relaxing)
 .eh_frame      0x000000000002eae8      0x110 build/cooja/mtype35.a(coap-transactio)
                                        0x150 (size before relaxing)
 .eh_frame      0x000000000002ebf8      0x72c build/cooja/mtype35.a(coap.o)
                                        0x76c (size before relaxing)
 .eh_frame      0x000000000002f324       0x38 build/cooja/mtype35.a(contiki-main.o)
                                         0x64 (size before relaxing)
 .eh_frame      0x000000000002f35c       0x48 build/cooja/mtype35.a(autostart.o)
                                         0x74 (size before relaxing)
 .eh_frame      0x000000000002f3a4      0x11c build/cooja/mtype35.a(ctimer.o)
                                        0x15c (size before relaxing)
 .eh_frame      0x000000000002f4c0      0x144 build/cooja/mtype35.a(log.o)
                                        0x184 (size before relaxing)
 .eh_frame      0x000000000002f604       0x60 build/cooja/mtype35.a(energest.o)
                                         0x8c (size before relaxing)
 .eh_frame      0x000000000002f664      0x204 build/cooja/mtype35.a(etimer.o)
                                        0x244 (size before relaxing)
 .eh_frame      0x000000000002f868       0x20 build/cooja/mtype35.a(node-id.o)
                                         0x4c (size before relaxing)
 .eh_frame      0x000000000002f888       0x6c build/cooja/mtype35.a(rtimer.o)
                                         0xc0 (size before relaxing)
 .eh_frame      0x000000000002f8f4      0x1ec build/cooja/mtype35.a(process.o)
                                        0x22c (size before relaxing)
 .eh_frame      0x000000000002fae0       0xb4 build/cooja/mtype35.a(timer.o)
                                         0xe0 (size before relaxing)
 .eh_frame      0x000000000002fb94      0x1a0 build/cooja/mtype35.a(list.o)
                                        0x1cc (size before relaxing)
 .eh_frame      0x000000000002fd34       0xa4 build/cooja/mtype35.a(memb.o)
                                         0xe4 (size before relaxing)
 .eh_frame      0x000000000002fdd8      0x188 build/cooja/mtype35.a(button-hal.o)
                                        0x1c8 (size before relaxing)
 .eh_frame      0x000000000002ff60       0x6c build/cooja/mtype35.a(serial-line.o)
                                         0x98 (size before relaxing)
 .eh_frame      0x000000000002ffcc       0xfc build/cooja/mtype35.a(gpio-hal.o)
                                        0x13c (size before relaxing)
 .eh_frame      0x00000000000300c8      0x1c0 build/cooja/mtype35.a(queuebuf.o)
                                        0x200 (size before relaxing)
 .eh_frame      0x0000000000030288      0x2b0 build/cooja/mtype35.a(packetbuf.o)
                                        0x2f0 (size before relaxing)
 .eh_frame      0x0000000000030538       0x90 build/cooja/mtype35.a(netstack.o)
                                         0xd0 (size before relaxing)
 .eh_frame      0x00000000000305c8       0x64 build/cooja/mtype35.a(linkaddr.o)
                                         0x90 (size before relaxing)
 .eh_frame      0x000000000003062c       0xf0 build/cooja/mtype35.a(csma.o)
                                        0x130 (size before relaxing)
 .eh_frame      0x000000000003071c      0x1f8 build/cooja/mtype35.a(csma-output.o)
                                        0x238 (size before relaxing)
 .eh_frame      0x0000000000030914      0x364 build/cooja/mtype35.a(uip-ds6.o)
                                        0x3a4 (size before relaxing)
 .eh_frame      0x0000000000030c78       0x44 build/cooja/mtype35.a(uip-udp-packet.)
                                         0x84 (size before relaxing)
 .eh_frame      0x0000000000030cbc      0x260 build/cooja/mtype35.a(uip-ds6-route.o)
                                        0x2a0 (size before relaxing)
 .eh_frame      0x0000000000030f1c      0x34c build/cooja/mtype35.a(tcpip.o)
                                        0x38c (size before relaxing)
 .eh_frame      0x0000000000031268      0x2e8 build/cooja/mtype35.a(uip6.o)
                                        0x33c (size before relaxing)
 .eh_frame      0x0000000000031550      0x1e8 build/cooja/mtype35.a(uip-ds6-nbr.o)
                                        0x228 (size before relaxing)
 .eh_frame      0x0000000000031738       0x8c build/cooja/mtype35.a(uip-nd6.o)
                                         0xe0 (size before relaxing)
 .eh_frame      0x00000000000317c4      0x354 build/cooja/mtype35.a(sicslowpan.o)
                                        0x3a8 (size before relaxing)
 .eh_frame      0x0000000000031b18       0x9c build/cooja/mtype35.a(uiplib.o)
                                         0xdc (size before relaxing)
 .eh_frame      0x0000000000031bb4      0x1fc build/cooja/mtype35.a(rpl.o)
                                        0x23c (size before relaxing)
 .eh_frame      0x0000000000031db0      0x1f0 build/cooja/mtype35.a(rpl-icmp6.o)
                                        0x230 (size before relaxing)
 .eh_frame      0x0000000000031fa0       0xb0 build/cooja/mtype35.a(rpl-dag-root.o)
                                         0xf0 (size before relaxing)
 .eh_frame      0x0000000000032050       0xa4 build/cooja/mtype35.a(watchdog.o)
                                         0xd0 (size before relaxing)
 .eh_frame      0x00000000000320f4       0x80 build/cooja/mtype35.a(int-master.o)
                                         0xac (size before relaxing)
 .eh_frame      0x0000000000032174       0xc4 build/cooja/mtype35.a(coap-timer-defa)
                                        0x104 (size before relaxing)
 .eh_frame      0x0000000000032238       0xd8 build/cooja/mtype35.a(stimer.o)
                                        0x104 (size before relaxing)
 .eh_frame      0x0000000000032310       0xa0 build/cooja/mtype35.a(ringbuf.o)
                                         0xcc (size before relaxing)
 .eh_frame      0x00000000000323b0       0x24 build/cooja/mtype35.a(assert.o)
                                         0x50 (size before relaxing)
 .eh_frame      0x00000000000323d4      0x428 build/cooja/mtype35.a(nbr-table.o)
                                        0x468 (size before relaxing)
 .eh_frame      0x00000000000327fc      0x140 build/cooja/mtype35.a(link-stats.o)
                                        0x180 (size before relaxing)
 .eh_frame      0x000000000003293c       0x50 build/cooja/mtype35.a(mac-sequence.o)
                                         0x7c (size before relaxing)
 .eh_frame      0x000000000003298c       0x20 build/cooja/mtype35.a(mac.o)
                                         0x4c (size before relaxing)
 .eh_frame      0x00000000000329ac       0xb4 build/cooja/mtype35.a(framer-802154.o)
                                         0xf4 (size before relaxing)
 .eh_frame      0x0000000000032a60      0x1b0 build/cooja/mtype35.a(frame802154.o)
                                        0x1f0 (size before relaxing)
 .eh_frame      0x0000000000032c10       0x44 build/cooja/mtype35.a(csma-security.o)
                                         0x84 (size before relaxing)
 .eh_frame      0x0000000000032c54      0x204 build/cooja/mtype35.a(uipbuf.o)
                                        0x230 (size before relaxing)
 .eh_frame      0x0000000000032e58      0x170 build/cooja/mtype35.a(uip-icmp6.o)
                                        0x1b0 (size before relaxing)
 .eh_frame      0x0000000000032fc8      0x1ac build/cooja/mtype35.a(uip-sr.o)
                                        0x1ec (size before relaxing)
 .eh_frame      0x0000000000033174       0xec build/cooja/mtype35.a(uip-packetqueue)
                                        0x12c (size before relaxing)
 .eh_frame      0x0000000000033260       0x48 build/cooja/mtype35.a(rpl-nbr-policy.)
                                         0x88 (size before relaxing)
 .eh_frame      0x00000000000332a8      0x2ec build/cooja/mtype35.a(rpl-neighbor.o)
                                        0x340 (size before relaxing)
 .eh_frame      0x0000000000033594      0x3c0 build/cooja/mtype35.a(rpl-dag.o)
                                        0x414 (size before relaxing)
 .eh_frame      0x0000000000033954      0x418 build/cooja/mtype35.a(rpl-timers.o)
                                        0x458 (size before relaxing)
 .eh_frame      0x0000000000033d6c      0x144 build/cooja/mtype35.a(rpl-ext-header.)
                                        0x184 (size before relaxing)
 .eh_frame      0x0000000000033eb0      0x150 build/cooja/mtype35.a(rpl-mrhof.o)
                                        0x190 (size before relaxing)
 .eh_frame      0x0000000000034000       0x84 /usr/lib/gcc/i686-linux-gnu/7/libgcc.a(_udivdi3.o)
                                         0x9c (size before relaxing)
 .eh_frame      0x0000000000034084       0x1c /usr/lib/i386-linux-gnu/libc_nonshared.a(stack_chk_fail_local.oS)
                                         0x48 (size before relaxing)
 .eh_frame      0x00000000000340a0        0x4 /usr/lib/gcc/i686-linux-gnu/7/crtendS.o
 *(.eh_frame.*)

.gcc_except_table
 *(.gcc_except_table .gcc_except_table.*)

.gnu_extab
 *(.gnu_extab*)

.exception_ranges
 *(.exception_ranges .exception_ranges*)
                0x0000000000035bf8                . = DATA_SEGMENT_ALIGN (CONSTANT (MAXPAGESIZE), CONSTANT (COMMONPAGESIZE))

.eh_frame
 *(.eh_frame)
 *(.eh_frame.*)

.gnu_extab
 *(.gnu_extab)

.gcc_except_table
 *(.gcc_except_table .gcc_except_table.*)

.exception_ranges
 *(.exception_ranges .exception_ranges*)

.tdata
 *(.tdata .tdata.* .gnu.linkonce.td.*)

.tbss
 *(.tbss .tbss.* .gnu.linkonce.tb.*)
 *(.tcommon)

.preinit_array
 *(.preinit_array)

.init_array     0x0000000000035bf8        0x4
 *(SORT_BY_INIT_PRIORITY(.init_array.*) SORT_BY_INIT_PRIORITY(.ctors.*))
 *(.init_array EXCLUDE_FILE(*crtend?.o *crtend.o *crtbegin?.o *crtbegin.o) .ctors)
 .init_array    0x0000000000035bf8        0x4 /usr/lib/gcc/i686-linux-gnu/7/crtbeginS.o

.fini_array     0x0000000000035bfc        0x4
 *(SORT_BY_INIT_PRIORITY(.fini_array.*) SORT_BY_INIT_PRIORITY(.dtors.*))
 *(.fini_array EXCLUDE_FILE(*crtend?.o *crtend.o *crtbegin?.o *crtbegin.o) .dtors)
 .fini_array    0x0000000000035bfc        0x4 /usr/lib/gcc/i686-linux-gnu/7/crtbeginS.o

.ctors
 *crtbegin.o(.ctors)
 *crtbegin?.o(.ctors)
 *(EXCLUDE_FILE(*crtend?.o *crtend.o) .ctors)
 *(SORT_BY_NAME(.ctors.*))
 *(.ctors)

.dtors
 *crtbegin.o(.dtors)
 *crtbegin?.o(.dtors)
 *(EXCLUDE_FILE(*crtend?.o *crtend.o) .dtors)
 *(SORT_BY_NAME(.dtors.*))
 *(.dtors)

.jcr
 *(.jcr)

.data.rel.ro    0x0000000000035c00      0x198
 *(.data.rel.ro.local* .gnu.linkonce.d.rel.ro.local.*)
 .data.rel.ro.local
                0x0000000000035c00        0x8 fire_detector_server.o
                0x0000000000035c00                autostart_processes
 .data.rel.ro.local
                0x0000000000035c08        0x8 build/cooja/mtype35.a(beep.o)
                0x0000000000035c08                beep_interface
 .data.rel.ro.local
                0x0000000000035c10        0x8 build/cooja/mtype35.a(leds-arch.o)
                0x0000000000035c10                leds_interface
 .data.rel.ro.local
                0x0000000000035c18        0x8 build/cooja/mtype35.a(moteid.o)
                0x0000000000035c18                moteid_interface
 .data.rel.ro.local
                0x0000000000035c20       0x18 build/cooja/mtype35.a(pir-sensor.o)
                0x0000000000035c20                pir_interface
                0x0000000000035c28                pir_sensor
 .data.rel.ro.local
                0x0000000000035c38        0x8 build/cooja/mtype35.a(rs232.o)
                0x0000000000035c38                rs232_interface
 .data.rel.ro.local
                0x0000000000035c40       0x18 build/cooja/mtype35.a(vib-sensor.o)
                0x0000000000035c40                vib_interface
                0x0000000000035c48                vib_sensor
 .data.rel.ro.local
                0x0000000000035c58        0x8 build/cooja/mtype35.a(clock.o)
                0x0000000000035c58                clock_interface
 .data.rel.ro.local
                0x0000000000035c60        0x8 build/cooja/mtype35.a(cooja-log.o)
                0x0000000000035c60                simlog_interface
 .data.rel.ro.local
                0x0000000000035c68        0x8 build/cooja/mtype35.a(cfs-cooja.o)
                0x0000000000035c68                cfs_interface
 *fill*         0x0000000000035c70       0x10 
 .data.rel.ro.local
                0x0000000000035c80       0x58 build/cooja/mtype35.a(cooja-radio.o)
                0x0000000000035c80                radio_interface
                0x0000000000035ca0                cooja_radio_driver
 .data.rel.ro.local
                0x0000000000035cd8        0x8 build/cooja/mtype35.a(eeprom.o)
                0x0000000000035cd8                eeprom_interface
 .data.rel.ro.local
                0x0000000000035ce0       0x18 build/cooja/mtype35.a(buttons.o)
                0x0000000000035ce0                button_interface
                0x0000000000035ce8                button_sensor
 .data.rel.ro.local
                0x0000000000035cf8       0x1c build/cooja/mtype35.a(csma.o)
                0x0000000000035cf8                csma_driver
 .data.rel.ro.local
                0x0000000000035d14       0x10 build/cooja/mtype35.a(sicslowpan.o)
                0x0000000000035d14                sicslowpan_driver
 .data.rel.ro.local
                0x0000000000035d24        0xc build/cooja/mtype35.a(coap-timer-defa)
                0x0000000000035d24                coap_timer_default_driver
 .data.rel.ro.local
                0x0000000000035d30        0xc build/cooja/mtype35.a(framer-802154.o)
                0x0000000000035d30                framer_802154
 *(.data.rel.ro .data.rel.ro.* .gnu.linkonce.d.rel.ro.*)
 .data.rel.ro   0x0000000000035d3c        0x0 /usr/lib/gcc/i686-linux-gnu/7/../../../i386-linux-gnu/crti.o
 *fill*         0x0000000000035d3c        0x4 
 .data.rel.ro   0x0000000000035d40       0x54 build/cooja/mtype35.a(rpl.o)
                0x0000000000035d40                rpl_lite_driver
 .data.rel.ro   0x0000000000035d94        0x4 build/cooja/mtype35.a(rpl-dag.o)

.dynamic        0x0000000000035d98       0xf0
 *(.dynamic)
 .dynamic       0x0000000000035d98       0xf0 /usr/lib/gcc/i686-linux-gnu/7/../../../i386-linux-gnu/crti.o
                0x0000000000035d98                _DYNAMIC

.got            0x0000000000035e88      0x16c
 *(.got)
 .got           0x0000000000035e88      0x16c /usr/lib/gcc/i686-linux-gnu/7/../../../i386-linux-gnu/crti.o
 *(.igot)
                0x0000000000035ff4                . = DATA_SEGMENT_RELRO_END (., (SIZEOF (.got.plt) >= 0xc)?0xc:0x0)

.got.plt        0x0000000000036000      0x578
 *(.got.plt)
 .got.plt       0x0000000000036000      0x578 /usr/lib/gcc/i686-linux-gnu/7/../../../i386-linux-gnu/crti.o
                0x0000000000036000                _GLOBAL_OFFSET_TABLE_
 *(.igot.plt)

.data           0x0000000000036580      0x424
 *(.data .data.* .gnu.linkonce.d.*)
 .data          0x0000000000036580        0x0 /usr/lib/gcc/i686-linux-gnu/7/../../../i386-linux-gnu/crti.o
 .data          0x0000000000036580        0x0 /usr/lib/gcc/i686-linux-gnu/7/crtbeginS.o
 .data.rel.local
                0x0000000000036580        0x4 /usr/lib/gcc/i686-linux-gnu/7/crtbeginS.o
                0x0000000000036580                __dso_handle
 .data          0x0000000000036584        0x0 fire_detector_server.o
 .data.rel.local
                0x0000000000036584       0x14 fire_detector_server.o
                0x0000000000036584                fire_detector_server
                0x0000000000036594                service_url
 .data          0x0000000000036598        0x0 build/cooja/mtype35.o
 *fill*         0x0000000000036598        0x8 
 .data.rel      0x00000000000365a0       0x44 build/cooja/mtype35.o
                0x00000000000365a0                simInterfaces
                0x00000000000365d4                sensors
 .data          0x00000000000365e4        0x0 build/cooja/mtype35.a(simEnvChange.o)
 .data          0x00000000000365e4        0x0 build/cooja/mtype35.a(cooja_mt.o)
 .data          0x00000000000365e4        0x0 build/cooja/mtype35.a(cooja_mtarch.o)
 .data          0x00000000000365e4        0x0 build/cooja/mtype35.a(rtimer-arch.o)
 .data          0x00000000000365e4        0x0 build/cooja/mtype35.a(beep.o)
 .data          0x00000000000365e4        0x0 build/cooja/mtype35.a(leds-arch.o)
 .data          0x00000000000365e4        0x0 build/cooja/mtype35.a(moteid.o)
 .data          0x00000000000365e4        0x0 build/cooja/mtype35.a(pir-sensor.o)
 .data          0x00000000000365e4        0x0 build/cooja/mtype35.a(rs232.o)
 .data          0x00000000000365e4        0x0 build/cooja/mtype35.a(vib-sensor.o)
 .data          0x00000000000365e4        0x0 build/cooja/mtype35.a(clock.o)
 .data          0x00000000000365e4        0x0 build/cooja/mtype35.a(cooja-log.o)
 .data          0x00000000000365e4        0x0 build/cooja/mtype35.a(cfs-cooja.o)
 .data          0x00000000000365e4       0x20 build/cooja/mtype35.a(cooja-radio.o)
                0x00000000000365e4                simRadioHWOn
                0x00000000000365e8                simSignalStrength
                0x00000000000365ec                simLastSignalStrength
                0x00000000000365f0                simPower
                0x00000000000365f4                simRadioChannel
                0x00000000000365f8                simLQI
                0x00000000000365fc                simLastLQI
 .data.rel.local
                0x0000000000036604       0x10 build/cooja/mtype35.a(cooja-radio.o)
                0x0000000000036604                cooja_radio_process
 .data          0x0000000000036614        0x0 build/cooja/mtype35.a(eeprom.o)
 .data          0x0000000000036614        0x0 build/cooja/mtype35.a(random.o)
 .data          0x0000000000036614        0x0 build/cooja/mtype35.a(sensors.o)
 .data.rel.local
                0x0000000000036614       0x10 build/cooja/mtype35.a(sensors.o)
                0x0000000000036614                sensors_process
 .data          0x0000000000036624        0x0 build/cooja/mtype35.a(leds.o)
 .data          0x0000000000036624        0x0 build/cooja/mtype35.a(gpio-hal-arch.o)
 .data          0x0000000000036624        0x1 build/cooja/mtype35.a(buttons.o)
                0x0000000000036624                simButtonIsActive
 *fill*         0x0000000000036625       0x1b 
 .data.rel.local
                0x0000000000036640       0x58 build/cooja/mtype35.a(buttons.o)
                0x0000000000036690                button_hal_buttons
 .data          0x0000000000036698        0x0 build/cooja/mtype35.a(fire_detector.o)
 *fill*         0x0000000000036698        0x8 
 .data.rel.local
                0x00000000000366a0       0x24 build/cooja/mtype35.a(fire_detector.o)
                0x00000000000366a0                fire_detector
 .data          0x00000000000366c4        0x0 build/cooja/mtype35.a(coap-blocking-a)
 .data          0x00000000000366c4        0x0 build/cooja/mtype35.a(coap-engine.o)
 .data.rel.local
                0x00000000000366c4        0x8 build/cooja/mtype35.a(coap-engine.o)
 .data          0x00000000000366cc        0x0 build/cooja/mtype35.a(coap-res-well-k)
 *fill*         0x00000000000366cc       0x14 
 .data.rel.local
                0x00000000000366e0       0x24 build/cooja/mtype35.a(coap-res-well-k)
                0x00000000000366e0                res_well_known_core
 .data          0x0000000000036704        0x0 build/cooja/mtype35.a(coap-observe.o)
 .data.rel.local
                0x0000000000036704       0x10 build/cooja/mtype35.a(coap-observe.o)
 .data          0x0000000000036714        0x0 build/cooja/mtype35.a(coap-uip.o)
 .data.rel.local
                0x0000000000036714       0x10 build/cooja/mtype35.a(coap-uip.o)
                0x0000000000036714                coap_engine
 .data          0x0000000000036724        0x0 build/cooja/mtype35.a(coap-timer.o)
 .data.rel.local
                0x0000000000036724        0x4 build/cooja/mtype35.a(coap-timer.o)
 .data          0x0000000000036728        0x0 build/cooja/mtype35.a(coap-transactio)
 .data.rel.local
                0x0000000000036728       0x10 build/cooja/mtype35.a(coap-transactio)
 .data          0x0000000000036738        0x0 build/cooja/mtype35.a(coap.o)
 .data.rel.local
                0x0000000000036738        0x4 build/cooja/mtype35.a(coap.o)
                0x0000000000036738                coap_error_message
 .data          0x000000000003673c        0x0 build/cooja/mtype35.a(contiki-main.o)
 .data          0x000000000003673c        0x0 build/cooja/mtype35.a(autostart.o)
 .data          0x000000000003673c        0x0 build/cooja/mtype35.a(ctimer.o)
 .data.rel.local
                0x000000000003673c       0x14 build/cooja/mtype35.a(ctimer.o)
                0x0000000000036740                ctimer_process
 .data          0x0000000000036750        0x4 build/cooja/mtype35.a(log.o)
                0x0000000000036750                curr_log_level_main
 *fill*         0x0000000000036754        0xc 
 .data.rel.local
                0x0000000000036760       0x9c build/cooja/mtype35.a(log.o)
                0x0000000000036760                all_modules
 .data          0x00000000000367fc        0x0 build/cooja/mtype35.a(energest.o)
 .data          0x00000000000367fc        0x0 build/cooja/mtype35.a(etimer.o)
 .data.rel.local
                0x00000000000367fc       0x10 build/cooja/mtype35.a(etimer.o)
                0x00000000000367fc                etimer_process
 .data          0x000000000003680c        0x0 build/cooja/mtype35.a(node-id.o)
 .data          0x000000000003680c        0x0 build/cooja/mtype35.a(rtimer.o)
 .data          0x000000000003680c        0x0 build/cooja/mtype35.a(process.o)
 .data          0x000000000003680c        0x0 build/cooja/mtype35.a(timer.o)
 .data          0x000000000003680c        0x0 build/cooja/mtype35.a(list.o)
 .data          0x000000000003680c        0x0 build/cooja/mtype35.a(memb.o)
 .data          0x000000000003680c        0x0 build/cooja/mtype35.a(button-hal.o)
 .data.rel.local
                0x000000000003680c       0x10 build/cooja/mtype35.a(button-hal.o)
                0x000000000003680c                button_hal_process
 .data          0x000000000003681c        0x0 build/cooja/mtype35.a(serial-line.o)
 .data.rel.local
                0x000000000003681c       0x10 build/cooja/mtype35.a(serial-line.o)
                0x000000000003681c                serial_line_process
 .data          0x000000000003682c        0x0 build/cooja/mtype35.a(gpio-hal.o)
 .data.rel.local
                0x000000000003682c        0x4 build/cooja/mtype35.a(gpio-hal.o)
 .data          0x0000000000036830        0x0 build/cooja/mtype35.a(queuebuf.o)
 .data.rel.local
                0x0000000000036830       0x18 build/cooja/mtype35.a(queuebuf.o)
 .data          0x0000000000036848        0x0 build/cooja/mtype35.a(packetbuf.o)
 .data.rel.local
                0x0000000000036848        0x4 build/cooja/mtype35.a(packetbuf.o)
 .data          0x000000000003684c        0x0 build/cooja/mtype35.a(netstack.o)
 .data.rel.local
                0x000000000003684c        0x4 build/cooja/mtype35.a(netstack.o)
 .data          0x0000000000036850        0x0 build/cooja/mtype35.a(linkaddr.o)
 .data          0x0000000000036850        0x0 build/cooja/mtype35.a(csma.o)
 .data          0x0000000000036850        0x0 build/cooja/mtype35.a(csma-output.o)
 .data.rel.local
                0x0000000000036850       0x28 build/cooja/mtype35.a(csma-output.o)
 .data          0x0000000000036878        0x0 build/cooja/mtype35.a(uip-ds6.o)
 .data          0x0000000000036878        0x0 build/cooja/mtype35.a(uip-udp-packet.)
 .data          0x0000000000036878        0x0 build/cooja/mtype35.a(uip-ds6-route.o)
 .data.rel.local
                0x0000000000036878       0x10 build/cooja/mtype35.a(uip-ds6-route.o)
 .data          0x0000000000036888        0x0 build/cooja/mtype35.a(tcpip.o)
 .data.rel.local
                0x0000000000036888       0x10 build/cooja/mtype35.a(tcpip.o)
                0x0000000000036888                tcpip_process
 .data          0x0000000000036898        0x0 build/cooja/mtype35.a(uip6.o)
 .data          0x0000000000036898        0x0 build/cooja/mtype35.a(uip-ds6-nbr.o)
 .data.rel.local
                0x0000000000036898       0x14 build/cooja/mtype35.a(uip-ds6-nbr.o)
 .data          0x00000000000368ac        0x0 build/cooja/mtype35.a(uip-nd6.o)
 .data.rel.local
                0x00000000000368ac        0xc build/cooja/mtype35.a(uip-nd6.o)
 .data          0x00000000000368b8        0x0 build/cooja/mtype35.a(sicslowpan.o)
 .data          0x00000000000368b8        0x0 build/cooja/mtype35.a(uiplib.o)
 .data          0x00000000000368b8        0x0 build/cooja/mtype35.a(rpl.o)
 .data          0x00000000000368b8        0x0 build/cooja/mtype35.a(rpl-icmp6.o)
 .data.rel.local
                0x00000000000368b8       0x30 build/cooja/mtype35.a(rpl-icmp6.o)
 .data          0x00000000000368e8        0x0 build/cooja/mtype35.a(rpl-dag-root.o)
 .data          0x00000000000368e8        0x0 build/cooja/mtype35.a(watchdog.o)
 .data          0x00000000000368e8        0x0 build/cooja/mtype35.a(int-master.o)
 .data          0x00000000000368e8        0x0 build/cooja/mtype35.a(coap-timer-defa)
 .data.rel.local
                0x00000000000368e8       0x10 build/cooja/mtype35.a(coap-timer-defa)
                0x00000000000368e8                coap_timer_process
 .data          0x00000000000368f8        0x0 build/cooja/mtype35.a(stimer.o)
 .data          0x00000000000368f8        0x0 build/cooja/mtype35.a(ringbuf.o)
 .data          0x00000000000368f8        0x0 build/cooja/mtype35.a(assert.o)
 .data          0x00000000000368f8        0x0 build/cooja/mtype35.a(nbr-table.o)
 .data.rel.local
                0x00000000000368f8       0x10 build/cooja/mtype35.a(nbr-table.o)
 .data          0x0000000000036908        0x0 build/cooja/mtype35.a(link-stats.o)
 .data.rel.local
                0x0000000000036908       0x14 build/cooja/mtype35.a(link-stats.o)
 .data          0x000000000003691c        0x0 build/cooja/mtype35.a(mac-sequence.o)
 .data          0x000000000003691c        0x0 build/cooja/mtype35.a(mac.o)
 .data          0x000000000003691c        0x0 build/cooja/mtype35.a(framer-802154.o)
 .data          0x000000000003691c        0x2 build/cooja/mtype35.a(frame802154.o)
 .data          0x000000000003691e        0x0 build/cooja/mtype35.a(csma-security.o)
 .data          0x000000000003691e        0x0 build/cooja/mtype35.a(uipbuf.o)
 .data          0x000000000003691e        0x0 build/cooja/mtype35.a(uip-icmp6.o)
 *fill*         0x000000000003691e        0x2 
 .data.rel.local
                0x0000000000036920       0x20 build/cooja/mtype35.a(uip-icmp6.o)
 .data          0x0000000000036940        0x0 build/cooja/mtype35.a(uip-sr.o)
 .data.rel.local
                0x0000000000036940       0x10 build/cooja/mtype35.a(uip-sr.o)
 .data          0x0000000000036950        0x0 build/cooja/mtype35.a(uip-packetqueue)
 .data.rel.local
                0x0000000000036950        0xc build/cooja/mtype35.a(uip-packetqueue)
 .data          0x000000000003695c        0x0 build/cooja/mtype35.a(rpl-nbr-policy.)
 .data          0x000000000003695c        0x0 build/cooja/mtype35.a(rpl-neighbor.o)
 .data.rel.local
                0x000000000003695c       0x14 build/cooja/mtype35.a(rpl-neighbor.o)
                0x000000000003696c                rpl_neighbors
 .data          0x0000000000036970        0x0 build/cooja/mtype35.a(rpl-dag.o)
 .data          0x0000000000036970        0x0 build/cooja/mtype35.a(rpl-timers.o)
 .data          0x0000000000036970        0x0 build/cooja/mtype35.a(rpl-ext-header.)
 .data          0x0000000000036970        0x0 build/cooja/mtype35.a(rpl-mrhof.o)
 *fill*         0x0000000000036970       0x10 
 .data.rel.local
                0x0000000000036980       0x24 build/cooja/mtype35.a(rpl-mrhof.o)
                0x0000000000036980                rpl_mrhof
 .data          0x00000000000369a4        0x0 /usr/lib/gcc/i686-linux-gnu/7/libgcc.a(_udivdi3.o)
 .data          0x00000000000369a4        0x0 /usr/lib/i386-linux-gnu/libc_nonshared.a(stack_chk_fail_local.oS)
 .data          0x00000000000369a4        0x0 /usr/lib/gcc/i686-linux-gnu/7/crtendS.o
 .data          0x00000000000369a4        0x0 /usr/lib/gcc/i686-linux-gnu/7/../../../i386-linux-gnu/crtn.o

.tm_clone_table
                0x00000000000369a4        0x0
 .tm_clone_table
                0x00000000000369a4        0x0 /usr/lib/gcc/i686-linux-gnu/7/crtbeginS.o
 .tm_clone_table
                0x00000000000369a4        0x0 /usr/lib/gcc/i686-linux-gnu/7/crtendS.o

.data1
 *(.data1)
                0x00000000000369a4                _edata = .
                [!provide]                        PROVIDE (edata = .)
                0x00000000000369a4                . = .
                0x00000000000369a4                __bss_start = .

.bss            0x00000000000369c0    0x143e4
 *(.dynbss)
 .dynbss        0x00000000000369c0        0x0 /usr/lib/gcc/i686-linux-gnu/7/../../../i386-linux-gnu/crti.o
 *(.bss .bss.* .gnu.linkonce.b.*)
 .bss           0x00000000000369c0        0x0 /usr/lib/gcc/i686-linux-gnu/7/../../../i386-linux-gnu/crti.o
 .bss           0x00000000000369c0        0x1 /usr/lib/gcc/i686-linux-gnu/7/crtbeginS.o
 *fill*         0x00000000000369c1       0x1f 
 .bss           0x00000000000369e0      0x14c fire_detector_server.o
 *fill*         0x0000000000036b2c       0x14 
 .bss           0x0000000000036b40     0x2040 build/cooja/mtype35.o
 .bss           0x0000000000038b80        0x1 build/cooja/mtype35.a(simEnvChange.o)
                0x0000000000038b80                simDontFallAsleep
 *fill*         0x0000000000038b81        0x3 
 .bss           0x0000000000038b84        0x4 build/cooja/mtype35.a(cooja_mt.o)
 .bss           0x0000000000038b88        0x4 build/cooja/mtype35.a(cooja_mtarch.o)
 .bss           0x0000000000038b8c        0x0 build/cooja/mtype35.a(rtimer-arch.o)
 .bss           0x0000000000038b8c        0x0 build/cooja/mtype35.a(beep.o)