Archive member included to satisfy reference by file (symbol)

build/cooja/mtype902.a(simEnvChange.o)
                              build/cooja/mtype902.o (simDontFallAsleep)
build/cooja/mtype902.a(cooja_mt.o)
                              build/cooja/mtype902.o (cooja_mt_start)
build/cooja/mtype902.a(cooja_mtarch.o)
                              build/cooja/mtype902.a(cooja_mt.o) (cooja_mtarch_start)
build/cooja/mtype902.a(rtimer-arch.o)
                              build/cooja/mtype902.o (rtimer_arch_check)
build/cooja/mtype902.a(beep.o)
                              build/cooja/mtype902.o (beep_interface)
build/cooja/mtype902.a(leds-arch.o)
                              build/cooja/mtype902.o (leds_interface)
build/cooja/mtype902.a(moteid.o)
                              build/cooja/mtype902.o (moteid_interface)
build/cooja/mtype902.a(pir-sensor.o)
                              build/cooja/mtype902.o (pir_interface)
build/cooja/mtype902.a(rs232.o)
                              build/cooja/mtype902.o (rs232_interface)
build/cooja/mtype902.a(vib-sensor.o)
                              build/cooja/mtype902.o (vib_interface)
build/cooja/mtype902.a(clock.o)
                              build/cooja/mtype902.o (clock_interface)
build/cooja/mtype902.a(cooja-log.o)
                              build/cooja/mtype902.o (simlog_interface)
build/cooja/mtype902.a(cfs-cooja.o)
                              build/cooja/mtype902.o (cfs_interface)
build/cooja/mtype902.a(cooja-radio.o)
                              build/cooja/mtype902.o (radio_interface)
build/cooja/mtype902.a(eeprom.o)
                              build/cooja/mtype902.o (eeprom_interface)
build/cooja/mtype902.a(random.o)
                              build/cooja/mtype902.a(moteid.o) (random_init)
build/cooja/mtype902.a(sensors.o)
                              build/cooja/mtype902.a(pir-sensor.o) (sensors_changed)
build/cooja/mtype902.a(leds.o)
                              fire_detector_server.o (leds_single_off)
build/cooja/mtype902.a(gpio-hal-arch.o)
                              build/cooja/mtype902.a(leds-arch.o) (gpio_hal_arch_register_pin_callback)
build/cooja/mtype902.a(buttons.o)
                              build/cooja/mtype902.o (button_interface)
build/cooja/mtype902.a(fire_detector.o)
                              fire_detector_server.o (fire_detector)
build/cooja/mtype902.a(coap-blocking-a)
                              fire_detector_server.o (coap_blocking_request)
build/cooja/mtype902.a(coap-engine.o)
                              fire_detector_server.o (coap_activate_resource)
build/cooja/mtype902.a(coap-res-well-k)
                              build/cooja/mtype902.a(coap-engine.o) (res_well_known_core)
build/cooja/mtype902.a(coap-observe.o)
                              build/cooja/mtype902.a(coap-engine.o) (coap_remove_observer_by_mid)
build/cooja/mtype902.a(coap-uip.o)
                              build/cooja/mtype902.a(coap-observe.o) (coap_endpoint_copy)
build/cooja/mtype902.a(coap-timer.o)
                              build/cooja/mtype902.a(coap-engine.o) (coap_timer_set)
build/cooja/mtype902.a(coap-transactio)
                              build/cooja/mtype902.a(coap-blocking-a) (coap_send_transaction)
build/cooja/mtype902.a(coap.o)
                              build/cooja/mtype902.a(coap-engine.o) (coap_status_code)
build/cooja/mtype902.a(contiki-main.o)
                              build/cooja/mtype902.o (main)
build/cooja/mtype902.a(autostart.o)
                              build/cooja/mtype902.a(contiki-main.o) (autostart_start)
build/cooja/mtype902.a(ctimer.o)
                              build/cooja/mtype902.a(contiki-main.o) (ctimer_init)
build/cooja/mtype902.a(log.o)
                              build/cooja/mtype902.a(contiki-main.o) (curr_log_level_main)
build/cooja/mtype902.a(energest.o)
                              build/cooja/mtype902.a(contiki-main.o) (energest_init)
build/cooja/mtype902.a(etimer.o)
                              build/cooja/mtype902.a(contiki-main.o) (etimer_process)
build/cooja/mtype902.a(node-id.o)
                              build/cooja/mtype902.a(contiki-main.o) (node_id)
build/cooja/mtype902.a(rtimer.o)
                              build/cooja/mtype902.a(contiki-main.o) (rtimer_init)
build/cooja/mtype902.a(process.o)
                              build/cooja/mtype902.a(coap-blocking-a) (process_current)
build/cooja/mtype902.a(timer.o)
                              build/cooja/mtype902.a(etimer.o) (timer_set)
build/cooja/mtype902.a(list.o)
                              build/cooja/mtype902.a(coap-engine.o) (list_init)
build/cooja/mtype902.a(memb.o)
                              build/cooja/mtype902.a(coap-observe.o) (memb_alloc)
build/cooja/mtype902.a(button-hal.o)
                              build/cooja/mtype902.o (button_hal_init)
build/cooja/mtype902.a(serial-line.o)
                              build/cooja/mtype902.a(rs232.o) (serial_line_input_byte)
[...]
Memory Configuration

Name             Origin             Length             Attributes
*default*        0x0000000000000000 0xffffffffffffffff

Linker script and memory map

LOAD /usr/lib/gcc/i686-linux-gnu/7/../../../i386-linux-gnu/crti.o
LOAD /usr/lib/gcc/i686-linux-gnu/7/crtbeginS.o
LOAD fire_detector_server.o
LOAD build/cooja/mtype902.o
LOAD build/cooja/mtype902.a
LOAD /usr/lib/gcc/i686-linux-gnu/7/libgcc.a
LOAD /usr/lib/gcc/i686-linux-gnu/7/libgcc_s.so
START GROUP
LOAD /usr/lib/gcc/i686-linux-gnu/7/libgcc_s.so.1
LOAD /usr/lib/gcc/i686-linux-gnu/7/libgcc.a
END GROUP
LOAD /usr/lib/gcc/i686-linux-gnu/7/../../../i386-linux-gnu/libc.so
START GROUP
LOAD /lib/i386-linux-gnu/libc.so.6
LOAD /usr/lib/i386-linux-gnu/libc_nonshared.a
LOAD /lib/i386-linux-gnu/ld-linux.so.2
END GROUP
LOAD /usr/lib/gcc/i686-linux-gnu/7/libgcc.a
LOAD /usr/lib/gcc/i686-linux-gnu/7/libgcc_s.so
START GROUP
LOAD /usr/lib/gcc/i686-linux-gnu/7/libgcc_s.so.1
LOAD /usr/lib/gcc/i686-linux-gnu/7/libgcc.a
END GROUP
LOAD /usr/lib/gcc/i686-linux-gnu/7/crtendS.o
LOAD /usr/lib/gcc/i686-linux-gnu/7/../../../i386-linux-gnu/crtn.o
                0x0000000000000114                . = (SEGMENT_START ("text-segment", 0x0) + SIZEOF_HEADERS)

.note.gnu.build-id
                0x0000000000000114       0x24
 *(.note.gnu.build-id)
 .note.gnu.build-id
                0x0000000000000114       0x24 /usr/lib/gcc/i686-linux-gnu/7/../../../i386-linux-gnu/crti.o

.hash
 *(.hash)

.gnu.hash       0x0000000000000138     0x15dc
 *(.gnu.hash)
 .gnu.hash      0x0000000000000138     0x15dc /usr/lib/gcc/i686-linux-gnu/7/../../../i386-linux-gnu/crti.o

.dynsym         0x0000000000001714     0x2fe0
 *(.dynsym)
 .dynsym        0x0000000000001714     0x2fe0 /usr/lib/gcc/i686-linux-gnu/7/../../../i386-linux-gnu/crti.o

.dynstr         0x00000000000046f4     0x377f
 *(.dynstr)
 .dynstr        0x00000000000046f4     0x377f /usr/lib/gcc/i686-linux-gnu/7/../../../i386-linux-gnu/crti.o

.gnu.version    0x0000000000007e74      0x5fc
 *(.gnu.version)
 .gnu.version   0x0000000000007e74      0x5fc /usr/lib/gcc/i686-linux-gnu/7/../../../i386-linux-gnu/crti.o

.gnu.version_d  0x0000000000008470        0x0
 *(.gnu.version_d)
 .gnu.version_d
                0x0000000000008470        0x0 /usr/lib/gcc/i686-linux-gnu/7/../../../i386-linux-gnu/crti.o

.gnu.version_r  0x0000000000008470       0x40
 *(.gnu.version_r)
 .gnu.version_r
                0x0000000000008470       0x40 /usr/lib/gcc/i686-linux-gnu/7/../../../i386-linux-gnu/crti.o

.rel.dyn        0x00000000000084b0      0xf78
 *(.rel.init)
 .rel.init      0x00000000000084b0        0x0 /usr/lib/gcc/i686-linux-gnu/7/../../../i386-linux-gnu/crti.o
 *(.rel.text .rel.text.* .rel.gnu.linkonce.t.*)
 .rel.text      0x00000000000084b0      0x5c0 /usr/lib/gcc/i686-linux-gnu/7/../../../i386-linux-gnu/crti.o
 *(.rel.fini)
 .rel.fini      0x0000000000008a70        0x0 /usr/lib/gcc/i686-linux-gnu/7/../../../i386-linux-gnu/crti.o
 *(.rel.rodata .rel.rodata.* .rel.gnu.linkonce.r.*)
 *(.rel.data.rel.ro .rel.data.rel.ro.* .rel.gnu.linkonce.d.rel.ro.*)
 .rel.data.rel.ro.local
                0x0000000000008a70      0x220 /usr/lib/gcc/i686-linux-gnu/7/../../../i386-linux-gnu/crti.o
 .rel.data.rel.ro
                0x0000000000008c90       0xb0 /usr/lib/gcc/i686-linux-gnu/7/../../../i386-linux-gnu/crti.o
 *(.rel.data .rel.data.* .rel.gnu.linkonce.d.*)
 .rel.data.rel.local
                0x0000000000008d40      0x388 /usr/lib/gcc/i686-linux-gnu/7/../../../i386-linux-gnu/crti.o
 .rel.data.rel  0x00000000000090c8       0x78 /usr/lib/gcc/i686-linux-gnu/7/../../../i386-linux-gnu/crti.o
 *(.rel.tdata .rel.tdata.* .rel.gnu.linkonce.td.*)
 *(.rel.tbss .rel.tbss.* .rel.gnu.linkonce.tb.*)
 *(.rel.ctors)
 *(.rel.dtors)
 *(.rel.got)
 .rel.got       0x0000000000009140      0x2d8 /usr/lib/gcc/i686-linux-gnu/7/../../../i386-linux-gnu/crti.o
 *(.rel.bss .rel.bss.* .rel.gnu.linkonce.b.*)
 *(.rel.ifunc)
 .rel.ifunc     0x0000000000009418        0x0 /usr/lib/gcc/i686-linux-gnu/7/../../../i386-linux-gnu/crti.o
 .rel.fini_array
                0x0000000000009418        0x8 /usr/lib/gcc/i686-linux-gnu/7/../../../i386-linux-gnu/crti.o
 .rel.init_array
                0x0000000000009420        0x8 /usr/lib/gcc/i686-linux-gnu/7/../../../i386-linux-gnu/crti.o

.rel.plt        0x0000000000009428      0xad0
 *(.rel.plt)
 .rel.plt       0x0000000000009428      0xad0 /usr/lib/gcc/i686-linux-gnu/7/../../../i386-linux-gnu/crti.o
 *(.rel.iplt)

.init           0x0000000000009ef8       0x23
 *(SORT_NONE(.init))
 .init          0x0000000000009ef8       0x1e /usr/lib/gcc/i686-linux-gnu/7/../../../i386-linux-gnu/crti.o
                0x0000000000009ef8                _init
 .init          0x0000000000009f16        0x5 /usr/lib/gcc/i686-linux-gnu/7/../../../i386-linux-gnu/crtn.o

.plt            0x0000000000009f20     0x15b0
 *(.plt)
 .plt           0x0000000000009f20     0x15b0 /usr/lib/gcc/i686-linux-gnu/7/../../../i386-linux-gnu/crti.o
 *(.iplt)

.plt.got        0x000000000000b4d0       0x18
 *(.plt.got)
 .plt.got       0x000000000000b4d0       0x18 /usr/lib/gcc/i686-linux-gnu/7/../../../i386-linux-gnu/crti.o

.plt.sec
 *(.plt.sec)

.text           0x000000000000b4f0    0x1f304
 *(.text.unlikely .text.*_unlikely .text.unlikely.*)
 *(.text.exit .text.exit.*)
 *(.text.startup .text.startup.*)
 *(.text.hot .text.hot.*)
 *(.text .stub .text.* .gnu.linkonce.t.*)
 .text          0x000000000000b4f0        0x0 /usr/lib/gcc/i686-linux-gnu/7/../../../i386-linux-gnu/crti.o
 .gnu.linkonce.t.__x86.get_pc_thunk.bx
                0x000000000000b4f0        0x4 /usr/lib/gcc/i686-linux-gnu/7/../../../i386-linux-gnu/crti.o
                0x000000000000b4f0                __x86.get_pc_thunk.bx
 *fill*         0x000000000000b4f4        0xc 
 .text          0x000000000000b500       0xe9 /usr/lib/gcc/i686-linux-gnu/7/crtbeginS.o
 .text.__x86.get_pc_thunk.dx
                0x000000000000b5e9        0x4 /usr/lib/gcc/i686-linux-gnu/7/crtbeginS.o
                0x000000000000b5e9                __x86.get_pc_thunk.dx
 .text          0x000000000000b5ed      0x519 fire_detector_server.o
                0x000000000000b6d4                client_chunk_handler
 .text          0x000000000000bb06      0x36b build/cooja/mtype902.o
                0x000000000000bbb8                platform_init_stage_one
                0x000000000000bbdb                platform_init_stage_two
                0x000000000000bbfe                platform_init_stage_three
                0x000000000000bc21                platform_main_loop
                0x000000000000bcc7                Java_org_contikios_cooja_corecomm_Lib34_init
                0x000000000000bd15                Java_org_contikios_cooja_corecomm_Lib34_getMemory
                0x000000000000bd55                Java_org_contikios_cooja_corecomm_Lib34_setMemory
                0x000000000000bdc6                Java_org_contikios_cooja_corecomm_Lib34_tick
                0x000000000000be50                Java_org_contikios_cooja_corecomm_Lib34_setReferenceAddress
 .text.__x86.get_pc_thunk.ax
                0x000000000000be71        0x4 build/cooja/mtype902.o
                0x000000000000be71                __x86.get_pc_thunk.ax
 .text          0x000000000000be75       0x8d build/cooja/mtype902.a(simEnvChange.o)
                0x000000000000be75                doActionsBeforeTick
                0x000000000000bebb                doActionsAfterTick
 .text          0x000000000000bf02       0xb6 build/cooja/mtype902.a(cooja_mt.o)
                0x000000000000bf02                cooja_mt_start
                0x000000000000bf3c                cooja_mt_exec
                0x000000000000bf83                cooja_mt_yield
 .text          0x000000000000bfb8       0xf2 build/cooja/mtype902.a(cooja_mtarch.o)
                0x000000000000bfb8                cooja_mtarch_start
                0x000000000000c03c                cooja_sw
                0x000000000000c06a                cooja_mtarch_exec
                0x000000000000c095                cooja_mtarch_yield
 .text          0x000000000000c0aa      0x127 build/cooja/mtype902.a(rtimer-arch.o)
                0x000000000000c0aa                rtimer_arch_init
                0x000000000000c0d9                rtimer_arch_schedule
                0x000000000000c11b                rtimer_arch_next
                0x000000000000c135                rtimer_arch_pending
                0x000000000000c14c                rtimer_arch_check
                0x000000000000c1b7                rtimer_arch_now
 .text.__x86.get_pc_thunk.cx
                0x000000000000c1d1        0x4 build/cooja/mtype902.a(rtimer-arch.o)
                0x000000000000c1d1                __x86.get_pc_thunk.cx
 .text          0x000000000000c1d5      0x101 build/cooja/mtype902.a(beep.o)
                0x000000000000c1d5                beep_alarm
                0x000000000000c1ee                beep_beep
                0x000000000000c207                beep
                0x000000000000c220                beep_down
                0x000000000000c239                beep_on
                0x000000000000c252                beep_off
                0x000000000000c26b                beep_spinup
                0x000000000000c284                beep_quick
                0x000000000000c29d                beep_long
 .text          0x000000000000c2d6       0x9f build/cooja/mtype902.a(leds-arch.o)
                0x000000000000c2fa                leds_arch_init
 .text          0x000000000000c375       0x56 build/cooja/mtype902.a(moteid.o)
 .text          0x000000000000c3cb      0x101 build/cooja/mtype902.a(pir-sensor.o)
 .text          0x000000000000c4cc      0x1cc build/cooja/mtype902.a(rs232.o)
                0x000000000000c4cc                rs232_init
                0x000000000000c4dc                rs232_set_speed
                0x000000000000c4f5                rs232_set_input
                0x000000000000c50e                rs232_send
                0x000000000000c544                rs232_print
                0x000000000000c572                slip_arch_writeb
 .text          0x000000000000c698      0x101 build/cooja/mtype902.a(vib-sensor.o)
 .text          0x000000000000c799       0x7a build/cooja/mtype902.a(clock.o)
                0x000000000000c799                clock_init
                0x000000000000c7a9                clock_time
                0x000000000000c7c0                clock_seconds
                0x000000000000c7e3                clock_delay
 .text          0x000000000000c813      0x2b5 build/cooja/mtype902.a(cooja-log.o)
                0x000000000000c813                simlog_char
                0x000000000000c877                simlog
                0x000000000000c911                log_message
                0x000000000000c960                log_set_putchar_with_slip
                0x000000000000c979                log_putchar
                0x000000000000ca04                log_puts
                0x000000000000ca36                log_printf
 .text          0x000000000000cac8      0x36c build/cooja/mtype902.a(cfs-cooja.o)
                0x000000000000cac8                cfs_open
                0x000000000000cb40                cfs_close
                0x000000000000cb57                cfs_read
                0x000000000000cc0b                cfs_write
                0x000000000000cd09                cfs_seek
                0x000000000000cda6                cfs_remove
                0x000000000000cddc                cfs_opendir
                0x000000000000cdf0                cfs_readdir
                0x000000000000ce04                cfs_closedir
 .text          0x000000000000ce34      0x78b build/cooja/mtype902.a(cooja-radio.o)
                0x000000000000cea2                radio_set_channel
                0x000000000000cebb                radio_set_txpower
                0x000000000000cede                radio_signal_strength_last
                0x000000000000cef3                radio_signal_strength_current
                0x000000000000cf08                radio_LQI
 .text          0x000000000000d5bf      0x130 build/cooja/mtype902.a(eeprom.o)
                0x000000000000d5bf                eeprom_init
                0x000000000000d5cf                eeprom_read
                0x000000000000d64f                eeprom_write
 .text          0x000000000000d6ef       0x4e build/cooja/mtype902.a(random.o)
                0x000000000000d6ef                random_init
                0x000000000000d71f                random_rand
 .text          0x000000000000d73d      0x332 build/cooja/mtype902.a(sensors.o)
                0x000000000000d784                sensors_first
                0x000000000000d79b                sensors_next
                0x000000000000d7c6                sensors_changed
                0x000000000000d813                sensors_find
 .text          0x000000000000da6f      0x3fc build/cooja/mtype902.a(leds.o)
                0x000000000000da6f                leds_init
                0x000000000000dac7                leds_single_on
                0x000000000000db3f                leds_single_off
                0x000000000000dbb7                leds_single_toggle
                0x000000000000dbfb                leds_on
                0x000000000000dc93                leds_off
                0x000000000000dd2b                leds_toggle
                0x000000000000dd91                leds_set
                0x000000000000ddc7                leds_get
 .text          0x000000000000de6b      0x401 build/cooja/mtype902.a(gpio-hal-arch.o)
                0x000000000000de6b                gpio_hal_arch_register_pin_callback
                0x000000000000deec                gpio_hal_arch_init
                0x000000000000df46                gpio_hal_arch_no_port_interrupt_enable
                0x000000000000df80                gpio_hal_arch_no_port_interrupt_disable
                0x000000000000dfba                gpio_hal_arch_no_port_pin_cfg_set
                0x000000000000dfe9                gpio_hal_arch_no_port_pin_cfg_get
                0x000000000000e019                gpio_hal_arch_no_port_pin_set_input
                0x000000000000e035                gpio_hal_arch_no_port_pin_set_output
                0x000000000000e051                gpio_hal_arch_no_port_set_pin
                0x000000000000e07c                gpio_hal_arch_no_port_clear_pin
                0x000000000000e0a7                gpio_hal_arch_no_port_read_pin
                0x000000000000e0d9                gpio_hal_arch_no_port_write_pin
                0x000000000000e10d                gpio_hal_arch_no_port_set_pins
                0x000000000000e15e                gpio_hal_arch_no_port_clear_pins
                0x000000000000e1af                gpio_hal_arch_no_port_read_pins
                0x000000000000e202                gpio_hal_arch_no_port_write_pins
 .text          0x000000000000e26c       0xc6 build/cooja/mtype902.a(buttons.o)
 .text          0x000000000000e332      0x4be build/cooja/mtype902.a(fire_detector.o)
 .text          0x000000000000e7f0      0x29c build/cooja/mtype902.a(coap-blocking-a)
                0x000000000000e7f0                coap_blocking_request_callback
                0x000000000000e82a                coap_blocking_request
 .text          0x000000000000ea8c      0xd4f build/cooja/mtype902.a(coap-engine.o)
                0x000000000000eb5d                coap_add_handler
                0x000000000000eb8b                coap_remove_handler
                0x000000000000ebb9                coap_call_handlers
                0x000000000000ece0                coap_receive
                0x000000000000f35a                coap_engine_init
                0x000000000000f3cd                coap_activate_resource
                0x000000000000f48a                coap_get_first_resource
                0x000000000000f4b4                coap_get_next_resource
 .text          0x000000000000f7db      0x2ed build/cooja/mtype902.a(coap-res-well-k)
 .text          0x000000000000fac8      0xa13 build/cooja/mtype902.a(coap-observe.o)
                0x000000000000fc03                coap_remove_observer
                0x000000000000fc45                coap_remove_observer_by_client
                0x000000000000fcbd                coap_remove_observer_by_token
                0x000000000000fd60                coap_remove_observer_by_uri
                0x000000000000fe17                coap_remove_observer_by_mid
                0x000000000000fea3                coap_notify_observers
                0x000000000000fec6                coap_notify_observers_sub
                0x0000000000010337                coap_observe_handler
                0x0000000000010462                coap_has_observers
 .text          0x00000000000104db      0x84c build/cooja/mtype902.a(coap-uip.o)
                0x00000000000104db                coap_endpoint_log
                0x0000000000010578                coap_endpoint_print
                0x0000000000010615                coap_endpoint_snprint
                0x000000000001075e                coap_endpoint_copy
                0x00000000000107a5                coap_endpoint_cmp
                0x00000000000108d6                coap_endpoint_parse
                0x0000000000010ae7                coap_endpoint_is_secure
                0x0000000000010b00                coap_endpoint_is_connected
                0x0000000000010b44                coap_endpoint_connect
                0x0000000000010b6a                coap_endpoint_disconnect
                0x0000000000010b7a                coap_databuf
                0x0000000000010b91                coap_transport_init
                0x0000000000010c07                coap_sendto
 .text          0x0000000000010d27      0x3ad build/cooja/mtype902.a(coap-timer.o)
                0x0000000000010e4c                coap_timer_stop
                0x0000000000010e87                coap_timer_set
                0x0000000000010ed4                coap_timer_reset
                0x0000000000010f21                coap_timer_time_to_next_expiration
                0x0000000000010f9e                coap_timer_run
                0x0000000000011080                coap_timer_init
 .text          0x00000000000110d4      0x334 build/cooja/mtype902.a(coap-transactio)
                0x0000000000011162                coap_new_transaction
                0x00000000000111da                coap_send_transaction
                0x000000000001134c                coap_clear_transaction
                0x00000000000113a6                coap_get_transaction_by_mid
 .text          0x0000000000011408     0x1f9f build/cooja/mtype902.a(coap.o)
                0x0000000000011a03                coap_init_connection
                0x0000000000011a28                coap_get_mid
                0x0000000000011a4f                coap_init_message
                0x0000000000011aa8                coap_serialize_message
                0x000000000001213f                coap_parse_message
                0x000000000001285b                coap_get_query_variable
                0x00000000000128a7                coap_get_post_variable
                0x00000000000128f5                coap_set_status_code
                0x0000000000012924                coap_set_token
                0x000000000001297b                coap_get_header_content_format
                0x00000000000129b6                coap_set_header_content_format
                0x00000000000129e3                coap_get_header_accept
                0x0000000000012a1e                coap_set_header_accept
                0x0000000000012a4b                coap_get_header_max_age
                0x0000000000012a86                coap_set_header_max_age
                0x0000000000012ab0                coap_get_header_etag
                0x0000000000012aec                coap_set_header_etag
                0x0000000000012b53                coap_get_header_if_match
                0x0000000000012b8f                coap_set_header_if_match
                0x0000000000012bf6                coap_get_header_if_none_match
                0x0000000000012c1a                coap_set_header_if_none_match
                0x0000000000012c3b                coap_get_header_proxy_uri
                0x0000000000012c73                coap_set_header_proxy_uri
                0x0000000000012cc0                coap_get_header_uri_host
                0x0000000000012cf8                coap_set_header_uri_host
                0x0000000000012d45                coap_get_header_uri_path
                0x0000000000012d7d                coap_set_header_uri_path
                0x0000000000012ddb                coap_get_header_uri_query
                0x0000000000012e19                coap_set_header_uri_query
                0x0000000000012e80                coap_get_header_location_path
                0x0000000000012eb8                coap_set_header_location_path
                0x0000000000012f60                coap_get_header_location_query
                0x0000000000012f98                coap_set_header_location_query
                0x0000000000012ff6                coap_get_header_observe
                0x000000000001302f                coap_set_header_observe
                0x0000000000013059                coap_get_header_block2
                0x00000000000130cf                coap_set_header_block2
                0x0000000000013150                coap_get_header_block1
                0x00000000000131cf                coap_set_header_block1
                0x0000000000013254                coap_get_header_size2
                0x000000000001328e                coap_set_header_size2
                0x00000000000132bb                coap_get_header_size1
                0x00000000000132f5                coap_set_header_size1
                0x0000000000013322                coap_get_payload
                0x0000000000013366                coap_set_payload
 .text          0x00000000000133a7      0x3c6 build/cooja/mtype902.a(contiki-main.o)
                0x00000000000133a7                main
 .text          0x000000000001376d       0xb0 build/cooja/mtype902.a(autostart.o)
                0x000000000001376d                autostart_start
                0x00000000000137c6                autostart_exit
 .text          0x000000000001381d      0x400 build/cooja/mtype902.a(ctimer.o)
                0x0000000000013960                ctimer_init
                0x00000000000139a5                ctimer_set
                0x00000000000139d8                ctimer_set_with_process
                0x0000000000013a6f                ctimer_reset
                0x0000000000013add                ctimer_restart
                0x0000000000013b4b                ctimer_stop
                0x0000000000013bab                ctimer_expired
 .text          0x0000000000013c1d      0x4a3 build/cooja/mtype902.a(log.o)
                0x0000000000013c1d                log_6addr
                0x0000000000013c81                log_6addr_compact_snprint
                0x0000000000013d41                log_6addr_compact
                0x0000000000013da5                log_lladdr
                0x0000000000013e2c                log_lladdr_compact
                0x0000000000013ea9                log_bytes
                0x0000000000013efd                log_set_level
                0x0000000000013fdb                log_get_level
                0x000000000001406c                log_level_to_str
 .text          0x00000000000140c0       0x39 build/cooja/mtype902.a(energest.o)
                0x00000000000140c0                energest_init
                0x00000000000140d0                energest_flush
                0x00000000000140e0                energest_get_total_time
 .text          0x00000000000140f9      0x527 build/cooja/mtype902.a(etimer.o)
                0x000000000001434e                etimer_request_poll
                0x00000000000143ff                etimer_set
                0x0000000000014438                etimer_reset_with_new_interval
                0x0000000000014477                etimer_reset
                0x00000000000144ad                etimer_restart
                0x00000000000144e3                etimer_adjust
                0x000000000001450a                etimer_expired
                0x0000000000014527                etimer_expiration_time
                0x0000000000014543                etimer_start_time
                0x0000000000014557                etimer_pending
                0x0000000000014574                etimer_next_expiration_time
                0x000000000001459c                etimer_stop
 .text          0x0000000000014620       0x36 build/cooja/mtype902.a(node-id.o)
                0x0000000000014620                node_id_init
 .text          0x0000000000014656      0x122 build/cooja/mtype902.a(rtimer.o)
                0x0000000000014656                rtimer_init
                0x0000000000014675                rtimer_set
                0x0000000000014703                rtimer_run_next
 .text          0x0000000000014778      0x5cb build/cooja/mtype902.a(process.o)
                0x0000000000014778                process_alloc_event
                0x0000000000014799                process_start
                0x000000000001499e                process_exit
                0x00000000000149c6                process_init
                0x0000000000014b8e                process_run
                0x0000000000014bd1                process_nevents
                0x0000000000014bf6                process_post
                0x0000000000014ca3                process_post_synch
                0x0000000000014ce9                process_poll
                0x0000000000014d25                process_is_running
 .text.__x86.get_pc_thunk.si
                0x0000000000014d43        0x4 build/cooja/mtype902.a(process.o)
                0x0000000000014d43                __x86.get_pc_thunk.si
 .text          0x0000000000014d47       0xf6 build/cooja/mtype902.a(timer.o)
                0x0000000000014d47                timer_set
                0x0000000000014d76                timer_reset
                0x0000000000014dad                timer_restart
                0x0000000000014dd3                timer_expired
                0x0000000000014e11                timer_remaining
 .text          0x0000000000014e3d      0x311 build/cooja/mtype902.a(list.o)
                0x0000000000014e3d                list_init
                0x0000000000014e56                list_head
                0x0000000000014e6a                list_copy
                0x0000000000014e84                list_tail
                0x0000000000014ec4                list_add
                0x0000000000014f1a                list_push
                0x0000000000014f50                list_chop
                0x0000000000014fc4                list_pop
                0x0000000000014ff6                list_remove
                0x0000000000015068                list_length
                0x00000000000150a0                list_insert
                0x00000000000150ef                list_item_next
                0x0000000000015110                list_contains
 .text          0x000000000001514e      0x1ec build/cooja/mtype902.a(memb.o)
                0x000000000001514e                memb_init
                0x00000000000151b2                memb_alloc
                0x000000000001521f                memb_free
                0x00000000000152a0                memb_inmemb
                0x00000000000152e9                memb_numfree
 .text          0x000000000001533a      0x566 build/cooja/mtype902.a(button-hal.o)
                0x000000000001552e                button_hal_get_by_id
                0x0000000000015578                button_hal_get_by_index
                0x00000000000155b2                button_hal_get_state
                0x0000000000015614                button_hal_init
 .text          0x00000000000158a0      0x242 build/cooja/mtype902.a(serial-line.o)
                0x00000000000158a0                serial_line_input_byte
                0x0000000000015a98                serial_line_init
 .text          0x0000000000015ae2      0x1d6 build/cooja/mtype902.a(gpio-hal.o)
                0x0000000000015ae2                gpio_hal_register_handler
                0x0000000000015b10                gpio_hal_event_handler
                0x0000000000015b7d                gpio_hal_init
                0x0000000000015bac                gpio_hal_arch_port_toggle_pin
                0x0000000000015bf7                gpio_hal_arch_port_toggle_pins
                0x0000000000015c34                gpio_hal_arch_no_port_toggle_pin
                0x0000000000015c81                gpio_hal_arch_no_port_toggle_pins
 .text          0x0000000000015cb8      0x3a9 build/cooja/mtype902.a(queuebuf.o)
                0x0000000000015ccc                queuebuf_init
                0x0000000000015d08                queuebuf_numfree
                0x0000000000015d32                queuebuf_new_from_packetbuf
                0x0000000000015de6                queuebuf_update_attr_from_packetbuf
                0x0000000000015e2a                queuebuf_update_from_packetbuf
                0x0000000000015e89                queuebuf_free
                0x0000000000015ee7                queuebuf_to_packetbuf
                0x0000000000015f64                queuebuf_dataptr
                0x0000000000015fb0                queuebuf_datalen
                0x0000000000015fdd                queuebuf_addr
                0x000000000001601c                queuebuf_attr
                0x0000000000016051                queuebuf_debug_print
 .text          0x0000000000016061      0x4dd build/cooja/mtype902.a(packetbuf.o)
                0x0000000000016061                packetbuf_clear
                0x0000000000016097                packetbuf_copyfrom
                0x00000000000160f7                packetbuf_copyto
                0x0000000000016195                packetbuf_hdralloc
                0x0000000000016225                packetbuf_hdrreduce
                0x0000000000016277                packetbuf_set_datalen
                0x000000000001629c                packetbuf_dataptr
                0x00000000000162c3                packetbuf_hdrptr
                0x00000000000162d8                packetbuf_datalen
                0x00000000000162ee                packetbuf_hdrlen
                0x000000000001630d                packetbuf_totlen
                0x000000000001632d                packetbuf_remaininglen
                0x000000000001634a                packetbuf_attr_clear
                0x00000000000163b0                packetbuf_attr_copyto
                0x00000000000163f6                packetbuf_attr_copyfrom
                0x000000000001643c                packetbuf_set_attr
                0x0000000000016472                packetbuf_attr
                0x0000000000016498                packetbuf_set_addr
                0x00000000000164e0                packetbuf_addr
                0x000000000001650a                packetbuf_holds_broadcast
 .text          0x000000000001653e      0x13c build/cooja/mtype902.a(netstack.o)
                0x000000000001653e                netstack_process_ip_callback
                0x00000000000165df                netstack_ip_packet_processor_add
                0x0000000000016613                uip_ds6_ip_packet_processor_rm
                0x0000000000016641                netstack_init
 .text          0x000000000001667a       0x75 build/cooja/mtype902.a(linkaddr.o)
                0x000000000001667a                linkaddr_copy
                0x000000000001669a                linkaddr_cmp
                0x00000000000166cd                linkaddr_set_node_addr
 .text          0x00000000000166ef      0x2ae build/cooja/mtype902.a(csma.o)
 .text          0x000000000001699d      0xa6f build/cooja/mtype902.a(csma-output.o)
                0x000000000001710f                csma_output_packet
                0x00000000000173be                csma_output_init
 .text          0x000000000001740c      0xe47 build/cooja/mtype902.a(uip-ds6.o)
                0x000000000001740c                uip_ds6_default_prefix
                0x0000000000017421                uip_ds6_set_default_prefix
                0x0000000000017457                uip_ds6_init
                0x00000000000176f2                uip_ds6_periodic
                0x000000000001779a                uip_ds6_list_loop
                0x0000000000017869                uip_ds6_prefix_add
                0x0000000000017930                uip_ds6_prefix_rm
                0x000000000001794d                uip_ds6_prefix_lookup
                0x00000000000179a0                uip_ds6_is_addr_onlink
                0x0000000000017a2d                uip_ds6_addr_add
                0x0000000000017b6f                uip_ds6_addr_rm
                0x0000000000017c2e                uip_ds6_addr_lookup
                0x0000000000017c7e                uip_ds6_get_link_local
                0x0000000000017d1c                uip_ds6_get_global
                0x0000000000017dba                uip_ds6_maddr_add
                0x0000000000017e36                uip_ds6_maddr_rm
                0x0000000000017e53                uip_ds6_maddr_lookup
                0x0000000000017ea6                uip_ds6_aaddr_add
                0x0000000000017f1f                uip_ds6_aaddr_rm
                0x0000000000017f3c                uip_ds6_aaddr_lookup
                0x0000000000017f8c                uip_ds6_select_src
                0x00000000000180fa                uip_ds6_set_addr_iid
                0x000000000001812f                uip_ds6_set_lladdr_from_iid
                0x0000000000018162                get_match_length
                0x00000000000181fd                uip_ds6_compute_reachable_time
 .text          0x0000000000018253      0x152 build/cooja/mtype902.a(uip-udp-packet.)
                0x0000000000018253                uip_udp_packet_send
                0x00000000000182cc                uip_udp_packet_sendto
 .text          0x00000000000183a5      0x453 build/cooja/mtype902.a(uip-ds6-route.o)
                0x0000000000018407                uip_ds6_route_init
                0x0000000000018443                uip_ds6_route_count_nexthop_neighbors
                0x0000000000018457                uip_ds6_route_nexthop
                0x000000000001846b                uip_ds6_route_head
                0x000000000001847f                uip_ds6_route_next
                0x0000000000018493                uip_ds6_route_is_nexthop
                0x00000000000184a7                uip_ds6_route_num_routes
                0x00000000000184bb                uip_ds6_route_lookup
                0x00000000000184cf                uip_ds6_route_add
                0x00000000000184ec                uip_ds6_route_rm
                0x00000000000184fc                uip_ds6_route_rm_by_nexthop
                0x000000000001850c                uip_ds6_defrt_head
                0x0000000000018536                uip_ds6_defrt_add
                0x00000000000185f6                uip_ds6_defrt_rm
                0x000000000001866f                uip_ds6_defrt_lookup
                0x00000000000186e6                uip_ds6_defrt_choose
                0x000000000001876c                uip_ds6_defrt_periodic
 .text          0x00000000000187f8      0xc55 build/cooja/mtype902.a(tcpip.o)
                0x000000000001881e                tcpip_output
                0x0000000000018949                tcp_connect
                0x00000000000189b1                tcp_unlisten
                0x0000000000018a26                tcp_listen
                0x0000000000018a98                tcp_attach
                0x0000000000018aba                udp_attach
                0x0000000000018adc                udp_new
                0x0000000000018b36                udp_broadcast_new
                0x0000000000018e08                tcpip_input
                0x0000000000018ffe                tcpip_ipv6_output
                0x000000000001923a                tcpip_poll_udp
                0x000000000001926a                tcpip_poll_tcp
                0x000000000001929a                tcpip_uipcall
 .text          0x000000000001944d     0x33b5 build/cooja/mtype902.a(uip6.o)
                0x000000000001944d                uip_add32
                0x0000000000019638                uip_chksum
                0x0000000000019730                uip_icmp6chksum
                0x000000000001974f                uip_tcpchksum
                0x000000000001976e                uip_udpchksum
                0x000000000001978d                uip_init
                0x000000000001983b                uip_connect
                0x00000000000199d8                uip_remove_ext_hdr
                0x0000000000019ad3                uip_udp_new
                0x0000000000019c18                uip_unlisten
                0x0000000000019c68                uip_listen
                0x0000000000019f78                uip_process
                0x000000000001c692                uip_htons
                0x000000000001c6be                uip_htonl
                0x000000000001c708                uip_send
 .text          0x000000000001c802      0x43e build/cooja/mtype902.a(uip-ds6-nbr.o)
                0x000000000001c802                uip_ds6_neighbors_init
                0x000000000001c838                uip_ds6_nbr_add
                0x000000000001c8d2                uip_ds6_nbr_rm
                0x000000000001c931                uip_ds6_nbr_update_ll
                0x000000000001ca2e                uip_ds6_nbr_get_ipaddr
                0x000000000001ca4d                uip_ds6_nbr_get_ll
                0x000000000001ca7a                uip_ds6_nbr_num
                0x000000000001cad4                uip_ds6_nbr_head
                0x000000000001cafe                uip_ds6_nbr_next
                0x000000000001cb2b                uip_ds6_nbr_lookup
                0x000000000001cb92                uip_ds6_nbr_ll_lookup
                0x000000000001cbbf                uip_ds6_nbr_ipaddr_from_lladdr
                0x000000000001cbf2                uip_ds6_nbr_lladdr_from_ipaddr
                0x000000000001cc30                uip_ds6_link_callback
 .text          0x000000000001cc40      0x810 build/cooja/mtype902.a(uip-nd6.o)
                0x000000000001d425                uip_nd6_init
 .text          0x000000000001d450     0x33b0 build/cooja/mtype902.a(sicslowpan.o)
                0x000000000001db4e                netstack_sniffer_add
                0x000000000001db67                netstack_sniffer_remove
                0x00000000000207bf                sicslowpan_init
                0x00000000000207eb                sicslowpan_get_last_rssi
 .text          0x0000000000020800      0x51a build/cooja/mtype902.a(uiplib.o)
                0x0000000000020800                uiplib_ip6addrconv
                0x00000000000209c6                uiplib_ip4addrconv
                0x0000000000020a93                uiplib_ipaddr_print
                0x0000000000020af7                uiplib_ipaddr_snprint
 .text          0x0000000000020d1a      0x610 build/cooja/mtype902.a(rpl.o)
                0x0000000000020d1a                rpl_lollipop_greater_than
                0x0000000000020d7d                rpl_get_global_address
                0x0000000000020eb3                rpl_link_callback
                0x0000000000020f16                rpl_has_joined
                0x0000000000020f4c                rpl_is_reachable
                0x0000000000020fef                rpl_reset_prefix
                0x000000000002106b                rpl_set_prefix_from_addr
                0x000000000002117d                rpl_set_prefix
                0x00000000000212f1                rpl_set_leaf_only
                0x0000000000021314                rpl_get_leaf_only
 .text          0x000000000002132a     0x1491 build/cooja/mtype902.a(rpl-icmp6.o)
                0x0000000000021487                rpl_icmp6_update_nbr_table
                0x0000000000021539                rpl_icmp6_dis_output
                0x0000000000021b4e                rpl_icmp6_dio_output
                0x00000000000223a7                rpl_icmp6_dao_output
                0x00000000000226d4                rpl_icmp6_dao_ack_output
                0x000000000002275b                rpl_icmp6_init
 .text          0x00000000000227bb      0x2e4 build/cooja/mtype902.a(rpl-dag-root.o)
                0x00000000000227bb                rpl_dag_root_print_links
                0x0000000000022914                rpl_dag_root_set_prefix
                0x000000000002294f                rpl_dag_root_start
                0x0000000000022a5d                rpl_dag_root_is_root
 .text          0x0000000000022a9f       0x6b build/cooja/mtype902.a(watchdog.o)
                0x0000000000022a9f                watchdog_init
                0x0000000000022aaf                watchdog_start
                0x0000000000022abf                watchdog_periodic
                0x0000000000022aea                watchdog_stop
                0x0000000000022afa                watchdog_reboot
 .text          0x0000000000022b0a       0x75 build/cooja/mtype902.a(int-master.o)
                0x0000000000022b0a                int_master_enable
                0x0000000000022b24                int_master_read_and_disable
                0x0000000000022b4c                int_master_status_set
                0x0000000000022b65                int_master_is_enabled
 .text          0x0000000000022b7f      0x2bc build/cooja/mtype902.a(coap-timer-defa)
 .text          0x0000000000022e3b      0x11d build/cooja/mtype902.a(stimer.o)
                0x0000000000022e3b                stimer_set
                0x0000000000022e6a                stimer_reset
                0x0000000000022ea1                stimer_restart
                0x0000000000022ec7                stimer_expired
                0x0000000000022f03                stimer_remaining
                0x0000000000022f2f                stimer_elapsed
 .text          0x0000000000022f58      0x188 build/cooja/mtype902.a(ringbuf.o)
                0x0000000000022f58                ringbuf_init
                0x0000000000022f94                ringbuf_put
                0x000000000002301c                ringbuf_get
                0x0000000000023093                ringbuf_size
                0x00000000000230af                ringbuf_elements
 .text          0x00000000000230e0       0x31 build/cooja/mtype902.a(assert.o)
                0x00000000000230e0                _xassert
 .text          0x0000000000023111      0xb68 build/cooja/mtype902.a(nbr-table.o)
                0x00000000000234b3                nbr_table_count_entries
                0x0000000000023560                nbr_table_gc_get_worst
                0x00000000000235a0                nbr_table_can_accept_new
                0x0000000000023729                nbr_table_entry_is_allowed
                0x00000000000237c9                nbr_table_register
                0x0000000000023847                nbr_table_is_registered
                0x000000000002388c                nbr_table_head
                0x00000000000238f9                nbr_table_next
                0x000000000002396b                nbr_table_add_lladdr
                0x0000000000023aba                nbr_table_get_from_lladdr
                0x0000000000023b17                nbr_table_remove
                0x0000000000023b62                nbr_table_lock
                0x0000000000023b88                nbr_table_unlock
                0x0000000000023bae                nbr_table_get_lladdr
                0x0000000000023be4                nbr_table_clear
                0x0000000000023c29                nbr_table_key_head
                0x0000000000023c53                nbr_table_key_next
 .text          0x0000000000023c79      0x450 build/cooja/mtype902.a(link-stats.o)
                0x0000000000023c79                link_stats_from_lladdr
                0x0000000000023ca6                link_stats_get_lladdr
                0x0000000000023cd3                link_stats_is_fresh
                0x0000000000023d20                guess_etx_from_rssi
                0x0000000000023da6                link_stats_packet_sent
                0x0000000000023eea                link_stats_input_callback
                0x000000000002401e                link_stats_reset
                0x0000000000024080                link_stats_init
 .text          0x00000000000240c9      0x1a8 build/cooja/mtype902.a(mac-sequence.o)
                0x00000000000240c9                mac_sequence_is_duplicate
                0x0000000000024189                mac_sequence_register_seqno
 .text          0x0000000000024271       0x2d build/cooja/mtype902.a(mac.o)
                0x0000000000024271                mac_call_sent_callback
 .text          0x000000000002429e      0x477 build/cooja/mtype902.a(framer-802154.o)
                0x0000000000024441                framer_802154_setup_params
 .text          0x0000000000024715      0xc1a build/cooja/mtype902.a(frame802154.o)
                0x0000000000024750                frame802154_get_pan_id
                0x0000000000024766                frame802154_set_pan_id
                0x000000000002478b                frame802154_has_panid
                0x0000000000024944                frame802154_check_dest_panid
                0x00000000000249d6                frame802154_is_broadcast_addr
                0x0000000000024a2d                frame802154_extract_linkaddr
                0x0000000000024cb6                frame802154_hdrlen
                0x0000000000024d33                frame802154_create_fcf
                0x0000000000024df5                frame802154_create
                0x0000000000024f80                frame802154_parse_fcf
                0x000000000002506c                frame802154_parse
 .text          0x000000000002532f       0x4e build/cooja/mtype902.a(csma-security.o)
                0x000000000002532f                csma_security_create_frame
                0x0000000000025360                csma_security_parse_frame
 .text          0x000000000002537d      0x5d3 build/cooja/mtype902.a(uipbuf.o)
                0x000000000002537d                uipbuf_clear
                0x00000000000253b4                uipbuf_add_ext_hdr
                0x000000000002544f                uipbuf_set_len
                0x0000000000025489                uipbuf_set_len_field
                0x00000000000254bf                uipbuf_get_len_field
                0x00000000000254e9                uipbuf_get_next_header
                0x000000000002563a                uipbuf_get_last_header
                0x00000000000256bd                uipbuf_search_header
                0x0000000000025781                uipbuf_get_attr
                0x00000000000257b2                uipbuf_set_attr
                0x00000000000257f3                uipbuf_set_default_attr
                0x0000000000025834                uipbuf_clear_attr
                0x0000000000025874                uipbuf_set_attr_flag
                0x00000000000258a0                uipbuf_clr_attr_flag
                0x00000000000258d2                uipbuf_is_attr_flag
                0x0000000000025900                uipbuf_init
 .text          0x0000000000025950      0x8b7 build/cooja/mtype902.a(uip-icmp6.o)
                0x00000000000259d5                uip_icmp6_input
                0x0000000000025a36                uip_icmp6_register_input_handler
                0x0000000000025bea                uip_icmp6_error_output
                0x0000000000025f2c                uip_icmp6_send
                0x000000000002615a                uip_icmp6_echo_reply_callback_add
                0x000000000002619d                uip_icmp6_echo_reply_callback_rm
                0x00000000000261cb                uip_icmp6_init
 .text          0x0000000000026207      0x772 build/cooja/mtype902.a(uip-sr.o)
                0x0000000000026207                uip_sr_num_nodes
                0x00000000000262b3                uip_sr_get_node
                0x000000000002631a                uip_sr_is_addr_reachable
                0x00000000000263d7                uip_sr_expire_parent
                0x000000000002642a                uip_sr_update_node
                0x000000000002656e                uip_sr_init
                0x00000000000265b4                uip_sr_node_head
                0x00000000000265de                uip_sr_node_next
                0x0000000000026604                uip_sr_periodic
                0x0000000000026720                uip_sr_free_all
                0x00000000000267a5                uip_sr_link_snprint
 .text          0x0000000000026979      0x1a5 build/cooja/mtype902.a(uip-packetqueue)
                0x00000000000269b9                uip_packetqueue_new
                0x00000000000269d2                uip_packetqueue_alloc
                0x0000000000026a41                uip_packetqueue_free
                0x0000000000026a99                uip_packetqueue_buf
                0x0000000000026ac0                uip_packetqueue_buflen
                0x0000000000026aeb                uip_packetqueue_set_buflen
 .text          0x0000000000026b1e       0x8d build/cooja/mtype902.a(rpl-nbr-policy.)
                0x0000000000026b6a                rpl_nbr_gc_get_worst
 .text          0x0000000000026bab      0xaad build/cooja/mtype902.a(rpl-neighbor.o)
                0x0000000000026c47                rpl_neighbor_snprint
                0x0000000000026f2f                rpl_neighbor_print_list
                0x0000000000027002                rpl_neighbor_count
                0x00000000000270e5                rpl_neighbor_get_from_lladdr
                0x0000000000027112                rpl_neighbor_is_acceptable_parent
                0x0000000000027158                rpl_neighbor_get_link_metric
                0x000000000002719e                rpl_neighbor_rank_via_nbr
                0x00000000000271e4                rpl_neighbor_get_lladdr
                0x0000000000027211                rpl_neighbor_get_ipaddr
                0x0000000000027247                rpl_neighbor_get_link_stats
                0x000000000002727d                rpl_neighbor_is_fresh
                0x00000000000272b3                rpl_neighbor_is_parent
                0x00000000000272ea                rpl_neighbor_set_preferred_parent
                0x00000000000273a4                rpl_neighbor_remove_all
                0x0000000000027411                rpl_neighbor_get_from_ipaddr
                0x000000000002754b                rpl_neighbor_select_best
                0x0000000000027626                rpl_neighbor_init
 .text          0x0000000000027658     0x11f4 build/cooja/mtype902.a(rpl-dag.o)
                0x0000000000027658                rpl_dag_state_to_str
                0x00000000000276a6                rpl_dag_get_root_ipaddr
                0x00000000000276f6                rpl_dag_leave
                0x00000000000277ac                rpl_dag_poison_and_leave
                0x00000000000277d8                rpl_dag_periodic
                0x000000000002789d                rpl_is_addr_in_our_dag
                0x00000000000278fc                rpl_get_default_instance
                0x0000000000027926                rpl_get_any_dag
                0x000000000002799c                rpl_refresh_routes
                0x00000000000279ff                rpl_global_repair
                0x0000000000027ad0                rpl_local_repair
                0x0000000000027b35                rpl_dag_ready_to_advertise
                0x0000000000027b8e                rpl_dag_update_state
                0x000000000002840a                rpl_process_dio
                0x00000000000284a5                rpl_process_dis
                0x00000000000284fb                rpl_process_dao
                0x000000000002859c                rpl_process_dao_ack
                0x0000000000028658                rpl_process_hbh
                0x00000000000286b8                rpl_dag_init_root
                0x000000000002881a                rpl_dag_init
 .text          0x000000000002884c      0xd8d build/cooja/mtype902.a(rpl-timers.o)
                0x000000000002884c                rpl_timers_schedule_periodic_dis
                0x00000000000289f6                rpl_timers_dio_reset
                0x0000000000028b6e                rpl_timers_schedule_unicast_dio
                0x0000000000028d41                rpl_timers_schedule_dao
                0x0000000000028e47                rpl_timers_schedule_dao_ack
                0x0000000000028f16                rpl_timers_notify_dao_ack
                0x0000000000028f9c                get_probing_delay
                0x0000000000028fe1                get_probing_target
                0x0000000000029216                rpl_schedule_probing
                0x0000000000029262                rpl_schedule_probing_now
                0x00000000000292fc                rpl_timers_unschedule_leaving
                0x0000000000029356                rpl_timers_schedule_leaving
                0x00000000000293bb                rpl_timers_init
                0x000000000002947d                rpl_timers_stop_dag_timers
                0x000000000002953a                rpl_timers_unschedule_state_update
                0x0000000000029576                rpl_timers_schedule_state_update
 .text          0x00000000000295d9      0xd42 build/cooja/mtype902.a(rpl-ext-header.)
                0x00000000000295d9                rpl_ext_header_srh_get_next_hop
                0x00000000000296e4                rpl_ext_header_srh_update
                0x0000000000029d16                rpl_ext_header_hbh_update
                0x000000000002a095                rpl_ext_header_update
                0x000000000002a144                rpl_ext_header_remove
 .text          0x000000000002a31b      0x39b build/cooja/mtype902.a(rpl-mrhof.o)
 *fill*         0x000000000002a6b6        0xa 
 .text          0x000000000002a6c0      0x116 /usr/lib/gcc/i686-linux-gnu/7/libgcc.a(_udivdi3.o)
                0x000000000002a6c0                __udivdi3
 *fill*         0x000000000002a7d6        0xa 
 .text          0x000000000002a7e0       0x14 /usr/lib/i386-linux-gnu/libc_nonshared.a(stack_chk_fail_local.oS)
                0x000000000002a7e0                __stack_chk_fail_local
 .text          0x000000000002a7f4        0x0 /usr/lib/gcc/i686-linux-gnu/7/crtendS.o
 .text          0x000000000002a7f4        0x0 /usr/lib/gcc/i686-linux-gnu/7/../../../i386-linux-gnu/crtn.o
 *(.gnu.warning)

.fini           0x000000000002a7f4       0x14
 *(SORT_NONE(.fini))
 .fini          0x000000000002a7f4        0xf /usr/lib/gcc/i686-linux-gnu/7/../../../i386-linux-gnu/crti.o
                0x000000000002a7f4                _fini
 .fini          0x000000000002a803        0x5 /usr/lib/gcc/i686-linux-gnu/7/../../../i386-linux-gnu/crtn.o
                [!provide]                        PROVIDE (__etext = .)
                [!provide]                        PROVIDE (_etext = .)
                [!provide]                        PROVIDE (etext = .)

.rodata         0x000000000002a808      0xaab
 *(.rodata .rodata.* .gnu.linkonce.r.*)
 .rodata        0x000000000002a808      0x16b fire_detector_server.o
 *fill*         0x000000000002a973        0x1 
 .rodata        0x000000000002a974        0x6 build/cooja/mtype902.a(leds-arch.o)
                0x000000000002a974                leds_arch_leds
 .rodata        0x000000000002a97a        0x4 build/cooja/mtype902.a(pir-sensor.o)
 .rodata        0x000000000002a97e        0x6 build/cooja/mtype902.a(rs232.o)
 .rodata        0x000000000002a984        0xa build/cooja/mtype902.a(vib-sensor.o)
 *fill*         0x000000000002a98e        0x2 
 .rodata        0x000000000002a990       0x27 build/cooja/mtype902.a(cfs-cooja.o)
 *fill*         0x000000000002a9b7        0x1 
 .rodata        0x000000000002a9b8       0x68 build/cooja/mtype902.a(cooja-radio.o)
 .rodata        0x000000000002aa20        0x8 build/cooja/mtype902.a(sensors.o)
 .rodata        0x000000000002aa28       0x14 build/cooja/mtype902.a(buttons.o)
                0x000000000002aa34                button_hal_button_count
 .rodata        0x000000000002aa3c      0x142 build/cooja/mtype902.a(fire_detector.o)
 .rodata        0x000000000002ab7e       0x41 build/cooja/mtype902.a(coap-engine.o)
 .rodata        0x000000000002abbf       0x19 build/cooja/mtype902.a(coap-res-well-k)
 .rodata        0x000000000002abd8       0x11 build/cooja/mtype902.a(coap-observe.o)
 .rodata        0x000000000002abe9       0x35 build/cooja/mtype902.a(coap-uip.o)
 *fill*         0x000000000002ac1e        0x2 
 .rodata        0x000000000002ac20      0x1ac build/cooja/mtype902.a(coap.o)
 .rodata        0x000000000002adcc       0xf4 build/cooja/mtype902.a(contiki-main.o)
 .rodata        0x000000000002aec0        0xf build/cooja/mtype902.a(ctimer.o)
 *fill*         0x000000000002aecf        0x1 
 .rodata        0x000000000002aed0       0xc4 build/cooja/mtype902.a(log.o)
 .rodata        0x000000000002af94        0xc build/cooja/mtype902.a(etimer.o)
 .rodata        0x000000000002afa0       0x13 build/cooja/mtype902.a(button-hal.o)
 .rodata        0x000000000002afb3        0xe build/cooja/mtype902.a(serial-line.o)
 *fill*         0x000000000002afc1        0x3 
 .rodata        0x000000000002afc4        0x8 build/cooja/mtype902.a(linkaddr.o)
                0x000000000002afc4                linkaddr_null
 .rodata        0x000000000002afcc        0x5 build/cooja/mtype902.a(csma.o)
 *fill*         0x000000000002afd1        0x3 
 .rodata        0x000000000002afd4       0x2a build/cooja/mtype902.a(csma-output.o)
 *fill*         0x000000000002affe        0x2 
 .rodata        0x000000000002b000       0x4d build/cooja/mtype902.a(uip-ds6-route.o)
 .rodata        0x000000000002b04d        0xd build/cooja/mtype902.a(tcpip.o)
 *fill*         0x000000000002b05a        0x2 
 .rodata        0x000000000002b05c       0x48 build/cooja/mtype902.a(uip6.o)
 .rodata        0x000000000002b0a4       0x1f build/cooja/mtype902.a(sicslowpan.o)
                0x000000000002b0a4                unc_llconf
                0x000000000002b0a8                unc_ctxconf
                0x000000000002b0ac                unc_mxconf
                0x000000000002b0b0                llprefix
 .rodata        0x000000000002b0c3       0x2d build/cooja/mtype902.a(uiplib.o)
 .rodata        0x000000000002b0f0        0x9 build/cooja/mtype902.a(rpl.o)
 .rodata        0x000000000002b0f9       0x13 build/cooja/mtype902.a(coap-timer-defa)
 .rodata        0x000000000002b10c       0x25 build/cooja/mtype902.a(assert.o)
 .rodata        0x000000000002b131       0x44 build/cooja/mtype902.a(uip-sr.o)
 *fill*         0x000000000002b175        0x3 
 .rodata        0x000000000002b178       0x58 build/cooja/mtype902.a(rpl-neighbor.o)
 .rodata        0x000000000002b1d0       0xd7 build/cooja/mtype902.a(rpl-dag.o)
 .rodata        0x000000000002b2a7        0xc build/cooja/mtype902.a(rpl-timers.o)

.rodata1
 *(.rodata1)

.eh_frame_hdr   0x000000000002b2b4     0x1acc
 *(.eh_frame_hdr)
 .eh_frame_hdr  0x000000000002b2b4     0x1acc fire_detector_server.o
                0x000000000002b2b4                __GNU_EH_FRAME_HDR
 *(.eh_frame_entry .eh_frame_entry.*)

.eh_frame       0x000000000002cd80     0x7408
 *(.eh_frame)
 .eh_frame      0x000000000002cd80       0x3c /usr/lib/gcc/i686-linux-gnu/7/../../../i386-linux-gnu/crti.o
                                         0x40 (size before relaxing)
 .eh_frame      0x000000000002cdbc       0x14 /usr/lib/gcc/i686-linux-gnu/7/../../../i386-linux-gnu/crti.o
                                         0x2c (size before relaxing)
 .eh_frame      0x000000000002cdd0       0x6c fire_detector_server.o
                                         0x98 (size before relaxing)
 .eh_frame      0x000000000002ce3c      0x1ac build/cooja/mtype902.o
                                        0x1ec (size before relaxing)
 .eh_frame      0x000000000002cfe8       0x48 build/cooja/mtype902.a(simEnvChange.o)
                                         0x74 (size before relaxing)
 .eh_frame      0x000000000002d030       0x6c build/cooja/mtype902.a(cooja_mt.o)
                                         0x98 (size before relaxing)
 .eh_frame      0x000000000002d09c       0x88 build/cooja/mtype902.a(cooja_mtarch.o)
                                         0xc8 (size before relaxing)
 .eh_frame      0x000000000002d124       0xe4 build/cooja/mtype902.a(rtimer-arch.o)
                                        0x110 (size before relaxing)
 .eh_frame      0x000000000002d208      0x160 build/cooja/mtype902.a(beep.o)
                                        0x18c (size before relaxing)
 .eh_frame      0x000000000002d368       0x88 build/cooja/mtype902.a(leds-arch.o)
                                         0xc8 (size before relaxing)
 .eh_frame      0x000000000002d3f0       0x44 build/cooja/mtype902.a(moteid.o)
                                         0x70 (size before relaxing)
 .eh_frame      0x000000000002d434       0xa4 build/cooja/mtype902.a(pir-sensor.o)
                                         0xe4 (size before relaxing)
 .eh_frame      0x000000000002d4d8      0x110 build/cooja/mtype902.a(rs232.o)
                                        0x150 (size before relaxing)
 .eh_frame      0x000000000002d5e8       0xa4 build/cooja/mtype902.a(vib-sensor.o)
                                         0xe4 (size before relaxing)
 .eh_frame      0x000000000002d68c       0xc0 build/cooja/mtype902.a(clock.o)
                                         0xec (size before relaxing)
 .eh_frame      0x000000000002d74c      0x130 build/cooja/mtype902.a(cooja-log.o)
                                        0x170 (size before relaxing)
 .eh_frame      0x000000000002d87c      0x16c build/cooja/mtype902.a(cfs-cooja.o)
                                        0x1ac (size before relaxing)
 .eh_frame      0x000000000002d9e8      0x374 build/cooja/mtype902.a(cooja-radio.o)
                                        0x3b4 (size before relaxing)
 .eh_frame      0x000000000002dd5c       0xa8 build/cooja/mtype902.a(eeprom.o)
                                         0xe8 (size before relaxing)
 .eh_frame      0x000000000002de04       0x48 build/cooja/mtype902.a(random.o)
                                         0x74 (size before relaxing)
 .eh_frame      0x000000000002de4c       0xd0 build/cooja/mtype902.a(sensors.o)
                                        0x110 (size before relaxing)
 .eh_frame      0x000000000002df1c      0x140 build/cooja/mtype902.a(leds.o)
                                        0x180 (size before relaxing)
 .eh_frame      0x000000000002e05c      0x228 build/cooja/mtype902.a(gpio-hal-arch.o)
                                        0x27c (size before relaxing)
 .eh_frame      0x000000000002e284       0xa4 build/cooja/mtype902.a(buttons.o)
                                         0xe4 (size before relaxing)
 .eh_frame      0x000000000002e328       0x90 build/cooja/mtype902.a(fire_detector.o)
                                         0xbc (size before relaxing)
 .eh_frame      0x000000000002e3b8       0x48 build/cooja/mtype902.a(coap-blocking-a)
                                         0x88 (size before relaxing)
 .eh_frame      0x000000000002e400      0x24c build/cooja/mtype902.a(coap-engine.o)
                                        0x28c (size before relaxing)
 .eh_frame      0x000000000002e64c       0x2c build/cooja/mtype902.a(coap-res-well-k)
                                         0x58 (size before relaxing)
 .eh_frame      0x000000000002e678      0x1b4 build/cooja/mtype902.a(coap-observe.o)
                                        0x1f4 (size before relaxing)
 .eh_frame      0x000000000002e82c      0x278 build/cooja/mtype902.a(coap-uip.o)
                                        0x2b8 (size before relaxing)
 .eh_frame      0x000000000002eaa4      0x128 build/cooja/mtype902.a(coap-timer.o)
                                        0x168 (size before relaxing)
 .eh_frame      0x000000000002ebcc      0x110 build/cooja/mtype902.a(coap-transactio)
                                        0x150 (size before relaxing)
 .eh_frame      0x000000000002ecdc      0x72c build/cooja/mtype902.a(coap.o)
                                        0x76c (size before relaxing)
 .eh_frame      0x000000000002f408       0x38 build/cooja/mtype902.a(contiki-main.o)
                                         0x64 (size before relaxing)
 .eh_frame      0x000000000002f440       0x48 build/cooja/mtype902.a(autostart.o)
                                         0x74 (size before relaxing)
 .eh_frame      0x000000000002f488      0x11c build/cooja/mtype902.a(ctimer.o)
                                        0x15c (size before relaxing)
 .eh_frame      0x000000000002f5a4      0x144 build/cooja/mtype902.a(log.o)
                                        0x184 (size before relaxing)
 .eh_frame      0x000000000002f6e8       0x60 build/cooja/mtype902.a(energest.o)
                                         0x8c (size before relaxing)
 .eh_frame      0x000000000002f748      0x204 build/cooja/mtype902.a(etimer.o)
                                        0x244 (size before relaxing)
 .eh_frame      0x000000000002f94c       0x20 build/cooja/mtype902.a(node-id.o)
                                         0x4c (size before relaxing)
 .eh_frame      0x000000000002f96c       0x6c build/cooja/mtype902.a(rtimer.o)
                                         0xc0 (size before relaxing)
 .eh_frame      0x000000000002f9d8      0x1ec build/cooja/mtype902.a(process.o)
                                        0x22c (size before relaxing)
 .eh_frame      0x000000000002fbc4       0xb4 build/cooja/mtype902.a(timer.o)
                                         0xe0 (size before relaxing)
 .eh_frame      0x000000000002fc78      0x1a0 build/cooja/mtype902.a(list.o)
                                        0x1cc (size before relaxing)
 .eh_frame      0x000000000002fe18       0xa4 build/cooja/mtype902.a(memb.o)
                                         0xe4 (size before relaxing)
 .eh_frame      0x000000000002febc      0x188 build/cooja/mtype902.a(button-hal.o)
                                        0x1c8 (size before relaxing)
 .eh_frame      0x0000000000030044       0x6c build/cooja/mtype902.a(serial-line.o)
                                         0x98 (size before relaxing)
 .eh_frame      0x00000000000300b0       0xfc build/cooja/mtype902.a(gpio-hal.o)
                                        0x13c (size before relaxing)
 .eh_frame      0x00000000000301ac      0x1c0 build/cooja/mtype902.a(queuebuf.o)
                                        0x200 (size before relaxing)
 .eh_frame      0x000000000003036c      0x2b0 build/cooja/mtype902.a(packetbuf.o)
                                        0x2f0 (size before relaxing)
 .eh_frame      0x000000000003061c       0x90 build/cooja/mtype902.a(netstack.o)
                                         0xd0 (size before relaxing)
 .eh_frame      0x00000000000306ac       0x64 build/cooja/mtype902.a(linkaddr.o)
                                         0x90 (size before relaxing)
 .eh_frame      0x0000000000030710       0xf0 build/cooja/mtype902.a(csma.o)
                                        0x130 (size before relaxing)
 .eh_frame      0x0000000000030800      0x1f8 build/cooja/mtype902.a(csma-output.o)
                                        0x238 (size before relaxing)
 .eh_frame      0x00000000000309f8      0x364 build/cooja/mtype902.a(uip-ds6.o)
                                        0x3a4 (size before relaxing)
 .eh_frame      0x0000000000030d5c       0x44 build/cooja/mtype902.a(uip-udp-packet.)
                                         0x84 (size before relaxing)
 .eh_frame      0x0000000000030da0      0x260 build/cooja/mtype902.a(uip-ds6-route.o)
                                        0x2a0 (size before relaxing)
 .eh_frame      0x0000000000031000      0x34c build/cooja/mtype902.a(tcpip.o)
                                        0x38c (size before relaxing)
 .eh_frame      0x000000000003134c      0x2e8 build/cooja/mtype902.a(uip6.o)
                                        0x33c (size before relaxing)
 .eh_frame      0x0000000000031634      0x1e8 build/cooja/mtype902.a(uip-ds6-nbr.o)
                                        0x228 (size before relaxing)
 .eh_frame      0x000000000003181c       0x8c build/cooja/mtype902.a(uip-nd6.o)
                                         0xe0 (size before relaxing)
 .eh_frame      0x00000000000318a8      0x354 build/cooja/mtype902.a(sicslowpan.o)
                                        0x3a8 (size before relaxing)
 .eh_frame      0x0000000000031bfc       0x9c build/cooja/mtype902.a(uiplib.o)
                                         0xdc (size before relaxing)
 .eh_frame      0x0000000000031c98      0x1fc build/cooja/mtype902.a(rpl.o)
                                        0x23c (size before relaxing)
 .eh_frame      0x0000000000031e94      0x1f0 build/cooja/mtype902.a(rpl-icmp6.o)
                                        0x230 (size before relaxing)
 .eh_frame      0x0000000000032084       0xb0 build/cooja/mtype902.a(rpl-dag-root.o)
                                         0xf0 (size before relaxing)
 .eh_frame      0x0000000000032134       0xa4 build/cooja/mtype902.a(watchdog.o)
                                         0xd0 (size before relaxing)
 .eh_frame      0x00000000000321d8       0x80 build/cooja/mtype902.a(int-master.o)
                                         0xac (size before relaxing)
 .eh_frame      0x0000000000032258       0xc4 build/cooja/mtype902.a(coap-timer-defa)
                                        0x104 (size before relaxing)
 .eh_frame      0x000000000003231c       0xd8 build/cooja/mtype902.a(stimer.o)
                                        0x104 (size before relaxing)
 .eh_frame      0x00000000000323f4       0xa0 build/cooja/mtype902.a(ringbuf.o)
                                         0xcc (size before relaxing)
 .eh_frame      0x0000000000032494       0x24 build/cooja/mtype902.a(assert.o)
                                         0x50 (size before relaxing)
 .eh_frame      0x00000000000324b8      0x428 build/cooja/mtype902.a(nbr-table.o)
                                        0x468 (size before relaxing)
 .eh_frame      0x00000000000328e0      0x140 build/cooja/mtype902.a(link-stats.o)
                                        0x180 (size before relaxing)
 .eh_frame      0x0000000000032a20       0x50 build/cooja/mtype902.a(mac-sequence.o)
                                         0x7c (size before relaxing)
 .eh_frame      0x0000000000032a70       0x20 build/cooja/mtype902.a(mac.o)
                                         0x4c (size before relaxing)
 .eh_frame      0x0000000000032a90       0xb4 build/cooja/mtype902.a(framer-802154.o)
                                         0xf4 (size before relaxing)
 .eh_frame      0x0000000000032b44      0x1b0 build/cooja/mtype902.a(frame802154.o)
                                        0x1f0 (size before relaxing)
 .eh_frame      0x0000000000032cf4       0x44 build/cooja/mtype902.a(csma-security.o)
                                         0x84 (size before relaxing)
 .eh_frame      0x0000000000032d38      0x204 build/cooja/mtype902.a(uipbuf.o)
                                        0x230 (size before relaxing)
 .eh_frame      0x0000000000032f3c      0x170 build/cooja/mtype902.a(uip-icmp6.o)
                                        0x1b0 (size before relaxing)
 .eh_frame      0x00000000000330ac      0x1ac build/cooja/mtype902.a(uip-sr.o)
                                        0x1ec (size before relaxing)
 .eh_frame      0x0000000000033258       0xec build/cooja/mtype902.a(uip-packetqueue)
                                        0x12c (size before relaxing)
 .eh_frame      0x0000000000033344       0x48 build/cooja/mtype902.a(rpl-nbr-policy.)
                                         0x88 (size before relaxing)
 .eh_frame      0x000000000003338c      0x2ec build/cooja/mtype902.a(rpl-neighbor.o)
                                        0x340 (size before relaxing)
 .eh_frame      0x0000000000033678      0x3c0 build/cooja/mtype902.a(rpl-dag.o)
                                        0x414 (size before relaxing)
 .eh_frame      0x0000000000033a38      0x418 build/cooja/mtype902.a(rpl-timers.o)
                                        0x458 (size before relaxing)
 .eh_frame      0x0000000000033e50      0x144 build/cooja/mtype902.a(rpl-ext-header.)
                                        0x184 (size before relaxing)
 .eh_frame      0x0000000000033f94      0x150 build/cooja/mtype902.a(rpl-mrhof.o)
                                        0x190 (size before relaxing)
 .eh_frame      0x00000000000340e4       0x84 /usr/lib/gcc/i686-linux-gnu/7/libgcc.a(_udivdi3.o)
                                         0x9c (size before relaxing)
 .eh_frame      0x0000000000034168       0x1c /usr/lib/i386-linux-gnu/libc_nonshared.a(stack_chk_fail_local.oS)
                                         0x48 (size before relaxing)
 .eh_frame      0x0000000000034184        0x4 /usr/lib/gcc/i686-linux-gnu/7/crtendS.o
 *(.eh_frame.*)

.gcc_except_table
 *(.gcc_except_table .gcc_except_table.*)

.gnu_extab
 *(.gnu_extab*)

.exception_ranges
 *(.exception_ranges .exception_ranges*)
                0x0000000000035bf8                . = DATA_SEGMENT_ALIGN (CONSTANT (MAXPAGESIZE), CONSTANT (COMMONPAGESIZE))

.eh_frame
 *(.eh_frame)
 *(.eh_frame.*)

.gnu_extab
 *(.gnu_extab)

.gcc_except_table
 *(.gcc_except_table .gcc_except_table.*)

.exception_ranges
 *(.exception_ranges .exception_ranges*)

.tdata
 *(.tdata .tdata.* .gnu.linkonce.td.*)

.tbss
 *(.tbss .tbss.* .gnu.linkonce.tb.*)
 *(.tcommon)

.preinit_array
 *(.preinit_array)

.init_array     0x0000000000035bf8        0x4
 *(SORT_BY_INIT_PRIORITY(.init_array.*) SORT_BY_INIT_PRIORITY(.ctors.*))
 *(.init_array EXCLUDE_FILE(*crtend?.o *crtend.o *crtbegin?.o *crtbegin.o) .ctors)
 .init_array    0x0000000000035bf8        0x4 /usr/lib/gcc/i686-linux-gnu/7/crtbeginS.o

.fini_array     0x0000000000035bfc        0x4
 *(SORT_BY_INIT_PRIORITY(.fini_array.*) SORT_BY_INIT_PRIORITY(.dtors.*))
 *(.fini_array EXCLUDE_FILE(*crtend?.o *crtend.o *crtbegin?.o *crtbegin.o) .dtors)
 .fini_array    0x0000000000035bfc        0x4 /usr/lib/gcc/i686-linux-gnu/7/crtbeginS.o

.ctors
 *crtbegin.o(.ctors)
 *crtbegin?.o(.ctors)
 *(EXCLUDE_FILE(*crtend?.o *crtend.o) .ctors)
 *(SORT_BY_NAME(.ctors.*))
 *(.ctors)

.dtors
 *crtbegin.o(.dtors)
 *crtbegin?.o(.dtors)
 *(EXCLUDE_FILE(*crtend?.o *crtend.o) .dtors)
 *(SORT_BY_NAME(.dtors.*))
 *(.dtors)

.jcr
 *(.jcr)

.data.rel.ro    0x0000000000035c00      0x198
 *(.data.rel.ro.local* .gnu.linkonce.d.rel.ro.local.*)
 .data.rel.ro.local
                0x0000000000035c00        0x8 fire_detector_server.o
                0x0000000000035c00                autostart_processes
 .data.rel.ro.local
                0x0000000000035c08        0x8 build/cooja/mtype902.a(beep.o)
                0x0000000000035c08                beep_interface
 .data.rel.ro.local
                0x0000000000035c10        0x8 build/cooja/mtype902.a(leds-arch.o)
                0x0000000000035c10                leds_interface
 .data.rel.ro.local
                0x0000000000035c18        0x8 build/cooja/mtype902.a(moteid.o)
                0x0000000000035c18                moteid_interface
 .data.rel.ro.local
                0x0000000000035c20       0x18 build/cooja/mtype902.a(pir-sensor.o)
                0x0000000000035c20                pir_interface
                0x0000000000035c28                pir_sensor
 .data.rel.ro.local
                0x0000000000035c38        0x8 build/cooja/mtype902.a(rs232.o)
                0x0000000000035c38                rs232_interface
 .data.rel.ro.local
                0x0000000000035c40       0x18 build/cooja/mtype902.a(vib-sensor.o)
                0x0000000000035c40                vib_interface
                0x0000000000035c48                vib_sensor
 .data.rel.ro.local
                0x0000000000035c58        0x8 build/cooja/mtype902.a(clock.o)
                0x0000000000035c58                clock_interface
 .data.rel.ro.local
                0x0000000000035c60        0x8 build/cooja/mtype902.a(cooja-log.o)
                0x0000000000035c60                simlog_interface
 .data.rel.ro.local
                0x0000000000035c68        0x8 build/cooja/mtype902.a(cfs-cooja.o)
                0x0000000000035c68                cfs_interface
 *fill*         0x0000000000035c70       0x10 
 .data.rel.ro.local
                0x0000000000035c80       0x58 build/cooja/mtype902.a(cooja-radio.o)
                0x0000000000035c80                radio_interface
                0x0000000000035ca0                cooja_radio_driver
 .data.rel.ro.local
                0x0000000000035cd8        0x8 build/cooja/mtype902.a(eeprom.o)
                0x0000000000035cd8                eeprom_interface
 .data.rel.ro.local
                0x0000000000035ce0       0x18 build/cooja/mtype902.a(buttons.o)
                0x0000000000035ce0                button_interface
                0x0000000000035ce8                button_sensor
 .data.rel.ro.local
                0x0000000000035cf8       0x1c build/cooja/mtype902.a(csma.o)
                0x0000000000035cf8                csma_driver
 .data.rel.ro.local
                0x0000000000035d14       0x10 build/cooja/mtype902.a(sicslowpan.o)
                0x0000000000035d14                sicslowpan_driver
 .data.rel.ro.local
                0x0000000000035d24        0xc build/cooja/mtype902.a(coap-timer-defa)
                0x0000000000035d24                coap_timer_default_driver
 .data.rel.ro.local
                0x0000000000035d30        0xc build/cooja/mtype902.a(framer-802154.o)
                0x0000000000035d30                framer_802154
 *(.data.rel.ro .data.rel.ro.* .gnu.linkonce.d.rel.ro.*)
 .data.rel.ro   0x0000000000035d3c        0x0 /usr/lib/gcc/i686-linux-gnu/7/../../../i386-linux-gnu/crti.o
 *fill*         0x0000000000035d3c        0x4 
 .data.rel.ro   0x0000000000035d40       0x54 build/cooja/mtype902.a(rpl.o)
                0x0000000000035d40                rpl_lite_driver
 .data.rel.ro   0x0000000000035d94        0x4 build/cooja/mtype902.a(rpl-dag.o)

.dynamic        0x0000000000035d98       0xf0
 *(.dynamic)
 .dynamic       0x0000000000035d98       0xf0 /usr/lib/gcc/i686-linux-gnu/7/../../../i386-linux-gnu/crti.o
                0x0000000000035d98                _DYNAMIC

.got            0x0000000000035e88      0x16c
 *(.got)
 .got           0x0000000000035e88      0x16c /usr/lib/gcc/i686-linux-gnu/7/../../../i386-linux-gnu/crti.o
 *(.igot)
                0x0000000000035ff4                . = DATA_SEGMENT_RELRO_END (., (SIZEOF (.got.plt) >= 0xc)?0xc:0x0)

.got.plt        0x0000000000036000      0x574
 *(.got.plt)
 .got.plt       0x0000000000036000      0x574 /usr/lib/gcc/i686-linux-gnu/7/../../../i386-linux-gnu/crti.o
                0x0000000000036000                _GLOBAL_OFFSET_TABLE_
 *(.igot.plt)

.data           0x0000000000036580      0x424
 *(.data .data.* .gnu.linkonce.d.*)
 .data          0x0000000000036580        0x0 /usr/lib/gcc/i686-linux-gnu/7/../../../i386-linux-gnu/crti.o
 .data          0x0000000000036580        0x0 /usr/lib/gcc/i686-linux-gnu/7/crtbeginS.o
 .data.rel.local
                0x0000000000036580        0x4 /usr/lib/gcc/i686-linux-gnu/7/crtbeginS.o
                0x0000000000036580                __dso_handle
 .data          0x0000000000036584        0x0 fire_detector_server.o
 .data.rel.local
                0x0000000000036584       0x14 fire_detector_server.o
                0x0000000000036584                fire_detector_server
                0x0000000000036594                service_url
 .data          0x0000000000036598        0x0 build/cooja/mtype902.o
 *fill*         0x0000000000036598        0x8 
 .data.rel      0x00000000000365a0       0x44 build/cooja/mtype902.o
                0x00000000000365a0                simInterfaces
                0x00000000000365d4                sensors
 .data          0x00000000000365e4        0x0 build/cooja/mtype902.a(simEnvChange.o)
 .data          0x00000000000365e4        0x0 build/cooja/mtype902.a(cooja_mt.o)
 .data          0x00000000000365e4        0x0 build/cooja/mtype902.a(cooja_mtarch.o)
 .data          0x00000000000365e4        0x0 build/cooja/mtype902.a(rtimer-arch.o)
 .data          0x00000000000365e4        0x0 build/cooja/mtype902.a(beep.o)
 .data          0x00000000000365e4        0x0 build/cooja/mtype902.a(leds-arch.o)
 .data          0x00000000000365e4        0x0 build/cooja/mtype902.a(moteid.o)
 .data          0x00000000000365e4        0x0 build/cooja/mtype902.a(pir-sensor.o)
 .data          0x00000000000365e4        0x0 build/cooja/mtype902.a(rs232.o)
 .data          0x00000000000365e4        0x0 build/cooja/mtype902.a(vib-sensor.o)
 .data          0x00000000000365e4        0x0 build/cooja/mtype902.a(clock.o)
 .data          0x00000000000365e4        0x0 build/cooja/mtype902.a(cooja-log.o)
 .data          0x00000000000365e4        0x0 build/cooja/mtype902.a(cfs-cooja.o)
 .data          0x00000000000365e4       0x20 build/cooja/mtype902.a(cooja-radio.o)
                0x00000000000365e4                simRadioHWOn
                0x00000000000365e8                simSignalStrength
                0x00000000000365ec                simLastSignalStrength
                0x00000000000365f0                simPower
                0x00000000000365f4                simRadioChannel
                0x00000000000365f8                simLQI
                0x00000000000365fc                simLastLQI
 .data.rel.local
                0x0000000000036604       0x10 build/cooja/mtype902.a(cooja-radio.o)
                0x0000000000036604                cooja_radio_process
 .data          0x0000000000036614        0x0 build/cooja/mtype902.a(eeprom.o)
 .data          0x0000000000036614        0x0 build/cooja/mtype902.a(random.o)
 .data          0x0000000000036614        0x0 build/cooja/mtype902.a(sensors.o)
 .data.rel.local
                0x0000000000036614       0x10 build/cooja/mtype902.a(sensors.o)
                0x0000000000036614                sensors_process
 .data          0x0000000000036624        0x0 build/cooja/mtype902.a(leds.o)
 .data          0x0000000000036624        0x0 build/cooja/mtype902.a(gpio-hal-arch.o)
 .data          0x0000000000036624        0x1 build/cooja/mtype902.a(buttons.o)
                0x0000000000036624                simButtonIsActive
 *fill*         0x0000000000036625       0x1b 
 .data.rel.local
                0x0000000000036640       0x58 build/cooja/mtype902.a(buttons.o)
                0x0000000000036690                button_hal_buttons
 .data          0x0000000000036698        0x0 build/cooja/mtype902.a(fire_detector.o)
 *fill*         0x0000000000036698        0x8 
 .data.rel.local
                0x00000000000366a0       0x24 build/cooja/mtype902.a(fire_detector.o)
                0x00000000000366a0                fire_detector
 .data          0x00000000000366c4        0x0 build/cooja/mtype902.a(coap-blocking-a)
 .data          0x00000000000366c4        0x0 build/cooja/mtype902.a(coap-engine.o)
 .data.rel.local
                0x00000000000366c4        0x8 build/cooja/mtype902.a(coap-engine.o)
 .data          0x00000000000366cc        0x0 build/cooja/mtype902.a(coap-res-well-k)
 *fill*         0x00000000000366cc       0x14 
 .data.rel.local
                0x00000000000366e0       0x24 build/cooja/mtype902.a(coap-res-well-k)
                0x00000000000366e0                res_well_known_core
 .data          0x0000000000036704        0x0 build/cooja/mtype902.a(coap-observe.o)
 .data.rel.local
                0x0000000000036704       0x10 build/cooja/mtype902.a(coap-observe.o)
 .data          0x0000000000036714        0x0 build/cooja/mtype902.a(coap-uip.o)
 .data.rel.local
                0x0000000000036714       0x10 build/cooja/mtype902.a(coap-uip.o)
                0x0000000000036714                coap_engine
 .data          0x0000000000036724        0x0 build/cooja/mtype902.a(coap-timer.o)
 .data.rel.local
                0x0000000000036724        0x4 build/cooja/mtype902.a(coap-timer.o)
 .data          0x0000000000036728        0x0 build/cooja/mtype902.a(coap-transactio)
 .data.rel.local
                0x0000000000036728       0x10 build/cooja/mtype902.a(coap-transactio)
 .data          0x0000000000036738        0x0 build/cooja/mtype902.a(coap.o)
 .data.rel.local
                0x0000000000036738        0x4 build/cooja/mtype902.a(coap.o)
                0x0000000000036738                coap_error_message
 .data          0x000000000003673c        0x0 build/cooja/mtype902.a(contiki-main.o)
 .data          0x000000000003673c        0x0 build/cooja/mtype902.a(autostart.o)
 .data          0x000000000003673c        0x0 build/cooja/mtype902.a(ctimer.o)
 .data.rel.local
                0x000000000003673c       0x14 build/cooja/mtype902.a(ctimer.o)
                0x0000000000036740                ctimer_process
 .data          0x0000000000036750        0x4 build/cooja/mtype902.a(log.o)
                0x0000000000036750                curr_log_level_main
 *fill*         0x0000000000036754        0xc 
 .data.rel.local
                0x0000000000036760       0x9c build/cooja/mtype902.a(log.o)
                0x0000000000036760                all_modules
 .data          0x00000000000367fc        0x0 build/cooja/mtype902.a(energest.o)
 .data          0x00000000000367fc        0x0 build/cooja/mtype902.a(etimer.o)
 .data.rel.local
                0x00000000000367fc       0x10 build/cooja/mtype902.a(etimer.o)
                0x00000000000367fc                etimer_process
 .data          0x000000000003680c        0x0 build/cooja/mtype902.a(node-id.o)
 .data          0x000000000003680c        0x0 build/cooja/mtype902.a(rtimer.o)
 .data          0x000000000003680c        0x0 build/cooja/mtype902.a(process.o)
 .data          0x000000000003680c        0x0 build/cooja/mtype902.a(timer.o)
 .data          0x000000000003680c        0x0 build/cooja/mtype902.a(list.o)
 .data          0x000000000003680c        0x0 build/cooja/mtype902.a(memb.o)
 .data          0x000000000003680c        0x0 build/cooja/mtype902.a(button-hal.o)
 .data.rel.local
                0x000000000003680c       0x10 build/cooja/mtype902.a(button-hal.o)
                0x000000000003680c                button_hal_process
 .data          0x000000000003681c        0x0 build/cooja/mtype902.a(serial-line.o)
 .data.rel.local
                0x000000000003681c       0x10 build/cooja/mtype902.a(serial-line.o)
                0x000000000003681c                serial_line_process
 .data          0x000000000003682c        0x0 build/cooja/mtype902.a(gpio-hal.o)
 .data.rel.local
                0x000000000003682c        0x4 build/cooja/mtype902.a(gpio-hal.o)
 .data          0x0000000000036830        0x0 build/cooja/mtype902.a(queuebuf.o)
 .data.rel.local
                0x0000000000036830       0x18 build/cooja/mtype902.a(queuebuf.o)
 .data          0x0000000000036848        0x0 build/cooja/mtype902.a(packetbuf.o)
 .data.rel.local
                0x0000000000036848        0x4 build/cooja/mtype902.a(packetbuf.o)
 .data          0x000000000003684c        0x0 build/cooja/mtype902.a(netstack.o)
 .data.rel.local
                0x000000000003684c        0x4 build/cooja/mtype902.a(netstack.o)
 .data          0x0000000000036850        0x0 build/cooja/mtype902.a(linkaddr.o)
 .data          0x0000000000036850        0x0 build/cooja/mtype902.a(csma.o)
 .data          0x0000000000036850        0x0 build/cooja/mtype902.a(csma-output.o)
 .data.rel.local
                0x0000000000036850       0x28 build/cooja/mtype902.a(csma-output.o)
 .data          0x0000000000036878        0x0 build/cooja/mtype902.a(uip-ds6.o)
 .data          0x0000000000036878        0x0 build/cooja/mtype902.a(uip-udp-packet.)
 .data          0x0000000000036878        0x0 build/cooja/mtype902.a(uip-ds6-route.o)
 .data.rel.local
                0x0000000000036878       0x10 build/cooja/mtype902.a(uip-ds6-route.o)
 .data          0x0000000000036888        0x0 build/cooja/mtype902.a(tcpip.o)
 .data.rel.local
                0x0000000000036888       0x10 build/cooja/mtype902.a(tcpip.o)
                0x0000000000036888                tcpip_process
 .data          0x0000000000036898        0x0 build/cooja/mtype902.a(uip6.o)
 .data          0x0000000000036898        0x0 build/cooja/mtype902.a(uip-ds6-nbr.o)
 .data.rel.local
                0x0000000000036898       0x14 build/cooja/mtype902.a(uip-ds6-nbr.o)
 .data          0x00000000000368ac        0x0 build/cooja/mtype902.a(uip-nd6.o)
 .data.rel.local
                0x00000000000368ac        0xc build/cooja/mtype902.a(uip-nd6.o)
 .data          0x00000000000368b8        0x0 build/cooja/mtype902.a(sicslowpan.o)
 .data          0x00000000000368b8        0x0 build/cooja/mtype902.a(uiplib.o)
 .data          0x00000000000368b8        0x0 build/cooja/mtype902.a(rpl.o)
 .data          0x00000000000368b8        0x0 build/cooja/mtype902.a(rpl-icmp6.o)
 .data.rel.local
                0x00000000000368b8       0x30 build/cooja/mtype902.a(rpl-icmp6.o)
 .data          0x00000000000368e8        0x0 build/cooja/mtype902.a(rpl-dag-root.o)
 .data          0x00000000000368e8        0x0 build/cooja/mtype902.a(watchdog.o)
 .data          0x00000000000368e8        0x0 build/cooja/mtype902.a(int-master.o)
 .data          0x00000000000368e8        0x0 build/cooja/mtype902.a(coap-timer-defa)
 .data.rel.local
                0x00000000000368e8       0x10 build/cooja/mtype902.a(coap-timer-defa)
                0x00000000000368e8                coap_timer_process
 .data          0x00000000000368f8        0x0 build/cooja/mtype902.a(stimer.o)
 .data          0x00000000000368f8        0x0 build/cooja/mtype902.a(ringbuf.o)
 .data          0x00000000000368f8        0x0 build/cooja/mtype902.a(assert.o)
 .data          0x00000000000368f8        0x0 build/cooja/mtype902.a(nbr-table.o)
 .data.rel.local
                0x00000000000368f8       0x10 build/cooja/mtype902.a(nbr-table.o)
 .data          0x0000000000036908        0x0 build/cooja/mtype902.a(link-stats.o)
 .data.rel.local
                0x0000000000036908       0x14 build/cooja/mtype902.a(link-stats.o)
 .data          0x000000000003691c        0x0 build/cooja/mtype902.a(mac-sequence.o)
 .data          0x000000000003691c        0x0 build/cooja/mtype902.a(mac.o)
 .data          0x000000000003691c        0x0 build/cooja/mtype902.a(framer-802154.o)
 .data          0x000000000003691c        0x2 build/cooja/mtype902.a(frame802154.o)
 .data          0x000000000003691e        0x0 build/cooja/mtype902.a(csma-security.o)
 .data          0x000000000003691e        0x0 build/cooja/mtype902.a(uipbuf.o)
 .data          0x000000000003691e        0x0 build/cooja/mtype902.a(uip-icmp6.o)
 *fill*         0x000000000003691e        0x2 
 .data.rel.local
                0x0000000000036920       0x20 build/cooja/mtype902.a(uip-icmp6.o)
 .data          0x0000000000036940        0x0 build/cooja/mtype902.a(uip-sr.o)
 .data.rel.local
                0x0000000000036940       0x10 build/cooja/mtype902.a(uip-sr.o)
 .data          0x0000000000036950        0x0 build/cooja/mtype902.a(uip-packetqueue)
 .data.rel.local
                0x0000000000036950        0xc build/cooja/mtype902.a(uip-packetqueue)
 .data          0x000000000003695c        0x0 build/cooja/mtype902.a(rpl-nbr-policy.)
 .data          0x000000000003695c        0x0 build/cooja/mtype902.a(rpl-neighbor.o)
 .data.rel.local
                0x000000000003695c       0x14 build/cooja/mtype902.a(rpl-neighbor.o)
                0x000000000003696c                rpl_neighbors
 .data          0x0000000000036970        0x0 build/cooja/mtype902.a(rpl-dag.o)
 .data          0x0000000000036970        0x0 build/cooja/mtype902.a(rpl-timers.o)
 .data          0x0000000000036970        0x0 build/cooja/mtype902.a(rpl-ext-header.)
 .data          0x0000000000036970        0x0 build/cooja/mtype902.a(rpl-mrhof.o)
 *fill*         0x0000000000036970       0x10 
 .data.rel.local
                0x0000000000036980       0x24 build/cooja/mtype902.a(rpl-mrhof.o)
                0x0000000000036980                rpl_mrhof
 .data          0x00000000000369a4        0x0 /usr/lib/gcc/i686-linux-gnu/7/libgcc.a(_udivdi3.o)
 .data          0x00000000000369a4        0x0 /usr/lib/i386-linux-gnu/libc_nonshared.a(stack_chk_fail_local.oS)
 .data          0x00000000000369a4        0x0 /usr/lib/gcc/i686-linux-gnu/7/crtendS.o
 .data          0x00000000000369a4        0x0 /usr/lib/gcc/i686-linux-gnu/7/../../../i386-linux-gnu/crtn.o

.tm_clone_table
                0x00000000000369a4        0x0
 .tm_clone_table
                0x00000000000369a4        0x0 /usr/lib/gcc/i686-linux-gnu/7/crtbeginS.o
 .tm_clone_table
                0x00000000000369a4        0x0 /usr/lib/gcc/i686-linux-gnu/7/crtendS.o

.data1
 *(.data1)
                0x00000000000369a4                _edata = .
                [!provide]                        PROVIDE (edata = .)
                0x00000000000369a4                . = .
                0x00000000000369a4                __bss_start = .

.bss            0x00000000000369c0    0x143e4
 *(.dynbss)
 .dynbss        0x00000000000369c0        0x0 /usr/lib/gcc/i686-linux-gnu/7/../../../i386-linux-gnu/crti.o
 *(.bss .bss.* .gnu.linkonce.b.*)
 .bss           0x00000000000369c0        0x0 /usr/lib/gcc/i686-linux-gnu/7/../../../i386-linux-gnu/crti.o
 .bss           0x00000000000369c0        0x1 /usr/lib/gcc/i686-linux-gnu/7/crtbeginS.o
 *fill*         0x00000000000369c1       0x1f 
 .bss           0x00000000000369e0      0x14c fire_detector_server.o
 *fill*         0x0000000000036b2c       0x14 
 .bss           0x0000000000036b40     0x2040 build/cooja/mtype902.o
 .bss           0x0000000000038b80        0x1 build/cooja/mtype902.a(simEnvChange.o)
                0x0000000000038b80                simDontFallAsleep
 *fill*         0x0000000000038b81        0x3 