Archive member included to satisfy reference by file (symbol)

build/cooja/mtype737.a(simEnvChange.o)
                              build/cooja/mtype737.o (simDontFallAsleep)
build/cooja/mtype737.a(cooja_mt.o)
                              build/cooja/mtype737.o (cooja_mt_start)
build/cooja/mtype737.a(cooja_mtarch.o)
                              build/cooja/mtype737.a(cooja_mt.o) (cooja_mtarch_start)
build/cooja/mtype737.a(rtimer-arch.o)
                              build/cooja/mtype737.o (rtimer_arch_check)
build/cooja/mtype737.a(beep.o)
                              build/cooja/mtype737.o (beep_interface)
build/cooja/mtype737.a(leds-arch.o)
                              build/cooja/mtype737.o (leds_interface)
build/cooja/mtype737.a(moteid.o)
                              build/cooja/mtype737.o (moteid_interface)
build/cooja/mtype737.a(pir-sensor.o)
                              build/cooja/mtype737.o (pir_interface)
build/cooja/mtype737.a(rs232.o)
                              build/cooja/mtype737.o (rs232_interface)
build/cooja/mtype737.a(vib-sensor.o)
                              build/cooja/mtype737.o (vib_interface)
build/cooja/mtype737.a(clock.o)
                              build/cooja/mtype737.o (clock_interface)
build/cooja/mtype737.a(cooja-log.o)
                              build/cooja/mtype737.o (simlog_interface)
build/cooja/mtype737.a(cfs-cooja.o)
                              build/cooja/mtype737.o (cfs_interface)
build/cooja/mtype737.a(cooja-radio.o)
                              build/cooja/mtype737.o (radio_interface)
build/cooja/mtype737.a(eeprom.o)
                              build/cooja/mtype737.o (eeprom_interface)
build/cooja/mtype737.a(random.o)
                              build/cooja/mtype737.a(moteid.o) (random_init)
build/cooja/mtype737.a(sensors.o)
                              build/cooja/mtype737.a(pir-sensor.o) (sensors_changed)
build/cooja/mtype737.a(leds.o)
                              build/cooja/mtype737.a(leds-arch.o) (leds_get)
build/cooja/mtype737.a(gpio-hal-arch.o)
                              build/cooja/mtype737.a(leds-arch.o) (gpio_hal_arch_register_pin_callback)
build/cooja/mtype737.a(buttons.o)
                              build/cooja/mtype737.o (button_interface)
build/cooja/mtype737.a(webserver.o)
                              border_router.o (webserver_nogui_process)
build/cooja/mtype737.a(contiki-main.o)
                              build/cooja/mtype737.o (main)
build/cooja/mtype737.a(autostart.o)
                              build/cooja/mtype737.a(contiki-main.o) (autostart_start)
build/cooja/mtype737.a(ctimer.o)
                              build/cooja/mtype737.a(contiki-main.o) (ctimer_init)
build/cooja/mtype737.a(log.o)
                              build/cooja/mtype737.a(contiki-main.o) (curr_log_level_main)
build/cooja/mtype737.a(energest.o)
                              build/cooja/mtype737.a(contiki-main.o) (energest_init)
build/cooja/mtype737.a(etimer.o)
                              build/cooja/mtype737.a(contiki-main.o) (etimer_process)
build/cooja/mtype737.a(node-id.o)
                              build/cooja/mtype737.a(contiki-main.o) (node_id)
build/cooja/mtype737.a(rtimer.o)
                              build/cooja/mtype737.a(contiki-main.o) (rtimer_init)
build/cooja/mtype737.a(process.o)
                              build/cooja/mtype737.a(ctimer.o) (process_current)
build/cooja/mtype737.a(timer.o)
                              build/cooja/mtype737.a(etimer.o) (timer_set)
build/cooja/mtype737.a(list.o)
                              build/cooja/mtype737.a(ctimer.o) (list_init)
build/cooja/mtype737.a(button-hal.o)
                              build/cooja/mtype737.o (button_hal_init)
build/cooja/mtype737.a(serial-line.o)
                              build/cooja/mtype737.a(rs232.o) (serial_line_input_byte)
build/cooja/mtype737.a(gpio-hal.o)
                              build/cooja/mtype737.a(button-hal.o) (gpio_hal_register_handler)
build/cooja/mtype737.a(queuebuf.o)
                              build/cooja/mtype737.a(contiki-main.o) (queuebuf_init)
build/cooja/mtype737.a(packetbuf.o)
                              build/cooja/mtype737.a(cooja-radio.o) (packetbuf_clear)
build/cooja/mtype737.a(netstack.o)
                              build/cooja/mtype737.a(contiki-main.o) (netstack_init)
build/cooja/mtype737.a(linkaddr.o)
                              build/cooja/mtype737.a(contiki-main.o) (linkaddr_node_addr)
build/cooja/mtype737.a(csma.o)
                              build/cooja/mtype737.a(cooja-radio.o) (csma_driver)
build/cooja/mtype737.a(csma-output.o)
                              build/cooja/mtype737.a(csma.o) (csma_output_packet)
build/cooja/mtype737.a(uip-sr.o)
                              build/cooja/mtype737.a(webserver.o) (uip_sr_num_nodes)
build/cooja/mtype737.a(uip-ds6.o)
                              build/cooja/mtype737.a(contiki-main.o) (uip_ds6_get_link_local)
build/cooja/mtype737.a(uip-ds6-route.o)
[...]
Memory Configuration

Name             Origin             Length             Attributes
*default*        0x0000000000000000 0xffffffffffffffff

Linker script and memory map

LOAD /usr/lib/gcc/i686-linux-gnu/7/../../../i386-linux-gnu/crti.o
LOAD /usr/lib/gcc/i686-linux-gnu/7/crtbeginS.o
LOAD border_router.o
LOAD build/cooja/mtype737.o
LOAD build/cooja/mtype737.a
LOAD /usr/lib/gcc/i686-linux-gnu/7/libgcc.a
LOAD /usr/lib/gcc/i686-linux-gnu/7/libgcc_s.so
START GROUP
LOAD /usr/lib/gcc/i686-linux-gnu/7/libgcc_s.so.1
LOAD /usr/lib/gcc/i686-linux-gnu/7/libgcc.a
END GROUP
LOAD /usr/lib/gcc/i686-linux-gnu/7/../../../i386-linux-gnu/libc.so
START GROUP
LOAD /lib/i386-linux-gnu/libc.so.6
LOAD /usr/lib/i386-linux-gnu/libc_nonshared.a
LOAD /lib/i386-linux-gnu/ld-linux.so.2
END GROUP
LOAD /usr/lib/gcc/i686-linux-gnu/7/libgcc.a
LOAD /usr/lib/gcc/i686-linux-gnu/7/libgcc_s.so
START GROUP
LOAD /usr/lib/gcc/i686-linux-gnu/7/libgcc_s.so.1
LOAD /usr/lib/gcc/i686-linux-gnu/7/libgcc.a
END GROUP
LOAD /usr/lib/gcc/i686-linux-gnu/7/crtendS.o
LOAD /usr/lib/gcc/i686-linux-gnu/7/../../../i386-linux-gnu/crtn.o
                0x0000000000000114                . = (SEGMENT_START ("text-segment", 0x0) + SIZEOF_HEADERS)

.note.gnu.build-id
                0x0000000000000114       0x24
 *(.note.gnu.build-id)
 .note.gnu.build-id
                0x0000000000000114       0x24 /usr/lib/gcc/i686-linux-gnu/7/../../../i386-linux-gnu/crti.o

.hash
 *(.hash)

.gnu.hash       0x0000000000000138     0x14c4
 *(.gnu.hash)
 .gnu.hash      0x0000000000000138     0x14c4 /usr/lib/gcc/i686-linux-gnu/7/../../../i386-linux-gnu/crti.o

.dynsym         0x00000000000015fc     0x2b60
 *(.dynsym)
 .dynsym        0x00000000000015fc     0x2b60 /usr/lib/gcc/i686-linux-gnu/7/../../../i386-linux-gnu/crti.o

.dynstr         0x000000000000415c     0x30aa
 *(.dynstr)
 .dynstr        0x000000000000415c     0x30aa /usr/lib/gcc/i686-linux-gnu/7/../../../i386-linux-gnu/crti.o

.gnu.version    0x0000000000007206      0x56c
 *(.gnu.version)
 .gnu.version   0x0000000000007206      0x56c /usr/lib/gcc/i686-linux-gnu/7/../../../i386-linux-gnu/crti.o

.gnu.version_d  0x0000000000007774        0x0
 *(.gnu.version_d)
 .gnu.version_d
                0x0000000000007774        0x0 /usr/lib/gcc/i686-linux-gnu/7/../../../i386-linux-gnu/crti.o

.gnu.version_r  0x0000000000007774       0x40
 *(.gnu.version_r)
 .gnu.version_r
                0x0000000000007774       0x40 /usr/lib/gcc/i686-linux-gnu/7/../../../i386-linux-gnu/crti.o

.rel.dyn        0x00000000000077b4      0xed8
 *(.rel.init)
 .rel.init      0x00000000000077b4        0x0 /usr/lib/gcc/i686-linux-gnu/7/../../../i386-linux-gnu/crti.o
 *(.rel.text .rel.text.* .rel.gnu.linkonce.t.*)
 .rel.text      0x00000000000077b4      0x578 /usr/lib/gcc/i686-linux-gnu/7/../../../i386-linux-gnu/crti.o
 *(.rel.fini)
 .rel.fini      0x0000000000007d2c        0x0 /usr/lib/gcc/i686-linux-gnu/7/../../../i386-linux-gnu/crti.o
 *(.rel.rodata .rel.rodata.* .rel.gnu.linkonce.r.*)
 *(.rel.data.rel.ro .rel.data.rel.ro.* .rel.gnu.linkonce.d.rel.ro.*)
 .rel.data.rel.ro.local
                0x0000000000007d2c      0x218 /usr/lib/gcc/i686-linux-gnu/7/../../../i386-linux-gnu/crti.o
 .rel.data.rel.ro
                0x0000000000007f44       0xb0 /usr/lib/gcc/i686-linux-gnu/7/../../../i386-linux-gnu/crti.o
 *(.rel.data .rel.data.* .rel.gnu.linkonce.d.*)
 .rel.data.rel.local
                0x0000000000007ff4      0x338 /usr/lib/gcc/i686-linux-gnu/7/../../../i386-linux-gnu/crti.o
 .rel.data.rel  0x000000000000832c       0x78 /usr/lib/gcc/i686-linux-gnu/7/../../../i386-linux-gnu/crti.o
 *(.rel.tdata .rel.tdata.* .rel.gnu.linkonce.td.*)
 *(.rel.tbss .rel.tbss.* .rel.gnu.linkonce.tb.*)
 *(.rel.ctors)
 *(.rel.dtors)
 *(.rel.got)
 .rel.got       0x00000000000083a4      0x2d8 /usr/lib/gcc/i686-linux-gnu/7/../../../i386-linux-gnu/crti.o
 *(.rel.bss .rel.bss.* .rel.gnu.linkonce.b.*)
 *(.rel.ifunc)
 .rel.ifunc     0x000000000000867c        0x0 /usr/lib/gcc/i686-linux-gnu/7/../../../i386-linux-gnu/crti.o
 .rel.fini_array
                0x000000000000867c        0x8 /usr/lib/gcc/i686-linux-gnu/7/../../../i386-linux-gnu/crti.o
 .rel.init_array
                0x0000000000008684        0x8 /usr/lib/gcc/i686-linux-gnu/7/../../../i386-linux-gnu/crti.o

.rel.plt        0x000000000000868c      0x9f0
 *(.rel.plt)
 .rel.plt       0x000000000000868c      0x9f0 /usr/lib/gcc/i686-linux-gnu/7/../../../i386-linux-gnu/crti.o
 *(.rel.iplt)

.init           0x000000000000907c       0x23
 *(SORT_NONE(.init))
 .init          0x000000000000907c       0x1e /usr/lib/gcc/i686-linux-gnu/7/../../../i386-linux-gnu/crti.o
                0x000000000000907c                _init
 .init          0x000000000000909a        0x5 /usr/lib/gcc/i686-linux-gnu/7/../../../i386-linux-gnu/crtn.o

.plt            0x00000000000090a0     0x13f0
 *(.plt)
 .plt           0x00000000000090a0     0x13f0 /usr/lib/gcc/i686-linux-gnu/7/../../../i386-linux-gnu/crti.o
 *(.iplt)

.plt.got        0x000000000000a490       0x18
 *(.plt.got)
 .plt.got       0x000000000000a490       0x18 /usr/lib/gcc/i686-linux-gnu/7/../../../i386-linux-gnu/crti.o

.plt.sec
 *(.plt.sec)

.text           0x000000000000a4b0    0x1bd24
 *(.text.unlikely .text.*_unlikely .text.unlikely.*)
 *(.text.exit .text.exit.*)
 *(.text.startup .text.startup.*)
 *(.text.hot .text.hot.*)
 *(.text .stub .text.* .gnu.linkonce.t.*)
 .text          0x000000000000a4b0        0x0 /usr/lib/gcc/i686-linux-gnu/7/../../../i386-linux-gnu/crti.o
 .gnu.linkonce.t.__x86.get_pc_thunk.bx
                0x000000000000a4b0        0x4 /usr/lib/gcc/i686-linux-gnu/7/../../../i386-linux-gnu/crti.o
                0x000000000000a4b0                __x86.get_pc_thunk.bx
 *fill*         0x000000000000a4b4        0xc 
 .text          0x000000000000a4c0       0xe9 /usr/lib/gcc/i686-linux-gnu/7/crtbeginS.o
 .text.__x86.get_pc_thunk.dx
                0x000000000000a5a9        0x4 /usr/lib/gcc/i686-linux-gnu/7/crtbeginS.o
                0x000000000000a5a9                __x86.get_pc_thunk.dx
 .text          0x000000000000a5ad       0x54 border_router.o
 .text.__x86.get_pc_thunk.ax
                0x000000000000a601        0x4 border_router.o
                0x000000000000a601                __x86.get_pc_thunk.ax
 .text          0x000000000000a605      0x36b build/cooja/mtype737.o
                0x000000000000a6b7                platform_init_stage_one
                0x000000000000a6da                platform_init_stage_two
                0x000000000000a6fd                platform_init_stage_three
                0x000000000000a720                platform_main_loop
                0x000000000000a7c6                Java_org_contikios_cooja_corecomm_Lib1_init
                0x000000000000a814                Java_org_contikios_cooja_corecomm_Lib1_getMemory
                0x000000000000a854                Java_org_contikios_cooja_corecomm_Lib1_setMemory
                0x000000000000a8c5                Java_org_contikios_cooja_corecomm_Lib1_tick
                0x000000000000a94f                Java_org_contikios_cooja_corecomm_Lib1_setReferenceAddress
 .text          0x000000000000a970       0x8d build/cooja/mtype737.a(simEnvChange.o)
                0x000000000000a970                doActionsBeforeTick
                0x000000000000a9b6                doActionsAfterTick
 .text          0x000000000000a9fd       0xb6 build/cooja/mtype737.a(cooja_mt.o)
                0x000000000000a9fd                cooja_mt_start
                0x000000000000aa37                cooja_mt_exec
                0x000000000000aa7e                cooja_mt_yield
 .text          0x000000000000aab3       0xf2 build/cooja/mtype737.a(cooja_mtarch.o)
                0x000000000000aab3                cooja_mtarch_start
                0x000000000000ab37                cooja_sw
                0x000000000000ab65                cooja_mtarch_exec
                0x000000000000ab90                cooja_mtarch_yield
 .text          0x000000000000aba5      0x127 build/cooja/mtype737.a(rtimer-arch.o)
                0x000000000000aba5                rtimer_arch_init
                0x000000000000abd4                rtimer_arch_schedule
                0x000000000000ac16                rtimer_arch_next
                0x000000000000ac30                rtimer_arch_pending
                0x000000000000ac47                rtimer_arch_check
                0x000000000000acb2                rtimer_arch_now
 .text.__x86.get_pc_thunk.cx
                0x000000000000accc        0x4 build/cooja/mtype737.a(rtimer-arch.o)
                0x000000000000accc                __x86.get_pc_thunk.cx
 .text          0x000000000000acd0      0x101 build/cooja/mtype737.a(beep.o)
                0x000000000000acd0                beep_alarm
                0x000000000000ace9                beep_beep
                0x000000000000ad02                beep
                0x000000000000ad1b                beep_down
                0x000000000000ad34                beep_on
                0x000000000000ad4d                beep_off
                0x000000000000ad66                beep_spinup
                0x000000000000ad7f                beep_quick
                0x000000000000ad98                beep_long
 .text          0x000000000000add1       0x9f build/cooja/mtype737.a(leds-arch.o)
                0x000000000000adf5                leds_arch_init
 .text          0x000000000000ae70       0x56 build/cooja/mtype737.a(moteid.o)
 .text          0x000000000000aec6      0x101 build/cooja/mtype737.a(pir-sensor.o)
 .text          0x000000000000afc7      0x1cc build/cooja/mtype737.a(rs232.o)
                0x000000000000afc7                rs232_init
                0x000000000000afd7                rs232_set_speed
                0x000000000000aff0                rs232_set_input
                0x000000000000b009                rs232_send
                0x000000000000b03f                rs232_print
                0x000000000000b06d                slip_arch_writeb
 .text          0x000000000000b193      0x101 build/cooja/mtype737.a(vib-sensor.o)
 .text          0x000000000000b294       0x7a build/cooja/mtype737.a(clock.o)
                0x000000000000b294                clock_init
                0x000000000000b2a4                clock_time
                0x000000000000b2bb                clock_seconds
                0x000000000000b2de                clock_delay
 .text          0x000000000000b30e      0x2b5 build/cooja/mtype737.a(cooja-log.o)
                0x000000000000b30e                simlog_char
                0x000000000000b372                simlog
                0x000000000000b40c                log_message
                0x000000000000b45b                log_set_putchar_with_slip
                0x000000000000b474                log_putchar
                0x000000000000b4ff                log_puts
                0x000000000000b531                log_printf
 .text          0x000000000000b5c3      0x36c build/cooja/mtype737.a(cfs-cooja.o)
                0x000000000000b5c3                cfs_open
                0x000000000000b63b                cfs_close
                0x000000000000b652                cfs_read
                0x000000000000b706                cfs_write
                0x000000000000b804                cfs_seek
                0x000000000000b8a1                cfs_remove
                0x000000000000b8d7                cfs_opendir
                0x000000000000b8eb                cfs_readdir
                0x000000000000b8ff                cfs_closedir
 .text          0x000000000000b92f      0x78b build/cooja/mtype737.a(cooja-radio.o)
                0x000000000000b99d                radio_set_channel
                0x000000000000b9b6                radio_set_txpower
                0x000000000000b9d9                radio_signal_strength_last
                0x000000000000b9ee                radio_signal_strength_current
                0x000000000000ba03                radio_LQI
 .text          0x000000000000c0ba      0x130 build/cooja/mtype737.a(eeprom.o)
                0x000000000000c0ba                eeprom_init
                0x000000000000c0ca                eeprom_read
                0x000000000000c14a                eeprom_write
 .text          0x000000000000c1ea       0x4e build/cooja/mtype737.a(random.o)
                0x000000000000c1ea                random_init
                0x000000000000c21a                random_rand
 .text          0x000000000000c238      0x332 build/cooja/mtype737.a(sensors.o)
                0x000000000000c27f                sensors_first
                0x000000000000c296                sensors_next
                0x000000000000c2c1                sensors_changed
                0x000000000000c30e                sensors_find
 .text          0x000000000000c56a      0x3fc build/cooja/mtype737.a(leds.o)
                0x000000000000c56a                leds_init
                0x000000000000c5c2                leds_single_on
                0x000000000000c63a                leds_single_off
                0x000000000000c6b2                leds_single_toggle
                0x000000000000c6f6                leds_on
                0x000000000000c78e                leds_off
                0x000000000000c826                leds_toggle
                0x000000000000c88c                leds_set
                0x000000000000c8c2                leds_get
 .text          0x000000000000c966      0x401 build/cooja/mtype737.a(gpio-hal-arch.o)
                0x000000000000c966                gpio_hal_arch_register_pin_callback
                0x000000000000c9e7                gpio_hal_arch_init
                0x000000000000ca41                gpio_hal_arch_no_port_interrupt_enable
                0x000000000000ca7b                gpio_hal_arch_no_port_interrupt_disable
                0x000000000000cab5                gpio_hal_arch_no_port_pin_cfg_set
                0x000000000000cae4                gpio_hal_arch_no_port_pin_cfg_get
                0x000000000000cb14                gpio_hal_arch_no_port_pin_set_input
                0x000000000000cb30                gpio_hal_arch_no_port_pin_set_output
                0x000000000000cb4c                gpio_hal_arch_no_port_set_pin
                0x000000000000cb77                gpio_hal_arch_no_port_clear_pin
                0x000000000000cba2                gpio_hal_arch_no_port_read_pin
                0x000000000000cbd4                gpio_hal_arch_no_port_write_pin
                0x000000000000cc08                gpio_hal_arch_no_port_set_pins
                0x000000000000cc59                gpio_hal_arch_no_port_clear_pins
                0x000000000000ccaa                gpio_hal_arch_no_port_read_pins
                0x000000000000ccfd                gpio_hal_arch_no_port_write_pins
 .text          0x000000000000cd67       0xc6 build/cooja/mtype737.a(buttons.o)
 .text          0x000000000000ce2d      0x8ae build/cooja/mtype737.a(webserver.o)
                0x000000000000d6c6                httpd_simple_get_script
 .text          0x000000000000d6db      0x3c6 build/cooja/mtype737.a(contiki-main.o)
                0x000000000000d6db                main
 .text          0x000000000000daa1       0xb0 build/cooja/mtype737.a(autostart.o)
                0x000000000000daa1                autostart_start
                0x000000000000dafa                autostart_exit
 .text          0x000000000000db51      0x400 build/cooja/mtype737.a(ctimer.o)
                0x000000000000dc94                ctimer_init
                0x000000000000dcd9                ctimer_set
                0x000000000000dd0c                ctimer_set_with_process
                0x000000000000dda3                ctimer_reset
                0x000000000000de11                ctimer_restart
                0x000000000000de7f                ctimer_stop
                0x000000000000dedf                ctimer_expired
 .text          0x000000000000df51      0x4a3 build/cooja/mtype737.a(log.o)
                0x000000000000df51                log_6addr
                0x000000000000dfb5                log_6addr_compact_snprint
                0x000000000000e075                log_6addr_compact
                0x000000000000e0d9                log_lladdr
                0x000000000000e160                log_lladdr_compact
                0x000000000000e1dd                log_bytes
                0x000000000000e231                log_set_level
                0x000000000000e30f                log_get_level
                0x000000000000e3a0                log_level_to_str
 .text          0x000000000000e3f4       0x39 build/cooja/mtype737.a(energest.o)
                0x000000000000e3f4                energest_init
                0x000000000000e404                energest_flush
                0x000000000000e414                energest_get_total_time
 .text          0x000000000000e42d      0x527 build/cooja/mtype737.a(etimer.o)
                0x000000000000e682                etimer_request_poll
                0x000000000000e733                etimer_set
                0x000000000000e76c                etimer_reset_with_new_interval
                0x000000000000e7ab                etimer_reset
                0x000000000000e7e1                etimer_restart
                0x000000000000e817                etimer_adjust
                0x000000000000e83e                etimer_expired
                0x000000000000e85b                etimer_expiration_time
                0x000000000000e877                etimer_start_time
                0x000000000000e88b                etimer_pending
                0x000000000000e8a8                etimer_next_expiration_time
                0x000000000000e8d0                etimer_stop
 .text          0x000000000000e954       0x36 build/cooja/mtype737.a(node-id.o)
                0x000000000000e954                node_id_init
 .text          0x000000000000e98a      0x122 build/cooja/mtype737.a(rtimer.o)
                0x000000000000e98a                rtimer_init
                0x000000000000e9a9                rtimer_set
                0x000000000000ea37                rtimer_run_next
 .text          0x000000000000eaac      0x5cb build/cooja/mtype737.a(process.o)
                0x000000000000eaac                process_alloc_event
                0x000000000000eacd                process_start
                0x000000000000ecd2                process_exit
                0x000000000000ecfa                process_init
                0x000000000000eec2                process_run
                0x000000000000ef05                process_nevents
                0x000000000000ef2a                process_post
                0x000000000000efd7                process_post_synch
                0x000000000000f01d                process_poll
                0x000000000000f059                process_is_running
 .text.__x86.get_pc_thunk.si
                0x000000000000f077        0x4 build/cooja/mtype737.a(process.o)
                0x000000000000f077                __x86.get_pc_thunk.si
 .text          0x000000000000f07b       0xf6 build/cooja/mtype737.a(timer.o)
                0x000000000000f07b                timer_set
                0x000000000000f0aa                timer_reset
                0x000000000000f0e1                timer_restart
                0x000000000000f107                timer_expired
                0x000000000000f145                timer_remaining
 .text          0x000000000000f171      0x311 build/cooja/mtype737.a(list.o)
                0x000000000000f171                list_init
                0x000000000000f18a                list_head
                0x000000000000f19e                list_copy
                0x000000000000f1b8                list_tail
                0x000000000000f1f8                list_add
                0x000000000000f24e                list_push
                0x000000000000f284                list_chop
                0x000000000000f2f8                list_pop
                0x000000000000f32a                list_remove
                0x000000000000f39c                list_length
                0x000000000000f3d4                list_insert
                0x000000000000f423                list_item_next
                0x000000000000f444                list_contains
 .text          0x000000000000f482      0x566 build/cooja/mtype737.a(button-hal.o)
                0x000000000000f676                button_hal_get_by_id
                0x000000000000f6c0                button_hal_get_by_index
                0x000000000000f6fa                button_hal_get_state
                0x000000000000f75c                button_hal_init
 .text          0x000000000000f9e8      0x242 build/cooja/mtype737.a(serial-line.o)
                0x000000000000f9e8                serial_line_input_byte
                0x000000000000fbe0                serial_line_init
 .text          0x000000000000fc2a      0x1d6 build/cooja/mtype737.a(gpio-hal.o)
                0x000000000000fc2a                gpio_hal_register_handler
                0x000000000000fc58                gpio_hal_event_handler
                0x000000000000fcc5                gpio_hal_init
                0x000000000000fcf4                gpio_hal_arch_port_toggle_pin
                0x000000000000fd3f                gpio_hal_arch_port_toggle_pins
                0x000000000000fd7c                gpio_hal_arch_no_port_toggle_pin
                0x000000000000fdc9                gpio_hal_arch_no_port_toggle_pins
 .text          0x000000000000fe00      0x3a9 build/cooja/mtype737.a(queuebuf.o)
                0x000000000000fe14                queuebuf_init
                0x000000000000fe50                queuebuf_numfree
                0x000000000000fe7a                queuebuf_new_from_packetbuf
                0x000000000000ff2e                queuebuf_update_attr_from_packetbuf
                0x000000000000ff72                queuebuf_update_from_packetbuf
                0x000000000000ffd1                queuebuf_free
                0x000000000001002f                queuebuf_to_packetbuf
                0x00000000000100ac                queuebuf_dataptr
                0x00000000000100f8                queuebuf_datalen
                0x0000000000010125                queuebuf_addr
                0x0000000000010164                queuebuf_attr
                0x0000000000010199                queuebuf_debug_print
 .text          0x00000000000101a9      0x4dd build/cooja/mtype737.a(packetbuf.o)
                0x00000000000101a9                packetbuf_clear
                0x00000000000101df                packetbuf_copyfrom
                0x000000000001023f                packetbuf_copyto
                0x00000000000102dd                packetbuf_hdralloc
                0x000000000001036d                packetbuf_hdrreduce
                0x00000000000103bf                packetbuf_set_datalen
                0x00000000000103e4                packetbuf_dataptr
                0x000000000001040b                packetbuf_hdrptr
                0x0000000000010420                packetbuf_datalen
                0x0000000000010436                packetbuf_hdrlen
                0x0000000000010455                packetbuf_totlen
                0x0000000000010475                packetbuf_remaininglen
                0x0000000000010492                packetbuf_attr_clear
                0x00000000000104f8                packetbuf_attr_copyto
                0x000000000001053e                packetbuf_attr_copyfrom
                0x0000000000010584                packetbuf_set_attr
                0x00000000000105ba                packetbuf_attr
                0x00000000000105e0                packetbuf_set_addr
                0x0000000000010628                packetbuf_addr
                0x0000000000010652                packetbuf_holds_broadcast
 .text          0x0000000000010686      0x13c build/cooja/mtype737.a(netstack.o)
                0x0000000000010686                netstack_process_ip_callback
                0x0000000000010727                netstack_ip_packet_processor_add
                0x000000000001075b                uip_ds6_ip_packet_processor_rm
                0x0000000000010789                netstack_init
 .text          0x00000000000107c2       0x75 build/cooja/mtype737.a(linkaddr.o)
                0x00000000000107c2                linkaddr_copy
                0x00000000000107e2                linkaddr_cmp
                0x0000000000010815                linkaddr_set_node_addr
 .text          0x0000000000010837      0x2ae build/cooja/mtype737.a(csma.o)
 .text          0x0000000000010ae5      0xa6f build/cooja/mtype737.a(csma-output.o)
                0x0000000000011257                csma_output_packet
                0x0000000000011506                csma_output_init
 .text          0x0000000000011554      0x772 build/cooja/mtype737.a(uip-sr.o)
                0x0000000000011554                uip_sr_num_nodes
                0x0000000000011600                uip_sr_get_node
                0x0000000000011667                uip_sr_is_addr_reachable
                0x0000000000011724                uip_sr_expire_parent
                0x0000000000011777                uip_sr_update_node
                0x00000000000118bb                uip_sr_init
                0x0000000000011901                uip_sr_node_head
                0x000000000001192b                uip_sr_node_next
                0x0000000000011951                uip_sr_periodic
                0x0000000000011a6d                uip_sr_free_all
                0x0000000000011af2                uip_sr_link_snprint
 .text          0x0000000000011cc6      0xe47 build/cooja/mtype737.a(uip-ds6.o)
                0x0000000000011cc6                uip_ds6_default_prefix
                0x0000000000011cdb                uip_ds6_set_default_prefix
                0x0000000000011d11                uip_ds6_init
                0x0000000000011fac                uip_ds6_periodic
                0x0000000000012054                uip_ds6_list_loop
                0x0000000000012123                uip_ds6_prefix_add
                0x00000000000121ea                uip_ds6_prefix_rm
                0x0000000000012207                uip_ds6_prefix_lookup
                0x000000000001225a                uip_ds6_is_addr_onlink
                0x00000000000122e7                uip_ds6_addr_add
                0x0000000000012429                uip_ds6_addr_rm
                0x00000000000124e8                uip_ds6_addr_lookup
                0x0000000000012538                uip_ds6_get_link_local
                0x00000000000125d6                uip_ds6_get_global
                0x0000000000012674                uip_ds6_maddr_add
                0x00000000000126f0                uip_ds6_maddr_rm
                0x000000000001270d                uip_ds6_maddr_lookup
                0x0000000000012760                uip_ds6_aaddr_add
                0x00000000000127d9                uip_ds6_aaddr_rm
                0x00000000000127f6                uip_ds6_aaddr_lookup
                0x0000000000012846                uip_ds6_select_src
                0x00000000000129b4                uip_ds6_set_addr_iid
                0x00000000000129e9                uip_ds6_set_lladdr_from_iid
                0x0000000000012a1c                get_match_length
                0x0000000000012ab7                uip_ds6_compute_reachable_time
 .text          0x0000000000012b0d      0x453 build/cooja/mtype737.a(uip-ds6-route.o)
                0x0000000000012b6f                uip_ds6_route_init
                0x0000000000012bab                uip_ds6_route_count_nexthop_neighbors
                0x0000000000012bbf                uip_ds6_route_nexthop
                0x0000000000012bd3                uip_ds6_route_head
                0x0000000000012be7                uip_ds6_route_next
                0x0000000000012bfb                uip_ds6_route_is_nexthop
                0x0000000000012c0f                uip_ds6_route_num_routes
                0x0000000000012c23                uip_ds6_route_lookup
                0x0000000000012c37                uip_ds6_route_add
                0x0000000000012c54                uip_ds6_route_rm
                0x0000000000012c64                uip_ds6_route_rm_by_nexthop
                0x0000000000012c74                uip_ds6_defrt_head
                0x0000000000012c9e                uip_ds6_defrt_add
                0x0000000000012d5e                uip_ds6_defrt_rm
                0x0000000000012dd7                uip_ds6_defrt_lookup
                0x0000000000012e4e                uip_ds6_defrt_choose
                0x0000000000012ed4                uip_ds6_defrt_periodic
 .text          0x0000000000012f60      0x7c8 build/cooja/mtype737.a(psock.o)
                0x00000000000132c8                psock_send
                0x0000000000013358                psock_generator_send
                0x0000000000013483                psock_datalen
                0x00000000000134a5                psock_newdata
                0x0000000000013500                psock_readto
                0x00000000000135e1                psock_readbuf_len
                0x00000000000136da                psock_init
 .text          0x0000000000013728      0xcac build/cooja/mtype737.a(tcpip.o)
                0x000000000001374e                tcpip_output
                0x0000000000013879                tcp_connect
                0x00000000000138e1                tcp_unlisten
                0x0000000000013956                tcp_listen
                0x00000000000139c8                tcp_attach
                0x00000000000139ea                udp_attach
                0x0000000000013a0c                udp_new
                0x0000000000013a66                udp_broadcast_new
                0x0000000000013d38                tcpip_input
                0x0000000000013f7b                tcpip_ipv6_output
                0x00000000000141b7                tcpip_poll_udp
                0x00000000000141e7                tcpip_poll_tcp
                0x0000000000014217                tcpip_uipcall
 .text          0x00000000000143d4     0x33b5 build/cooja/mtype737.a(uip6.o)
                0x00000000000143d4                uip_add32
                0x00000000000145bf                uip_chksum
                0x00000000000146b7                uip_icmp6chksum
                0x00000000000146d6                uip_tcpchksum
                0x00000000000146f5                uip_udpchksum
                0x0000000000014714                uip_init
                0x00000000000147c2                uip_connect
                0x000000000001495f                uip_remove_ext_hdr
                0x0000000000014a5a                uip_udp_new
                0x0000000000014b9f                uip_unlisten
                0x0000000000014bef                uip_listen
                0x0000000000014eff                uip_process
                0x0000000000017619                uip_htons
                0x0000000000017645                uip_htonl
                0x000000000001768f                uip_send
 .text          0x0000000000017789      0x43e build/cooja/mtype737.a(uip-ds6-nbr.o)
                0x0000000000017789                uip_ds6_neighbors_init
                0x00000000000177bf                uip_ds6_nbr_add
                0x0000000000017859                uip_ds6_nbr_rm
                0x00000000000178b8                uip_ds6_nbr_update_ll
                0x00000000000179b5                uip_ds6_nbr_get_ipaddr
                0x00000000000179d4                uip_ds6_nbr_get_ll
                0x0000000000017a01                uip_ds6_nbr_num
                0x0000000000017a5b                uip_ds6_nbr_head
                0x0000000000017a85                uip_ds6_nbr_next
                0x0000000000017ab2                uip_ds6_nbr_lookup
                0x0000000000017b19                uip_ds6_nbr_ll_lookup
                0x0000000000017b46                uip_ds6_nbr_ipaddr_from_lladdr
                0x0000000000017b79                uip_ds6_nbr_lladdr_from_ipaddr
                0x0000000000017bb7                uip_ds6_link_callback
 .text          0x0000000000017bc7      0x810 build/cooja/mtype737.a(uip-nd6.o)
                0x00000000000183ac                uip_nd6_init
 .text          0x00000000000183d7     0x33b0 build/cooja/mtype737.a(sicslowpan.o)
                0x0000000000018ad5                netstack_sniffer_add
                0x0000000000018aee                netstack_sniffer_remove
                0x000000000001b746                sicslowpan_init
                0x000000000001b772                sicslowpan_get_last_rssi
 .text          0x000000000001b787      0x51a build/cooja/mtype737.a(uiplib.o)
                0x000000000001b787                uiplib_ip6addrconv
                0x000000000001b94d                uiplib_ip4addrconv
                0x000000000001ba1a                uiplib_ipaddr_print
                0x000000000001ba7e                uiplib_ipaddr_snprint
 .text          0x000000000001bca1      0x610 build/cooja/mtype737.a(rpl.o)
                0x000000000001bca1                rpl_lollipop_greater_than
                0x000000000001bd04                rpl_get_global_address
                0x000000000001be3a                rpl_link_callback
                0x000000000001be9d                rpl_has_joined
                0x000000000001bed3                rpl_is_reachable
                0x000000000001bf76                rpl_reset_prefix
                0x000000000001bff2                rpl_set_prefix_from_addr
                0x000000000001c104                rpl_set_prefix
                0x000000000001c278                rpl_set_leaf_only
                0x000000000001c29b                rpl_get_leaf_only
 .text          0x000000000001c2b1     0x1491 build/cooja/mtype737.a(rpl-icmp6.o)
                0x000000000001c40e                rpl_icmp6_update_nbr_table
                0x000000000001c4c0                rpl_icmp6_dis_output
                0x000000000001cad5                rpl_icmp6_dio_output
                0x000000000001d32e                rpl_icmp6_dao_output
                0x000000000001d65b                rpl_icmp6_dao_ack_output
                0x000000000001d6e2                rpl_icmp6_init
 .text          0x000000000001d742      0x2e4 build/cooja/mtype737.a(rpl-dag-root.o)
                0x000000000001d742                rpl_dag_root_print_links
                0x000000000001d89b                rpl_dag_root_set_prefix
                0x000000000001d8d6                rpl_dag_root_start
                0x000000000001d9e4                rpl_dag_root_is_root
 .text          0x000000000001da26      0x277 build/cooja/mtype737.a(slip-bridge.o)
                0x000000000001da26                request_prefix
 .text          0x000000000001dc9d      0x711 build/cooja/mtype737.a(slip.o)
                0x000000000001dc9d                slip_set_input_callback
                0x000000000001dcb6                slip_send
                0x000000000001dce8                slip_write
                0x000000000001e253                slip_input_byte
 .text          0x000000000001e3ae       0x6b build/cooja/mtype737.a(watchdog.o)
                0x000000000001e3ae                watchdog_init
                0x000000000001e3be                watchdog_start
                0x000000000001e3ce                watchdog_periodic
                0x000000000001e3f9                watchdog_stop
                0x000000000001e409                watchdog_reboot
 .text          0x000000000001e419       0x75 build/cooja/mtype737.a(int-master.o)
                0x000000000001e419                int_master_enable
                0x000000000001e433                int_master_read_and_disable
                0x000000000001e45b                int_master_status_set
                0x000000000001e474                int_master_is_enabled
 .text          0x000000000001e48e       0x2b build/cooja/mtype737.a(slip-arch.o)
                0x000000000001e48e                slip_arch_init
 .text          0x000000000001e4b9      0x691 build/cooja/mtype737.a(httpd-simple.o)
                0x000000000001e949                httpd_appcall
                0x000000000001eb10                httpd_init
 .text          0x000000000001eb4a      0x175 build/cooja/mtype737.a(rpl-border-rout)
                0x000000000001eb4a                print_local_addresses
                0x000000000001ec50                set_prefix_64
                0x000000000001ec92                rpl_border_router_init
 .text          0x000000000001ecbf      0x11d build/cooja/mtype737.a(stimer.o)
                0x000000000001ecbf                stimer_set
                0x000000000001ecee                stimer_reset
                0x000000000001ed25                stimer_restart
                0x000000000001ed4b                stimer_expired
                0x000000000001ed87                stimer_remaining
                0x000000000001edb3                stimer_elapsed
 .text          0x000000000001eddc      0x188 build/cooja/mtype737.a(ringbuf.o)
                0x000000000001eddc                ringbuf_init
                0x000000000001ee18                ringbuf_put
                0x000000000001eea0                ringbuf_get
                0x000000000001ef17                ringbuf_size
                0x000000000001ef33                ringbuf_elements
 .text          0x000000000001ef64      0x1ec build/cooja/mtype737.a(memb.o)
                0x000000000001ef64                memb_init
                0x000000000001efc8                memb_alloc
                0x000000000001f035                memb_free
                0x000000000001f0b6                memb_inmemb
                0x000000000001f0ff                memb_numfree
 .text          0x000000000001f150       0x31 build/cooja/mtype737.a(assert.o)
                0x000000000001f150                _xassert
 .text          0x000000000001f181      0xb68 build/cooja/mtype737.a(nbr-table.o)
                0x000000000001f523                nbr_table_count_entries
                0x000000000001f5d0                nbr_table_gc_get_worst
                0x000000000001f610                nbr_table_can_accept_new
                0x000000000001f799                nbr_table_entry_is_allowed
                0x000000000001f839                nbr_table_register
                0x000000000001f8b7                nbr_table_is_registered
                0x000000000001f8fc                nbr_table_head
                0x000000000001f969                nbr_table_next
                0x000000000001f9db                nbr_table_add_lladdr
                0x000000000001fb2a                nbr_table_get_from_lladdr
                0x000000000001fb87                nbr_table_remove
                0x000000000001fbd2                nbr_table_lock
                0x000000000001fbf8                nbr_table_unlock
                0x000000000001fc1e                nbr_table_get_lladdr
                0x000000000001fc54                nbr_table_clear
                0x000000000001fc99                nbr_table_key_head
                0x000000000001fcc3                nbr_table_key_next
 .text          0x000000000001fce9      0x450 build/cooja/mtype737.a(link-stats.o)
                0x000000000001fce9                link_stats_from_lladdr
                0x000000000001fd16                link_stats_get_lladdr
                0x000000000001fd43                link_stats_is_fresh
                0x000000000001fd90                guess_etx_from_rssi
                0x000000000001fe16                link_stats_packet_sent
                0x000000000001ff5a                link_stats_input_callback
                0x000000000002008e                link_stats_reset
                0x00000000000200f0                link_stats_init
 .text          0x0000000000020139      0x1a8 build/cooja/mtype737.a(mac-sequence.o)
                0x0000000000020139                mac_sequence_is_duplicate
                0x00000000000201f9                mac_sequence_register_seqno
 .text          0x00000000000202e1       0x2d build/cooja/mtype737.a(mac.o)
                0x00000000000202e1                mac_call_sent_callback
 .text          0x000000000002030e      0x477 build/cooja/mtype737.a(framer-802154.o)
                0x00000000000204b1                framer_802154_setup_params
 .text          0x0000000000020785      0xc1a build/cooja/mtype737.a(frame802154.o)
                0x00000000000207c0                frame802154_get_pan_id
                0x00000000000207d6                frame802154_set_pan_id
                0x00000000000207fb                frame802154_has_panid
                0x00000000000209b4                frame802154_check_dest_panid
                0x0000000000020a46                frame802154_is_broadcast_addr
                0x0000000000020a9d                frame802154_extract_linkaddr
                0x0000000000020d26                frame802154_hdrlen
                0x0000000000020da3                frame802154_create_fcf
                0x0000000000020e65                frame802154_create
                0x0000000000020ff0                frame802154_parse_fcf
                0x00000000000210dc                frame802154_parse
 .text          0x000000000002139f       0x4e build/cooja/mtype737.a(csma-security.o)
                0x000000000002139f                csma_security_create_frame
                0x00000000000213d0                csma_security_parse_frame
 .text          0x00000000000213ed      0x5d3 build/cooja/mtype737.a(uipbuf.o)
                0x00000000000213ed                uipbuf_clear
                0x0000000000021424                uipbuf_add_ext_hdr
                0x00000000000214bf                uipbuf_set_len
                0x00000000000214f9                uipbuf_set_len_field
                0x000000000002152f                uipbuf_get_len_field
                0x0000000000021559                uipbuf_get_next_header
                0x00000000000216aa                uipbuf_get_last_header
                0x000000000002172d                uipbuf_search_header
                0x00000000000217f1                uipbuf_get_attr
                0x0000000000021822                uipbuf_set_attr
                0x0000000000021863                uipbuf_set_default_attr
                0x00000000000218a4                uipbuf_clear_attr
                0x00000000000218e4                uipbuf_set_attr_flag
                0x0000000000021910                uipbuf_clr_attr_flag
                0x0000000000021942                uipbuf_is_attr_flag
                0x0000000000021970                uipbuf_init
 .text          0x00000000000219c0      0x8b7 build/cooja/mtype737.a(uip-icmp6.o)
                0x0000000000021a45                uip_icmp6_input
                0x0000000000021aa6                uip_icmp6_register_input_handler
                0x0000000000021c5a                uip_icmp6_error_output
                0x0000000000021f9c                uip_icmp6_send
                0x00000000000221ca                uip_icmp6_echo_reply_callback_add
                0x000000000002220d                uip_icmp6_echo_reply_callback_rm
                0x000000000002223b                uip_icmp6_init
 .text          0x0000000000022277      0x1a5 build/cooja/mtype737.a(uip-packetqueue)
                0x00000000000222b7                uip_packetqueue_new
                0x00000000000222d0                uip_packetqueue_alloc
                0x000000000002233f                uip_packetqueue_free
                0x0000000000022397                uip_packetqueue_buf
                0x00000000000223be                uip_packetqueue_buflen
                0x00000000000223e9                uip_packetqueue_set_buflen
 .text          0x000000000002241c       0x8d build/cooja/mtype737.a(rpl-nbr-policy.)
                0x0000000000022468                rpl_nbr_gc_get_worst
 .text          0x00000000000224a9      0xaad build/cooja/mtype737.a(rpl-neighbor.o)
                0x0000000000022545                rpl_neighbor_snprint
                0x000000000002282d                rpl_neighbor_print_list
                0x0000000000022900                rpl_neighbor_count
                0x00000000000229e3                rpl_neighbor_get_from_lladdr
                0x0000000000022a10                rpl_neighbor_is_acceptable_parent
                0x0000000000022a56                rpl_neighbor_get_link_metric
                0x0000000000022a9c                rpl_neighbor_rank_via_nbr
                0x0000000000022ae2                rpl_neighbor_get_lladdr
                0x0000000000022b0f                rpl_neighbor_get_ipaddr
                0x0000000000022b45                rpl_neighbor_get_link_stats
                0x0000000000022b7b                rpl_neighbor_is_fresh
                0x0000000000022bb1                rpl_neighbor_is_parent
                0x0000000000022be8                rpl_neighbor_set_preferred_parent
                0x0000000000022ca2                rpl_neighbor_remove_all
                0x0000000000022d0f                rpl_neighbor_get_from_ipaddr
                0x0000000000022e49                rpl_neighbor_select_best
                0x0000000000022f24                rpl_neighbor_init
 .text          0x0000000000022f56     0x11f4 build/cooja/mtype737.a(rpl-dag.o)
                0x0000000000022f56                rpl_dag_state_to_str
                0x0000000000022fa4                rpl_dag_get_root_ipaddr
                0x0000000000022ff4                rpl_dag_leave
                0x00000000000230aa                rpl_dag_poison_and_leave
                0x00000000000230d6                rpl_dag_periodic
                0x000000000002319b                rpl_is_addr_in_our_dag
                0x00000000000231fa                rpl_get_default_instance
                0x0000000000023224                rpl_get_any_dag
                0x000000000002329a                rpl_refresh_routes
                0x00000000000232fd                rpl_global_repair
                0x00000000000233ce                rpl_local_repair
                0x0000000000023433                rpl_dag_ready_to_advertise
                0x000000000002348c                rpl_dag_update_state
                0x0000000000023d08                rpl_process_dio
                0x0000000000023da3                rpl_process_dis
                0x0000000000023df9                rpl_process_dao
                0x0000000000023e9a                rpl_process_dao_ack
                0x0000000000023f56                rpl_process_hbh
                0x0000000000023fb6                rpl_dag_init_root
                0x0000000000024118                rpl_dag_init
 .text          0x000000000002414a      0xd8d build/cooja/mtype737.a(rpl-timers.o)
                0x000000000002414a                rpl_timers_schedule_periodic_dis
                0x00000000000242f4                rpl_timers_dio_reset
                0x000000000002446c                rpl_timers_schedule_unicast_dio
                0x000000000002463f                rpl_timers_schedule_dao
                0x0000000000024745                rpl_timers_schedule_dao_ack
                0x0000000000024814                rpl_timers_notify_dao_ack
                0x000000000002489a                get_probing_delay
                0x00000000000248df                get_probing_target
                0x0000000000024b14                rpl_schedule_probing
                0x0000000000024b60                rpl_schedule_probing_now
                0x0000000000024bfa                rpl_timers_unschedule_leaving
                0x0000000000024c54                rpl_timers_schedule_leaving
                0x0000000000024cb9                rpl_timers_init
                0x0000000000024d7b                rpl_timers_stop_dag_timers
                0x0000000000024e38                rpl_timers_unschedule_state_update
                0x0000000000024e74                rpl_timers_schedule_state_update
 .text          0x0000000000024ed7      0xd42 build/cooja/mtype737.a(rpl-ext-header.)
                0x0000000000024ed7                rpl_ext_header_srh_get_next_hop
                0x0000000000024fe2                rpl_ext_header_srh_update
                0x0000000000025614                rpl_ext_header_hbh_update
                0x0000000000025993                rpl_ext_header_update
                0x0000000000025a42                rpl_ext_header_remove
 .text          0x0000000000025c19      0x39b build/cooja/mtype737.a(rpl-mrhof.o)
 .text          0x0000000000025fb4      0x201 build/cooja/mtype737.a(border-router-e)
 *fill*         0x00000000000261b5        0xb 
 .text          0x00000000000261c0       0x14 /usr/lib/i386-linux-gnu/libc_nonshared.a(stack_chk_fail_local.oS)
                0x00000000000261c0                __stack_chk_fail_local
 .text          0x00000000000261d4        0x0 /usr/lib/gcc/i686-linux-gnu/7/crtendS.o
 .text          0x00000000000261d4        0x0 /usr/lib/gcc/i686-linux-gnu/7/../../../i386-linux-gnu/crtn.o
 *(.gnu.warning)

.fini           0x00000000000261d4       0x14
 *(SORT_NONE(.fini))
 .fini          0x00000000000261d4        0xf /usr/lib/gcc/i686-linux-gnu/7/../../../i386-linux-gnu/crti.o
                0x00000000000261d4                _fini
 .fini          0x00000000000261e3        0x5 /usr/lib/gcc/i686-linux-gnu/7/../../../i386-linux-gnu/crtn.o
                [!provide]                        PROVIDE (__etext = .)
                [!provide]                        PROVIDE (_etext = .)
                [!provide]                        PROVIDE (etext = .)

.rodata         0x0000000000026200      0x8ae
 *(.rodata .rodata.* .gnu.linkonce.r.*)
 .rodata        0x0000000000026200       0x12 border_router.o
 *fill*         0x0000000000026212        0x2 
 .rodata        0x0000000000026214        0x6 build/cooja/mtype737.a(leds-arch.o)
                0x0000000000026214                leds_arch_leds
 .rodata        0x000000000002621a        0x4 build/cooja/mtype737.a(pir-sensor.o)
 .rodata        0x000000000002621e        0x6 build/cooja/mtype737.a(rs232.o)
 .rodata        0x0000000000026224        0xa build/cooja/mtype737.a(vib-sensor.o)
 *fill*         0x000000000002622e        0x2 
 .rodata        0x0000000000026230       0x27 build/cooja/mtype737.a(cfs-cooja.o)
 *fill*         0x0000000000026257        0x1 
 .rodata        0x0000000000026258       0x68 build/cooja/mtype737.a(cooja-radio.o)
 .rodata        0x00000000000262c0        0x8 build/cooja/mtype737.a(sensors.o)
 .rodata        0x00000000000262c8       0x14 build/cooja/mtype737.a(buttons.o)
                0x00000000000262d4                button_hal_button_count
 .rodata        0x00000000000262dc       0xc3 build/cooja/mtype737.a(webserver.o)
 *fill*         0x000000000002639f        0x1 
 .rodata        0x00000000000263a0       0xfc build/cooja/mtype737.a(contiki-main.o)
 .rodata        0x000000000002649c        0xf build/cooja/mtype737.a(ctimer.o)
 *fill*         0x00000000000264ab        0x1 
 .rodata        0x00000000000264ac       0xc4 build/cooja/mtype737.a(log.o)
 .rodata        0x0000000000026570        0xc build/cooja/mtype737.a(etimer.o)
 .rodata        0x000000000002657c       0x13 build/cooja/mtype737.a(button-hal.o)
 .rodata        0x000000000002658f        0xe build/cooja/mtype737.a(serial-line.o)
 *fill*         0x000000000002659d        0x3 
 .rodata        0x00000000000265a0        0x8 build/cooja/mtype737.a(linkaddr.o)
                0x00000000000265a0                linkaddr_null
 .rodata        0x00000000000265a8        0x5 build/cooja/mtype737.a(csma.o)
 *fill*         0x00000000000265ad        0x3 
 .rodata        0x00000000000265b0       0x34 build/cooja/mtype737.a(csma-output.o)
 .rodata        0x00000000000265e4       0x44 build/cooja/mtype737.a(uip-sr.o)
 .rodata        0x0000000000026628       0x4d build/cooja/mtype737.a(uip-ds6-route.o)
 .rodata        0x0000000000026675        0xd build/cooja/mtype737.a(tcpip.o)
 *fill*         0x0000000000026682        0x2 
 .rodata        0x0000000000026684       0x48 build/cooja/mtype737.a(uip6.o)
 .rodata        0x00000000000266cc       0x1f build/cooja/mtype737.a(sicslowpan.o)
                0x00000000000266cc                unc_llconf
                0x00000000000266d0                unc_ctxconf
                0x00000000000266d4                unc_mxconf
                0x00000000000266d8                llprefix
 .rodata        0x00000000000266eb       0x2d build/cooja/mtype737.a(uiplib.o)
 .rodata        0x0000000000026718        0x9 build/cooja/mtype737.a(rpl.o)
 .rodata        0x0000000000026721       0x11 build/cooja/mtype737.a(slip-bridge.o)
 .rodata        0x0000000000026732        0xc build/cooja/mtype737.a(slip.o)
 *fill*         0x000000000002673e        0x2 
 .rodata        0x0000000000026740      0x154 build/cooja/mtype737.a(httpd-simple.o)
                0x000000000002679c                http_content_type_html
                0x00000000000267c0                http_header_200
                0x0000000000026820                http_header_404
                0x0000000000026880                http_get
                0x0000000000026888                http_index_html
 .rodata        0x0000000000026894       0x34 build/cooja/mtype737.a(rpl-border-rout)
 .rodata        0x00000000000268c8       0x25 build/cooja/mtype737.a(assert.o)
 *fill*         0x00000000000268ed        0x3 
 .rodata        0x00000000000268f0       0x58 build/cooja/mtype737.a(rpl-neighbor.o)
 .rodata        0x0000000000026948       0xd7 build/cooja/mtype737.a(rpl-dag.o)
 .rodata        0x0000000000026a1f        0xc build/cooja/mtype737.a(rpl-timers.o)
 .rodata        0x0000000000026a2b       0x83 build/cooja/mtype737.a(border-router-e)

.rodata1
 *(.rodata1)

.eh_frame_hdr   0x0000000000026ab0     0x17c4
 *(.eh_frame_hdr)
 .eh_frame_hdr  0x0000000000026ab0     0x17c4 border_router.o
                0x0000000000026ab0                __GNU_EH_FRAME_HDR
 *(.eh_frame_entry .eh_frame_entry.*)

.eh_frame       0x0000000000028274     0x66c8
 *(.eh_frame)
 .eh_frame      0x0000000000028274       0x3c /usr/lib/gcc/i686-linux-gnu/7/../../../i386-linux-gnu/crti.o
                                         0x40 (size before relaxing)
 .eh_frame      0x00000000000282b0       0x14 /usr/lib/gcc/i686-linux-gnu/7/../../../i386-linux-gnu/crti.o
                                         0x2c (size before relaxing)
 .eh_frame      0x00000000000282c4       0x38 border_router.o
                                         0x50 (size before relaxing)
 .eh_frame      0x00000000000282fc      0x198 build/cooja/mtype737.o
                                        0x1ec (size before relaxing)
 .eh_frame      0x0000000000028494       0x48 build/cooja/mtype737.a(simEnvChange.o)
                                         0x74 (size before relaxing)
 .eh_frame      0x00000000000284dc       0x6c build/cooja/mtype737.a(cooja_mt.o)
                                         0x98 (size before relaxing)
 .eh_frame      0x0000000000028548       0x88 build/cooja/mtype737.a(cooja_mtarch.o)
                                         0xc8 (size before relaxing)
 .eh_frame      0x00000000000285d0       0xe4 build/cooja/mtype737.a(rtimer-arch.o)
                                        0x110 (size before relaxing)
 .eh_frame      0x00000000000286b4      0x160 build/cooja/mtype737.a(beep.o)
                                        0x18c (size before relaxing)
 .eh_frame      0x0000000000028814       0x88 build/cooja/mtype737.a(leds-arch.o)
                                         0xc8 (size before relaxing)
 .eh_frame      0x000000000002889c       0x44 build/cooja/mtype737.a(moteid.o)
                                         0x70 (size before relaxing)
 .eh_frame      0x00000000000288e0       0xa4 build/cooja/mtype737.a(pir-sensor.o)
                                         0xe4 (size before relaxing)
 .eh_frame      0x0000000000028984      0x110 build/cooja/mtype737.a(rs232.o)
                                        0x150 (size before relaxing)
 .eh_frame      0x0000000000028a94       0xa4 build/cooja/mtype737.a(vib-sensor.o)
                                         0xe4 (size before relaxing)
 .eh_frame      0x0000000000028b38       0xc0 build/cooja/mtype737.a(clock.o)
                                         0xec (size before relaxing)
 .eh_frame      0x0000000000028bf8      0x130 build/cooja/mtype737.a(cooja-log.o)
                                        0x170 (size before relaxing)
 .eh_frame      0x0000000000028d28      0x16c build/cooja/mtype737.a(cfs-cooja.o)
                                        0x1ac (size before relaxing)
 .eh_frame      0x0000000000028e94      0x374 build/cooja/mtype737.a(cooja-radio.o)
                                        0x3b4 (size before relaxing)
 .eh_frame      0x0000000000029208       0xa8 build/cooja/mtype737.a(eeprom.o)
                                         0xe8 (size before relaxing)
 .eh_frame      0x00000000000292b0       0x48 build/cooja/mtype737.a(random.o)
                                         0x74 (size before relaxing)
 .eh_frame      0x00000000000292f8       0xd0 build/cooja/mtype737.a(sensors.o)
                                        0x110 (size before relaxing)
 .eh_frame      0x00000000000293c8      0x140 build/cooja/mtype737.a(leds.o)
                                        0x180 (size before relaxing)
 .eh_frame      0x0000000000029508      0x228 build/cooja/mtype737.a(gpio-hal-arch.o)
                                        0x27c (size before relaxing)
 .eh_frame      0x0000000000029730       0xa4 build/cooja/mtype737.a(buttons.o)
                                         0xe4 (size before relaxing)
 .eh_frame      0x00000000000297d4       0x9c build/cooja/mtype737.a(webserver.o)
                                         0xdc (size before relaxing)
 .eh_frame      0x0000000000029870       0x38 build/cooja/mtype737.a(contiki-main.o)
                                         0x64 (size before relaxing)
 .eh_frame      0x00000000000298a8       0x48 build/cooja/mtype737.a(autostart.o)
                                         0x74 (size before relaxing)
 .eh_frame      0x00000000000298f0      0x11c build/cooja/mtype737.a(ctimer.o)
                                        0x15c (size before relaxing)
 .eh_frame      0x0000000000029a0c      0x144 build/cooja/mtype737.a(log.o)
                                        0x184 (size before relaxing)
 .eh_frame      0x0000000000029b50       0x60 build/cooja/mtype737.a(energest.o)
                                         0x8c (size before relaxing)
 .eh_frame      0x0000000000029bb0      0x204 build/cooja/mtype737.a(etimer.o)
                                        0x244 (size before relaxing)
 .eh_frame      0x0000000000029db4       0x20 build/cooja/mtype737.a(node-id.o)
                                         0x4c (size before relaxing)
 .eh_frame      0x0000000000029dd4       0x6c build/cooja/mtype737.a(rtimer.o)
                                         0xc0 (size before relaxing)
 .eh_frame      0x0000000000029e40      0x1ec build/cooja/mtype737.a(process.o)
                                        0x22c (size before relaxing)
 .eh_frame      0x000000000002a02c       0xb4 build/cooja/mtype737.a(timer.o)
                                         0xe0 (size before relaxing)
 .eh_frame      0x000000000002a0e0      0x1a0 build/cooja/mtype737.a(list.o)
                                        0x1cc (size before relaxing)
 .eh_frame      0x000000000002a280      0x188 build/cooja/mtype737.a(button-hal.o)
                                        0x1c8 (size before relaxing)
 .eh_frame      0x000000000002a408       0x6c build/cooja/mtype737.a(serial-line.o)
                                         0x98 (size before relaxing)
 .eh_frame      0x000000000002a474       0xfc build/cooja/mtype737.a(gpio-hal.o)
                                        0x13c (size before relaxing)
 .eh_frame      0x000000000002a570      0x1c0 build/cooja/mtype737.a(queuebuf.o)
                                        0x200 (size before relaxing)
 .eh_frame      0x000000000002a730      0x2b0 build/cooja/mtype737.a(packetbuf.o)
                                        0x2f0 (size before relaxing)
 .eh_frame      0x000000000002a9e0       0x90 build/cooja/mtype737.a(netstack.o)
                                         0xd0 (size before relaxing)
 .eh_frame      0x000000000002aa70       0x64 build/cooja/mtype737.a(linkaddr.o)
                                         0x90 (size before relaxing)
 .eh_frame      0x000000000002aad4       0xf0 build/cooja/mtype737.a(csma.o)
                                        0x130 (size before relaxing)
 .eh_frame      0x000000000002abc4      0x1f8 build/cooja/mtype737.a(csma-output.o)
                                        0x238 (size before relaxing)
 .eh_frame      0x000000000002adbc      0x1ac build/cooja/mtype737.a(uip-sr.o)
                                        0x1ec (size before relaxing)
 .eh_frame      0x000000000002af68      0x364 build/cooja/mtype737.a(uip-ds6.o)
                                        0x3a4 (size before relaxing)
 .eh_frame      0x000000000002b2cc      0x260 build/cooja/mtype737.a(uip-ds6-route.o)
                                        0x2a0 (size before relaxing)
 .eh_frame      0x000000000002b52c      0x1a8 build/cooja/mtype737.a(psock.o)
                                        0x1fc (size before relaxing)
 .eh_frame      0x000000000002b6d4      0x350 build/cooja/mtype737.a(tcpip.o)
                                        0x390 (size before relaxing)
 .eh_frame      0x000000000002ba24      0x2e8 build/cooja/mtype737.a(uip6.o)
                                        0x33c (size before relaxing)
 .eh_frame      0x000000000002bd0c      0x1e8 build/cooja/mtype737.a(uip-ds6-nbr.o)
                                        0x228 (size before relaxing)
 .eh_frame      0x000000000002bef4       0x8c build/cooja/mtype737.a(uip-nd6.o)
                                         0xe0 (size before relaxing)
 .eh_frame      0x000000000002bf80      0x354 build/cooja/mtype737.a(sicslowpan.o)
                                        0x3a8 (size before relaxing)
 .eh_frame      0x000000000002c2d4       0x9c build/cooja/mtype737.a(uiplib.o)
                                         0xdc (size before relaxing)
 .eh_frame      0x000000000002c370      0x1fc build/cooja/mtype737.a(rpl.o)
                                        0x23c (size before relaxing)
 .eh_frame      0x000000000002c56c      0x1f0 build/cooja/mtype737.a(rpl-icmp6.o)
                                        0x230 (size before relaxing)
 .eh_frame      0x000000000002c75c       0xb0 build/cooja/mtype737.a(rpl-dag-root.o)
                                         0xf0 (size before relaxing)
 .eh_frame      0x000000000002c80c       0x90 build/cooja/mtype737.a(slip-bridge.o)
                                         0xbc (size before relaxing)
 .eh_frame      0x000000000002c89c       0xf0 build/cooja/mtype737.a(slip.o)
                                        0x130 (size before relaxing)
 .eh_frame      0x000000000002c98c       0xa4 build/cooja/mtype737.a(watchdog.o)
                                         0xd0 (size before relaxing)
 .eh_frame      0x000000000002ca30       0x80 build/cooja/mtype737.a(int-master.o)
                                         0xac (size before relaxing)
 .eh_frame      0x000000000002cab0       0x24 build/cooja/mtype737.a(slip-arch.o)
                                         0x50 (size before relaxing)
 .eh_frame      0x000000000002cad4       0xf8 build/cooja/mtype737.a(httpd-simple.o)
                                        0x138 (size before relaxing)
 .eh_frame      0x000000000002cbcc       0x6c build/cooja/mtype737.a(rpl-border-rout)
                                         0xac (size before relaxing)
 .eh_frame      0x000000000002cc38       0xd8 build/cooja/mtype737.a(stimer.o)
                                        0x104 (size before relaxing)
 .eh_frame      0x000000000002cd10       0xa0 build/cooja/mtype737.a(ringbuf.o)
                                         0xcc (size before relaxing)
 .eh_frame      0x000000000002cdb0       0xa4 build/cooja/mtype737.a(memb.o)
                                         0xe4 (size before relaxing)
 .eh_frame      0x000000000002ce54       0x24 build/cooja/mtype737.a(assert.o)
                                         0x50 (size before relaxing)
 .eh_frame      0x000000000002ce78      0x428 build/cooja/mtype737.a(nbr-table.o)
                                        0x468 (size before relaxing)
 .eh_frame      0x000000000002d2a0      0x140 build/cooja/mtype737.a(link-stats.o)
                                        0x180 (size before relaxing)
 .eh_frame      0x000000000002d3e0       0x50 build/cooja/mtype737.a(mac-sequence.o)
                                         0x7c (size before relaxing)
 .eh_frame      0x000000000002d430       0x20 build/cooja/mtype737.a(mac.o)
                                         0x4c (size before relaxing)
 .eh_frame      0x000000000002d450       0xb4 build/cooja/mtype737.a(framer-802154.o)
                                         0xf4 (size before relaxing)
 .eh_frame      0x000000000002d504      0x1b0 build/cooja/mtype737.a(frame802154.o)
                                        0x1f0 (size before relaxing)
 .eh_frame      0x000000000002d6b4       0x44 build/cooja/mtype737.a(csma-security.o)
                                         0x84 (size before relaxing)
 .eh_frame      0x000000000002d6f8      0x204 build/cooja/mtype737.a(uipbuf.o)
                                        0x230 (size before relaxing)
 .eh_frame      0x000000000002d8fc      0x170 build/cooja/mtype737.a(uip-icmp6.o)
                                        0x1b0 (size before relaxing)
 .eh_frame      0x000000000002da6c       0xec build/cooja/mtype737.a(uip-packetqueue)
                                        0x12c (size before relaxing)
 .eh_frame      0x000000000002db58       0x48 build/cooja/mtype737.a(rpl-nbr-policy.)
                                         0x88 (size before relaxing)
 .eh_frame      0x000000000002dba0      0x2ec build/cooja/mtype737.a(rpl-neighbor.o)
                                        0x340 (size before relaxing)
 .eh_frame      0x000000000002de8c      0x3c0 build/cooja/mtype737.a(rpl-dag.o)
                                        0x414 (size before relaxing)
 .eh_frame      0x000000000002e24c      0x418 build/cooja/mtype737.a(rpl-timers.o)
                                        0x458 (size before relaxing)
 .eh_frame      0x000000000002e664      0x144 build/cooja/mtype737.a(rpl-ext-header.)
                                        0x184 (size before relaxing)
 .eh_frame      0x000000000002e7a8      0x150 build/cooja/mtype737.a(rpl-mrhof.o)
                                        0x190 (size before relaxing)
 .eh_frame      0x000000000002e8f8       0x24 build/cooja/mtype737.a(border-router-e)
                                         0x50 (size before relaxing)
 .eh_frame      0x000000000002e91c       0x1c /usr/lib/i386-linux-gnu/libc_nonshared.a(stack_chk_fail_local.oS)
                                         0x48 (size before relaxing)
 .eh_frame      0x000000000002e938        0x4 /usr/lib/gcc/i686-linux-gnu/7/crtendS.o
 *(.eh_frame.*)

.gcc_except_table
 *(.gcc_except_table .gcc_except_table.*)

.gnu_extab
 *(.gnu_extab*)

.exception_ranges
 *(.exception_ranges .exception_ranges*)
                0x000000000002fbf8                . = DATA_SEGMENT_ALIGN (CONSTANT (MAXPAGESIZE), CONSTANT (COMMONPAGESIZE))

.eh_frame
 *(.eh_frame)
 *(.eh_frame.*)

.gnu_extab
 *(.gnu_extab)

.gcc_except_table
 *(.gcc_except_table .gcc_except_table.*)

.exception_ranges
 *(.exception_ranges .exception_ranges*)

.tdata
 *(.tdata .tdata.* .gnu.linkonce.td.*)

.tbss
 *(.tbss .tbss.* .gnu.linkonce.tb.*)
 *(.tcommon)

.preinit_array
 *(.preinit_array)

.init_array     0x000000000002fbf8        0x4
 *(SORT_BY_INIT_PRIORITY(.init_array.*) SORT_BY_INIT_PRIORITY(.ctors.*))
 *(.init_array EXCLUDE_FILE(*crtend?.o *crtend.o *crtbegin?.o *crtbegin.o) .ctors)
 .init_array    0x000000000002fbf8        0x4 /usr/lib/gcc/i686-linux-gnu/7/crtbeginS.o

.fini_array     0x000000000002fbfc        0x4
 *(SORT_BY_INIT_PRIORITY(.fini_array.*) SORT_BY_INIT_PRIORITY(.dtors.*))
 *(.fini_array EXCLUDE_FILE(*crtend?.o *crtend.o *crtbegin?.o *crtbegin.o) .dtors)
 .fini_array    0x000000000002fbfc        0x4 /usr/lib/gcc/i686-linux-gnu/7/crtbeginS.o

.ctors
 *crtbegin.o(.ctors)
 *crtbegin?.o(.ctors)
 *(EXCLUDE_FILE(*crtend?.o *crtend.o) .ctors)
 *(SORT_BY_NAME(.ctors.*))
 *(.ctors)

.dtors
 *crtbegin.o(.dtors)
 *crtbegin?.o(.dtors)
 *(EXCLUDE_FILE(*crtend?.o *crtend.o) .dtors)
 *(SORT_BY_NAME(.dtors.*))
 *(.dtors)

.jcr
 *(.jcr)

.data.rel.ro    0x000000000002fc00      0x198
 *(.data.rel.ro.local* .gnu.linkonce.d.rel.ro.local.*)
 .data.rel.ro.local
                0x000000000002fc00        0x8 border_router.o
                0x000000000002fc00                autostart_processes
 .data.rel.ro.local
                0x000000000002fc08        0x8 build/cooja/mtype737.a(beep.o)
                0x000000000002fc08                beep_interface
 .data.rel.ro.local
                0x000000000002fc10        0x8 build/cooja/mtype737.a(leds-arch.o)
                0x000000000002fc10                leds_interface
 .data.rel.ro.local
                0x000000000002fc18        0x8 build/cooja/mtype737.a(moteid.o)
                0x000000000002fc18                moteid_interface
 .data.rel.ro.local
                0x000000000002fc20       0x18 build/cooja/mtype737.a(pir-sensor.o)
                0x000000000002fc20                pir_interface
                0x000000000002fc28                pir_sensor
 .data.rel.ro.local
                0x000000000002fc38        0x8 build/cooja/mtype737.a(rs232.o)
                0x000000000002fc38                rs232_interface
 .data.rel.ro.local
                0x000000000002fc40       0x18 build/cooja/mtype737.a(vib-sensor.o)
                0x000000000002fc40                vib_interface
                0x000000000002fc48                vib_sensor
 .data.rel.ro.local
                0x000000000002fc58        0x8 build/cooja/mtype737.a(clock.o)
                0x000000000002fc58                clock_interface
 .data.rel.ro.local
                0x000000000002fc60        0x8 build/cooja/mtype737.a(cooja-log.o)
                0x000000000002fc60                simlog_interface
 .data.rel.ro.local
                0x000000000002fc68        0x8 build/cooja/mtype737.a(cfs-cooja.o)
                0x000000000002fc68                cfs_interface
 *fill*         0x000000000002fc70       0x10 
 .data.rel.ro.local
                0x000000000002fc80       0x58 build/cooja/mtype737.a(cooja-radio.o)
                0x000000000002fc80                radio_interface
                0x000000000002fca0                cooja_radio_driver
 .data.rel.ro.local
                0x000000000002fcd8        0x8 build/cooja/mtype737.a(eeprom.o)
                0x000000000002fcd8                eeprom_interface
 .data.rel.ro.local
                0x000000000002fce0       0x18 build/cooja/mtype737.a(buttons.o)
                0x000000000002fce0                button_interface
                0x000000000002fce8                button_sensor
 .data.rel.ro.local
                0x000000000002fcf8       0x1c build/cooja/mtype737.a(csma.o)
                0x000000000002fcf8                csma_driver
 .data.rel.ro.local
                0x000000000002fd14       0x10 build/cooja/mtype737.a(sicslowpan.o)
                0x000000000002fd14                sicslowpan_driver
 .data.rel.ro.local
                0x000000000002fd24        0x8 build/cooja/mtype737.a(slip-bridge.o)
                0x000000000002fd24                rpl_interface
 .data.rel.ro.local
                0x000000000002fd2c        0xc build/cooja/mtype737.a(framer-802154.o)
                0x000000000002fd2c                framer_802154
 *(.data.rel.ro .data.rel.ro.* .gnu.linkonce.d.rel.ro.*)
 .data.rel.ro   0x000000000002fd38        0x0 /usr/lib/gcc/i686-linux-gnu/7/../../../i386-linux-gnu/crti.o
 *fill*         0x000000000002fd38        0x8 
 .data.rel.ro   0x000000000002fd40       0x54 build/cooja/mtype737.a(rpl.o)
                0x000000000002fd40                rpl_lite_driver
 .data.rel.ro   0x000000000002fd94        0x4 build/cooja/mtype737.a(rpl-dag.o)

.dynamic        0x000000000002fd98       0xf0
 *(.dynamic)
 .dynamic       0x000000000002fd98       0xf0 /usr/lib/gcc/i686-linux-gnu/7/../../../i386-linux-gnu/crti.o
                0x000000000002fd98                _DYNAMIC

.got            0x000000000002fe88      0x16c
 *(.got)
 .got           0x000000000002fe88      0x16c /usr/lib/gcc/i686-linux-gnu/7/../../../i386-linux-gnu/crti.o
 *(.igot)
                0x000000000002fff4                . = DATA_SEGMENT_RELRO_END (., (SIZEOF (.got.plt) >= 0xc)?0xc:0x0)

.got.plt        0x0000000000030000      0x504
 *(.got.plt)
 .got.plt       0x0000000000030000      0x504 /usr/lib/gcc/i686-linux-gnu/7/../../../i386-linux-gnu/crti.o
                0x0000000000030000                _GLOBAL_OFFSET_TABLE_
 *(.igot.plt)

.data           0x0000000000030520      0x3b4
 *(.data .data.* .gnu.linkonce.d.*)
 .data          0x0000000000030520        0x0 /usr/lib/gcc/i686-linux-gnu/7/../../../i386-linux-gnu/crti.o
 .data          0x0000000000030520        0x0 /usr/lib/gcc/i686-linux-gnu/7/crtbeginS.o
 .data.rel.local
                0x0000000000030520        0x4 /usr/lib/gcc/i686-linux-gnu/7/crtbeginS.o
                0x0000000000030520                __dso_handle
 .data          0x0000000000030524        0x0 border_router.o
 .data.rel.local
                0x0000000000030524       0x10 border_router.o
                0x0000000000030524                udp_border_router
 .data          0x0000000000030534        0x0 build/cooja/mtype737.o
 *fill*         0x0000000000030534        0xc 
 .data.rel      0x0000000000030540       0x44 build/cooja/mtype737.o
                0x0000000000030540                simInterfaces
                0x0000000000030574                sensors
 .data          0x0000000000030584        0x0 build/cooja/mtype737.a(simEnvChange.o)
 .data          0x0000000000030584        0x0 build/cooja/mtype737.a(cooja_mt.o)
 .data          0x0000000000030584        0x0 build/cooja/mtype737.a(cooja_mtarch.o)
 .data          0x0000000000030584        0x0 build/cooja/mtype737.a(rtimer-arch.o)
 .data          0x0000000000030584        0x0 build/cooja/mtype737.a(beep.o)
 .data          0x0000000000030584        0x0 build/cooja/mtype737.a(leds-arch.o)
 .data          0x0000000000030584        0x0 build/cooja/mtype737.a(moteid.o)
 .data          0x0000000000030584        0x0 build/cooja/mtype737.a(pir-sensor.o)
 .data          0x0000000000030584        0x0 build/cooja/mtype737.a(rs232.o)
 .data          0x0000000000030584        0x0 build/cooja/mtype737.a(vib-sensor.o)
 .data          0x0000000000030584        0x0 build/cooja/mtype737.a(clock.o)
 .data          0x0000000000030584        0x0 build/cooja/mtype737.a(cooja-log.o)
 .data          0x0000000000030584        0x0 build/cooja/mtype737.a(cfs-cooja.o)
 .data          0x0000000000030584       0x20 build/cooja/mtype737.a(cooja-radio.o)
                0x0000000000030584                simRadioHWOn
                0x0000000000030588                simSignalStrength
                0x000000000003058c                simLastSignalStrength
                0x0000000000030590                simPower
                0x0000000000030594                simRadioChannel
                0x0000000000030598                simLQI
                0x000000000003059c                simLastLQI
 .data.rel.local
                0x00000000000305a4       0x10 build/cooja/mtype737.a(cooja-radio.o)
                0x00000000000305a4                cooja_radio_process
 .data          0x00000000000305b4        0x0 build/cooja/mtype737.a(eeprom.o)
 .data          0x00000000000305b4        0x0 build/cooja/mtype737.a(random.o)
 .data          0x00000000000305b4        0x0 build/cooja/mtype737.a(sensors.o)
 .data.rel.local
                0x00000000000305b4       0x10 build/cooja/mtype737.a(sensors.o)
                0x00000000000305b4                sensors_process
 .data          0x00000000000305c4        0x0 build/cooja/mtype737.a(leds.o)
 .data          0x00000000000305c4        0x0 build/cooja/mtype737.a(gpio-hal-arch.o)
 .data          0x00000000000305c4        0x1 build/cooja/mtype737.a(buttons.o)
                0x00000000000305c4                simButtonIsActive
 *fill*         0x00000000000305c5       0x1b 
 .data.rel.local
                0x00000000000305e0       0x58 build/cooja/mtype737.a(buttons.o)
                0x0000000000030630                button_hal_buttons
 .data          0x0000000000030638        0x0 build/cooja/mtype737.a(webserver.o)
 .data.rel.local
                0x0000000000030638       0x18 build/cooja/mtype737.a(webserver.o)
                0x0000000000030640                webserver_nogui_process
 .data          0x0000000000030650        0x0 build/cooja/mtype737.a(contiki-main.o)
 .data          0x0000000000030650        0x0 build/cooja/mtype737.a(autostart.o)
 .data          0x0000000000030650        0x0 build/cooja/mtype737.a(ctimer.o)
 .data.rel.local
                0x0000000000030650       0x14 build/cooja/mtype737.a(ctimer.o)
                0x0000000000030654                ctimer_process
 .data          0x0000000000030664        0x4 build/cooja/mtype737.a(log.o)
                0x0000000000030664                curr_log_level_main
 *fill*         0x0000000000030668       0x18 
 .data.rel.local
                0x0000000000030680       0x9c build/cooja/mtype737.a(log.o)
                0x0000000000030680                all_modules
 .data          0x000000000003071c        0x0 build/cooja/mtype737.a(energest.o)
 .data          0x000000000003071c        0x0 build/cooja/mtype737.a(etimer.o)
 .data.rel.local
                0x000000000003071c       0x10 build/cooja/mtype737.a(etimer.o)
                0x000000000003071c                etimer_process
 .data          0x000000000003072c        0x0 build/cooja/mtype737.a(node-id.o)
 .data          0x000000000003072c        0x0 build/cooja/mtype737.a(rtimer.o)
 .data          0x000000000003072c        0x0 build/cooja/mtype737.a(process.o)
 .data          0x000000000003072c        0x0 build/cooja/mtype737.a(timer.o)
 .data          0x000000000003072c        0x0 build/cooja/mtype737.a(list.o)
 .data          0x000000000003072c        0x0 build/cooja/mtype737.a(button-hal.o)
 .data.rel.local
                0x000000000003072c       0x10 build/cooja/mtype737.a(button-hal.o)
                0x000000000003072c                button_hal_process
 .data          0x000000000003073c        0x0 build/cooja/mtype737.a(serial-line.o)
 .data.rel.local
                0x000000000003073c       0x10 build/cooja/mtype737.a(serial-line.o)
                0x000000000003073c                serial_line_process
 .data          0x000000000003074c        0x0 build/cooja/mtype737.a(gpio-hal.o)
 .data.rel.local
                0x000000000003074c        0x4 build/cooja/mtype737.a(gpio-hal.o)
 .data          0x0000000000030750        0x0 build/cooja/mtype737.a(queuebuf.o)
 .data.rel.local
                0x0000000000030750       0x18 build/cooja/mtype737.a(queuebuf.o)
 .data          0x0000000000030768        0x0 build/cooja/mtype737.a(packetbuf.o)
 .data.rel.local
                0x0000000000030768        0x4 build/cooja/mtype737.a(packetbuf.o)
 .data          0x000000000003076c        0x0 build/cooja/mtype737.a(netstack.o)
 .data.rel.local
                0x000000000003076c        0x4 build/cooja/mtype737.a(netstack.o)
 .data          0x0000000000030770        0x0 build/cooja/mtype737.a(linkaddr.o)
 .data          0x0000000000030770        0x0 build/cooja/mtype737.a(csma.o)
 .data          0x0000000000030770        0x0 build/cooja/mtype737.a(csma-output.o)
 .data.rel.local
                0x0000000000030770       0x28 build/cooja/mtype737.a(csma-output.o)
 .data          0x0000000000030798        0x0 build/cooja/mtype737.a(uip-sr.o)
 .data.rel.local
                0x0000000000030798       0x10 build/cooja/mtype737.a(uip-sr.o)
 .data          0x00000000000307a8        0x0 build/cooja/mtype737.a(uip-ds6.o)
 .data          0x00000000000307a8        0x0 build/cooja/mtype737.a(uip-ds6-route.o)
 .data.rel.local
                0x00000000000307a8       0x10 build/cooja/mtype737.a(uip-ds6-route.o)
 .data          0x00000000000307b8        0x0 build/cooja/mtype737.a(psock.o)
 .data          0x00000000000307b8        0x0 build/cooja/mtype737.a(tcpip.o)
 .data.rel.local
                0x00000000000307b8       0x10 build/cooja/mtype737.a(tcpip.o)
                0x00000000000307b8                tcpip_process
 .data          0x00000000000307c8        0x0 build/cooja/mtype737.a(uip6.o)
 .data          0x00000000000307c8        0x0 build/cooja/mtype737.a(uip-ds6-nbr.o)
 .data.rel.local
                0x00000000000307c8       0x14 build/cooja/mtype737.a(uip-ds6-nbr.o)
 .data          0x00000000000307dc        0x0 build/cooja/mtype737.a(uip-nd6.o)
 .data.rel.local
                0x00000000000307dc        0xc build/cooja/mtype737.a(uip-nd6.o)
 .data          0x00000000000307e8        0x0 build/cooja/mtype737.a(sicslowpan.o)
 .data          0x00000000000307e8        0x0 build/cooja/mtype737.a(uiplib.o)
 .data          0x00000000000307e8        0x0 build/cooja/mtype737.a(rpl.o)
 .data          0x00000000000307e8        0x0 build/cooja/mtype737.a(rpl-icmp6.o)
 .data.rel.local
                0x00000000000307e8       0x30 build/cooja/mtype737.a(rpl-icmp6.o)
 .data          0x0000000000030818        0x0 build/cooja/mtype737.a(rpl-dag-root.o)
 .data          0x0000000000030818        0x0 build/cooja/mtype737.a(slip-bridge.o)
 .data          0x0000000000030818        0x0 build/cooja/mtype737.a(slip.o)
 .data.rel.local
                0x0000000000030818       0x10 build/cooja/mtype737.a(slip.o)
                0x0000000000030818                slip_process
 .data          0x0000000000030828        0x0 build/cooja/mtype737.a(watchdog.o)
 .data          0x0000000000030828        0x0 build/cooja/mtype737.a(int-master.o)
 .data          0x0000000000030828        0x0 build/cooja/mtype737.a(slip-arch.o)
 .data          0x0000000000030828        0x0 build/cooja/mtype737.a(httpd-simple.o)
 .data.rel.local
                0x0000000000030828       0x10 build/cooja/mtype737.a(httpd-simple.o)
 .data          0x0000000000030838        0x0 build/cooja/mtype737.a(rpl-border-rout)
 .data          0x0000000000030838        0x0 build/cooja/mtype737.a(stimer.o)
 .data          0x0000000000030838        0x0 build/cooja/mtype737.a(ringbuf.o)
 .data          0x0000000000030838        0x0 build/cooja/mtype737.a(memb.o)
 .data          0x0000000000030838        0x0 build/cooja/mtype737.a(assert.o)
 .data          0x0000000000030838        0x0 build/cooja/mtype737.a(nbr-table.o)
 .data.rel.local
                0x0000000000030838       0x10 build/cooja/mtype737.a(nbr-table.o)
 .data          0x0000000000030848        0x0 build/cooja/mtype737.a(link-stats.o)
 .data.rel.local
                0x0000000000030848       0x14 build/cooja/mtype737.a(link-stats.o)
 .data          0x000000000003085c        0x0 build/cooja/mtype737.a(mac-sequence.o)
 .data          0x000000000003085c        0x0 build/cooja/mtype737.a(mac.o)
 .data          0x000000000003085c        0x0 build/cooja/mtype737.a(framer-802154.o)
 .data          0x000000000003085c        0x2 build/cooja/mtype737.a(frame802154.o)
 .data          0x000000000003085e        0x0 build/cooja/mtype737.a(csma-security.o)
 .data          0x000000000003085e        0x0 build/cooja/mtype737.a(uipbuf.o)
 .data          0x000000000003085e        0x0 build/cooja/mtype737.a(uip-icmp6.o)
 *fill*         0x000000000003085e        0x2 
 .data.rel.local
                0x0000000000030860       0x20 build/cooja/mtype737.a(uip-icmp6.o)
 .data          0x0000000000030880        0x0 build/cooja/mtype737.a(uip-packetqueue)
 .data.rel.local
                0x0000000000030880        0xc build/cooja/mtype737.a(uip-packetqueue)
 .data          0x000000000003088c        0x0 build/cooja/mtype737.a(rpl-nbr-policy.)
 .data          0x000000000003088c        0x0 build/cooja/mtype737.a(rpl-neighbor.o)
 .data.rel.local
                0x000000000003088c       0x14 build/cooja/mtype737.a(rpl-neighbor.o)
                0x000000000003089c                rpl_neighbors
 .data          0x00000000000308a0        0x0 build/cooja/mtype737.a(rpl-dag.o)
 .data          0x00000000000308a0        0x0 build/cooja/mtype737.a(rpl-timers.o)
 .data          0x00000000000308a0        0x0 build/cooja/mtype737.a(rpl-ext-header.)
 .data          0x00000000000308a0        0x0 build/cooja/mtype737.a(rpl-mrhof.o)
 .data.rel.local
                0x00000000000308a0       0x24 build/cooja/mtype737.a(rpl-mrhof.o)
                0x00000000000308a0                rpl_mrhof
 .data          0x00000000000308c4        0x0 build/cooja/mtype737.a(border-router-e)
 .data.rel.local
                0x00000000000308c4       0x10 build/cooja/mtype737.a(border-router-e)
                0x00000000000308c4                border_router_process
 .data          0x00000000000308d4        0x0 /usr/lib/i386-linux-gnu/libc_nonshared.a(stack_chk_fail_local.oS)
 .data          0x00000000000308d4        0x0 /usr/lib/gcc/i686-linux-gnu/7/crtendS.o
 .data          0x00000000000308d4        0x0 /usr/lib/gcc/i686-linux-gnu/7/../../../i386-linux-gnu/crtn.o

.tm_clone_table
                0x00000000000308d4        0x0
 .tm_clone_table
                0x00000000000308d4        0x0 /usr/lib/gcc/i686-linux-gnu/7/crtbeginS.o
 .tm_clone_table
                0x00000000000308d4        0x0 /usr/lib/gcc/i686-linux-gnu/7/crtendS.o

.data1
 *(.data1)
                0x00000000000308d4                _edata = .
                [!provide]                        PROVIDE (edata = .)
                0x00000000000308d4                . = .
                0x00000000000308d4                __bss_start = .

.bss            0x00000000000308e0    0x141c4
 *(.dynbss)
 .dynbss        0x00000000000308e0        0x0 /usr/lib/gcc/i686-linux-gnu/7/../../../i386-linux-gnu/crti.o
 *(.bss .bss.* .gnu.linkonce.b.*)
 .bss           0x00000000000308e0        0x0 /usr/lib/gcc/i686-linux-gnu/7/../../../i386-linux-gnu/crti.o
 .bss           0x00000000000308e0        0x1 /usr/lib/gcc/i686-linux-gnu/7/crtbeginS.o
 .bss           0x00000000000308e1        0x0 border_router.o
 *fill*         0x00000000000308e1       0x1f 
 .bss           0x0000000000030900     0x2040 build/cooja/mtype737.o
 .bss           0x0000000000032940        0x1 build/cooja/mtype737.a(simEnvChange.o)
                0x0000000000032940                simDontFallAsleep
 *fill*         0x0000000000032941        0x3 
 .bss           0x0000000000032944        0x4 build/cooja/mtype737.a(cooja_mt.o)
 .bss           0x0000000000032948        0x4 build/cooja/mtype737.a(cooja_mtarch.o)
 .bss           0x000000000003294c        0x0 build/cooja/mtype737.a(rtimer-arch.o)
 .bss           0x000000000003294c        0x0 build/cooja/mtype737.a(beep.o)
 .bss           0x000000000003294c        0x1 build/cooja/mtype737.a(leds-arch.o)
                0x000000000003294c                simLedsValue
 .bss           0x000000000003294d        0x0 build/cooja/mtype737.a(moteid.o)
 .bss           0x000000000003294d        0x1 build/cooja/mtype737.a(pir-sensor.o)
                0x000000000003294d                simPirValue
 *fill*         0x000000000003294e        0x2 
 .bss           0x0000000000032950        0x4 build/cooja/mtype737.a(rs232.o)
 .bss           0x0000000000032954        0x1 build/cooja/mtype737.a(vib-sensor.o)
                0x0000000000032954                simVibValue
 .bss           0x0000000000032955        0x0 build/cooja/mtype737.a(clock.o)
 *fill*         0x0000000000032955        0xb 
 .bss           0x0000000000032960     0x2020 build/cooja/mtype737.a(cooja-log.o)
 .bss           0x0000000000034980      0xfc0 build/cooja/mtype737.a(cfs-cooja.o)
                0x0000000000034980                simCFSData
                0x0000000000035920                simCFSSize
                0x0000000000035924                simCFSChanged
                0x0000000000035928                simCFSRead
                0x000000000003592c                simCFSWritten
 .bss           0x0000000000035940       0x24 build/cooja/mtype737.a(cooja-radio.o)
                0x0000000000035940                simReceiving
                0x0000000000035944                simInSize
                0x0000000000035948                simLastPacketTimestamp
                0x0000000000035950                simOutSize
 .bss           0x0000000000035964        0xc build/cooja/mtype737.a(eeprom.o)
                0x0000000000035964                simEEPROMChanged
                0x0000000000035968                simEEPROMRead
                0x000000000003596c                simEEPROMWritten
 .bss           0x0000000000035970        0x0 build/cooja/mtype737.a(random.o)
 .bss           0x0000000000035970        0xc build/cooja/mtype737.a(sensors.o)
 .bss           0x000000000003597c        0x0 build/cooja/mtype737.a(leds.o)
 .bss           0x000000000003597c       0x24 build/cooja/mtype737.a(gpio-hal-arch.o)
 .bss           0x00000000000359a0        0x0 build/cooja/mtype737.a(buttons.o)
 .bss           0x00000000000359a0      0x10c build/cooja/mtype737.a(webserver.o)
 .bss           0x0000000000035aac        0x0 build/cooja/mtype737.a(contiki-main.o)
 .bss           0x0000000000035aac        0x0 build/cooja/mtype737.a(autostart.o)
 .bss           0x0000000000035aac        0x5 build/cooja/mtype737.a(ctimer.o)
 *fill*         0x0000000000035ab1        0x3 
 .bss           0x0000000000035ab4       0x2c build/cooja/mtype737.a(log.o)
                0x0000000000035ab4                curr_log_level_rpl
                0x0000000000035ab8                curr_log_level_tcpip
                0x0000000000035abc                curr_log_level_ipv6
                0x0000000000035ac0                curr_log_level_6lowpan
                0x0000000000035ac4                curr_log_level_nullnet
                0x0000000000035ac8                curr_log_level_mac
                0x0000000000035acc                curr_log_level_framer
                0x0000000000035ad0                curr_log_level_6top
                0x0000000000035ad4                curr_log_level_coap
                0x0000000000035ad8                curr_log_level_snmp
                0x0000000000035adc                curr_log_level_lwm2m
 .bss           0x0000000000035ae0        0x0 build/cooja/mtype737.a(energest.o)
 .bss           0x0000000000035ae0        0x8 build/cooja/mtype737.a(etimer.o)
 .bss           0x0000000000035ae8        0x2 build/cooja/mtype737.a(node-id.o)
                0x0000000000035ae8                node_id
 *fill*         0x0000000000035aea        0x2 
 .bss           0x0000000000035aec        0x4 build/cooja/mtype737.a(rtimer.o)
 *fill*         0x0000000000035af0       0x10 
 .bss           0x0000000000035b00      0x1a1 build/cooja/mtype737.a(process.o)
                0x0000000000035b00                process_list
                0x0000000000035b04                process_current
 .bss           0x0000000000035ca1        0x0 build/cooja/mtype737.a(timer.o)
 .bss           0x0000000000035ca1        0x0 build/cooja/mtype737.a(list.o)
 *fill*         0x0000000000035ca1        0x3 
 .bss           0x0000000000035ca4       0x10 build/cooja/mtype737.a(button-hal.o)
 *fill*         0x0000000000035cb4        0xc 
 .bss           0x0000000000035cc0      0x140 build/cooja/mtype737.a(serial-line.o)
 .bss           0x0000000000035e00        0x4 build/cooja/mtype737.a(gpio-hal.o)
 *fill*         0x0000000000035e04       0x1c 
 .bss           0x0000000000035e20     0x2c80 build/cooja/mtype737.a(queuebuf.o)
 .bss           0x0000000000038aa0       0xa0 build/cooja/mtype737.a(packetbuf.o)
 .bss           0x0000000000038b40        0x4 build/cooja/mtype737.a(netstack.o)
 .bss           0x0000000000038b44        0x0 build/cooja/mtype737.a(linkaddr.o)
 .bss           0x0000000000038b44        0x0 build/cooja/mtype737.a(csma.o)
 *fill*         0x0000000000038b44       0x1c 
 .bss           0x0000000000038b60      0x726 build/cooja/mtype737.a(csma-output.o)
 *fill*         0x0000000000039286       0x1a 
 .bss           0x00000000000392a0     0x1d80 build/cooja/mtype737.a(uip-sr.o)
 .bss           0x000000000003b020       0x30 build/cooja/mtype737.a(uip-ds6.o)
 *fill*         0x000000000003b050       0x10 
 .bss           0x000000000003b060       0x60 build/cooja/mtype737.a(uip-ds6-route.o)
 .bss           0x000000000003b0c0        0x0 build/cooja/mtype737.a(psock.o)
 .bss           0x000000000003b0c0       0xc4 build/cooja/mtype737.a(tcpip.o)
 .bss           0x000000000003b184        0xc build/cooja/mtype737.a(uip6.o)
                0x000000000003b184                uip_ext_bitmap
                0x000000000003b186                uip_ext_len
                0x000000000003b188                uip_last_proto
 *fill*         0x000000000003b190       0x10 
 .bss           0x000000000003b1a0     0x1c20 build/cooja/mtype737.a(uip-ds6-nbr.o)
 .bss           0x000000000003cdc0       0x10 build/cooja/mtype737.a(uip-nd6.o)
 *fill*         0x000000000003cdd0       0x10 
 .bss           0x000000000003cde0      0x724 build/cooja/mtype737.a(sicslowpan.o)
 .bss           0x000000000003d504        0x0 build/cooja/mtype737.a(uiplib.o)
 .bss           0x000000000003d504        0x1 build/cooja/mtype737.a(rpl.o)
 .bss           0x000000000003d505        0x0 build/cooja/mtype737.a(rpl-icmp6.o)
 *fill*         0x000000000003d505        0x3 
 .bss           0x000000000003d508       0x11 build/cooja/mtype737.a(rpl-dag-root.o)
 *fill*         0x000000000003d519        0x3 
 .bss           0x000000000003d51c       0x10 build/cooja/mtype737.a(slip-bridge.o)
 *fill*         0x000000000003d52c       0x14 
 .bss           0x000000000003d540      0x538 build/cooja/mtype737.a(slip.o)
 .bss           0x000000000003da78        0x0 build/cooja/mtype737.a(watchdog.o)
 .bss           0x000000000003da78        0x4 build/cooja/mtype737.a(int-master.o)