Archive member included to satisfy reference by file (symbol)

build/cooja/mtype893.a(simEnvChange.o)
                              build/cooja/mtype893.o (simDontFallAsleep)
build/cooja/mtype893.a(cooja_mt.o)
                              build/cooja/mtype893.o (cooja_mt_start)
build/cooja/mtype893.a(cooja_mtarch.o)
                              build/cooja/mtype893.a(cooja_mt.o) (cooja_mtarch_start)
build/cooja/mtype893.a(rtimer-arch.o)
                              build/cooja/mtype893.o (rtimer_arch_check)
build/cooja/mtype893.a(beep.o)
                              build/cooja/mtype893.o (beep_interface)
build/cooja/mtype893.a(leds-arch.o)
                              build/cooja/mtype893.o (leds_interface)
build/cooja/mtype893.a(moteid.o)
                              build/cooja/mtype893.o (moteid_interface)
build/cooja/mtype893.a(pir-sensor.o)
                              build/cooja/mtype893.o (pir_interface)
build/cooja/mtype893.a(rs232.o)
                              build/cooja/mtype893.o (rs232_interface)
build/cooja/mtype893.a(vib-sensor.o)
                              build/cooja/mtype893.o (vib_interface)
build/cooja/mtype893.a(clock.o)
                              build/cooja/mtype893.o (clock_interface)
build/cooja/mtype893.a(cooja-log.o)
                              build/cooja/mtype893.o (simlog_interface)
build/cooja/mtype893.a(cfs-cooja.o)
                              build/cooja/mtype893.o (cfs_interface)
build/cooja/mtype893.a(cooja-radio.o)
                              build/cooja/mtype893.o (radio_interface)
build/cooja/mtype893.a(eeprom.o)
                              build/cooja/mtype893.o (eeprom_interface)
build/cooja/mtype893.a(random.o)
                              build/cooja/mtype893.a(moteid.o) (random_init)
build/cooja/mtype893.a(sensors.o)
                              build/cooja/mtype893.a(pir-sensor.o) (sensors_changed)
build/cooja/mtype893.a(leds.o)
                              oxygen_server.o (leds_on)
build/cooja/mtype893.a(gpio-hal-arch.o)
                              build/cooja/mtype893.a(leds-arch.o) (gpio_hal_arch_register_pin_callback)
build/cooja/mtype893.a(buttons.o)
                              build/cooja/mtype893.o (button_interface)
build/cooja/mtype893.a(oxygen_sensor.o)
                              oxygen_server.o (oxygen_sensor)
build/cooja/mtype893.a(coap-engine.o)
                              oxygen_server.o (coap_activate_resource)
build/cooja/mtype893.a(coap-res-well-k)
                              build/cooja/mtype893.a(coap-engine.o) (res_well_known_core)
build/cooja/mtype893.a(coap-observe.o)
                              build/cooja/mtype893.a(coap-engine.o) (coap_remove_observer_by_mid)
build/cooja/mtype893.a(coap-uip.o)
                              build/cooja/mtype893.a(coap-observe.o) (coap_endpoint_copy)
build/cooja/mtype893.a(coap-timer.o)
                              build/cooja/mtype893.a(coap-engine.o) (coap_timer_set)
build/cooja/mtype893.a(coap-transactio)
                              build/cooja/mtype893.a(coap-engine.o) (coap_send_transaction)
build/cooja/mtype893.a(coap.o)
                              build/cooja/mtype893.a(coap-engine.o) (coap_status_code)
build/cooja/mtype893.a(contiki-main.o)
                              build/cooja/mtype893.o (main)
build/cooja/mtype893.a(autostart.o)
                              build/cooja/mtype893.a(contiki-main.o) (autostart_start)
build/cooja/mtype893.a(ctimer.o)
                              build/cooja/mtype893.a(contiki-main.o) (ctimer_init)
build/cooja/mtype893.a(log.o)
                              build/cooja/mtype893.a(contiki-main.o) (curr_log_level_main)
build/cooja/mtype893.a(energest.o)
                              build/cooja/mtype893.a(contiki-main.o) (energest_init)
build/cooja/mtype893.a(etimer.o)
                              build/cooja/mtype893.a(contiki-main.o) (etimer_process)
build/cooja/mtype893.a(node-id.o)
                              build/cooja/mtype893.a(contiki-main.o) (node_id)
build/cooja/mtype893.a(rtimer.o)
                              build/cooja/mtype893.a(contiki-main.o) (rtimer_init)
build/cooja/mtype893.a(process.o)
                              build/cooja/mtype893.a(ctimer.o) (process_current)
build/cooja/mtype893.a(timer.o)
                              build/cooja/mtype893.a(etimer.o) (timer_set)
build/cooja/mtype893.a(list.o)
                              build/cooja/mtype893.a(coap-engine.o) (list_init)
build/cooja/mtype893.a(memb.o)
                              build/cooja/mtype893.a(coap-observe.o) (memb_alloc)
build/cooja/mtype893.a(button-hal.o)
                              build/cooja/mtype893.o (button_hal_init)
build/cooja/mtype893.a(serial-line.o)
                              build/cooja/mtype893.a(rs232.o) (serial_line_input_byte)
build/cooja/mtype893.a(gpio-hal.o)
                              build/cooja/mtype893.a(button-hal.o) (gpio_hal_register_handler)
build/cooja/mtype893.a(queuebuf.o)
[...]
Memory Configuration

Name             Origin             Length             Attributes
*default*        0x0000000000000000 0xffffffffffffffff

Linker script and memory map

LOAD /usr/lib/gcc/i686-linux-gnu/7/../../../i386-linux-gnu/crti.o
LOAD /usr/lib/gcc/i686-linux-gnu/7/crtbeginS.o
LOAD oxygen_server.o
LOAD build/cooja/mtype893.o
LOAD build/cooja/mtype893.a
LOAD /usr/lib/gcc/i686-linux-gnu/7/libgcc.a
LOAD /usr/lib/gcc/i686-linux-gnu/7/libgcc_s.so
START GROUP
LOAD /usr/lib/gcc/i686-linux-gnu/7/libgcc_s.so.1
LOAD /usr/lib/gcc/i686-linux-gnu/7/libgcc.a
END GROUP
LOAD /usr/lib/gcc/i686-linux-gnu/7/../../../i386-linux-gnu/libc.so
START GROUP
LOAD /lib/i386-linux-gnu/libc.so.6
LOAD /usr/lib/i386-linux-gnu/libc_nonshared.a
LOAD /lib/i386-linux-gnu/ld-linux.so.2
END GROUP
LOAD /usr/lib/gcc/i686-linux-gnu/7/libgcc.a
LOAD /usr/lib/gcc/i686-linux-gnu/7/libgcc_s.so
START GROUP
LOAD /usr/lib/gcc/i686-linux-gnu/7/libgcc_s.so.1
LOAD /usr/lib/gcc/i686-linux-gnu/7/libgcc.a
END GROUP
LOAD /usr/lib/gcc/i686-linux-gnu/7/crtendS.o
LOAD /usr/lib/gcc/i686-linux-gnu/7/../../../i386-linux-gnu/crtn.o
                0x0000000000000114                . = (SEGMENT_START ("text-segment", 0x0) + SIZEOF_HEADERS)

.note.gnu.build-id
                0x0000000000000114       0x24
 *(.note.gnu.build-id)
 .note.gnu.build-id
                0x0000000000000114       0x24 /usr/lib/gcc/i686-linux-gnu/7/../../../i386-linux-gnu/crti.o

.hash
 *(.hash)

.gnu.hash       0x0000000000000138     0x15a0
 *(.gnu.hash)
 .gnu.hash      0x0000000000000138     0x15a0 /usr/lib/gcc/i686-linux-gnu/7/../../../i386-linux-gnu/crti.o

.dynsym         0x00000000000016d8     0x2f10
 *(.dynsym)
 .dynsym        0x00000000000016d8     0x2f10 /usr/lib/gcc/i686-linux-gnu/7/../../../i386-linux-gnu/crti.o

.dynstr         0x00000000000045e8     0x36a8
 *(.dynstr)
 .dynstr        0x00000000000045e8     0x36a8 /usr/lib/gcc/i686-linux-gnu/7/../../../i386-linux-gnu/crti.o

.gnu.version    0x0000000000007c90      0x5e2
 *(.gnu.version)
 .gnu.version   0x0000000000007c90      0x5e2 /usr/lib/gcc/i686-linux-gnu/7/../../../i386-linux-gnu/crti.o

.gnu.version_d  0x0000000000008274        0x0
 *(.gnu.version_d)
 .gnu.version_d
                0x0000000000008274        0x0 /usr/lib/gcc/i686-linux-gnu/7/../../../i386-linux-gnu/crti.o

.gnu.version_r  0x0000000000008274       0x40
 *(.gnu.version_r)
 .gnu.version_r
                0x0000000000008274       0x40 /usr/lib/gcc/i686-linux-gnu/7/../../../i386-linux-gnu/crti.o

.rel.dyn        0x00000000000082b4      0xf18
 *(.rel.init)
 .rel.init      0x00000000000082b4        0x0 /usr/lib/gcc/i686-linux-gnu/7/../../../i386-linux-gnu/crti.o
 *(.rel.text .rel.text.* .rel.gnu.linkonce.t.*)
 .rel.text      0x00000000000082b4      0x570 /usr/lib/gcc/i686-linux-gnu/7/../../../i386-linux-gnu/crti.o
 *(.rel.fini)
 .rel.fini      0x0000000000008824        0x0 /usr/lib/gcc/i686-linux-gnu/7/../../../i386-linux-gnu/crti.o
 *(.rel.rodata .rel.rodata.* .rel.gnu.linkonce.r.*)
 *(.rel.data.rel.ro .rel.data.rel.ro.* .rel.gnu.linkonce.d.rel.ro.*)
 .rel.data.rel.ro.local
                0x0000000000008824      0x220 /usr/lib/gcc/i686-linux-gnu/7/../../../i386-linux-gnu/crti.o
 .rel.data.rel.ro
                0x0000000000008a44       0xb0 /usr/lib/gcc/i686-linux-gnu/7/../../../i386-linux-gnu/crti.o
 *(.rel.data .rel.data.* .rel.gnu.linkonce.d.*)
 .rel.data.rel.local
                0x0000000000008af4      0x390 /usr/lib/gcc/i686-linux-gnu/7/../../../i386-linux-gnu/crti.o
 .rel.data.rel  0x0000000000008e84       0x78 /usr/lib/gcc/i686-linux-gnu/7/../../../i386-linux-gnu/crti.o
 *(.rel.tdata .rel.tdata.* .rel.gnu.linkonce.td.*)
 *(.rel.tbss .rel.tbss.* .rel.gnu.linkonce.tb.*)
 *(.rel.ctors)
 *(.rel.dtors)
 *(.rel.got)
 .rel.got       0x0000000000008efc      0x2c0 /usr/lib/gcc/i686-linux-gnu/7/../../../i386-linux-gnu/crti.o
 *(.rel.bss .rel.bss.* .rel.gnu.linkonce.b.*)
 *(.rel.ifunc)
 .rel.ifunc     0x00000000000091bc        0x0 /usr/lib/gcc/i686-linux-gnu/7/../../../i386-linux-gnu/crti.o
 .rel.fini_array
                0x00000000000091bc        0x8 /usr/lib/gcc/i686-linux-gnu/7/../../../i386-linux-gnu/crti.o
 .rel.init_array
                0x00000000000091c4        0x8 /usr/lib/gcc/i686-linux-gnu/7/../../../i386-linux-gnu/crti.o

.rel.plt        0x00000000000091cc      0xac8
 *(.rel.plt)
 .rel.plt       0x00000000000091cc      0xac8 /usr/lib/gcc/i686-linux-gnu/7/../../../i386-linux-gnu/crti.o
 *(.rel.iplt)

.init           0x0000000000009c94       0x23
 *(SORT_NONE(.init))
 .init          0x0000000000009c94       0x1e /usr/lib/gcc/i686-linux-gnu/7/../../../i386-linux-gnu/crti.o
                0x0000000000009c94                _init
 .init          0x0000000000009cb2        0x5 /usr/lib/gcc/i686-linux-gnu/7/../../../i386-linux-gnu/crtn.o

.plt            0x0000000000009cc0     0x15a0
 *(.plt)
 .plt           0x0000000000009cc0     0x15a0 /usr/lib/gcc/i686-linux-gnu/7/../../../i386-linux-gnu/crti.o
 *(.iplt)

.plt.got        0x000000000000b260       0x18
 *(.plt.got)
 .plt.got       0x000000000000b260       0x18 /usr/lib/gcc/i686-linux-gnu/7/../../../i386-linux-gnu/crti.o

.plt.sec
 *(.plt.sec)

.text           0x000000000000b280    0x1cf54
 *(.text.unlikely .text.*_unlikely .text.unlikely.*)
 *(.text.exit .text.exit.*)
 *(.text.startup .text.startup.*)
 *(.text.hot .text.hot.*)
 *(.text .stub .text.* .gnu.linkonce.t.*)
 .text          0x000000000000b280        0x0 /usr/lib/gcc/i686-linux-gnu/7/../../../i386-linux-gnu/crti.o
 .gnu.linkonce.t.__x86.get_pc_thunk.bx
                0x000000000000b280        0x4 /usr/lib/gcc/i686-linux-gnu/7/../../../i386-linux-gnu/crti.o
                0x000000000000b280                __x86.get_pc_thunk.bx
 *fill*         0x000000000000b284        0xc 
 .text          0x000000000000b290       0xe9 /usr/lib/gcc/i686-linux-gnu/7/crtbeginS.o
 .text.__x86.get_pc_thunk.dx
                0x000000000000b379        0x4 /usr/lib/gcc/i686-linux-gnu/7/crtbeginS.o
                0x000000000000b379                __x86.get_pc_thunk.dx
 .text          0x000000000000b37d      0x37c oxygen_server.o
                0x000000000000b430                client_chunk_handler
 .text          0x000000000000b6f9      0x36b build/cooja/mtype893.o
                0x000000000000b7ab                platform_init_stage_one
                0x000000000000b7ce                platform_init_stage_two
                0x000000000000b7f1                platform_init_stage_three
                0x000000000000b814                platform_main_loop
                0x000000000000b8ba                Java_org_contikios_cooja_corecomm_Lib2_init
                0x000000000000b908                Java_org_contikios_cooja_corecomm_Lib2_getMemory
                0x000000000000b948                Java_org_contikios_cooja_corecomm_Lib2_setMemory
                0x000000000000b9b9                Java_org_contikios_cooja_corecomm_Lib2_tick
                0x000000000000ba43                Java_org_contikios_cooja_corecomm_Lib2_setReferenceAddress
 .text.__x86.get_pc_thunk.ax
                0x000000000000ba64        0x4 build/cooja/mtype893.o
                0x000000000000ba64                __x86.get_pc_thunk.ax
 .text          0x000000000000ba68       0x8d build/cooja/mtype893.a(simEnvChange.o)
                0x000000000000ba68                doActionsBeforeTick
                0x000000000000baae                doActionsAfterTick
 .text          0x000000000000baf5       0xb6 build/cooja/mtype893.a(cooja_mt.o)
                0x000000000000baf5                cooja_mt_start
                0x000000000000bb2f                cooja_mt_exec
                0x000000000000bb76                cooja_mt_yield
 .text          0x000000000000bbab       0xf2 build/cooja/mtype893.a(cooja_mtarch.o)
                0x000000000000bbab                cooja_mtarch_start
                0x000000000000bc2f                cooja_sw
                0x000000000000bc5d                cooja_mtarch_exec
                0x000000000000bc88                cooja_mtarch_yield
 .text          0x000000000000bc9d      0x127 build/cooja/mtype893.a(rtimer-arch.o)
                0x000000000000bc9d                rtimer_arch_init
                0x000000000000bccc                rtimer_arch_schedule
                0x000000000000bd0e                rtimer_arch_next
                0x000000000000bd28                rtimer_arch_pending
                0x000000000000bd3f                rtimer_arch_check
                0x000000000000bdaa                rtimer_arch_now
 .text.__x86.get_pc_thunk.cx
                0x000000000000bdc4        0x4 build/cooja/mtype893.a(rtimer-arch.o)
                0x000000000000bdc4                __x86.get_pc_thunk.cx
 .text          0x000000000000bdc8      0x101 build/cooja/mtype893.a(beep.o)
                0x000000000000bdc8                beep_alarm
                0x000000000000bde1                beep_beep
                0x000000000000bdfa                beep
                0x000000000000be13                beep_down
                0x000000000000be2c                beep_on
                0x000000000000be45                beep_off
                0x000000000000be5e                beep_spinup
                0x000000000000be77                beep_quick
                0x000000000000be90                beep_long
 .text          0x000000000000bec9       0x9f build/cooja/mtype893.a(leds-arch.o)
                0x000000000000beed                leds_arch_init
 .text          0x000000000000bf68       0x56 build/cooja/mtype893.a(moteid.o)
 .text          0x000000000000bfbe      0x101 build/cooja/mtype893.a(pir-sensor.o)
 .text          0x000000000000c0bf      0x1cc build/cooja/mtype893.a(rs232.o)
                0x000000000000c0bf                rs232_init
                0x000000000000c0cf                rs232_set_speed
                0x000000000000c0e8                rs232_set_input
                0x000000000000c101                rs232_send
                0x000000000000c137                rs232_print
                0x000000000000c165                slip_arch_writeb
 .text          0x000000000000c28b      0x101 build/cooja/mtype893.a(vib-sensor.o)
 .text          0x000000000000c38c       0x7a build/cooja/mtype893.a(clock.o)
                0x000000000000c38c                clock_init
                0x000000000000c39c                clock_time
                0x000000000000c3b3                clock_seconds
                0x000000000000c3d6                clock_delay
 .text          0x000000000000c406      0x2b5 build/cooja/mtype893.a(cooja-log.o)
                0x000000000000c406                simlog_char
                0x000000000000c46a                simlog
                0x000000000000c504                log_message
                0x000000000000c553                log_set_putchar_with_slip
                0x000000000000c56c                log_putchar
                0x000000000000c5f7                log_puts
                0x000000000000c629                log_printf
 .text          0x000000000000c6bb      0x36c build/cooja/mtype893.a(cfs-cooja.o)
                0x000000000000c6bb                cfs_open
                0x000000000000c733                cfs_close
                0x000000000000c74a                cfs_read
                0x000000000000c7fe                cfs_write
                0x000000000000c8fc                cfs_seek
                0x000000000000c999                cfs_remove
                0x000000000000c9cf                cfs_opendir
                0x000000000000c9e3                cfs_readdir
                0x000000000000c9f7                cfs_closedir
 .text          0x000000000000ca27      0x78b build/cooja/mtype893.a(cooja-radio.o)
                0x000000000000ca95                radio_set_channel
                0x000000000000caae                radio_set_txpower
                0x000000000000cad1                radio_signal_strength_last
                0x000000000000cae6                radio_signal_strength_current
                0x000000000000cafb                radio_LQI
 .text          0x000000000000d1b2      0x130 build/cooja/mtype893.a(eeprom.o)
                0x000000000000d1b2                eeprom_init
                0x000000000000d1c2                eeprom_read
                0x000000000000d242                eeprom_write
 .text          0x000000000000d2e2       0x4e build/cooja/mtype893.a(random.o)
                0x000000000000d2e2                random_init
                0x000000000000d312                random_rand
 .text          0x000000000000d330      0x332 build/cooja/mtype893.a(sensors.o)
                0x000000000000d377                sensors_first
                0x000000000000d38e                sensors_next
                0x000000000000d3b9                sensors_changed
                0x000000000000d406                sensors_find
 .text          0x000000000000d662      0x3fc build/cooja/mtype893.a(leds.o)
                0x000000000000d662                leds_init
                0x000000000000d6ba                leds_single_on
                0x000000000000d732                leds_single_off
                0x000000000000d7aa                leds_single_toggle
                0x000000000000d7ee                leds_on
                0x000000000000d886                leds_off
                0x000000000000d91e                leds_toggle
                0x000000000000d984                leds_set
                0x000000000000d9ba                leds_get
 .text          0x000000000000da5e      0x401 build/cooja/mtype893.a(gpio-hal-arch.o)
                0x000000000000da5e                gpio_hal_arch_register_pin_callback
                0x000000000000dadf                gpio_hal_arch_init
                0x000000000000db39                gpio_hal_arch_no_port_interrupt_enable
                0x000000000000db73                gpio_hal_arch_no_port_interrupt_disable
                0x000000000000dbad                gpio_hal_arch_no_port_pin_cfg_set
                0x000000000000dbdc                gpio_hal_arch_no_port_pin_cfg_get
                0x000000000000dc0c                gpio_hal_arch_no_port_pin_set_input
                0x000000000000dc28                gpio_hal_arch_no_port_pin_set_output
                0x000000000000dc44                gpio_hal_arch_no_port_set_pin
                0x000000000000dc6f                gpio_hal_arch_no_port_clear_pin
                0x000000000000dc9a                gpio_hal_arch_no_port_read_pin
                0x000000000000dccc                gpio_hal_arch_no_port_write_pin
                0x000000000000dd00                gpio_hal_arch_no_port_set_pins
                0x000000000000dd51                gpio_hal_arch_no_port_clear_pins
                0x000000000000dda2                gpio_hal_arch_no_port_read_pins
                0x000000000000ddf5                gpio_hal_arch_no_port_write_pins
 .text          0x000000000000de5f       0xc6 build/cooja/mtype893.a(buttons.o)
 .text          0x000000000000df25      0x7be build/cooja/mtype893.a(oxygen_sensor.o)
 .text          0x000000000000e6e3      0xd4f build/cooja/mtype893.a(coap-engine.o)
                0x000000000000e7b4                coap_add_handler
                0x000000000000e7e2                coap_remove_handler
                0x000000000000e810                coap_call_handlers
                0x000000000000e937                coap_receive
                0x000000000000efb1                coap_engine_init
                0x000000000000f024                coap_activate_resource
                0x000000000000f0e1                coap_get_first_resource
                0x000000000000f10b                coap_get_next_resource
 .text          0x000000000000f432      0x2ed build/cooja/mtype893.a(coap-res-well-k)
 .text          0x000000000000f71f      0xa13 build/cooja/mtype893.a(coap-observe.o)
                0x000000000000f85a                coap_remove_observer
                0x000000000000f89c                coap_remove_observer_by_client
                0x000000000000f914                coap_remove_observer_by_token
                0x000000000000f9b7                coap_remove_observer_by_uri
                0x000000000000fa6e                coap_remove_observer_by_mid
                0x000000000000fafa                coap_notify_observers
                0x000000000000fb1d                coap_notify_observers_sub
                0x000000000000ff8e                coap_observe_handler
                0x00000000000100b9                coap_has_observers
 .text          0x0000000000010132      0x84c build/cooja/mtype893.a(coap-uip.o)
                0x0000000000010132                coap_endpoint_log
                0x00000000000101cf                coap_endpoint_print
                0x000000000001026c                coap_endpoint_snprint
                0x00000000000103b5                coap_endpoint_copy
                0x00000000000103fc                coap_endpoint_cmp
                0x000000000001052d                coap_endpoint_parse
                0x000000000001073e                coap_endpoint_is_secure
                0x0000000000010757                coap_endpoint_is_connected
                0x000000000001079b                coap_endpoint_connect
                0x00000000000107c1                coap_endpoint_disconnect
                0x00000000000107d1                coap_databuf
                0x00000000000107e8                coap_transport_init
                0x000000000001085e                coap_sendto
 .text          0x000000000001097e      0x3ad build/cooja/mtype893.a(coap-timer.o)
                0x0000000000010aa3                coap_timer_stop
                0x0000000000010ade                coap_timer_set
                0x0000000000010b2b                coap_timer_reset
                0x0000000000010b78                coap_timer_time_to_next_expiration
                0x0000000000010bf5                coap_timer_run
                0x0000000000010cd7                coap_timer_init
 .text          0x0000000000010d2b      0x334 build/cooja/mtype893.a(coap-transactio)
                0x0000000000010db9                coap_new_transaction
                0x0000000000010e31                coap_send_transaction
                0x0000000000010fa3                coap_clear_transaction
                0x0000000000010ffd                coap_get_transaction_by_mid
 .text          0x000000000001105f     0x1f9f build/cooja/mtype893.a(coap.o)
                0x000000000001165a                coap_init_connection
                0x000000000001167f                coap_get_mid
                0x00000000000116a6                coap_init_message
                0x00000000000116ff                coap_serialize_message
                0x0000000000011d96                coap_parse_message
                0x00000000000124b2                coap_get_query_variable
                0x00000000000124fe                coap_get_post_variable
                0x000000000001254c                coap_set_status_code
                0x000000000001257b                coap_set_token
                0x00000000000125d2                coap_get_header_content_format
                0x000000000001260d                coap_set_header_content_format
                0x000000000001263a                coap_get_header_accept
                0x0000000000012675                coap_set_header_accept
                0x00000000000126a2                coap_get_header_max_age
                0x00000000000126dd                coap_set_header_max_age
                0x0000000000012707                coap_get_header_etag
                0x0000000000012743                coap_set_header_etag
                0x00000000000127aa                coap_get_header_if_match
                0x00000000000127e6                coap_set_header_if_match
                0x000000000001284d                coap_get_header_if_none_match
                0x0000000000012871                coap_set_header_if_none_match
                0x0000000000012892                coap_get_header_proxy_uri
                0x00000000000128ca                coap_set_header_proxy_uri
                0x0000000000012917                coap_get_header_uri_host
                0x000000000001294f                coap_set_header_uri_host
                0x000000000001299c                coap_get_header_uri_path
                0x00000000000129d4                coap_set_header_uri_path
                0x0000000000012a32                coap_get_header_uri_query
                0x0000000000012a70                coap_set_header_uri_query
                0x0000000000012ad7                coap_get_header_location_path
                0x0000000000012b0f                coap_set_header_location_path
                0x0000000000012bb7                coap_get_header_location_query
                0x0000000000012bef                coap_set_header_location_query
                0x0000000000012c4d                coap_get_header_observe
                0x0000000000012c86                coap_set_header_observe
                0x0000000000012cb0                coap_get_header_block2
                0x0000000000012d26                coap_set_header_block2
                0x0000000000012da7                coap_get_header_block1
                0x0000000000012e26                coap_set_header_block1
                0x0000000000012eab                coap_get_header_size2
                0x0000000000012ee5                coap_set_header_size2
                0x0000000000012f12                coap_get_header_size1
                0x0000000000012f4c                coap_set_header_size1
                0x0000000000012f79                coap_get_payload
                0x0000000000012fbd                coap_set_payload
 .text          0x0000000000012ffe      0x3c6 build/cooja/mtype893.a(contiki-main.o)
                0x0000000000012ffe                main
 .text          0x00000000000133c4       0xb0 build/cooja/mtype893.a(autostart.o)
                0x00000000000133c4                autostart_start
                0x000000000001341d                autostart_exit
 .text          0x0000000000013474      0x400 build/cooja/mtype893.a(ctimer.o)
                0x00000000000135b7                ctimer_init
                0x00000000000135fc                ctimer_set
                0x000000000001362f                ctimer_set_with_process
                0x00000000000136c6                ctimer_reset
                0x0000000000013734                ctimer_restart
                0x00000000000137a2                ctimer_stop
                0x0000000000013802                ctimer_expired
 .text          0x0000000000013874      0x4a3 build/cooja/mtype893.a(log.o)
                0x0000000000013874                log_6addr
                0x00000000000138d8                log_6addr_compact_snprint
                0x0000000000013998                log_6addr_compact
                0x00000000000139fc                log_lladdr
                0x0000000000013a83                log_lladdr_compact
                0x0000000000013b00                log_bytes
                0x0000000000013b54                log_set_level
                0x0000000000013c32                log_get_level
                0x0000000000013cc3                log_level_to_str
 .text          0x0000000000013d17       0x39 build/cooja/mtype893.a(energest.o)
                0x0000000000013d17                energest_init
                0x0000000000013d27                energest_flush
                0x0000000000013d37                energest_get_total_time
 .text          0x0000000000013d50      0x527 build/cooja/mtype893.a(etimer.o)
                0x0000000000013fa5                etimer_request_poll
                0x0000000000014056                etimer_set
                0x000000000001408f                etimer_reset_with_new_interval
                0x00000000000140ce                etimer_reset
                0x0000000000014104                etimer_restart
                0x000000000001413a                etimer_adjust
                0x0000000000014161                etimer_expired
                0x000000000001417e                etimer_expiration_time
                0x000000000001419a                etimer_start_time
                0x00000000000141ae                etimer_pending
                0x00000000000141cb                etimer_next_expiration_time
                0x00000000000141f3                etimer_stop
 .text          0x0000000000014277       0x36 build/cooja/mtype893.a(node-id.o)
                0x0000000000014277                node_id_init
 .text          0x00000000000142ad      0x122 build/cooja/mtype893.a(rtimer.o)
                0x00000000000142ad                rtimer_init
                0x00000000000142cc                rtimer_set
                0x000000000001435a                rtimer_run_next
 .text          0x00000000000143cf      0x5cb build/cooja/mtype893.a(process.o)
                0x00000000000143cf                process_alloc_event
                0x00000000000143f0                process_start
                0x00000000000145f5                process_exit
                0x000000000001461d                process_init
                0x00000000000147e5                process_run
                0x0000000000014828                process_nevents
                0x000000000001484d                process_post
                0x00000000000148fa                process_post_synch
                0x0000000000014940                process_poll
                0x000000000001497c                process_is_running
 .text.__x86.get_pc_thunk.si
                0x000000000001499a        0x4 build/cooja/mtype893.a(process.o)
                0x000000000001499a                __x86.get_pc_thunk.si
 .text          0x000000000001499e       0xf6 build/cooja/mtype893.a(timer.o)
                0x000000000001499e                timer_set
                0x00000000000149cd                timer_reset
                0x0000000000014a04                timer_restart
                0x0000000000014a2a                timer_expired
                0x0000000000014a68                timer_remaining
 .text          0x0000000000014a94      0x311 build/cooja/mtype893.a(list.o)
                0x0000000000014a94                list_init
                0x0000000000014aad                list_head
                0x0000000000014ac1                list_copy
                0x0000000000014adb                list_tail
                0x0000000000014b1b                list_add
                0x0000000000014b71                list_push
                0x0000000000014ba7                list_chop
                0x0000000000014c1b                list_pop
                0x0000000000014c4d                list_remove
                0x0000000000014cbf                list_length
                0x0000000000014cf7                list_insert
                0x0000000000014d46                list_item_next
                0x0000000000014d67                list_contains
 .text          0x0000000000014da5      0x1ec build/cooja/mtype893.a(memb.o)
                0x0000000000014da5                memb_init
                0x0000000000014e09                memb_alloc
                0x0000000000014e76                memb_free
                0x0000000000014ef7                memb_inmemb
                0x0000000000014f40                memb_numfree
 .text          0x0000000000014f91      0x566 build/cooja/mtype893.a(button-hal.o)
                0x0000000000015185                button_hal_get_by_id
                0x00000000000151cf                button_hal_get_by_index
                0x0000000000015209                button_hal_get_state
                0x000000000001526b                button_hal_init
 .text          0x00000000000154f7      0x242 build/cooja/mtype893.a(serial-line.o)
                0x00000000000154f7                serial_line_input_byte
                0x00000000000156ef                serial_line_init
 .text          0x0000000000015739      0x1d6 build/cooja/mtype893.a(gpio-hal.o)
                0x0000000000015739                gpio_hal_register_handler
                0x0000000000015767                gpio_hal_event_handler
                0x00000000000157d4                gpio_hal_init
                0x0000000000015803                gpio_hal_arch_port_toggle_pin
                0x000000000001584e                gpio_hal_arch_port_toggle_pins
                0x000000000001588b                gpio_hal_arch_no_port_toggle_pin
                0x00000000000158d8                gpio_hal_arch_no_port_toggle_pins
 .text          0x000000000001590f      0x3a9 build/cooja/mtype893.a(queuebuf.o)
                0x0000000000015923                queuebuf_init
                0x000000000001595f                queuebuf_numfree
                0x0000000000015989                queuebuf_new_from_packetbuf
                0x0000000000015a3d                queuebuf_update_attr_from_packetbuf
                0x0000000000015a81                queuebuf_update_from_packetbuf
                0x0000000000015ae0                queuebuf_free
                0x0000000000015b3e                queuebuf_to_packetbuf
                0x0000000000015bbb                queuebuf_dataptr
                0x0000000000015c07                queuebuf_datalen
                0x0000000000015c34                queuebuf_addr
                0x0000000000015c73                queuebuf_attr
                0x0000000000015ca8                queuebuf_debug_print
 .text          0x0000000000015cb8      0x4dd build/cooja/mtype893.a(packetbuf.o)
                0x0000000000015cb8                packetbuf_clear
                0x0000000000015cee                packetbuf_copyfrom
                0x0000000000015d4e                packetbuf_copyto
                0x0000000000015dec                packetbuf_hdralloc
                0x0000000000015e7c                packetbuf_hdrreduce
                0x0000000000015ece                packetbuf_set_datalen
                0x0000000000015ef3                packetbuf_dataptr
                0x0000000000015f1a                packetbuf_hdrptr
                0x0000000000015f2f                packetbuf_datalen
                0x0000000000015f45                packetbuf_hdrlen
                0x0000000000015f64                packetbuf_totlen
                0x0000000000015f84                packetbuf_remaininglen
                0x0000000000015fa1                packetbuf_attr_clear
                0x0000000000016007                packetbuf_attr_copyto
                0x000000000001604d                packetbuf_attr_copyfrom
                0x0000000000016093                packetbuf_set_attr
                0x00000000000160c9                packetbuf_attr
                0x00000000000160ef                packetbuf_set_addr
                0x0000000000016137                packetbuf_addr
                0x0000000000016161                packetbuf_holds_broadcast
 .text          0x0000000000016195      0x13c build/cooja/mtype893.a(netstack.o)
                0x0000000000016195                netstack_process_ip_callback
                0x0000000000016236                netstack_ip_packet_processor_add
                0x000000000001626a                uip_ds6_ip_packet_processor_rm
                0x0000000000016298                netstack_init
 .text          0x00000000000162d1       0x75 build/cooja/mtype893.a(linkaddr.o)
                0x00000000000162d1                linkaddr_copy
                0x00000000000162f1                linkaddr_cmp
                0x0000000000016324                linkaddr_set_node_addr
 .text          0x0000000000016346      0x2ae build/cooja/mtype893.a(csma.o)
 .text          0x00000000000165f4      0xa6f build/cooja/mtype893.a(csma-output.o)
                0x0000000000016d66                csma_output_packet
                0x0000000000017015                csma_output_init
 .text          0x0000000000017063      0xe47 build/cooja/mtype893.a(uip-ds6.o)
                0x0000000000017063                uip_ds6_default_prefix
                0x0000000000017078                uip_ds6_set_default_prefix
                0x00000000000170ae                uip_ds6_init
                0x0000000000017349                uip_ds6_periodic
                0x00000000000173f1                uip_ds6_list_loop
                0x00000000000174c0                uip_ds6_prefix_add
                0x0000000000017587                uip_ds6_prefix_rm
                0x00000000000175a4                uip_ds6_prefix_lookup
                0x00000000000175f7                uip_ds6_is_addr_onlink
                0x0000000000017684                uip_ds6_addr_add
                0x00000000000177c6                uip_ds6_addr_rm
                0x0000000000017885                uip_ds6_addr_lookup
                0x00000000000178d5                uip_ds6_get_link_local
                0x0000000000017973                uip_ds6_get_global
                0x0000000000017a11                uip_ds6_maddr_add
                0x0000000000017a8d                uip_ds6_maddr_rm
                0x0000000000017aaa                uip_ds6_maddr_lookup
                0x0000000000017afd                uip_ds6_aaddr_add
                0x0000000000017b76                uip_ds6_aaddr_rm
                0x0000000000017b93                uip_ds6_aaddr_lookup
                0x0000000000017be3                uip_ds6_select_src
                0x0000000000017d51                uip_ds6_set_addr_iid
                0x0000000000017d86                uip_ds6_set_lladdr_from_iid
                0x0000000000017db9                get_match_length
                0x0000000000017e54                uip_ds6_compute_reachable_time
 .text          0x0000000000017eaa      0x152 build/cooja/mtype893.a(uip-udp-packet.)
                0x0000000000017eaa                uip_udp_packet_send
                0x0000000000017f23                uip_udp_packet_sendto
 .text          0x0000000000017ffc      0x453 build/cooja/mtype893.a(uip-ds6-route.o)
                0x000000000001805e                uip_ds6_route_init
                0x000000000001809a                uip_ds6_route_count_nexthop_neighbors
                0x00000000000180ae                uip_ds6_route_nexthop
                0x00000000000180c2                uip_ds6_route_head
                0x00000000000180d6                uip_ds6_route_next
                0x00000000000180ea                uip_ds6_route_is_nexthop
                0x00000000000180fe                uip_ds6_route_num_routes
                0x0000000000018112                uip_ds6_route_lookup
                0x0000000000018126                uip_ds6_route_add
                0x0000000000018143                uip_ds6_route_rm
                0x0000000000018153                uip_ds6_route_rm_by_nexthop
                0x0000000000018163                uip_ds6_defrt_head
                0x000000000001818d                uip_ds6_defrt_add
                0x000000000001824d                uip_ds6_defrt_rm
                0x00000000000182c6                uip_ds6_defrt_lookup
                0x000000000001833d                uip_ds6_defrt_choose
                0x00000000000183c3                uip_ds6_defrt_periodic
 .text          0x000000000001844f      0x870 build/cooja/mtype893.a(tcpip.o)
                0x0000000000018475                tcpip_output
                0x0000000000018524                udp_attach
                0x0000000000018546                udp_new
                0x00000000000185a0                udp_broadcast_new
                0x0000000000018740                tcpip_input
                0x0000000000018936                tcpip_ipv6_output
                0x0000000000018b72                tcpip_poll_udp
                0x0000000000018ba2                tcpip_uipcall
 .text          0x0000000000018cbf     0x1520 build/cooja/mtype893.a(uip6.o)
                0x0000000000018d78                uip_chksum
                0x0000000000018e70                uip_icmp6chksum
                0x0000000000018e8f                uip_udpchksum
                0x0000000000018eae                uip_init
                0x0000000000018f0d                uip_remove_ext_hdr
                0x0000000000019008                uip_udp_new
                0x0000000000019381                uip_process
                0x000000000001a06f                uip_htons
                0x000000000001a09b                uip_htonl
                0x000000000001a0e5                uip_send
 .text          0x000000000001a1df      0x43e build/cooja/mtype893.a(uip-ds6-nbr.o)
                0x000000000001a1df                uip_ds6_neighbors_init
                0x000000000001a215                uip_ds6_nbr_add
                0x000000000001a2af                uip_ds6_nbr_rm
                0x000000000001a30e                uip_ds6_nbr_update_ll
                0x000000000001a40b                uip_ds6_nbr_get_ipaddr
                0x000000000001a42a                uip_ds6_nbr_get_ll
                0x000000000001a457                uip_ds6_nbr_num
                0x000000000001a4b1                uip_ds6_nbr_head
                0x000000000001a4db                uip_ds6_nbr_next
                0x000000000001a508                uip_ds6_nbr_lookup
                0x000000000001a56f                uip_ds6_nbr_ll_lookup
                0x000000000001a59c                uip_ds6_nbr_ipaddr_from_lladdr
                0x000000000001a5cf                uip_ds6_nbr_lladdr_from_ipaddr
                0x000000000001a60d                uip_ds6_link_callback
 .text          0x000000000001a61d      0x810 build/cooja/mtype893.a(uip-nd6.o)
                0x000000000001ae02                uip_nd6_init
 .text          0x000000000001ae2d     0x33b0 build/cooja/mtype893.a(sicslowpan.o)
                0x000000000001b52b                netstack_sniffer_add
                0x000000000001b544                netstack_sniffer_remove
                0x000000000001e19c                sicslowpan_init
                0x000000000001e1c8                sicslowpan_get_last_rssi
 .text          0x000000000001e1dd      0x51a build/cooja/mtype893.a(uiplib.o)
                0x000000000001e1dd                uiplib_ip6addrconv
                0x000000000001e3a3                uiplib_ip4addrconv
                0x000000000001e470                uiplib_ipaddr_print
                0x000000000001e4d4                uiplib_ipaddr_snprint
 .text          0x000000000001e6f7      0x610 build/cooja/mtype893.a(rpl.o)
                0x000000000001e6f7                rpl_lollipop_greater_than
                0x000000000001e75a                rpl_get_global_address
                0x000000000001e890                rpl_link_callback
                0x000000000001e8f3                rpl_has_joined
                0x000000000001e929                rpl_is_reachable
                0x000000000001e9cc                rpl_reset_prefix
                0x000000000001ea48                rpl_set_prefix_from_addr
                0x000000000001eb5a                rpl_set_prefix
                0x000000000001ecce                rpl_set_leaf_only
                0x000000000001ecf1                rpl_get_leaf_only
 .text          0x000000000001ed07     0x1491 build/cooja/mtype893.a(rpl-icmp6.o)
                0x000000000001ee64                rpl_icmp6_update_nbr_table
                0x000000000001ef16                rpl_icmp6_dis_output
                0x000000000001f52b                rpl_icmp6_dio_output
                0x000000000001fd84                rpl_icmp6_dao_output
                0x00000000000200b1                rpl_icmp6_dao_ack_output
                0x0000000000020138                rpl_icmp6_init
 .text          0x0000000000020198      0x2e4 build/cooja/mtype893.a(rpl-dag-root.o)
                0x0000000000020198                rpl_dag_root_print_links
                0x00000000000202f1                rpl_dag_root_set_prefix
                0x000000000002032c                rpl_dag_root_start
                0x000000000002043a                rpl_dag_root_is_root
 .text          0x000000000002047c       0x6b build/cooja/mtype893.a(watchdog.o)
                0x000000000002047c                watchdog_init
                0x000000000002048c                watchdog_start
                0x000000000002049c                watchdog_periodic
                0x00000000000204c7                watchdog_stop
                0x00000000000204d7                watchdog_reboot
 .text          0x00000000000204e7       0x75 build/cooja/mtype893.a(int-master.o)
                0x00000000000204e7                int_master_enable
                0x0000000000020501                int_master_read_and_disable
                0x0000000000020529                int_master_status_set
                0x0000000000020542                int_master_is_enabled
 .text          0x000000000002055c      0x2bc build/cooja/mtype893.a(coap-timer-defa)
 .text          0x0000000000020818      0x11d build/cooja/mtype893.a(stimer.o)
                0x0000000000020818                stimer_set
                0x0000000000020847                stimer_reset
                0x000000000002087e                stimer_restart
                0x00000000000208a4                stimer_expired
                0x00000000000208e0                stimer_remaining
                0x000000000002090c                stimer_elapsed
 .text          0x0000000000020935      0x188 build/cooja/mtype893.a(ringbuf.o)
                0x0000000000020935                ringbuf_init
                0x0000000000020971                ringbuf_put
                0x00000000000209f9                ringbuf_get
                0x0000000000020a70                ringbuf_size
                0x0000000000020a8c                ringbuf_elements
 .text          0x0000000000020abd       0x31 build/cooja/mtype893.a(assert.o)
                0x0000000000020abd                _xassert
 .text          0x0000000000020aee      0xb68 build/cooja/mtype893.a(nbr-table.o)
                0x0000000000020e90                nbr_table_count_entries
                0x0000000000020f3d                nbr_table_gc_get_worst
                0x0000000000020f7d                nbr_table_can_accept_new
                0x0000000000021106                nbr_table_entry_is_allowed
                0x00000000000211a6                nbr_table_register
                0x0000000000021224                nbr_table_is_registered
                0x0000000000021269                nbr_table_head
                0x00000000000212d6                nbr_table_next
                0x0000000000021348                nbr_table_add_lladdr
                0x0000000000021497                nbr_table_get_from_lladdr
                0x00000000000214f4                nbr_table_remove
                0x000000000002153f                nbr_table_lock
                0x0000000000021565                nbr_table_unlock
                0x000000000002158b                nbr_table_get_lladdr
                0x00000000000215c1                nbr_table_clear
                0x0000000000021606                nbr_table_key_head
                0x0000000000021630                nbr_table_key_next
 .text          0x0000000000021656      0x450 build/cooja/mtype893.a(link-stats.o)
                0x0000000000021656                link_stats_from_lladdr
                0x0000000000021683                link_stats_get_lladdr
                0x00000000000216b0                link_stats_is_fresh
                0x00000000000216fd                guess_etx_from_rssi
                0x0000000000021783                link_stats_packet_sent
                0x00000000000218c7                link_stats_input_callback
                0x00000000000219fb                link_stats_reset
                0x0000000000021a5d                link_stats_init
 .text          0x0000000000021aa6      0x1a8 build/cooja/mtype893.a(mac-sequence.o)
                0x0000000000021aa6                mac_sequence_is_duplicate
                0x0000000000021b66                mac_sequence_register_seqno
 .text          0x0000000000021c4e       0x2d build/cooja/mtype893.a(mac.o)
                0x0000000000021c4e                mac_call_sent_callback
 .text          0x0000000000021c7b      0x477 build/cooja/mtype893.a(framer-802154.o)
                0x0000000000021e1e                framer_802154_setup_params
 .text          0x00000000000220f2      0xc1a build/cooja/mtype893.a(frame802154.o)
                0x000000000002212d                frame802154_get_pan_id
                0x0000000000022143                frame802154_set_pan_id
                0x0000000000022168                frame802154_has_panid
                0x0000000000022321                frame802154_check_dest_panid
                0x00000000000223b3                frame802154_is_broadcast_addr
                0x000000000002240a                frame802154_extract_linkaddr
                0x0000000000022693                frame802154_hdrlen
                0x0000000000022710                frame802154_create_fcf
                0x00000000000227d2                frame802154_create
                0x000000000002295d                frame802154_parse_fcf
                0x0000000000022a49                frame802154_parse
 .text          0x0000000000022d0c       0x4e build/cooja/mtype893.a(csma-security.o)
                0x0000000000022d0c                csma_security_create_frame
                0x0000000000022d3d                csma_security_parse_frame
 .text          0x0000000000022d5a      0x5d3 build/cooja/mtype893.a(uipbuf.o)
                0x0000000000022d5a                uipbuf_clear
                0x0000000000022d91                uipbuf_add_ext_hdr
                0x0000000000022e2c                uipbuf_set_len
                0x0000000000022e66                uipbuf_set_len_field
                0x0000000000022e9c                uipbuf_get_len_field
                0x0000000000022ec6                uipbuf_get_next_header
                0x0000000000023017                uipbuf_get_last_header
                0x000000000002309a                uipbuf_search_header
                0x000000000002315e                uipbuf_get_attr
                0x000000000002318f                uipbuf_set_attr
                0x00000000000231d0                uipbuf_set_default_attr
                0x0000000000023211                uipbuf_clear_attr
                0x0000000000023251                uipbuf_set_attr_flag
                0x000000000002327d                uipbuf_clr_attr_flag
                0x00000000000232af                uipbuf_is_attr_flag
                0x00000000000232dd                uipbuf_init
 .text          0x000000000002332d      0x8b7 build/cooja/mtype893.a(uip-icmp6.o)
                0x00000000000233b2                uip_icmp6_input
                0x0000000000023413                uip_icmp6_register_input_handler
                0x00000000000235c7                uip_icmp6_error_output
                0x0000000000023909                uip_icmp6_send
                0x0000000000023b37                uip_icmp6_echo_reply_callback_add
                0x0000000000023b7a                uip_icmp6_echo_reply_callback_rm
                0x0000000000023ba8                uip_icmp6_init
 .text          0x0000000000023be4      0x772 build/cooja/mtype893.a(uip-sr.o)
                0x0000000000023be4                uip_sr_num_nodes
                0x0000000000023c90                uip_sr_get_node
                0x0000000000023cf7                uip_sr_is_addr_reachable
                0x0000000000023db4                uip_sr_expire_parent
                0x0000000000023e07                uip_sr_update_node
                0x0000000000023f4b                uip_sr_init
                0x0000000000023f91                uip_sr_node_head
                0x0000000000023fbb                uip_sr_node_next
                0x0000000000023fe1                uip_sr_periodic
                0x00000000000240fd                uip_sr_free_all
                0x0000000000024182                uip_sr_link_snprint
 .text          0x0000000000024356      0x1a5 build/cooja/mtype893.a(uip-packetqueue)
                0x0000000000024396                uip_packetqueue_new
                0x00000000000243af                uip_packetqueue_alloc
                0x000000000002441e                uip_packetqueue_free
                0x0000000000024476                uip_packetqueue_buf
                0x000000000002449d                uip_packetqueue_buflen
                0x00000000000244c8                uip_packetqueue_set_buflen
 .text          0x00000000000244fb       0x8d build/cooja/mtype893.a(rpl-nbr-policy.)
                0x0000000000024547                rpl_nbr_gc_get_worst
 .text          0x0000000000024588      0xaad build/cooja/mtype893.a(rpl-neighbor.o)
                0x0000000000024624                rpl_neighbor_snprint
                0x000000000002490c                rpl_neighbor_print_list
                0x00000000000249df                rpl_neighbor_count
                0x0000000000024ac2                rpl_neighbor_get_from_lladdr
                0x0000000000024aef                rpl_neighbor_is_acceptable_parent
                0x0000000000024b35                rpl_neighbor_get_link_metric
                0x0000000000024b7b                rpl_neighbor_rank_via_nbr
                0x0000000000024bc1                rpl_neighbor_get_lladdr
                0x0000000000024bee                rpl_neighbor_get_ipaddr
                0x0000000000024c24                rpl_neighbor_get_link_stats
                0x0000000000024c5a                rpl_neighbor_is_fresh
                0x0000000000024c90                rpl_neighbor_is_parent
                0x0000000000024cc7                rpl_neighbor_set_preferred_parent
                0x0000000000024d81                rpl_neighbor_remove_all
                0x0000000000024dee                rpl_neighbor_get_from_ipaddr
                0x0000000000024f28                rpl_neighbor_select_best
                0x0000000000025003                rpl_neighbor_init
 .text          0x0000000000025035     0x11f4 build/cooja/mtype893.a(rpl-dag.o)
                0x0000000000025035                rpl_dag_state_to_str
                0x0000000000025083                rpl_dag_get_root_ipaddr
                0x00000000000250d3                rpl_dag_leave
                0x0000000000025189                rpl_dag_poison_and_leave
                0x00000000000251b5                rpl_dag_periodic
                0x000000000002527a                rpl_is_addr_in_our_dag
                0x00000000000252d9                rpl_get_default_instance
                0x0000000000025303                rpl_get_any_dag
                0x0000000000025379                rpl_refresh_routes
                0x00000000000253dc                rpl_global_repair
                0x00000000000254ad                rpl_local_repair
                0x0000000000025512                rpl_dag_ready_to_advertise
                0x000000000002556b                rpl_dag_update_state
                0x0000000000025de7                rpl_process_dio
                0x0000000000025e82                rpl_process_dis
                0x0000000000025ed8                rpl_process_dao
                0x0000000000025f79                rpl_process_dao_ack
                0x0000000000026035                rpl_process_hbh
                0x0000000000026095                rpl_dag_init_root
                0x00000000000261f7                rpl_dag_init
 .text          0x0000000000026229      0xd8d build/cooja/mtype893.a(rpl-timers.o)
                0x0000000000026229                rpl_timers_schedule_periodic_dis
                0x00000000000263d3                rpl_timers_dio_reset
                0x000000000002654b                rpl_timers_schedule_unicast_dio
                0x000000000002671e                rpl_timers_schedule_dao
                0x0000000000026824                rpl_timers_schedule_dao_ack
                0x00000000000268f3                rpl_timers_notify_dao_ack
                0x0000000000026979                get_probing_delay
                0x00000000000269be                get_probing_target
                0x0000000000026bf3                rpl_schedule_probing
                0x0000000000026c3f                rpl_schedule_probing_now
                0x0000000000026cd9                rpl_timers_unschedule_leaving
                0x0000000000026d33                rpl_timers_schedule_leaving
                0x0000000000026d98                rpl_timers_init
                0x0000000000026e5a                rpl_timers_stop_dag_timers
                0x0000000000026f17                rpl_timers_unschedule_state_update
                0x0000000000026f53                rpl_timers_schedule_state_update
 .text          0x0000000000026fb6      0xd42 build/cooja/mtype893.a(rpl-ext-header.)
                0x0000000000026fb6                rpl_ext_header_srh_get_next_hop
                0x00000000000270c1                rpl_ext_header_srh_update
                0x00000000000276f3                rpl_ext_header_hbh_update
                0x0000000000027a72                rpl_ext_header_update
                0x0000000000027b21                rpl_ext_header_remove
 .text          0x0000000000027cf8      0x39b build/cooja/mtype893.a(rpl-mrhof.o)
 *fill*         0x0000000000028093        0xd 
 .text          0x00000000000280a0      0x116 /usr/lib/gcc/i686-linux-gnu/7/libgcc.a(_udivdi3.o)
                0x00000000000280a0                __udivdi3
 *fill*         0x00000000000281b6        0xa 
 .text          0x00000000000281c0       0x14 /usr/lib/i386-linux-gnu/libc_nonshared.a(stack_chk_fail_local.oS)
                0x00000000000281c0                __stack_chk_fail_local
 .text          0x00000000000281d4        0x0 /usr/lib/gcc/i686-linux-gnu/7/crtendS.o
 .text          0x00000000000281d4        0x0 /usr/lib/gcc/i686-linux-gnu/7/../../../i386-linux-gnu/crtn.o
 *(.gnu.warning)

.fini           0x00000000000281d4       0x14
 *(SORT_NONE(.fini))
 .fini          0x00000000000281d4        0xf /usr/lib/gcc/i686-linux-gnu/7/../../../i386-linux-gnu/crti.o
                0x00000000000281d4                _fini
 .fini          0x00000000000281e3        0x5 /usr/lib/gcc/i686-linux-gnu/7/../../../i386-linux-gnu/crtn.o
                [!provide]                        PROVIDE (__etext = .)
                [!provide]                        PROVIDE (_etext = .)
                [!provide]                        PROVIDE (etext = .)

.rodata         0x00000000000281e8      0xb3b
 *(.rodata .rodata.* .gnu.linkonce.r.*)
 .rodata        0x00000000000281e8       0xed oxygen_server.o
 *fill*         0x00000000000282d5        0x3 
 .rodata        0x00000000000282d8        0x6 build/cooja/mtype893.a(leds-arch.o)
                0x00000000000282d8                leds_arch_leds
 .rodata        0x00000000000282de        0x4 build/cooja/mtype893.a(pir-sensor.o)
 .rodata        0x00000000000282e2        0x6 build/cooja/mtype893.a(rs232.o)
 .rodata        0x00000000000282e8        0xa build/cooja/mtype893.a(vib-sensor.o)
 *fill*         0x00000000000282f2        0x2 
 .rodata        0x00000000000282f4       0x27 build/cooja/mtype893.a(cfs-cooja.o)
 *fill*         0x000000000002831b        0x1 
 .rodata        0x000000000002831c       0x68 build/cooja/mtype893.a(cooja-radio.o)
 .rodata        0x0000000000028384        0x8 build/cooja/mtype893.a(sensors.o)
 .rodata        0x000000000002838c       0x14 build/cooja/mtype893.a(buttons.o)
                0x0000000000028398                button_hal_button_count
 .rodata        0x00000000000283a0      0x288 build/cooja/mtype893.a(oxygen_sensor.o)
 .rodata        0x0000000000028628       0x41 build/cooja/mtype893.a(coap-engine.o)
 .rodata        0x0000000000028669       0x19 build/cooja/mtype893.a(coap-res-well-k)
 .rodata        0x0000000000028682       0x11 build/cooja/mtype893.a(coap-observe.o)
 .rodata        0x0000000000028693       0x35 build/cooja/mtype893.a(coap-uip.o)
 .rodata        0x00000000000286c8      0x1ac build/cooja/mtype893.a(coap.o)
 .rodata        0x0000000000028874       0xfc build/cooja/mtype893.a(contiki-main.o)
 .rodata        0x0000000000028970        0xf build/cooja/mtype893.a(ctimer.o)
 *fill*         0x000000000002897f        0x1 
 .rodata        0x0000000000028980       0xc4 build/cooja/mtype893.a(log.o)
 .rodata        0x0000000000028a44        0xc build/cooja/mtype893.a(etimer.o)
 .rodata        0x0000000000028a50       0x13 build/cooja/mtype893.a(button-hal.o)
 .rodata        0x0000000000028a63        0xe build/cooja/mtype893.a(serial-line.o)
 *fill*         0x0000000000028a71        0x3 
 .rodata        0x0000000000028a74        0x8 build/cooja/mtype893.a(linkaddr.o)
                0x0000000000028a74                linkaddr_null
 .rodata        0x0000000000028a7c        0x5 build/cooja/mtype893.a(csma.o)
 *fill*         0x0000000000028a81        0x3 
 .rodata        0x0000000000028a84       0x34 build/cooja/mtype893.a(csma-output.o)
 .rodata        0x0000000000028ab8       0x4d build/cooja/mtype893.a(uip-ds6-route.o)
 .rodata        0x0000000000028b05        0xd build/cooja/mtype893.a(tcpip.o)
 *fill*         0x0000000000028b12        0x2 
 .rodata        0x0000000000028b14       0x1f build/cooja/mtype893.a(sicslowpan.o)
                0x0000000000028b14                unc_llconf
                0x0000000000028b18                unc_ctxconf
                0x0000000000028b1c                unc_mxconf
                0x0000000000028b20                llprefix
 .rodata        0x0000000000028b33       0x2d build/cooja/mtype893.a(uiplib.o)
 .rodata        0x0000000000028b60        0x9 build/cooja/mtype893.a(rpl.o)
 .rodata        0x0000000000028b69       0x13 build/cooja/mtype893.a(coap-timer-defa)
 .rodata        0x0000000000028b7c       0x25 build/cooja/mtype893.a(assert.o)
 .rodata        0x0000000000028ba1       0x44 build/cooja/mtype893.a(uip-sr.o)
 *fill*         0x0000000000028be5        0x3 
 .rodata        0x0000000000028be8       0x58 build/cooja/mtype893.a(rpl-neighbor.o)
 .rodata        0x0000000000028c40       0xd7 build/cooja/mtype893.a(rpl-dag.o)
 .rodata        0x0000000000028d17        0xc build/cooja/mtype893.a(rpl-timers.o)

.rodata1
 *(.rodata1)

.eh_frame_hdr   0x0000000000028d24     0x1a5c
 *(.eh_frame_hdr)
 .eh_frame_hdr  0x0000000000028d24     0x1a5c oxygen_server.o
                0x0000000000028d24                __GNU_EH_FRAME_HDR
 *(.eh_frame_entry .eh_frame_entry.*)

.eh_frame       0x000000000002a780     0x7210
 *(.eh_frame)
 .eh_frame      0x000000000002a780       0x3c /usr/lib/gcc/i686-linux-gnu/7/../../../i386-linux-gnu/crti.o
                                         0x40 (size before relaxing)
 .eh_frame      0x000000000002a7bc       0x14 /usr/lib/gcc/i686-linux-gnu/7/../../../i386-linux-gnu/crti.o
                                         0x2c (size before relaxing)
 .eh_frame      0x000000000002a7d0       0x6c oxygen_server.o
                                         0x98 (size before relaxing)
 .eh_frame      0x000000000002a83c      0x1ac build/cooja/mtype893.o
                                        0x1ec (size before relaxing)
 .eh_frame      0x000000000002a9e8       0x48 build/cooja/mtype893.a(simEnvChange.o)
                                         0x74 (size before relaxing)
 .eh_frame      0x000000000002aa30       0x6c build/cooja/mtype893.a(cooja_mt.o)
                                         0x98 (size before relaxing)
 .eh_frame      0x000000000002aa9c       0x88 build/cooja/mtype893.a(cooja_mtarch.o)
                                         0xc8 (size before relaxing)
 .eh_frame      0x000000000002ab24       0xe4 build/cooja/mtype893.a(rtimer-arch.o)
                                        0x110 (size before relaxing)
 .eh_frame      0x000000000002ac08      0x160 build/cooja/mtype893.a(beep.o)
                                        0x18c (size before relaxing)
 .eh_frame      0x000000000002ad68       0x88 build/cooja/mtype893.a(leds-arch.o)
                                         0xc8 (size before relaxing)
 .eh_frame      0x000000000002adf0       0x44 build/cooja/mtype893.a(moteid.o)
                                         0x70 (size before relaxing)
 .eh_frame      0x000000000002ae34       0xa4 build/cooja/mtype893.a(pir-sensor.o)
                                         0xe4 (size before relaxing)
 .eh_frame      0x000000000002aed8      0x110 build/cooja/mtype893.a(rs232.o)
                                        0x150 (size before relaxing)
 .eh_frame      0x000000000002afe8       0xa4 build/cooja/mtype893.a(vib-sensor.o)
                                         0xe4 (size before relaxing)
 .eh_frame      0x000000000002b08c       0xc0 build/cooja/mtype893.a(clock.o)
                                         0xec (size before relaxing)
 .eh_frame      0x000000000002b14c      0x130 build/cooja/mtype893.a(cooja-log.o)
                                        0x170 (size before relaxing)
 .eh_frame      0x000000000002b27c      0x16c build/cooja/mtype893.a(cfs-cooja.o)
                                        0x1ac (size before relaxing)
 .eh_frame      0x000000000002b3e8      0x374 build/cooja/mtype893.a(cooja-radio.o)
                                        0x3b4 (size before relaxing)
 .eh_frame      0x000000000002b75c       0xa8 build/cooja/mtype893.a(eeprom.o)
                                         0xe8 (size before relaxing)
 .eh_frame      0x000000000002b804       0x48 build/cooja/mtype893.a(random.o)
                                         0x74 (size before relaxing)
 .eh_frame      0x000000000002b84c       0xd0 build/cooja/mtype893.a(sensors.o)
                                        0x110 (size before relaxing)
 .eh_frame      0x000000000002b91c      0x140 build/cooja/mtype893.a(leds.o)
                                        0x180 (size before relaxing)
 .eh_frame      0x000000000002ba5c      0x228 build/cooja/mtype893.a(gpio-hal-arch.o)
                                        0x27c (size before relaxing)
 .eh_frame      0x000000000002bc84       0xa4 build/cooja/mtype893.a(buttons.o)
                                         0xe4 (size before relaxing)
 .eh_frame      0x000000000002bd28       0x98 build/cooja/mtype893.a(oxygen_sensor.o)
                                         0xc4 (size before relaxing)
 .eh_frame      0x000000000002bdc0      0x24c build/cooja/mtype893.a(coap-engine.o)
                                        0x28c (size before relaxing)
 .eh_frame      0x000000000002c00c       0x2c build/cooja/mtype893.a(coap-res-well-k)
                                         0x58 (size before relaxing)
 .eh_frame      0x000000000002c038      0x1b4 build/cooja/mtype893.a(coap-observe.o)
                                        0x1f4 (size before relaxing)
 .eh_frame      0x000000000002c1ec      0x278 build/cooja/mtype893.a(coap-uip.o)
                                        0x2b8 (size before relaxing)
 .eh_frame      0x000000000002c464      0x128 build/cooja/mtype893.a(coap-timer.o)
                                        0x168 (size before relaxing)
 .eh_frame      0x000000000002c58c      0x110 build/cooja/mtype893.a(coap-transactio)
                                        0x150 (size before relaxing)
 .eh_frame      0x000000000002c69c      0x72c build/cooja/mtype893.a(coap.o)
                                        0x76c (size before relaxing)
 .eh_frame      0x000000000002cdc8       0x38 build/cooja/mtype893.a(contiki-main.o)
                                         0x64 (size before relaxing)
 .eh_frame      0x000000000002ce00       0x48 build/cooja/mtype893.a(autostart.o)
                                         0x74 (size before relaxing)
 .eh_frame      0x000000000002ce48      0x11c build/cooja/mtype893.a(ctimer.o)
                                        0x15c (size before relaxing)
 .eh_frame      0x000000000002cf64      0x144 build/cooja/mtype893.a(log.o)
                                        0x184 (size before relaxing)
 .eh_frame      0x000000000002d0a8       0x60 build/cooja/mtype893.a(energest.o)
                                         0x8c (size before relaxing)
 .eh_frame      0x000000000002d108      0x204 build/cooja/mtype893.a(etimer.o)
                                        0x244 (size before relaxing)
 .eh_frame      0x000000000002d30c       0x20 build/cooja/mtype893.a(node-id.o)
                                         0x4c (size before relaxing)
 .eh_frame      0x000000000002d32c       0x6c build/cooja/mtype893.a(rtimer.o)
                                         0xc0 (size before relaxing)
 .eh_frame      0x000000000002d398      0x1ec build/cooja/mtype893.a(process.o)
                                        0x22c (size before relaxing)
 .eh_frame      0x000000000002d584       0xb4 build/cooja/mtype893.a(timer.o)
                                         0xe0 (size before relaxing)
 .eh_frame      0x000000000002d638      0x1a0 build/cooja/mtype893.a(list.o)
                                        0x1cc (size before relaxing)
 .eh_frame      0x000000000002d7d8       0xa4 build/cooja/mtype893.a(memb.o)
                                         0xe4 (size before relaxing)
 .eh_frame      0x000000000002d87c      0x188 build/cooja/mtype893.a(button-hal.o)
                                        0x1c8 (size before relaxing)
 .eh_frame      0x000000000002da04       0x6c build/cooja/mtype893.a(serial-line.o)
                                         0x98 (size before relaxing)
 .eh_frame      0x000000000002da70       0xfc build/cooja/mtype893.a(gpio-hal.o)
                                        0x13c (size before relaxing)
 .eh_frame      0x000000000002db6c      0x1c0 build/cooja/mtype893.a(queuebuf.o)
                                        0x200 (size before relaxing)
 .eh_frame      0x000000000002dd2c      0x2b0 build/cooja/mtype893.a(packetbuf.o)
                                        0x2f0 (size before relaxing)
 .eh_frame      0x000000000002dfdc       0x90 build/cooja/mtype893.a(netstack.o)
                                         0xd0 (size before relaxing)
 .eh_frame      0x000000000002e06c       0x64 build/cooja/mtype893.a(linkaddr.o)
                                         0x90 (size before relaxing)
 .eh_frame      0x000000000002e0d0       0xf0 build/cooja/mtype893.a(csma.o)
                                        0x130 (size before relaxing)
 .eh_frame      0x000000000002e1c0      0x1f8 build/cooja/mtype893.a(csma-output.o)
                                        0x238 (size before relaxing)
 .eh_frame      0x000000000002e3b8      0x364 build/cooja/mtype893.a(uip-ds6.o)
                                        0x3a4 (size before relaxing)
 .eh_frame      0x000000000002e71c       0x44 build/cooja/mtype893.a(uip-udp-packet.)
                                         0x84 (size before relaxing)
 .eh_frame      0x000000000002e760      0x260 build/cooja/mtype893.a(uip-ds6-route.o)
                                        0x2a0 (size before relaxing)
 .eh_frame      0x000000000002e9c0      0x270 build/cooja/mtype893.a(tcpip.o)
                                        0x2b0 (size before relaxing)
 .eh_frame      0x000000000002ec30      0x20c build/cooja/mtype893.a(uip6.o)
                                        0x24c (size before relaxing)
 .eh_frame      0x000000000002ee3c      0x1e8 build/cooja/mtype893.a(uip-ds6-nbr.o)
                                        0x228 (size before relaxing)
 .eh_frame      0x000000000002f024       0x8c build/cooja/mtype893.a(uip-nd6.o)
                                         0xe0 (size before relaxing)
 .eh_frame      0x000000000002f0b0      0x354 build/cooja/mtype893.a(sicslowpan.o)
                                        0x3a8 (size before relaxing)
 .eh_frame      0x000000000002f404       0x9c build/cooja/mtype893.a(uiplib.o)
                                         0xdc (size before relaxing)
 .eh_frame      0x000000000002f4a0      0x1fc build/cooja/mtype893.a(rpl.o)
                                        0x23c (size before relaxing)
 .eh_frame      0x000000000002f69c      0x1f0 build/cooja/mtype893.a(rpl-icmp6.o)
                                        0x230 (size before relaxing)
 .eh_frame      0x000000000002f88c       0xb0 build/cooja/mtype893.a(rpl-dag-root.o)
                                         0xf0 (size before relaxing)
 .eh_frame      0x000000000002f93c       0xa4 build/cooja/mtype893.a(watchdog.o)
                                         0xd0 (size before relaxing)
 .eh_frame      0x000000000002f9e0       0x80 build/cooja/mtype893.a(int-master.o)
                                         0xac (size before relaxing)
 .eh_frame      0x000000000002fa60       0xc4 build/cooja/mtype893.a(coap-timer-defa)
                                        0x104 (size before relaxing)
 .eh_frame      0x000000000002fb24       0xd8 build/cooja/mtype893.a(stimer.o)
                                        0x104 (size before relaxing)
 .eh_frame      0x000000000002fbfc       0xa0 build/cooja/mtype893.a(ringbuf.o)
                                         0xcc (size before relaxing)
 .eh_frame      0x000000000002fc9c       0x24 build/cooja/mtype893.a(assert.o)
                                         0x50 (size before relaxing)
 .eh_frame      0x000000000002fcc0      0x428 build/cooja/mtype893.a(nbr-table.o)
                                        0x468 (size before relaxing)
 .eh_frame      0x00000000000300e8      0x140 build/cooja/mtype893.a(link-stats.o)
                                        0x180 (size before relaxing)
 .eh_frame      0x0000000000030228       0x50 build/cooja/mtype893.a(mac-sequence.o)
                                         0x7c (size before relaxing)
 .eh_frame      0x0000000000030278       0x20 build/cooja/mtype893.a(mac.o)
                                         0x4c (size before relaxing)
 .eh_frame      0x0000000000030298       0xb4 build/cooja/mtype893.a(framer-802154.o)
                                         0xf4 (size before relaxing)
 .eh_frame      0x000000000003034c      0x1b0 build/cooja/mtype893.a(frame802154.o)
                                        0x1f0 (size before relaxing)
 .eh_frame      0x00000000000304fc       0x44 build/cooja/mtype893.a(csma-security.o)
                                         0x84 (size before relaxing)
 .eh_frame      0x0000000000030540      0x204 build/cooja/mtype893.a(uipbuf.o)
                                        0x230 (size before relaxing)
 .eh_frame      0x0000000000030744      0x170 build/cooja/mtype893.a(uip-icmp6.o)
                                        0x1b0 (size before relaxing)
 .eh_frame      0x00000000000308b4      0x1ac build/cooja/mtype893.a(uip-sr.o)
                                        0x1ec (size before relaxing)
 .eh_frame      0x0000000000030a60       0xec build/cooja/mtype893.a(uip-packetqueue)
                                        0x12c (size before relaxing)
 .eh_frame      0x0000000000030b4c       0x48 build/cooja/mtype893.a(rpl-nbr-policy.)
                                         0x88 (size before relaxing)
 .eh_frame      0x0000000000030b94      0x2ec build/cooja/mtype893.a(rpl-neighbor.o)
                                        0x340 (size before relaxing)
 .eh_frame      0x0000000000030e80      0x3c0 build/cooja/mtype893.a(rpl-dag.o)
                                        0x414 (size before relaxing)
 .eh_frame      0x0000000000031240      0x418 build/cooja/mtype893.a(rpl-timers.o)
                                        0x458 (size before relaxing)
 .eh_frame      0x0000000000031658      0x144 build/cooja/mtype893.a(rpl-ext-header.)
                                        0x184 (size before relaxing)
 .eh_frame      0x000000000003179c      0x150 build/cooja/mtype893.a(rpl-mrhof.o)
                                        0x190 (size before relaxing)
 .eh_frame      0x00000000000318ec       0x84 /usr/lib/gcc/i686-linux-gnu/7/libgcc.a(_udivdi3.o)
                                         0x9c (size before relaxing)
 .eh_frame      0x0000000000031970       0x1c /usr/lib/i386-linux-gnu/libc_nonshared.a(stack_chk_fail_local.oS)
                                         0x48 (size before relaxing)
 .eh_frame      0x000000000003198c        0x4 /usr/lib/gcc/i686-linux-gnu/7/crtendS.o
 *(.eh_frame.*)

.gcc_except_table
 *(.gcc_except_table .gcc_except_table.*)

.gnu_extab
 *(.gnu_extab*)

.exception_ranges
 *(.exception_ranges .exception_ranges*)
                0x0000000000032bf8                . = DATA_SEGMENT_ALIGN (CONSTANT (MAXPAGESIZE), CONSTANT (COMMONPAGESIZE))

.eh_frame
 *(.eh_frame)
 *(.eh_frame.*)

.gnu_extab
 *(.gnu_extab)

.gcc_except_table
 *(.gcc_except_table .gcc_except_table.*)

.exception_ranges
 *(.exception_ranges .exception_ranges*)

.tdata
 *(.tdata .tdata.* .gnu.linkonce.td.*)

.tbss
 *(.tbss .tbss.* .gnu.linkonce.tb.*)
 *(.tcommon)

.preinit_array
 *(.preinit_array)

.init_array     0x0000000000032bf8        0x4
 *(SORT_BY_INIT_PRIORITY(.init_array.*) SORT_BY_INIT_PRIORITY(.ctors.*))
 *(.init_array EXCLUDE_FILE(*crtend?.o *crtend.o *crtbegin?.o *crtbegin.o) .ctors)
 .init_array    0x0000000000032bf8        0x4 /usr/lib/gcc/i686-linux-gnu/7/crtbeginS.o

.fini_array     0x0000000000032bfc        0x4
 *(SORT_BY_INIT_PRIORITY(.fini_array.*) SORT_BY_INIT_PRIORITY(.dtors.*))
 *(.fini_array EXCLUDE_FILE(*crtend?.o *crtend.o *crtbegin?.o *crtbegin.o) .dtors)
 .fini_array    0x0000000000032bfc        0x4 /usr/lib/gcc/i686-linux-gnu/7/crtbeginS.o

.ctors
 *crtbegin.o(.ctors)
 *crtbegin?.o(.ctors)
 *(EXCLUDE_FILE(*crtend?.o *crtend.o) .ctors)
 *(SORT_BY_NAME(.ctors.*))
 *(.ctors)

.dtors
 *crtbegin.o(.dtors)
 *crtbegin?.o(.dtors)
 *(EXCLUDE_FILE(*crtend?.o *crtend.o) .dtors)
 *(SORT_BY_NAME(.dtors.*))
 *(.dtors)

.jcr
 *(.jcr)

.data.rel.ro    0x0000000000032c00      0x198
 *(.data.rel.ro.local* .gnu.linkonce.d.rel.ro.local.*)
 .data.rel.ro.local
                0x0000000000032c00        0x8 oxygen_server.o
                0x0000000000032c00                autostart_processes
 .data.rel.ro.local
                0x0000000000032c08        0x8 build/cooja/mtype893.a(beep.o)
                0x0000000000032c08                beep_interface
 .data.rel.ro.local
                0x0000000000032c10        0x8 build/cooja/mtype893.a(leds-arch.o)
                0x0000000000032c10                leds_interface
 .data.rel.ro.local
                0x0000000000032c18        0x8 build/cooja/mtype893.a(moteid.o)
                0x0000000000032c18                moteid_interface
 .data.rel.ro.local
                0x0000000000032c20       0x18 build/cooja/mtype893.a(pir-sensor.o)
                0x0000000000032c20                pir_interface
                0x0000000000032c28                pir_sensor
 .data.rel.ro.local
                0x0000000000032c38        0x8 build/cooja/mtype893.a(rs232.o)
                0x0000000000032c38                rs232_interface
 .data.rel.ro.local
                0x0000000000032c40       0x18 build/cooja/mtype893.a(vib-sensor.o)
                0x0000000000032c40                vib_interface
                0x0000000000032c48                vib_sensor
 .data.rel.ro.local
                0x0000000000032c58        0x8 build/cooja/mtype893.a(clock.o)
                0x0000000000032c58                clock_interface
 .data.rel.ro.local
                0x0000000000032c60        0x8 build/cooja/mtype893.a(cooja-log.o)
                0x0000000000032c60                simlog_interface
 .data.rel.ro.local
                0x0000000000032c68        0x8 build/cooja/mtype893.a(cfs-cooja.o)
                0x0000000000032c68                cfs_interface
 *fill*         0x0000000000032c70       0x10 
 .data.rel.ro.local
                0x0000000000032c80       0x58 build/cooja/mtype893.a(cooja-radio.o)
                0x0000000000032c80                radio_interface
                0x0000000000032ca0                cooja_radio_driver
 .data.rel.ro.local
                0x0000000000032cd8        0x8 build/cooja/mtype893.a(eeprom.o)
                0x0000000000032cd8                eeprom_interface
 .data.rel.ro.local
                0x0000000000032ce0       0x18 build/cooja/mtype893.a(buttons.o)
                0x0000000000032ce0                button_interface
                0x0000000000032ce8                button_sensor
 .data.rel.ro.local
                0x0000000000032cf8       0x1c build/cooja/mtype893.a(csma.o)
                0x0000000000032cf8                csma_driver
 .data.rel.ro.local
                0x0000000000032d14       0x10 build/cooja/mtype893.a(sicslowpan.o)
                0x0000000000032d14                sicslowpan_driver
 .data.rel.ro.local
                0x0000000000032d24        0xc build/cooja/mtype893.a(coap-timer-defa)
                0x0000000000032d24                coap_timer_default_driver
 .data.rel.ro.local
                0x0000000000032d30        0xc build/cooja/mtype893.a(framer-802154.o)
                0x0000000000032d30                framer_802154
 *(.data.rel.ro .data.rel.ro.* .gnu.linkonce.d.rel.ro.*)
 .data.rel.ro   0x0000000000032d3c        0x0 /usr/lib/gcc/i686-linux-gnu/7/../../../i386-linux-gnu/crti.o
 *fill*         0x0000000000032d3c        0x4 
 .data.rel.ro   0x0000000000032d40       0x54 build/cooja/mtype893.a(rpl.o)
                0x0000000000032d40                rpl_lite_driver
 .data.rel.ro   0x0000000000032d94        0x4 build/cooja/mtype893.a(rpl-dag.o)

.dynamic        0x0000000000032d98       0xf0
 *(.dynamic)
 .dynamic       0x0000000000032d98       0xf0 /usr/lib/gcc/i686-linux-gnu/7/../../../i386-linux-gnu/crti.o
                0x0000000000032d98                _DYNAMIC

.got            0x0000000000032e88      0x160
 *(.got)
 .got           0x0000000000032e88      0x160 /usr/lib/gcc/i686-linux-gnu/7/../../../i386-linux-gnu/crti.o
 *(.igot)
                0x0000000000032ff4                . = DATA_SEGMENT_RELRO_END (., (SIZEOF (.got.plt) >= 0xc)?0xc:0x0)

.got.plt        0x0000000000033000      0x570
 *(.got.plt)
 .got.plt       0x0000000000033000      0x570 /usr/lib/gcc/i686-linux-gnu/7/../../../i386-linux-gnu/crti.o
                0x0000000000033000                _GLOBAL_OFFSET_TABLE_
 *(.igot.plt)

.data           0x0000000000033580      0x444
 *(.data .data.* .gnu.linkonce.d.*)
 .data          0x0000000000033580        0x0 /usr/lib/gcc/i686-linux-gnu/7/../../../i386-linux-gnu/crti.o
 .data          0x0000000000033580        0x0 /usr/lib/gcc/i686-linux-gnu/7/crtbeginS.o
 .data.rel.local
                0x0000000000033580        0x4 /usr/lib/gcc/i686-linux-gnu/7/crtbeginS.o
                0x0000000000033580                __dso_handle
 .data          0x0000000000033584        0x0 oxygen_server.o
 .data.rel.local
                0x0000000000033584       0x14 oxygen_server.o
                0x0000000000033584                oxygen_server
                0x0000000000033594                service_url
 .data          0x0000000000033598        0x0 build/cooja/mtype893.o
 *fill*         0x0000000000033598        0x8 
 .data.rel      0x00000000000335a0       0x44 build/cooja/mtype893.o
                0x00000000000335a0                simInterfaces
                0x00000000000335d4                sensors
 .data          0x00000000000335e4        0x0 build/cooja/mtype893.a(simEnvChange.o)
 .data          0x00000000000335e4        0x0 build/cooja/mtype893.a(cooja_mt.o)
 .data          0x00000000000335e4        0x0 build/cooja/mtype893.a(cooja_mtarch.o)
 .data          0x00000000000335e4        0x0 build/cooja/mtype893.a(rtimer-arch.o)
 .data          0x00000000000335e4        0x0 build/cooja/mtype893.a(beep.o)
 .data          0x00000000000335e4        0x0 build/cooja/mtype893.a(leds-arch.o)
 .data          0x00000000000335e4        0x0 build/cooja/mtype893.a(moteid.o)
 .data          0x00000000000335e4        0x0 build/cooja/mtype893.a(pir-sensor.o)
 .data          0x00000000000335e4        0x0 build/cooja/mtype893.a(rs232.o)
 .data          0x00000000000335e4        0x0 build/cooja/mtype893.a(vib-sensor.o)
 .data          0x00000000000335e4        0x0 build/cooja/mtype893.a(clock.o)
 .data          0x00000000000335e4        0x0 build/cooja/mtype893.a(cooja-log.o)
 .data          0x00000000000335e4        0x0 build/cooja/mtype893.a(cfs-cooja.o)
 .data          0x00000000000335e4       0x20 build/cooja/mtype893.a(cooja-radio.o)
                0x00000000000335e4                simRadioHWOn
                0x00000000000335e8                simSignalStrength
                0x00000000000335ec                simLastSignalStrength
                0x00000000000335f0                simPower
                0x00000000000335f4                simRadioChannel
                0x00000000000335f8                simLQI
                0x00000000000335fc                simLastLQI
 .data.rel.local
                0x0000000000033604       0x10 build/cooja/mtype893.a(cooja-radio.o)
                0x0000000000033604                cooja_radio_process
 .data          0x0000000000033614        0x0 build/cooja/mtype893.a(eeprom.o)
 .data          0x0000000000033614        0x0 build/cooja/mtype893.a(random.o)
 .data          0x0000000000033614        0x0 build/cooja/mtype893.a(sensors.o)
 .data.rel.local
                0x0000000000033614       0x10 build/cooja/mtype893.a(sensors.o)
                0x0000000000033614                sensors_process
 .data          0x0000000000033624        0x0 build/cooja/mtype893.a(leds.o)
 .data          0x0000000000033624        0x0 build/cooja/mtype893.a(gpio-hal-arch.o)
 .data          0x0000000000033624        0x1 build/cooja/mtype893.a(buttons.o)
                0x0000000000033624                simButtonIsActive
 *fill*         0x0000000000033625       0x1b 
 .data.rel.local
                0x0000000000033640       0x58 build/cooja/mtype893.a(buttons.o)
                0x0000000000033690                button_hal_buttons
 .data          0x0000000000033698       0x14 build/cooja/mtype893.a(oxygen_sensor.o)
 *fill*         0x00000000000336ac       0x14 
 .data.rel.local
                0x00000000000336c0       0x24 build/cooja/mtype893.a(oxygen_sensor.o)
                0x00000000000336c0                oxygen_sensor
 .data          0x00000000000336e4        0x0 build/cooja/mtype893.a(coap-engine.o)
 .data.rel.local
                0x00000000000336e4        0x8 build/cooja/mtype893.a(coap-engine.o)
 .data          0x00000000000336ec        0x0 build/cooja/mtype893.a(coap-res-well-k)
 *fill*         0x00000000000336ec       0x14 
 .data.rel.local
                0x0000000000033700       0x24 build/cooja/mtype893.a(coap-res-well-k)
                0x0000000000033700                res_well_known_core
 .data          0x0000000000033724        0x0 build/cooja/mtype893.a(coap-observe.o)
 .data.rel.local
                0x0000000000033724       0x10 build/cooja/mtype893.a(coap-observe.o)
 .data          0x0000000000033734        0x0 build/cooja/mtype893.a(coap-uip.o)
 .data.rel.local
                0x0000000000033734       0x10 build/cooja/mtype893.a(coap-uip.o)
                0x0000000000033734                coap_engine
 .data          0x0000000000033744        0x0 build/cooja/mtype893.a(coap-timer.o)
 .data.rel.local
                0x0000000000033744        0x4 build/cooja/mtype893.a(coap-timer.o)
 .data          0x0000000000033748        0x0 build/cooja/mtype893.a(coap-transactio)
 .data.rel.local
                0x0000000000033748       0x10 build/cooja/mtype893.a(coap-transactio)
 .data          0x0000000000033758        0x0 build/cooja/mtype893.a(coap.o)
 .data.rel.local
                0x0000000000033758        0x4 build/cooja/mtype893.a(coap.o)
                0x0000000000033758                coap_error_message
 .data          0x000000000003375c        0x0 build/cooja/mtype893.a(contiki-main.o)
 .data          0x000000000003375c        0x0 build/cooja/mtype893.a(autostart.o)
 .data          0x000000000003375c        0x0 build/cooja/mtype893.a(ctimer.o)
 .data.rel.local
                0x000000000003375c       0x14 build/cooja/mtype893.a(ctimer.o)
                0x0000000000033760                ctimer_process
 .data          0x0000000000033770        0x4 build/cooja/mtype893.a(log.o)
                0x0000000000033770                curr_log_level_main
 *fill*         0x0000000000033774        0xc 
 .data.rel.local
                0x0000000000033780       0x9c build/cooja/mtype893.a(log.o)
                0x0000000000033780                all_modules
 .data          0x000000000003381c        0x0 build/cooja/mtype893.a(energest.o)
 .data          0x000000000003381c        0x0 build/cooja/mtype893.a(etimer.o)
 .data.rel.local
                0x000000000003381c       0x10 build/cooja/mtype893.a(etimer.o)
                0x000000000003381c                etimer_process
 .data          0x000000000003382c        0x0 build/cooja/mtype893.a(node-id.o)
 .data          0x000000000003382c        0x0 build/cooja/mtype893.a(rtimer.o)
 .data          0x000000000003382c        0x0 build/cooja/mtype893.a(process.o)
 .data          0x000000000003382c        0x0 build/cooja/mtype893.a(timer.o)
 .data          0x000000000003382c        0x0 build/cooja/mtype893.a(list.o)
 .data          0x000000000003382c        0x0 build/cooja/mtype893.a(memb.o)
 .data          0x000000000003382c        0x0 build/cooja/mtype893.a(button-hal.o)
 .data.rel.local
                0x000000000003382c       0x10 build/cooja/mtype893.a(button-hal.o)
                0x000000000003382c                button_hal_process
 .data          0x000000000003383c        0x0 build/cooja/mtype893.a(serial-line.o)
 .data.rel.local
                0x000000000003383c       0x10 build/cooja/mtype893.a(serial-line.o)
                0x000000000003383c                serial_line_process
 .data          0x000000000003384c        0x0 build/cooja/mtype893.a(gpio-hal.o)
 .data.rel.local
                0x000000000003384c        0x4 build/cooja/mtype893.a(gpio-hal.o)
 .data          0x0000000000033850        0x0 build/cooja/mtype893.a(queuebuf.o)
 .data.rel.local
                0x0000000000033850       0x18 build/cooja/mtype893.a(queuebuf.o)
 .data          0x0000000000033868        0x0 build/cooja/mtype893.a(packetbuf.o)
 .data.rel.local
                0x0000000000033868        0x4 build/cooja/mtype893.a(packetbuf.o)
 .data          0x000000000003386c        0x0 build/cooja/mtype893.a(netstack.o)
 .data.rel.local
                0x000000000003386c        0x4 build/cooja/mtype893.a(netstack.o)
 .data          0x0000000000033870        0x0 build/cooja/mtype893.a(linkaddr.o)
 .data          0x0000000000033870        0x0 build/cooja/mtype893.a(csma.o)
 .data          0x0000000000033870        0x0 build/cooja/mtype893.a(csma-output.o)
 .data.rel.local
                0x0000000000033870       0x28 build/cooja/mtype893.a(csma-output.o)
 .data          0x0000000000033898        0x0 build/cooja/mtype893.a(uip-ds6.o)
 .data          0x0000000000033898        0x0 build/cooja/mtype893.a(uip-udp-packet.)
 .data          0x0000000000033898        0x0 build/cooja/mtype893.a(uip-ds6-route.o)
 .data.rel.local
                0x0000000000033898       0x10 build/cooja/mtype893.a(uip-ds6-route.o)
 .data          0x00000000000338a8        0x0 build/cooja/mtype893.a(tcpip.o)
 .data.rel.local
                0x00000000000338a8       0x10 build/cooja/mtype893.a(tcpip.o)
                0x00000000000338a8                tcpip_process
 .data          0x00000000000338b8        0x0 build/cooja/mtype893.a(uip6.o)
 .data          0x00000000000338b8        0x0 build/cooja/mtype893.a(uip-ds6-nbr.o)
 .data.rel.local
                0x00000000000338b8       0x14 build/cooja/mtype893.a(uip-ds6-nbr.o)
 .data          0x00000000000338cc        0x0 build/cooja/mtype893.a(uip-nd6.o)
 .data.rel.local
                0x00000000000338cc        0xc build/cooja/mtype893.a(uip-nd6.o)
 .data          0x00000000000338d8        0x0 build/cooja/mtype893.a(sicslowpan.o)
 .data          0x00000000000338d8        0x0 build/cooja/mtype893.a(uiplib.o)
 .data          0x00000000000338d8        0x0 build/cooja/mtype893.a(rpl.o)
 .data          0x00000000000338d8        0x0 build/cooja/mtype893.a(rpl-icmp6.o)
 .data.rel.local
                0x00000000000338d8       0x30 build/cooja/mtype893.a(rpl-icmp6.o)
 .data          0x0000000000033908        0x0 build/cooja/mtype893.a(rpl-dag-root.o)
 .data          0x0000000000033908        0x0 build/cooja/mtype893.a(watchdog.o)
 .data          0x0000000000033908        0x0 build/cooja/mtype893.a(int-master.o)
 .data          0x0000000000033908        0x0 build/cooja/mtype893.a(coap-timer-defa)
 .data.rel.local
                0x0000000000033908       0x10 build/cooja/mtype893.a(coap-timer-defa)
                0x0000000000033908                coap_timer_process
 .data          0x0000000000033918        0x0 build/cooja/mtype893.a(stimer.o)
 .data          0x0000000000033918        0x0 build/cooja/mtype893.a(ringbuf.o)
 .data          0x0000000000033918        0x0 build/cooja/mtype893.a(assert.o)
 .data          0x0000000000033918        0x0 build/cooja/mtype893.a(nbr-table.o)
 .data.rel.local
                0x0000000000033918       0x10 build/cooja/mtype893.a(nbr-table.o)
 .data          0x0000000000033928        0x0 build/cooja/mtype893.a(link-stats.o)
 .data.rel.local
                0x0000000000033928       0x14 build/cooja/mtype893.a(link-stats.o)
 .data          0x000000000003393c        0x0 build/cooja/mtype893.a(mac-sequence.o)
 .data          0x000000000003393c        0x0 build/cooja/mtype893.a(mac.o)
 .data          0x000000000003393c        0x0 build/cooja/mtype893.a(framer-802154.o)
 .data          0x000000000003393c        0x2 build/cooja/mtype893.a(frame802154.o)
 .data          0x000000000003393e        0x0 build/cooja/mtype893.a(csma-security.o)
 .data          0x000000000003393e        0x0 build/cooja/mtype893.a(uipbuf.o)
 .data          0x000000000003393e        0x0 build/cooja/mtype893.a(uip-icmp6.o)
 *fill*         0x000000000003393e        0x2 
 .data.rel.local
                0x0000000000033940       0x20 build/cooja/mtype893.a(uip-icmp6.o)
 .data          0x0000000000033960        0x0 build/cooja/mtype893.a(uip-sr.o)
 .data.rel.local
                0x0000000000033960       0x10 build/cooja/mtype893.a(uip-sr.o)
 .data          0x0000000000033970        0x0 build/cooja/mtype893.a(uip-packetqueue)
 .data.rel.local
                0x0000000000033970        0xc build/cooja/mtype893.a(uip-packetqueue)
 .data          0x000000000003397c        0x0 build/cooja/mtype893.a(rpl-nbr-policy.)
 .data          0x000000000003397c        0x0 build/cooja/mtype893.a(rpl-neighbor.o)
 .data.rel.local
                0x000000000003397c       0x14 build/cooja/mtype893.a(rpl-neighbor.o)
                0x000000000003398c                rpl_neighbors
 .data          0x0000000000033990        0x0 build/cooja/mtype893.a(rpl-dag.o)
 .data          0x0000000000033990        0x0 build/cooja/mtype893.a(rpl-timers.o)
 .data          0x0000000000033990        0x0 build/cooja/mtype893.a(rpl-ext-header.)
 .data          0x0000000000033990        0x0 build/cooja/mtype893.a(rpl-mrhof.o)
 *fill*         0x0000000000033990       0x10 
 .data.rel.local
                0x00000000000339a0       0x24 build/cooja/mtype893.a(rpl-mrhof.o)
                0x00000000000339a0                rpl_mrhof
 .data          0x00000000000339c4        0x0 /usr/lib/gcc/i686-linux-gnu/7/libgcc.a(_udivdi3.o)
 .data          0x00000000000339c4        0x0 /usr/lib/i386-linux-gnu/libc_nonshared.a(stack_chk_fail_local.oS)
 .data          0x00000000000339c4        0x0 /usr/lib/gcc/i686-linux-gnu/7/crtendS.o
 .data          0x00000000000339c4        0x0 /usr/lib/gcc/i686-linux-gnu/7/../../../i386-linux-gnu/crtn.o

.tm_clone_table
                0x00000000000339c4        0x0
 .tm_clone_table
                0x00000000000339c4        0x0 /usr/lib/gcc/i686-linux-gnu/7/crtbeginS.o
 .tm_clone_table
                0x00000000000339c4        0x0 /usr/lib/gcc/i686-linux-gnu/7/crtendS.o

.data1
 *(.data1)
                0x00000000000339c4                _edata = .
                [!provide]                        PROVIDE (edata = .)
                0x00000000000339c4                . = .
                0x00000000000339c4                __bss_start = .

.bss            0x00000000000339e0    0x14024
 *(.dynbss)
 .dynbss        0x00000000000339e0        0x0 /usr/lib/gcc/i686-linux-gnu/7/../../../i386-linux-gnu/crti.o
 *(.bss .bss.* .gnu.linkonce.b.*)
 .bss           0x00000000000339e0        0x0 /usr/lib/gcc/i686-linux-gnu/7/../../../i386-linux-gnu/crti.o
 .bss           0x00000000000339e0        0x1 /usr/lib/gcc/i686-linux-gnu/7/crtbeginS.o
 *fill*         0x00000000000339e1        0x3 
 .bss           0x00000000000339e4       0x34 oxygen_server.o
 *fill*         0x0000000000033a18        0x8 
 .bss           0x0000000000033a20     0x2040 build/cooja/mtype893.o
 .bss           0x0000000000035a60        0x1 build/cooja/mtype893.a(simEnvChange.o)
                0x0000000000035a60                simDontFallAsleep
 *fill*         0x0000000000035a61        0x3 
 .bss           0x0000000000035a64        0x4 build/cooja/mtype893.a(cooja_mt.o)
 .bss           0x0000000000035a68        0x4 build/cooja/mtype893.a(cooja_mtarch.o)
 .bss           0x0000000000035a6c        0x0 build/cooja/mtype893.a(rtimer-arch.o)
 .bss           0x0000000000035a6c        0x0 build/cooja/mtype893.a(beep.o)
 .bss           0x0000000000035a6c        0x1 build/cooja/mtype893.a(leds-arch.o)
                0x0000000000035a6c                simLedsValue
 .bss           0x0000000000035a6d        0x0 build/cooja/mtype893.a(moteid.o)
 .bss           0x0000000000035a6d        0x1 build/cooja/mtype893.a(pir-sensor.o)
                0x0000000000035a6d                simPirValue
 *fill*         0x0000000000035a6e        0x2 
 .bss           0x0000000000035a70        0x4 build/cooja/mtype893.a(rs232.o)
 .bss           0x0000000000035a74        0x1 build/cooja/mtype893.a(vib-sensor.o)
                0x0000000000035a74                simVibValue
 .bss           0x0000000000035a75        0x0 build/cooja/mtype893.a(clock.o)
 *fill*         0x0000000000035a75        0xb 
 .bss           0x0000000000035a80     0x2020 build/cooja/mtype893.a(cooja-log.o)
 .bss           0x0000000000037aa0      0xfc0 build/cooja/mtype893.a(cfs-cooja.o)
                0x0000000000037aa0                simCFSData