Archive member included to satisfy reference by file (symbol)

build/cooja/mtype680.a(simEnvChange.o)
                              build/cooja/mtype680.o (simDontFallAsleep)
build/cooja/mtype680.a(cooja_mt.o)
                              build/cooja/mtype680.o (cooja_mt_start)
build/cooja/mtype680.a(cooja_mtarch.o)
                              build/cooja/mtype680.a(cooja_mt.o) (cooja_mtarch_start)
build/cooja/mtype680.a(rtimer-arch.o)
                              build/cooja/mtype680.o (rtimer_arch_check)
build/cooja/mtype680.a(beep.o)
                              build/cooja/mtype680.o (beep_interface)
build/cooja/mtype680.a(leds-arch.o)
                              build/cooja/mtype680.o (leds_interface)
build/cooja/mtype680.a(moteid.o)
                              build/cooja/mtype680.o (moteid_interface)
build/cooja/mtype680.a(pir-sensor.o)
                              build/cooja/mtype680.o (pir_interface)
build/cooja/mtype680.a(rs232.o)
                              build/cooja/mtype680.o (rs232_interface)
build/cooja/mtype680.a(vib-sensor.o)
                              build/cooja/mtype680.o (vib_interface)
build/cooja/mtype680.a(clock.o)
                              build/cooja/mtype680.o (clock_interface)
build/cooja/mtype680.a(cooja-log.o)
                              build/cooja/mtype680.o (simlog_interface)
build/cooja/mtype680.a(cfs-cooja.o)
                              build/cooja/mtype680.o (cfs_interface)
build/cooja/mtype680.a(cooja-radio.o)
                              build/cooja/mtype680.o (radio_interface)
build/cooja/mtype680.a(eeprom.o)
                              build/cooja/mtype680.o (eeprom_interface)
build/cooja/mtype680.a(random.o)
                              build/cooja/mtype680.a(moteid.o) (random_init)
build/cooja/mtype680.a(sensors.o)
                              build/cooja/mtype680.a(pir-sensor.o) (sensors_changed)
build/cooja/mtype680.a(leds.o)
                              oxygen_server.o (leds_on)
build/cooja/mtype680.a(gpio-hal-arch.o)
                              build/cooja/mtype680.a(leds-arch.o) (gpio_hal_arch_register_pin_callback)
build/cooja/mtype680.a(buttons.o)
                              build/cooja/mtype680.o (button_interface)
build/cooja/mtype680.a(oxygen_sensor.o)
                              oxygen_server.o (oxygen_sensor)
build/cooja/mtype680.a(coap-blocking-a)
                              oxygen_server.o (coap_blocking_request)
build/cooja/mtype680.a(coap-engine.o)
                              oxygen_server.o (coap_activate_resource)
build/cooja/mtype680.a(coap-res-well-k)
                              build/cooja/mtype680.a(coap-engine.o) (res_well_known_core)
build/cooja/mtype680.a(coap-observe.o)
                              build/cooja/mtype680.a(coap-engine.o) (coap_remove_observer_by_mid)
build/cooja/mtype680.a(coap-uip.o)
                              build/cooja/mtype680.a(coap-observe.o) (coap_endpoint_copy)
build/cooja/mtype680.a(coap-timer.o)
                              build/cooja/mtype680.a(coap-engine.o) (coap_timer_set)
build/cooja/mtype680.a(coap-transactio)
                              build/cooja/mtype680.a(coap-blocking-a) (coap_send_transaction)
build/cooja/mtype680.a(coap.o)
                              build/cooja/mtype680.a(coap-engine.o) (coap_status_code)
build/cooja/mtype680.a(contiki-main.o)
                              build/cooja/mtype680.o (main)
build/cooja/mtype680.a(autostart.o)
                              build/cooja/mtype680.a(contiki-main.o) (autostart_start)
build/cooja/mtype680.a(ctimer.o)
                              build/cooja/mtype680.a(contiki-main.o) (ctimer_init)
build/cooja/mtype680.a(log.o)
                              build/cooja/mtype680.a(contiki-main.o) (curr_log_level_main)
build/cooja/mtype680.a(energest.o)
                              build/cooja/mtype680.a(contiki-main.o) (energest_init)
build/cooja/mtype680.a(etimer.o)
                              build/cooja/mtype680.a(contiki-main.o) (etimer_process)
build/cooja/mtype680.a(node-id.o)
                              build/cooja/mtype680.a(contiki-main.o) (node_id)
build/cooja/mtype680.a(rtimer.o)
                              build/cooja/mtype680.a(contiki-main.o) (rtimer_init)
build/cooja/mtype680.a(process.o)
                              build/cooja/mtype680.a(coap-blocking-a) (process_current)
build/cooja/mtype680.a(timer.o)
                              build/cooja/mtype680.a(etimer.o) (timer_set)
build/cooja/mtype680.a(list.o)
                              build/cooja/mtype680.a(coap-engine.o) (list_init)
build/cooja/mtype680.a(memb.o)
                              build/cooja/mtype680.a(coap-observe.o) (memb_alloc)
build/cooja/mtype680.a(button-hal.o)
                              build/cooja/mtype680.o (button_hal_init)
build/cooja/mtype680.a(serial-line.o)
                              build/cooja/mtype680.a(rs232.o) (serial_line_input_byte)
build/cooja/mtype680.a(gpio-hal.o)
[...]
Memory Configuration

Name             Origin             Length             Attributes
*default*        0x0000000000000000 0xffffffffffffffff

Linker script and memory map

LOAD /usr/lib/gcc/i686-linux-gnu/7/../../../i386-linux-gnu/crti.o
LOAD /usr/lib/gcc/i686-linux-gnu/7/crtbeginS.o
LOAD oxygen_server.o
LOAD build/cooja/mtype680.o
LOAD build/cooja/mtype680.a
LOAD /usr/lib/gcc/i686-linux-gnu/7/libgcc.a
LOAD /usr/lib/gcc/i686-linux-gnu/7/libgcc_s.so
START GROUP
LOAD /usr/lib/gcc/i686-linux-gnu/7/libgcc_s.so.1
LOAD /usr/lib/gcc/i686-linux-gnu/7/libgcc.a
END GROUP
LOAD /usr/lib/gcc/i686-linux-gnu/7/../../../i386-linux-gnu/libc.so
START GROUP
LOAD /lib/i386-linux-gnu/libc.so.6
LOAD /usr/lib/i386-linux-gnu/libc_nonshared.a
LOAD /lib/i386-linux-gnu/ld-linux.so.2
END GROUP
LOAD /usr/lib/gcc/i686-linux-gnu/7/libgcc.a
LOAD /usr/lib/gcc/i686-linux-gnu/7/libgcc_s.so
START GROUP
LOAD /usr/lib/gcc/i686-linux-gnu/7/libgcc_s.so.1
LOAD /usr/lib/gcc/i686-linux-gnu/7/libgcc.a
END GROUP
LOAD /usr/lib/gcc/i686-linux-gnu/7/crtendS.o
LOAD /usr/lib/gcc/i686-linux-gnu/7/../../../i386-linux-gnu/crtn.o
                0x0000000000000114                . = (SEGMENT_START ("text-segment", 0x0) + SIZEOF_HEADERS)

.note.gnu.build-id
                0x0000000000000114       0x24
 *(.note.gnu.build-id)
 .note.gnu.build-id
                0x0000000000000114       0x24 /usr/lib/gcc/i686-linux-gnu/7/../../../i386-linux-gnu/crti.o

.hash
 *(.hash)

.gnu.hash       0x0000000000000138     0x15dc
 *(.gnu.hash)
 .gnu.hash      0x0000000000000138     0x15dc /usr/lib/gcc/i686-linux-gnu/7/../../../i386-linux-gnu/crti.o

.dynsym         0x0000000000001714     0x2ff0
 *(.dynsym)
 .dynsym        0x0000000000001714     0x2ff0 /usr/lib/gcc/i686-linux-gnu/7/../../../i386-linux-gnu/crti.o

.dynstr         0x0000000000004704     0x377b
 *(.dynstr)
 .dynstr        0x0000000000004704     0x377b /usr/lib/gcc/i686-linux-gnu/7/../../../i386-linux-gnu/crti.o

.gnu.version    0x0000000000007e80      0x5fe
 *(.gnu.version)
 .gnu.version   0x0000000000007e80      0x5fe /usr/lib/gcc/i686-linux-gnu/7/../../../i386-linux-gnu/crti.o

.gnu.version_d  0x0000000000008480        0x0
 *(.gnu.version_d)
 .gnu.version_d
                0x0000000000008480        0x0 /usr/lib/gcc/i686-linux-gnu/7/../../../i386-linux-gnu/crti.o

.gnu.version_r  0x0000000000008480       0x40
 *(.gnu.version_r)
 .gnu.version_r
                0x0000000000008480       0x40 /usr/lib/gcc/i686-linux-gnu/7/../../../i386-linux-gnu/crti.o

.rel.dyn        0x00000000000084c0      0xf80
 *(.rel.init)
 .rel.init      0x00000000000084c0        0x0 /usr/lib/gcc/i686-linux-gnu/7/../../../i386-linux-gnu/crti.o
 *(.rel.text .rel.text.* .rel.gnu.linkonce.t.*)
 .rel.text      0x00000000000084c0      0x5c0 /usr/lib/gcc/i686-linux-gnu/7/../../../i386-linux-gnu/crti.o
 *(.rel.fini)
 .rel.fini      0x0000000000008a80        0x0 /usr/lib/gcc/i686-linux-gnu/7/../../../i386-linux-gnu/crti.o
 *(.rel.rodata .rel.rodata.* .rel.gnu.linkonce.r.*)
 *(.rel.data.rel.ro .rel.data.rel.ro.* .rel.gnu.linkonce.d.rel.ro.*)
 .rel.data.rel.ro.local
                0x0000000000008a80      0x220 /usr/lib/gcc/i686-linux-gnu/7/../../../i386-linux-gnu/crti.o
 .rel.data.rel.ro
                0x0000000000008ca0       0xb0 /usr/lib/gcc/i686-linux-gnu/7/../../../i386-linux-gnu/crti.o
 *(.rel.data .rel.data.* .rel.gnu.linkonce.d.*)
 .rel.data.rel.local
                0x0000000000008d50      0x390 /usr/lib/gcc/i686-linux-gnu/7/../../../i386-linux-gnu/crti.o
 .rel.data.rel  0x00000000000090e0       0x78 /usr/lib/gcc/i686-linux-gnu/7/../../../i386-linux-gnu/crti.o
 *(.rel.tdata .rel.tdata.* .rel.gnu.linkonce.td.*)
 *(.rel.tbss .rel.tbss.* .rel.gnu.linkonce.tb.*)
 *(.rel.ctors)
 *(.rel.dtors)
 *(.rel.got)
 .rel.got       0x0000000000009158      0x2d8 /usr/lib/gcc/i686-linux-gnu/7/../../../i386-linux-gnu/crti.o
 *(.rel.bss .rel.bss.* .rel.gnu.linkonce.b.*)
 *(.rel.ifunc)
 .rel.ifunc     0x0000000000009430        0x0 /usr/lib/gcc/i686-linux-gnu/7/../../../i386-linux-gnu/crti.o
 .rel.fini_array
                0x0000000000009430        0x8 /usr/lib/gcc/i686-linux-gnu/7/../../../i386-linux-gnu/crti.o
 .rel.init_array
                0x0000000000009438        0x8 /usr/lib/gcc/i686-linux-gnu/7/../../../i386-linux-gnu/crti.o

.rel.plt        0x0000000000009440      0xad8
 *(.rel.plt)
 .rel.plt       0x0000000000009440      0xad8 /usr/lib/gcc/i686-linux-gnu/7/../../../i386-linux-gnu/crti.o
 *(.rel.iplt)

.init           0x0000000000009f18       0x23
 *(SORT_NONE(.init))
 .init          0x0000000000009f18       0x1e /usr/lib/gcc/i686-linux-gnu/7/../../../i386-linux-gnu/crti.o
                0x0000000000009f18                _init
 .init          0x0000000000009f36        0x5 /usr/lib/gcc/i686-linux-gnu/7/../../../i386-linux-gnu/crtn.o

.plt            0x0000000000009f40     0x15c0
 *(.plt)
 .plt           0x0000000000009f40     0x15c0 /usr/lib/gcc/i686-linux-gnu/7/../../../i386-linux-gnu/crti.o
 *(.iplt)

.plt.got        0x000000000000b500       0x18
 *(.plt.got)
 .plt.got       0x000000000000b500       0x18 /usr/lib/gcc/i686-linux-gnu/7/../../../i386-linux-gnu/crti.o

.plt.sec
 *(.plt.sec)

.text           0x000000000000b520    0x1f694
 *(.text.unlikely .text.*_unlikely .text.unlikely.*)
 *(.text.exit .text.exit.*)
 *(.text.startup .text.startup.*)
 *(.text.hot .text.hot.*)
 *(.text .stub .text.* .gnu.linkonce.t.*)
 .text          0x000000000000b520        0x0 /usr/lib/gcc/i686-linux-gnu/7/../../../i386-linux-gnu/crti.o
 .gnu.linkonce.t.__x86.get_pc_thunk.bx
                0x000000000000b520        0x4 /usr/lib/gcc/i686-linux-gnu/7/../../../i386-linux-gnu/crti.o
                0x000000000000b520                __x86.get_pc_thunk.bx
 *fill*         0x000000000000b524        0xc 
 .text          0x000000000000b530       0xe9 /usr/lib/gcc/i686-linux-gnu/7/crtbeginS.o
 .text.__x86.get_pc_thunk.dx
                0x000000000000b619        0x4 /usr/lib/gcc/i686-linux-gnu/7/crtbeginS.o
                0x000000000000b619                __x86.get_pc_thunk.dx
 .text          0x000000000000b61d      0x511 oxygen_server.o
                0x000000000000b6d0                client_chunk_handler
 .text          0x000000000000bb2e      0x36b build/cooja/mtype680.o
                0x000000000000bbe0                platform_init_stage_one
                0x000000000000bc03                platform_init_stage_two
                0x000000000000bc26                platform_init_stage_three
                0x000000000000bc49                platform_main_loop
                0x000000000000bcef                Java_org_contikios_cooja_corecomm_Lib8_init
                0x000000000000bd3d                Java_org_contikios_cooja_corecomm_Lib8_getMemory
                0x000000000000bd7d                Java_org_contikios_cooja_corecomm_Lib8_setMemory
                0x000000000000bdee                Java_org_contikios_cooja_corecomm_Lib8_tick
                0x000000000000be78                Java_org_contikios_cooja_corecomm_Lib8_setReferenceAddress
 .text.__x86.get_pc_thunk.ax
                0x000000000000be99        0x4 build/cooja/mtype680.o
                0x000000000000be99                __x86.get_pc_thunk.ax
 .text          0x000000000000be9d       0x8d build/cooja/mtype680.a(simEnvChange.o)
                0x000000000000be9d                doActionsBeforeTick
                0x000000000000bee3                doActionsAfterTick
 .text          0x000000000000bf2a       0xb6 build/cooja/mtype680.a(cooja_mt.o)
                0x000000000000bf2a                cooja_mt_start
                0x000000000000bf64                cooja_mt_exec
                0x000000000000bfab                cooja_mt_yield
 .text          0x000000000000bfe0       0xf2 build/cooja/mtype680.a(cooja_mtarch.o)
                0x000000000000bfe0                cooja_mtarch_start
                0x000000000000c064                cooja_sw
                0x000000000000c092                cooja_mtarch_exec
                0x000000000000c0bd                cooja_mtarch_yield
 .text          0x000000000000c0d2      0x127 build/cooja/mtype680.a(rtimer-arch.o)
                0x000000000000c0d2                rtimer_arch_init
                0x000000000000c101                rtimer_arch_schedule
                0x000000000000c143                rtimer_arch_next
                0x000000000000c15d                rtimer_arch_pending
                0x000000000000c174                rtimer_arch_check
                0x000000000000c1df                rtimer_arch_now
 .text.__x86.get_pc_thunk.cx
                0x000000000000c1f9        0x4 build/cooja/mtype680.a(rtimer-arch.o)
                0x000000000000c1f9                __x86.get_pc_thunk.cx
 .text          0x000000000000c1fd      0x101 build/cooja/mtype680.a(beep.o)
                0x000000000000c1fd                beep_alarm
                0x000000000000c216                beep_beep
                0x000000000000c22f                beep
                0x000000000000c248                beep_down
                0x000000000000c261                beep_on
                0x000000000000c27a                beep_off
                0x000000000000c293                beep_spinup
                0x000000000000c2ac                beep_quick
                0x000000000000c2c5                beep_long
 .text          0x000000000000c2fe       0x9f build/cooja/mtype680.a(leds-arch.o)
                0x000000000000c322                leds_arch_init
 .text          0x000000000000c39d       0x56 build/cooja/mtype680.a(moteid.o)
 .text          0x000000000000c3f3      0x101 build/cooja/mtype680.a(pir-sensor.o)
 .text          0x000000000000c4f4      0x1cc build/cooja/mtype680.a(rs232.o)
                0x000000000000c4f4                rs232_init
                0x000000000000c504                rs232_set_speed
                0x000000000000c51d                rs232_set_input
                0x000000000000c536                rs232_send
                0x000000000000c56c                rs232_print
                0x000000000000c59a                slip_arch_writeb
 .text          0x000000000000c6c0      0x101 build/cooja/mtype680.a(vib-sensor.o)
 .text          0x000000000000c7c1       0x7a build/cooja/mtype680.a(clock.o)
                0x000000000000c7c1                clock_init
                0x000000000000c7d1                clock_time
                0x000000000000c7e8                clock_seconds
                0x000000000000c80b                clock_delay
 .text          0x000000000000c83b      0x2b5 build/cooja/mtype680.a(cooja-log.o)
                0x000000000000c83b                simlog_char
                0x000000000000c89f                simlog
                0x000000000000c939                log_message
                0x000000000000c988                log_set_putchar_with_slip
                0x000000000000c9a1                log_putchar
                0x000000000000ca2c                log_puts
                0x000000000000ca5e                log_printf
 .text          0x000000000000caf0      0x36c build/cooja/mtype680.a(cfs-cooja.o)
                0x000000000000caf0                cfs_open
                0x000000000000cb68                cfs_close
                0x000000000000cb7f                cfs_read
                0x000000000000cc33                cfs_write
                0x000000000000cd31                cfs_seek
                0x000000000000cdce                cfs_remove
                0x000000000000ce04                cfs_opendir
                0x000000000000ce18                cfs_readdir
                0x000000000000ce2c                cfs_closedir
 .text          0x000000000000ce5c      0x78b build/cooja/mtype680.a(cooja-radio.o)
                0x000000000000ceca                radio_set_channel
                0x000000000000cee3                radio_set_txpower
                0x000000000000cf06                radio_signal_strength_last
                0x000000000000cf1b                radio_signal_strength_current
                0x000000000000cf30                radio_LQI
 .text          0x000000000000d5e7      0x130 build/cooja/mtype680.a(eeprom.o)
                0x000000000000d5e7                eeprom_init
                0x000000000000d5f7                eeprom_read
                0x000000000000d677                eeprom_write
 .text          0x000000000000d717       0x4e build/cooja/mtype680.a(random.o)
                0x000000000000d717                random_init
                0x000000000000d747                random_rand
 .text          0x000000000000d765      0x332 build/cooja/mtype680.a(sensors.o)
                0x000000000000d7ac                sensors_first
                0x000000000000d7c3                sensors_next
                0x000000000000d7ee                sensors_changed
                0x000000000000d83b                sensors_find
 .text          0x000000000000da97      0x3fc build/cooja/mtype680.a(leds.o)
                0x000000000000da97                leds_init
                0x000000000000daef                leds_single_on
                0x000000000000db67                leds_single_off
                0x000000000000dbdf                leds_single_toggle
                0x000000000000dc23                leds_on
                0x000000000000dcbb                leds_off
                0x000000000000dd53                leds_toggle
                0x000000000000ddb9                leds_set
                0x000000000000ddef                leds_get
 .text          0x000000000000de93      0x401 build/cooja/mtype680.a(gpio-hal-arch.o)
                0x000000000000de93                gpio_hal_arch_register_pin_callback
                0x000000000000df14                gpio_hal_arch_init
                0x000000000000df6e                gpio_hal_arch_no_port_interrupt_enable
                0x000000000000dfa8                gpio_hal_arch_no_port_interrupt_disable
                0x000000000000dfe2                gpio_hal_arch_no_port_pin_cfg_set
                0x000000000000e011                gpio_hal_arch_no_port_pin_cfg_get
                0x000000000000e041                gpio_hal_arch_no_port_pin_set_input
                0x000000000000e05d                gpio_hal_arch_no_port_pin_set_output
                0x000000000000e079                gpio_hal_arch_no_port_set_pin
                0x000000000000e0a4                gpio_hal_arch_no_port_clear_pin
                0x000000000000e0cf                gpio_hal_arch_no_port_read_pin
                0x000000000000e101                gpio_hal_arch_no_port_write_pin
                0x000000000000e135                gpio_hal_arch_no_port_set_pins
                0x000000000000e186                gpio_hal_arch_no_port_clear_pins
                0x000000000000e1d7                gpio_hal_arch_no_port_read_pins
                0x000000000000e22a                gpio_hal_arch_no_port_write_pins
 .text          0x000000000000e294       0xc6 build/cooja/mtype680.a(buttons.o)
 .text          0x000000000000e35a      0x852 build/cooja/mtype680.a(oxygen_sensor.o)
 .text          0x000000000000ebac      0x29c build/cooja/mtype680.a(coap-blocking-a)
                0x000000000000ebac                coap_blocking_request_callback
                0x000000000000ebe6                coap_blocking_request
 .text          0x000000000000ee48      0xd4f build/cooja/mtype680.a(coap-engine.o)
                0x000000000000ef19                coap_add_handler
                0x000000000000ef47                coap_remove_handler
                0x000000000000ef75                coap_call_handlers
                0x000000000000f09c                coap_receive
                0x000000000000f716                coap_engine_init
                0x000000000000f789                coap_activate_resource
                0x000000000000f846                coap_get_first_resource
                0x000000000000f870                coap_get_next_resource
 .text          0x000000000000fb97      0x2ed build/cooja/mtype680.a(coap-res-well-k)
 .text          0x000000000000fe84      0xa13 build/cooja/mtype680.a(coap-observe.o)
                0x000000000000ffbf                coap_remove_observer
                0x0000000000010001                coap_remove_observer_by_client
                0x0000000000010079                coap_remove_observer_by_token
                0x000000000001011c                coap_remove_observer_by_uri
                0x00000000000101d3                coap_remove_observer_by_mid
                0x000000000001025f                coap_notify_observers
                0x0000000000010282                coap_notify_observers_sub
                0x00000000000106f3                coap_observe_handler
                0x000000000001081e                coap_has_observers
 .text          0x0000000000010897      0x84c build/cooja/mtype680.a(coap-uip.o)
                0x0000000000010897                coap_endpoint_log
                0x0000000000010934                coap_endpoint_print
                0x00000000000109d1                coap_endpoint_snprint
                0x0000000000010b1a                coap_endpoint_copy
                0x0000000000010b61                coap_endpoint_cmp
                0x0000000000010c92                coap_endpoint_parse
                0x0000000000010ea3                coap_endpoint_is_secure
                0x0000000000010ebc                coap_endpoint_is_connected
                0x0000000000010f00                coap_endpoint_connect
                0x0000000000010f26                coap_endpoint_disconnect
                0x0000000000010f36                coap_databuf
                0x0000000000010f4d                coap_transport_init
                0x0000000000010fc3                coap_sendto
 .text          0x00000000000110e3      0x3ad build/cooja/mtype680.a(coap-timer.o)
                0x0000000000011208                coap_timer_stop
                0x0000000000011243                coap_timer_set
                0x0000000000011290                coap_timer_reset
                0x00000000000112dd                coap_timer_time_to_next_expiration
                0x000000000001135a                coap_timer_run
                0x000000000001143c                coap_timer_init
 .text          0x0000000000011490      0x334 build/cooja/mtype680.a(coap-transactio)
                0x000000000001151e                coap_new_transaction
                0x0000000000011596                coap_send_transaction
                0x0000000000011708                coap_clear_transaction
                0x0000000000011762                coap_get_transaction_by_mid
 .text          0x00000000000117c4     0x1f9f build/cooja/mtype680.a(coap.o)
                0x0000000000011dbf                coap_init_connection
                0x0000000000011de4                coap_get_mid
                0x0000000000011e0b                coap_init_message
                0x0000000000011e64                coap_serialize_message
                0x00000000000124fb                coap_parse_message
                0x0000000000012c17                coap_get_query_variable
                0x0000000000012c63                coap_get_post_variable
                0x0000000000012cb1                coap_set_status_code
                0x0000000000012ce0                coap_set_token
                0x0000000000012d37                coap_get_header_content_format
                0x0000000000012d72                coap_set_header_content_format
                0x0000000000012d9f                coap_get_header_accept
                0x0000000000012dda                coap_set_header_accept
                0x0000000000012e07                coap_get_header_max_age
                0x0000000000012e42                coap_set_header_max_age
                0x0000000000012e6c                coap_get_header_etag
                0x0000000000012ea8                coap_set_header_etag
                0x0000000000012f0f                coap_get_header_if_match
                0x0000000000012f4b                coap_set_header_if_match
                0x0000000000012fb2                coap_get_header_if_none_match
                0x0000000000012fd6                coap_set_header_if_none_match
                0x0000000000012ff7                coap_get_header_proxy_uri
                0x000000000001302f                coap_set_header_proxy_uri
                0x000000000001307c                coap_get_header_uri_host
                0x00000000000130b4                coap_set_header_uri_host
                0x0000000000013101                coap_get_header_uri_path
                0x0000000000013139                coap_set_header_uri_path
                0x0000000000013197                coap_get_header_uri_query
                0x00000000000131d5                coap_set_header_uri_query
                0x000000000001323c                coap_get_header_location_path
                0x0000000000013274                coap_set_header_location_path
                0x000000000001331c                coap_get_header_location_query
                0x0000000000013354                coap_set_header_location_query
                0x00000000000133b2                coap_get_header_observe
                0x00000000000133eb                coap_set_header_observe
                0x0000000000013415                coap_get_header_block2
                0x000000000001348b                coap_set_header_block2
                0x000000000001350c                coap_get_header_block1
                0x000000000001358b                coap_set_header_block1
                0x0000000000013610                coap_get_header_size2
                0x000000000001364a                coap_set_header_size2
                0x0000000000013677                coap_get_header_size1
                0x00000000000136b1                coap_set_header_size1
                0x00000000000136de                coap_get_payload
                0x0000000000013722                coap_set_payload
 .text          0x0000000000013763      0x3c6 build/cooja/mtype680.a(contiki-main.o)
                0x0000000000013763                main
 .text          0x0000000000013b29       0xb0 build/cooja/mtype680.a(autostart.o)
                0x0000000000013b29                autostart_start
                0x0000000000013b82                autostart_exit
 .text          0x0000000000013bd9      0x400 build/cooja/mtype680.a(ctimer.o)
                0x0000000000013d1c                ctimer_init
                0x0000000000013d61                ctimer_set
                0x0000000000013d94                ctimer_set_with_process
                0x0000000000013e2b                ctimer_reset
                0x0000000000013e99                ctimer_restart
                0x0000000000013f07                ctimer_stop
                0x0000000000013f67                ctimer_expired
 .text          0x0000000000013fd9      0x4a3 build/cooja/mtype680.a(log.o)
                0x0000000000013fd9                log_6addr
                0x000000000001403d                log_6addr_compact_snprint
                0x00000000000140fd                log_6addr_compact
                0x0000000000014161                log_lladdr
                0x00000000000141e8                log_lladdr_compact
                0x0000000000014265                log_bytes
                0x00000000000142b9                log_set_level
                0x0000000000014397                log_get_level
                0x0000000000014428                log_level_to_str
 .text          0x000000000001447c       0x39 build/cooja/mtype680.a(energest.o)
                0x000000000001447c                energest_init
                0x000000000001448c                energest_flush
                0x000000000001449c                energest_get_total_time
 .text          0x00000000000144b5      0x527 build/cooja/mtype680.a(etimer.o)
                0x000000000001470a                etimer_request_poll
                0x00000000000147bb                etimer_set
                0x00000000000147f4                etimer_reset_with_new_interval
                0x0000000000014833                etimer_reset
                0x0000000000014869                etimer_restart
                0x000000000001489f                etimer_adjust
                0x00000000000148c6                etimer_expired
                0x00000000000148e3                etimer_expiration_time
                0x00000000000148ff                etimer_start_time
                0x0000000000014913                etimer_pending
                0x0000000000014930                etimer_next_expiration_time
                0x0000000000014958                etimer_stop
 .text          0x00000000000149dc       0x36 build/cooja/mtype680.a(node-id.o)
                0x00000000000149dc                node_id_init
 .text          0x0000000000014a12      0x122 build/cooja/mtype680.a(rtimer.o)
                0x0000000000014a12                rtimer_init
                0x0000000000014a31                rtimer_set
                0x0000000000014abf                rtimer_run_next
 .text          0x0000000000014b34      0x5cb build/cooja/mtype680.a(process.o)
                0x0000000000014b34                process_alloc_event
                0x0000000000014b55                process_start
                0x0000000000014d5a                process_exit
                0x0000000000014d82                process_init
                0x0000000000014f4a                process_run
                0x0000000000014f8d                process_nevents
                0x0000000000014fb2                process_post
                0x000000000001505f                process_post_synch
                0x00000000000150a5                process_poll
                0x00000000000150e1                process_is_running
 .text.__x86.get_pc_thunk.si
                0x00000000000150ff        0x4 build/cooja/mtype680.a(process.o)
                0x00000000000150ff                __x86.get_pc_thunk.si
 .text          0x0000000000015103       0xf6 build/cooja/mtype680.a(timer.o)
                0x0000000000015103                timer_set
                0x0000000000015132                timer_reset
                0x0000000000015169                timer_restart
                0x000000000001518f                timer_expired
                0x00000000000151cd                timer_remaining
 .text          0x00000000000151f9      0x311 build/cooja/mtype680.a(list.o)
                0x00000000000151f9                list_init
                0x0000000000015212                list_head
                0x0000000000015226                list_copy
                0x0000000000015240                list_tail
                0x0000000000015280                list_add
                0x00000000000152d6                list_push
                0x000000000001530c                list_chop
                0x0000000000015380                list_pop
                0x00000000000153b2                list_remove
                0x0000000000015424                list_length
                0x000000000001545c                list_insert
                0x00000000000154ab                list_item_next
                0x00000000000154cc                list_contains
 .text          0x000000000001550a      0x1ec build/cooja/mtype680.a(memb.o)
                0x000000000001550a                memb_init
                0x000000000001556e                memb_alloc
                0x00000000000155db                memb_free
                0x000000000001565c                memb_inmemb
                0x00000000000156a5                memb_numfree
 .text          0x00000000000156f6      0x566 build/cooja/mtype680.a(button-hal.o)
                0x00000000000158ea                button_hal_get_by_id
                0x0000000000015934                button_hal_get_by_index
                0x000000000001596e                button_hal_get_state
                0x00000000000159d0                button_hal_init
 .text          0x0000000000015c5c      0x242 build/cooja/mtype680.a(serial-line.o)
                0x0000000000015c5c                serial_line_input_byte
                0x0000000000015e54                serial_line_init
 .text          0x0000000000015e9e      0x1d6 build/cooja/mtype680.a(gpio-hal.o)
                0x0000000000015e9e                gpio_hal_register_handler
                0x0000000000015ecc                gpio_hal_event_handler
                0x0000000000015f39                gpio_hal_init
                0x0000000000015f68                gpio_hal_arch_port_toggle_pin
                0x0000000000015fb3                gpio_hal_arch_port_toggle_pins
                0x0000000000015ff0                gpio_hal_arch_no_port_toggle_pin
                0x000000000001603d                gpio_hal_arch_no_port_toggle_pins
 .text          0x0000000000016074      0x3a9 build/cooja/mtype680.a(queuebuf.o)
                0x0000000000016088                queuebuf_init
                0x00000000000160c4                queuebuf_numfree
                0x00000000000160ee                queuebuf_new_from_packetbuf
                0x00000000000161a2                queuebuf_update_attr_from_packetbuf
                0x00000000000161e6                queuebuf_update_from_packetbuf
                0x0000000000016245                queuebuf_free
                0x00000000000162a3                queuebuf_to_packetbuf
                0x0000000000016320                queuebuf_dataptr
                0x000000000001636c                queuebuf_datalen
                0x0000000000016399                queuebuf_addr
                0x00000000000163d8                queuebuf_attr
                0x000000000001640d                queuebuf_debug_print
 .text          0x000000000001641d      0x4dd build/cooja/mtype680.a(packetbuf.o)
                0x000000000001641d                packetbuf_clear
                0x0000000000016453                packetbuf_copyfrom
                0x00000000000164b3                packetbuf_copyto
                0x0000000000016551                packetbuf_hdralloc
                0x00000000000165e1                packetbuf_hdrreduce
                0x0000000000016633                packetbuf_set_datalen
                0x0000000000016658                packetbuf_dataptr
                0x000000000001667f                packetbuf_hdrptr
                0x0000000000016694                packetbuf_datalen
                0x00000000000166aa                packetbuf_hdrlen
                0x00000000000166c9                packetbuf_totlen
                0x00000000000166e9                packetbuf_remaininglen
                0x0000000000016706                packetbuf_attr_clear
                0x000000000001676c                packetbuf_attr_copyto
                0x00000000000167b2                packetbuf_attr_copyfrom
                0x00000000000167f8                packetbuf_set_attr
                0x000000000001682e                packetbuf_attr
                0x0000000000016854                packetbuf_set_addr
                0x000000000001689c                packetbuf_addr
                0x00000000000168c6                packetbuf_holds_broadcast
 .text          0x00000000000168fa      0x13c build/cooja/mtype680.a(netstack.o)
                0x00000000000168fa                netstack_process_ip_callback
                0x000000000001699b                netstack_ip_packet_processor_add
                0x00000000000169cf                uip_ds6_ip_packet_processor_rm
                0x00000000000169fd                netstack_init
 .text          0x0000000000016a36       0x75 build/cooja/mtype680.a(linkaddr.o)
                0x0000000000016a36                linkaddr_copy
                0x0000000000016a56                linkaddr_cmp
                0x0000000000016a89                linkaddr_set_node_addr
 .text          0x0000000000016aab      0x2ae build/cooja/mtype680.a(csma.o)
 .text          0x0000000000016d59      0xa6f build/cooja/mtype680.a(csma-output.o)
                0x00000000000174cb                csma_output_packet
                0x000000000001777a                csma_output_init
 .text          0x00000000000177c8      0xe47 build/cooja/mtype680.a(uip-ds6.o)
                0x00000000000177c8                uip_ds6_default_prefix
                0x00000000000177dd                uip_ds6_set_default_prefix
                0x0000000000017813                uip_ds6_init
                0x0000000000017aae                uip_ds6_periodic
                0x0000000000017b56                uip_ds6_list_loop
                0x0000000000017c25                uip_ds6_prefix_add
                0x0000000000017cec                uip_ds6_prefix_rm
                0x0000000000017d09                uip_ds6_prefix_lookup
                0x0000000000017d5c                uip_ds6_is_addr_onlink
                0x0000000000017de9                uip_ds6_addr_add
                0x0000000000017f2b                uip_ds6_addr_rm
                0x0000000000017fea                uip_ds6_addr_lookup
                0x000000000001803a                uip_ds6_get_link_local
                0x00000000000180d8                uip_ds6_get_global
                0x0000000000018176                uip_ds6_maddr_add
                0x00000000000181f2                uip_ds6_maddr_rm
                0x000000000001820f                uip_ds6_maddr_lookup
                0x0000000000018262                uip_ds6_aaddr_add
                0x00000000000182db                uip_ds6_aaddr_rm
                0x00000000000182f8                uip_ds6_aaddr_lookup
                0x0000000000018348                uip_ds6_select_src
                0x00000000000184b6                uip_ds6_set_addr_iid
                0x00000000000184eb                uip_ds6_set_lladdr_from_iid
                0x000000000001851e                get_match_length
                0x00000000000185b9                uip_ds6_compute_reachable_time
 .text          0x000000000001860f      0x152 build/cooja/mtype680.a(uip-udp-packet.)
                0x000000000001860f                uip_udp_packet_send
                0x0000000000018688                uip_udp_packet_sendto
 .text          0x0000000000018761      0x453 build/cooja/mtype680.a(uip-ds6-route.o)
                0x00000000000187c3                uip_ds6_route_init
                0x00000000000187ff                uip_ds6_route_count_nexthop_neighbors
                0x0000000000018813                uip_ds6_route_nexthop
                0x0000000000018827                uip_ds6_route_head
                0x000000000001883b                uip_ds6_route_next
                0x000000000001884f                uip_ds6_route_is_nexthop
                0x0000000000018863                uip_ds6_route_num_routes
                0x0000000000018877                uip_ds6_route_lookup
                0x000000000001888b                uip_ds6_route_add
                0x00000000000188a8                uip_ds6_route_rm
                0x00000000000188b8                uip_ds6_route_rm_by_nexthop
                0x00000000000188c8                uip_ds6_defrt_head
                0x00000000000188f2                uip_ds6_defrt_add
                0x00000000000189b2                uip_ds6_defrt_rm
                0x0000000000018a2b                uip_ds6_defrt_lookup
                0x0000000000018aa2                uip_ds6_defrt_choose
                0x0000000000018b28                uip_ds6_defrt_periodic
 .text          0x0000000000018bb4      0xc55 build/cooja/mtype680.a(tcpip.o)
                0x0000000000018bda                tcpip_output
                0x0000000000018d05                tcp_connect
                0x0000000000018d6d                tcp_unlisten
                0x0000000000018de2                tcp_listen
                0x0000000000018e54                tcp_attach
                0x0000000000018e76                udp_attach
                0x0000000000018e98                udp_new
                0x0000000000018ef2                udp_broadcast_new
                0x00000000000191c4                tcpip_input
                0x00000000000193ba                tcpip_ipv6_output
                0x00000000000195f6                tcpip_poll_udp
                0x0000000000019626                tcpip_poll_tcp
                0x0000000000019656                tcpip_uipcall
 .text          0x0000000000019809     0x33b5 build/cooja/mtype680.a(uip6.o)
                0x0000000000019809                uip_add32
                0x00000000000199f4                uip_chksum
                0x0000000000019aec                uip_icmp6chksum
                0x0000000000019b0b                uip_tcpchksum
                0x0000000000019b2a                uip_udpchksum
                0x0000000000019b49                uip_init
                0x0000000000019bf7                uip_connect
                0x0000000000019d94                uip_remove_ext_hdr
                0x0000000000019e8f                uip_udp_new
                0x0000000000019fd4                uip_unlisten
                0x000000000001a024                uip_listen
                0x000000000001a334                uip_process
                0x000000000001ca4e                uip_htons
                0x000000000001ca7a                uip_htonl
                0x000000000001cac4                uip_send
 .text          0x000000000001cbbe      0x43e build/cooja/mtype680.a(uip-ds6-nbr.o)
                0x000000000001cbbe                uip_ds6_neighbors_init
                0x000000000001cbf4                uip_ds6_nbr_add
                0x000000000001cc8e                uip_ds6_nbr_rm
                0x000000000001cced                uip_ds6_nbr_update_ll
                0x000000000001cdea                uip_ds6_nbr_get_ipaddr
                0x000000000001ce09                uip_ds6_nbr_get_ll
                0x000000000001ce36                uip_ds6_nbr_num
                0x000000000001ce90                uip_ds6_nbr_head
                0x000000000001ceba                uip_ds6_nbr_next
                0x000000000001cee7                uip_ds6_nbr_lookup
                0x000000000001cf4e                uip_ds6_nbr_ll_lookup
                0x000000000001cf7b                uip_ds6_nbr_ipaddr_from_lladdr
                0x000000000001cfae                uip_ds6_nbr_lladdr_from_ipaddr
                0x000000000001cfec                uip_ds6_link_callback
 .text          0x000000000001cffc      0x810 build/cooja/mtype680.a(uip-nd6.o)
                0x000000000001d7e1                uip_nd6_init
 .text          0x000000000001d80c     0x33b0 build/cooja/mtype680.a(sicslowpan.o)
                0x000000000001df0a                netstack_sniffer_add
                0x000000000001df23                netstack_sniffer_remove
                0x0000000000020b7b                sicslowpan_init
                0x0000000000020ba7                sicslowpan_get_last_rssi
 .text          0x0000000000020bbc      0x51a build/cooja/mtype680.a(uiplib.o)
                0x0000000000020bbc                uiplib_ip6addrconv
                0x0000000000020d82                uiplib_ip4addrconv
                0x0000000000020e4f                uiplib_ipaddr_print
                0x0000000000020eb3                uiplib_ipaddr_snprint
 .text          0x00000000000210d6      0x610 build/cooja/mtype680.a(rpl.o)
                0x00000000000210d6                rpl_lollipop_greater_than
                0x0000000000021139                rpl_get_global_address
                0x000000000002126f                rpl_link_callback
                0x00000000000212d2                rpl_has_joined
                0x0000000000021308                rpl_is_reachable
                0x00000000000213ab                rpl_reset_prefix
                0x0000000000021427                rpl_set_prefix_from_addr
                0x0000000000021539                rpl_set_prefix
                0x00000000000216ad                rpl_set_leaf_only
                0x00000000000216d0                rpl_get_leaf_only
 .text          0x00000000000216e6     0x1491 build/cooja/mtype680.a(rpl-icmp6.o)
                0x0000000000021843                rpl_icmp6_update_nbr_table
                0x00000000000218f5                rpl_icmp6_dis_output
                0x0000000000021f0a                rpl_icmp6_dio_output
                0x0000000000022763                rpl_icmp6_dao_output
                0x0000000000022a90                rpl_icmp6_dao_ack_output
                0x0000000000022b17                rpl_icmp6_init
 .text          0x0000000000022b77      0x2e4 build/cooja/mtype680.a(rpl-dag-root.o)
                0x0000000000022b77                rpl_dag_root_print_links
                0x0000000000022cd0                rpl_dag_root_set_prefix
                0x0000000000022d0b                rpl_dag_root_start
                0x0000000000022e19                rpl_dag_root_is_root
 .text          0x0000000000022e5b       0x6b build/cooja/mtype680.a(watchdog.o)
                0x0000000000022e5b                watchdog_init
                0x0000000000022e6b                watchdog_start
                0x0000000000022e7b                watchdog_periodic
                0x0000000000022ea6                watchdog_stop
                0x0000000000022eb6                watchdog_reboot
 .text          0x0000000000022ec6       0x75 build/cooja/mtype680.a(int-master.o)
                0x0000000000022ec6                int_master_enable
                0x0000000000022ee0                int_master_read_and_disable
                0x0000000000022f08                int_master_status_set
                0x0000000000022f21                int_master_is_enabled
 .text          0x0000000000022f3b      0x2bc build/cooja/mtype680.a(coap-timer-defa)
 .text          0x00000000000231f7      0x11d build/cooja/mtype680.a(stimer.o)
                0x00000000000231f7                stimer_set
                0x0000000000023226                stimer_reset
                0x000000000002325d                stimer_restart
                0x0000000000023283                stimer_expired
                0x00000000000232bf                stimer_remaining
                0x00000000000232eb                stimer_elapsed
 .text          0x0000000000023314      0x188 build/cooja/mtype680.a(ringbuf.o)
                0x0000000000023314                ringbuf_init
                0x0000000000023350                ringbuf_put
                0x00000000000233d8                ringbuf_get
                0x000000000002344f                ringbuf_size
                0x000000000002346b                ringbuf_elements
 .text          0x000000000002349c       0x31 build/cooja/mtype680.a(assert.o)
                0x000000000002349c                _xassert
 .text          0x00000000000234cd      0xb68 build/cooja/mtype680.a(nbr-table.o)
                0x000000000002386f                nbr_table_count_entries
                0x000000000002391c                nbr_table_gc_get_worst
                0x000000000002395c                nbr_table_can_accept_new
                0x0000000000023ae5                nbr_table_entry_is_allowed
                0x0000000000023b85                nbr_table_register
                0x0000000000023c03                nbr_table_is_registered
                0x0000000000023c48                nbr_table_head
                0x0000000000023cb5                nbr_table_next
                0x0000000000023d27                nbr_table_add_lladdr
                0x0000000000023e76                nbr_table_get_from_lladdr
                0x0000000000023ed3                nbr_table_remove
                0x0000000000023f1e                nbr_table_lock
                0x0000000000023f44                nbr_table_unlock
                0x0000000000023f6a                nbr_table_get_lladdr
                0x0000000000023fa0                nbr_table_clear
                0x0000000000023fe5                nbr_table_key_head
                0x000000000002400f                nbr_table_key_next
 .text          0x0000000000024035      0x450 build/cooja/mtype680.a(link-stats.o)
                0x0000000000024035                link_stats_from_lladdr
                0x0000000000024062                link_stats_get_lladdr
                0x000000000002408f                link_stats_is_fresh
                0x00000000000240dc                guess_etx_from_rssi
                0x0000000000024162                link_stats_packet_sent
                0x00000000000242a6                link_stats_input_callback
                0x00000000000243da                link_stats_reset
                0x000000000002443c                link_stats_init
 .text          0x0000000000024485      0x1a8 build/cooja/mtype680.a(mac-sequence.o)
                0x0000000000024485                mac_sequence_is_duplicate
                0x0000000000024545                mac_sequence_register_seqno
 .text          0x000000000002462d       0x2d build/cooja/mtype680.a(mac.o)
                0x000000000002462d                mac_call_sent_callback
 .text          0x000000000002465a      0x477 build/cooja/mtype680.a(framer-802154.o)
                0x00000000000247fd                framer_802154_setup_params
 .text          0x0000000000024ad1      0xc1a build/cooja/mtype680.a(frame802154.o)
                0x0000000000024b0c                frame802154_get_pan_id
                0x0000000000024b22                frame802154_set_pan_id
                0x0000000000024b47                frame802154_has_panid
                0x0000000000024d00                frame802154_check_dest_panid
                0x0000000000024d92                frame802154_is_broadcast_addr
                0x0000000000024de9                frame802154_extract_linkaddr
                0x0000000000025072                frame802154_hdrlen
                0x00000000000250ef                frame802154_create_fcf
                0x00000000000251b1                frame802154_create
                0x000000000002533c                frame802154_parse_fcf
                0x0000000000025428                frame802154_parse
 .text          0x00000000000256eb       0x4e build/cooja/mtype680.a(csma-security.o)
                0x00000000000256eb                csma_security_create_frame
                0x000000000002571c                csma_security_parse_frame
 .text          0x0000000000025739      0x5d3 build/cooja/mtype680.a(uipbuf.o)
                0x0000000000025739                uipbuf_clear
                0x0000000000025770                uipbuf_add_ext_hdr
                0x000000000002580b                uipbuf_set_len
                0x0000000000025845                uipbuf_set_len_field
                0x000000000002587b                uipbuf_get_len_field
                0x00000000000258a5                uipbuf_get_next_header
                0x00000000000259f6                uipbuf_get_last_header
                0x0000000000025a79                uipbuf_search_header
                0x0000000000025b3d                uipbuf_get_attr
                0x0000000000025b6e                uipbuf_set_attr
                0x0000000000025baf                uipbuf_set_default_attr
                0x0000000000025bf0                uipbuf_clear_attr
                0x0000000000025c30                uipbuf_set_attr_flag
                0x0000000000025c5c                uipbuf_clr_attr_flag
                0x0000000000025c8e                uipbuf_is_attr_flag
                0x0000000000025cbc                uipbuf_init
 .text          0x0000000000025d0c      0x8b7 build/cooja/mtype680.a(uip-icmp6.o)
                0x0000000000025d91                uip_icmp6_input
                0x0000000000025df2                uip_icmp6_register_input_handler
                0x0000000000025fa6                uip_icmp6_error_output
                0x00000000000262e8                uip_icmp6_send
                0x0000000000026516                uip_icmp6_echo_reply_callback_add
                0x0000000000026559                uip_icmp6_echo_reply_callback_rm
                0x0000000000026587                uip_icmp6_init
 .text          0x00000000000265c3      0x772 build/cooja/mtype680.a(uip-sr.o)
                0x00000000000265c3                uip_sr_num_nodes
                0x000000000002666f                uip_sr_get_node
                0x00000000000266d6                uip_sr_is_addr_reachable
                0x0000000000026793                uip_sr_expire_parent
                0x00000000000267e6                uip_sr_update_node
                0x000000000002692a                uip_sr_init
                0x0000000000026970                uip_sr_node_head
                0x000000000002699a                uip_sr_node_next
                0x00000000000269c0                uip_sr_periodic
                0x0000000000026adc                uip_sr_free_all
                0x0000000000026b61                uip_sr_link_snprint
 .text          0x0000000000026d35      0x1a5 build/cooja/mtype680.a(uip-packetqueue)
                0x0000000000026d75                uip_packetqueue_new
                0x0000000000026d8e                uip_packetqueue_alloc
                0x0000000000026dfd                uip_packetqueue_free
                0x0000000000026e55                uip_packetqueue_buf
                0x0000000000026e7c                uip_packetqueue_buflen
                0x0000000000026ea7                uip_packetqueue_set_buflen
 .text          0x0000000000026eda       0x8d build/cooja/mtype680.a(rpl-nbr-policy.)
                0x0000000000026f26                rpl_nbr_gc_get_worst
 .text          0x0000000000026f67      0xaad build/cooja/mtype680.a(rpl-neighbor.o)
                0x0000000000027003                rpl_neighbor_snprint
                0x00000000000272eb                rpl_neighbor_print_list
                0x00000000000273be                rpl_neighbor_count
                0x00000000000274a1                rpl_neighbor_get_from_lladdr
                0x00000000000274ce                rpl_neighbor_is_acceptable_parent
                0x0000000000027514                rpl_neighbor_get_link_metric
                0x000000000002755a                rpl_neighbor_rank_via_nbr
                0x00000000000275a0                rpl_neighbor_get_lladdr
                0x00000000000275cd                rpl_neighbor_get_ipaddr
                0x0000000000027603                rpl_neighbor_get_link_stats
                0x0000000000027639                rpl_neighbor_is_fresh
                0x000000000002766f                rpl_neighbor_is_parent
                0x00000000000276a6                rpl_neighbor_set_preferred_parent
                0x0000000000027760                rpl_neighbor_remove_all
                0x00000000000277cd                rpl_neighbor_get_from_ipaddr
                0x0000000000027907                rpl_neighbor_select_best
                0x00000000000279e2                rpl_neighbor_init
 .text          0x0000000000027a14     0x11f4 build/cooja/mtype680.a(rpl-dag.o)
                0x0000000000027a14                rpl_dag_state_to_str
                0x0000000000027a62                rpl_dag_get_root_ipaddr
                0x0000000000027ab2                rpl_dag_leave
                0x0000000000027b68                rpl_dag_poison_and_leave
                0x0000000000027b94                rpl_dag_periodic
                0x0000000000027c59                rpl_is_addr_in_our_dag
                0x0000000000027cb8                rpl_get_default_instance
                0x0000000000027ce2                rpl_get_any_dag
                0x0000000000027d58                rpl_refresh_routes
                0x0000000000027dbb                rpl_global_repair
                0x0000000000027e8c                rpl_local_repair
                0x0000000000027ef1                rpl_dag_ready_to_advertise
                0x0000000000027f4a                rpl_dag_update_state
                0x00000000000287c6                rpl_process_dio
                0x0000000000028861                rpl_process_dis
                0x00000000000288b7                rpl_process_dao
                0x0000000000028958                rpl_process_dao_ack
                0x0000000000028a14                rpl_process_hbh
                0x0000000000028a74                rpl_dag_init_root
                0x0000000000028bd6                rpl_dag_init
 .text          0x0000000000028c08      0xd8d build/cooja/mtype680.a(rpl-timers.o)
                0x0000000000028c08                rpl_timers_schedule_periodic_dis
                0x0000000000028db2                rpl_timers_dio_reset
                0x0000000000028f2a                rpl_timers_schedule_unicast_dio
                0x00000000000290fd                rpl_timers_schedule_dao
                0x0000000000029203                rpl_timers_schedule_dao_ack
                0x00000000000292d2                rpl_timers_notify_dao_ack
                0x0000000000029358                get_probing_delay
                0x000000000002939d                get_probing_target
                0x00000000000295d2                rpl_schedule_probing
                0x000000000002961e                rpl_schedule_probing_now
                0x00000000000296b8                rpl_timers_unschedule_leaving
                0x0000000000029712                rpl_timers_schedule_leaving
                0x0000000000029777                rpl_timers_init
                0x0000000000029839                rpl_timers_stop_dag_timers
                0x00000000000298f6                rpl_timers_unschedule_state_update
                0x0000000000029932                rpl_timers_schedule_state_update
 .text          0x0000000000029995      0xd42 build/cooja/mtype680.a(rpl-ext-header.)
                0x0000000000029995                rpl_ext_header_srh_get_next_hop
                0x0000000000029aa0                rpl_ext_header_srh_update
                0x000000000002a0d2                rpl_ext_header_hbh_update
                0x000000000002a451                rpl_ext_header_update
                0x000000000002a500                rpl_ext_header_remove
 .text          0x000000000002a6d7      0x39b build/cooja/mtype680.a(rpl-mrhof.o)
 *fill*         0x000000000002aa72        0xe 
 .text          0x000000000002aa80      0x116 /usr/lib/gcc/i686-linux-gnu/7/libgcc.a(_udivdi3.o)
                0x000000000002aa80                __udivdi3
 *fill*         0x000000000002ab96        0xa 
 .text          0x000000000002aba0       0x14 /usr/lib/i386-linux-gnu/libc_nonshared.a(stack_chk_fail_local.oS)
                0x000000000002aba0                __stack_chk_fail_local
 .text          0x000000000002abb4        0x0 /usr/lib/gcc/i686-linux-gnu/7/crtendS.o
 .text          0x000000000002abb4        0x0 /usr/lib/gcc/i686-linux-gnu/7/../../../i386-linux-gnu/crtn.o
 *(.gnu.warning)

.fini           0x000000000002abb4       0x14
 *(SORT_NONE(.fini))
 .fini          0x000000000002abb4        0xf /usr/lib/gcc/i686-linux-gnu/7/../../../i386-linux-gnu/crti.o
                0x000000000002abb4                _fini
 .fini          0x000000000002abc3        0x5 /usr/lib/gcc/i686-linux-gnu/7/../../../i386-linux-gnu/crtn.o
                [!provide]                        PROVIDE (__etext = .)
                [!provide]                        PROVIDE (_etext = .)
                [!provide]                        PROVIDE (etext = .)

.rodata         0x000000000002abc8      0xcfb
 *(.rodata .rodata.* .gnu.linkonce.r.*)
 .rodata        0x000000000002abc8      0x180 oxygen_server.o
 .rodata        0x000000000002ad48        0x6 build/cooja/mtype680.a(leds-arch.o)
                0x000000000002ad48                leds_arch_leds
 .rodata        0x000000000002ad4e        0x4 build/cooja/mtype680.a(pir-sensor.o)
 .rodata        0x000000000002ad52        0x6 build/cooja/mtype680.a(rs232.o)
 .rodata        0x000000000002ad58        0xa build/cooja/mtype680.a(vib-sensor.o)
 *fill*         0x000000000002ad62        0x2 
 .rodata        0x000000000002ad64       0x27 build/cooja/mtype680.a(cfs-cooja.o)
 *fill*         0x000000000002ad8b        0x1 
 .rodata        0x000000000002ad8c       0x68 build/cooja/mtype680.a(cooja-radio.o)
 .rodata        0x000000000002adf4        0x8 build/cooja/mtype680.a(sensors.o)
 .rodata        0x000000000002adfc       0x14 build/cooja/mtype680.a(buttons.o)
                0x000000000002ae08                button_hal_button_count
 .rodata        0x000000000002ae10      0x380 build/cooja/mtype680.a(oxygen_sensor.o)
 .rodata        0x000000000002b190       0x41 build/cooja/mtype680.a(coap-engine.o)
 .rodata        0x000000000002b1d1       0x19 build/cooja/mtype680.a(coap-res-well-k)
 .rodata        0x000000000002b1ea       0x11 build/cooja/mtype680.a(coap-observe.o)
 .rodata        0x000000000002b1fb       0x35 build/cooja/mtype680.a(coap-uip.o)
 .rodata        0x000000000002b230      0x1ac build/cooja/mtype680.a(coap.o)
 .rodata        0x000000000002b3dc       0xf4 build/cooja/mtype680.a(contiki-main.o)
 .rodata        0x000000000002b4d0        0xf build/cooja/mtype680.a(ctimer.o)
 *fill*         0x000000000002b4df        0x1 
 .rodata        0x000000000002b4e0       0xc4 build/cooja/mtype680.a(log.o)
 .rodata        0x000000000002b5a4        0xc build/cooja/mtype680.a(etimer.o)
 .rodata        0x000000000002b5b0       0x13 build/cooja/mtype680.a(button-hal.o)
 .rodata        0x000000000002b5c3        0xe build/cooja/mtype680.a(serial-line.o)
 *fill*         0x000000000002b5d1        0x3 
 .rodata        0x000000000002b5d4        0x8 build/cooja/mtype680.a(linkaddr.o)
                0x000000000002b5d4                linkaddr_null
 .rodata        0x000000000002b5dc        0x5 build/cooja/mtype680.a(csma.o)
 *fill*         0x000000000002b5e1        0x3 
 .rodata        0x000000000002b5e4       0x2a build/cooja/mtype680.a(csma-output.o)
 *fill*         0x000000000002b60e        0x2 
 .rodata        0x000000000002b610       0x4d build/cooja/mtype680.a(uip-ds6-route.o)
 .rodata        0x000000000002b65d        0xd build/cooja/mtype680.a(tcpip.o)
 *fill*         0x000000000002b66a        0x2 
 .rodata        0x000000000002b66c       0x48 build/cooja/mtype680.a(uip6.o)
 .rodata        0x000000000002b6b4       0x1f build/cooja/mtype680.a(sicslowpan.o)
                0x000000000002b6b4                unc_llconf
                0x000000000002b6b8                unc_ctxconf
                0x000000000002b6bc                unc_mxconf
                0x000000000002b6c0                llprefix
 .rodata        0x000000000002b6d3       0x2d build/cooja/mtype680.a(uiplib.o)
 .rodata        0x000000000002b700        0x9 build/cooja/mtype680.a(rpl.o)
 .rodata        0x000000000002b709       0x13 build/cooja/mtype680.a(coap-timer-defa)
 .rodata        0x000000000002b71c       0x25 build/cooja/mtype680.a(assert.o)
 .rodata        0x000000000002b741       0x44 build/cooja/mtype680.a(uip-sr.o)
 *fill*         0x000000000002b785        0x3 
 .rodata        0x000000000002b788       0x58 build/cooja/mtype680.a(rpl-neighbor.o)
 .rodata        0x000000000002b7e0       0xd7 build/cooja/mtype680.a(rpl-dag.o)
 .rodata        0x000000000002b8b7        0xc build/cooja/mtype680.a(rpl-timers.o)

.rodata1
 *(.rodata1)

.eh_frame_hdr   0x000000000002b8c4     0x1acc
 *(.eh_frame_hdr)
 .eh_frame_hdr  0x000000000002b8c4     0x1acc oxygen_server.o
                0x000000000002b8c4                __GNU_EH_FRAME_HDR
 *(.eh_frame_entry .eh_frame_entry.*)

.eh_frame       0x000000000002d390     0x7408
 *(.eh_frame)
 .eh_frame      0x000000000002d390       0x3c /usr/lib/gcc/i686-linux-gnu/7/../../../i386-linux-gnu/crti.o
                                         0x40 (size before relaxing)
 .eh_frame      0x000000000002d3cc       0x14 /usr/lib/gcc/i686-linux-gnu/7/../../../i386-linux-gnu/crti.o
                                         0x2c (size before relaxing)
 .eh_frame      0x000000000002d3e0       0x6c oxygen_server.o
                                         0x98 (size before relaxing)
 .eh_frame      0x000000000002d44c      0x1ac build/cooja/mtype680.o
                                        0x1ec (size before relaxing)
 .eh_frame      0x000000000002d5f8       0x48 build/cooja/mtype680.a(simEnvChange.o)
                                         0x74 (size before relaxing)
 .eh_frame      0x000000000002d640       0x6c build/cooja/mtype680.a(cooja_mt.o)
                                         0x98 (size before relaxing)
 .eh_frame      0x000000000002d6ac       0x88 build/cooja/mtype680.a(cooja_mtarch.o)
                                         0xc8 (size before relaxing)
 .eh_frame      0x000000000002d734       0xe4 build/cooja/mtype680.a(rtimer-arch.o)
                                        0x110 (size before relaxing)
 .eh_frame      0x000000000002d818      0x160 build/cooja/mtype680.a(beep.o)
                                        0x18c (size before relaxing)
 .eh_frame      0x000000000002d978       0x88 build/cooja/mtype680.a(leds-arch.o)
                                         0xc8 (size before relaxing)
 .eh_frame      0x000000000002da00       0x44 build/cooja/mtype680.a(moteid.o)
                                         0x70 (size before relaxing)
 .eh_frame      0x000000000002da44       0xa4 build/cooja/mtype680.a(pir-sensor.o)
                                         0xe4 (size before relaxing)
 .eh_frame      0x000000000002dae8      0x110 build/cooja/mtype680.a(rs232.o)
                                        0x150 (size before relaxing)
 .eh_frame      0x000000000002dbf8       0xa4 build/cooja/mtype680.a(vib-sensor.o)
                                         0xe4 (size before relaxing)
 .eh_frame      0x000000000002dc9c       0xc0 build/cooja/mtype680.a(clock.o)
                                         0xec (size before relaxing)
 .eh_frame      0x000000000002dd5c      0x130 build/cooja/mtype680.a(cooja-log.o)
                                        0x170 (size before relaxing)
 .eh_frame      0x000000000002de8c      0x16c build/cooja/mtype680.a(cfs-cooja.o)
                                        0x1ac (size before relaxing)
 .eh_frame      0x000000000002dff8      0x374 build/cooja/mtype680.a(cooja-radio.o)
                                        0x3b4 (size before relaxing)
 .eh_frame      0x000000000002e36c       0xa8 build/cooja/mtype680.a(eeprom.o)
                                         0xe8 (size before relaxing)
 .eh_frame      0x000000000002e414       0x48 build/cooja/mtype680.a(random.o)
                                         0x74 (size before relaxing)
 .eh_frame      0x000000000002e45c       0xd0 build/cooja/mtype680.a(sensors.o)
                                        0x110 (size before relaxing)
 .eh_frame      0x000000000002e52c      0x140 build/cooja/mtype680.a(leds.o)
                                        0x180 (size before relaxing)
 .eh_frame      0x000000000002e66c      0x228 build/cooja/mtype680.a(gpio-hal-arch.o)
                                        0x27c (size before relaxing)
 .eh_frame      0x000000000002e894       0xa4 build/cooja/mtype680.a(buttons.o)
                                         0xe4 (size before relaxing)
 .eh_frame      0x000000000002e938       0x90 build/cooja/mtype680.a(oxygen_sensor.o)
                                         0xbc (size before relaxing)
 .eh_frame      0x000000000002e9c8       0x48 build/cooja/mtype680.a(coap-blocking-a)
                                         0x88 (size before relaxing)
 .eh_frame      0x000000000002ea10      0x24c build/cooja/mtype680.a(coap-engine.o)
                                        0x28c (size before relaxing)
 .eh_frame      0x000000000002ec5c       0x2c build/cooja/mtype680.a(coap-res-well-k)
                                         0x58 (size before relaxing)
 .eh_frame      0x000000000002ec88      0x1b4 build/cooja/mtype680.a(coap-observe.o)
                                        0x1f4 (size before relaxing)
 .eh_frame      0x000000000002ee3c      0x278 build/cooja/mtype680.a(coap-uip.o)
                                        0x2b8 (size before relaxing)
 .eh_frame      0x000000000002f0b4      0x128 build/cooja/mtype680.a(coap-timer.o)
                                        0x168 (size before relaxing)
 .eh_frame      0x000000000002f1dc      0x110 build/cooja/mtype680.a(coap-transactio)
                                        0x150 (size before relaxing)
 .eh_frame      0x000000000002f2ec      0x72c build/cooja/mtype680.a(coap.o)
                                        0x76c (size before relaxing)
 .eh_frame      0x000000000002fa18       0x38 build/cooja/mtype680.a(contiki-main.o)
                                         0x64 (size before relaxing)
 .eh_frame      0x000000000002fa50       0x48 build/cooja/mtype680.a(autostart.o)
                                         0x74 (size before relaxing)
 .eh_frame      0x000000000002fa98      0x11c build/cooja/mtype680.a(ctimer.o)
                                        0x15c (size before relaxing)
 .eh_frame      0x000000000002fbb4      0x144 build/cooja/mtype680.a(log.o)
                                        0x184 (size before relaxing)
 .eh_frame      0x000000000002fcf8       0x60 build/cooja/mtype680.a(energest.o)
                                         0x8c (size before relaxing)
 .eh_frame      0x000000000002fd58      0x204 build/cooja/mtype680.a(etimer.o)
                                        0x244 (size before relaxing)
 .eh_frame      0x000000000002ff5c       0x20 build/cooja/mtype680.a(node-id.o)
                                         0x4c (size before relaxing)
 .eh_frame      0x000000000002ff7c       0x6c build/cooja/mtype680.a(rtimer.o)
                                         0xc0 (size before relaxing)
 .eh_frame      0x000000000002ffe8      0x1ec build/cooja/mtype680.a(process.o)
                                        0x22c (size before relaxing)
 .eh_frame      0x00000000000301d4       0xb4 build/cooja/mtype680.a(timer.o)
                                         0xe0 (size before relaxing)
 .eh_frame      0x0000000000030288      0x1a0 build/cooja/mtype680.a(list.o)
                                        0x1cc (size before relaxing)
 .eh_frame      0x0000000000030428       0xa4 build/cooja/mtype680.a(memb.o)
                                         0xe4 (size before relaxing)
 .eh_frame      0x00000000000304cc      0x188 build/cooja/mtype680.a(button-hal.o)
                                        0x1c8 (size before relaxing)
 .eh_frame      0x0000000000030654       0x6c build/cooja/mtype680.a(serial-line.o)
                                         0x98 (size before relaxing)
 .eh_frame      0x00000000000306c0       0xfc build/cooja/mtype680.a(gpio-hal.o)
                                        0x13c (size before relaxing)
 .eh_frame      0x00000000000307bc      0x1c0 build/cooja/mtype680.a(queuebuf.o)
                                        0x200 (size before relaxing)
 .eh_frame      0x000000000003097c      0x2b0 build/cooja/mtype680.a(packetbuf.o)
                                        0x2f0 (size before relaxing)
 .eh_frame      0x0000000000030c2c       0x90 build/cooja/mtype680.a(netstack.o)
                                         0xd0 (size before relaxing)
 .eh_frame      0x0000000000030cbc       0x64 build/cooja/mtype680.a(linkaddr.o)
                                         0x90 (size before relaxing)
 .eh_frame      0x0000000000030d20       0xf0 build/cooja/mtype680.a(csma.o)
                                        0x130 (size before relaxing)
 .eh_frame      0x0000000000030e10      0x1f8 build/cooja/mtype680.a(csma-output.o)
                                        0x238 (size before relaxing)
 .eh_frame      0x0000000000031008      0x364 build/cooja/mtype680.a(uip-ds6.o)
                                        0x3a4 (size before relaxing)
 .eh_frame      0x000000000003136c       0x44 build/cooja/mtype680.a(uip-udp-packet.)
                                         0x84 (size before relaxing)
 .eh_frame      0x00000000000313b0      0x260 build/cooja/mtype680.a(uip-ds6-route.o)
                                        0x2a0 (size before relaxing)
 .eh_frame      0x0000000000031610      0x34c build/cooja/mtype680.a(tcpip.o)
                                        0x38c (size before relaxing)
 .eh_frame      0x000000000003195c      0x2e8 build/cooja/mtype680.a(uip6.o)
                                        0x33c (size before relaxing)
 .eh_frame      0x0000000000031c44      0x1e8 build/cooja/mtype680.a(uip-ds6-nbr.o)
                                        0x228 (size before relaxing)
 .eh_frame      0x0000000000031e2c       0x8c build/cooja/mtype680.a(uip-nd6.o)
                                         0xe0 (size before relaxing)
 .eh_frame      0x0000000000031eb8      0x354 build/cooja/mtype680.a(sicslowpan.o)
                                        0x3a8 (size before relaxing)
 .eh_frame      0x000000000003220c       0x9c build/cooja/mtype680.a(uiplib.o)
                                         0xdc (size before relaxing)
 .eh_frame      0x00000000000322a8      0x1fc build/cooja/mtype680.a(rpl.o)
                                        0x23c (size before relaxing)
 .eh_frame      0x00000000000324a4      0x1f0 build/cooja/mtype680.a(rpl-icmp6.o)
                                        0x230 (size before relaxing)
 .eh_frame      0x0000000000032694       0xb0 build/cooja/mtype680.a(rpl-dag-root.o)
                                         0xf0 (size before relaxing)
 .eh_frame      0x0000000000032744       0xa4 build/cooja/mtype680.a(watchdog.o)
                                         0xd0 (size before relaxing)
 .eh_frame      0x00000000000327e8       0x80 build/cooja/mtype680.a(int-master.o)
                                         0xac (size before relaxing)
 .eh_frame      0x0000000000032868       0xc4 build/cooja/mtype680.a(coap-timer-defa)
                                        0x104 (size before relaxing)
 .eh_frame      0x000000000003292c       0xd8 build/cooja/mtype680.a(stimer.o)
                                        0x104 (size before relaxing)
 .eh_frame      0x0000000000032a04       0xa0 build/cooja/mtype680.a(ringbuf.o)
                                         0xcc (size before relaxing)
 .eh_frame      0x0000000000032aa4       0x24 build/cooja/mtype680.a(assert.o)
                                         0x50 (size before relaxing)
 .eh_frame      0x0000000000032ac8      0x428 build/cooja/mtype680.a(nbr-table.o)
                                        0x468 (size before relaxing)
 .eh_frame      0x0000000000032ef0      0x140 build/cooja/mtype680.a(link-stats.o)
                                        0x180 (size before relaxing)
 .eh_frame      0x0000000000033030       0x50 build/cooja/mtype680.a(mac-sequence.o)
                                         0x7c (size before relaxing)
 .eh_frame      0x0000000000033080       0x20 build/cooja/mtype680.a(mac.o)
                                         0x4c (size before relaxing)
 .eh_frame      0x00000000000330a0       0xb4 build/cooja/mtype680.a(framer-802154.o)
                                         0xf4 (size before relaxing)
 .eh_frame      0x0000000000033154      0x1b0 build/cooja/mtype680.a(frame802154.o)
                                        0x1f0 (size before relaxing)
 .eh_frame      0x0000000000033304       0x44 build/cooja/mtype680.a(csma-security.o)
                                         0x84 (size before relaxing)
 .eh_frame      0x0000000000033348      0x204 build/cooja/mtype680.a(uipbuf.o)
                                        0x230 (size before relaxing)
 .eh_frame      0x000000000003354c      0x170 build/cooja/mtype680.a(uip-icmp6.o)
                                        0x1b0 (size before relaxing)
 .eh_frame      0x00000000000336bc      0x1ac build/cooja/mtype680.a(uip-sr.o)
                                        0x1ec (size before relaxing)
 .eh_frame      0x0000000000033868       0xec build/cooja/mtype680.a(uip-packetqueue)
                                        0x12c (size before relaxing)
 .eh_frame      0x0000000000033954       0x48 build/cooja/mtype680.a(rpl-nbr-policy.)
                                         0x88 (size before relaxing)
 .eh_frame      0x000000000003399c      0x2ec build/cooja/mtype680.a(rpl-neighbor.o)
                                        0x340 (size before relaxing)
 .eh_frame      0x0000000000033c88      0x3c0 build/cooja/mtype680.a(rpl-dag.o)
                                        0x414 (size before relaxing)
 .eh_frame      0x0000000000034048      0x418 build/cooja/mtype680.a(rpl-timers.o)
                                        0x458 (size before relaxing)
 .eh_frame      0x0000000000034460      0x144 build/cooja/mtype680.a(rpl-ext-header.)
                                        0x184 (size before relaxing)
 .eh_frame      0x00000000000345a4      0x150 build/cooja/mtype680.a(rpl-mrhof.o)
                                        0x190 (size before relaxing)
 .eh_frame      0x00000000000346f4       0x84 /usr/lib/gcc/i686-linux-gnu/7/libgcc.a(_udivdi3.o)
                                         0x9c (size before relaxing)
 .eh_frame      0x0000000000034778       0x1c /usr/lib/i386-linux-gnu/libc_nonshared.a(stack_chk_fail_local.oS)
                                         0x48 (size before relaxing)
 .eh_frame      0x0000000000034794        0x4 /usr/lib/gcc/i686-linux-gnu/7/crtendS.o
 *(.eh_frame.*)

.gcc_except_table
 *(.gcc_except_table .gcc_except_table.*)

.gnu_extab
 *(.gnu_extab*)

.exception_ranges
 *(.exception_ranges .exception_ranges*)
                0x0000000000035bf8                . = DATA_SEGMENT_ALIGN (CONSTANT (MAXPAGESIZE), CONSTANT (COMMONPAGESIZE))

.eh_frame
 *(.eh_frame)
 *(.eh_frame.*)

.gnu_extab
 *(.gnu_extab)

.gcc_except_table
 *(.gcc_except_table .gcc_except_table.*)

.exception_ranges
 *(.exception_ranges .exception_ranges*)

.tdata
 *(.tdata .tdata.* .gnu.linkonce.td.*)

.tbss
 *(.tbss .tbss.* .gnu.linkonce.tb.*)
 *(.tcommon)

.preinit_array
 *(.preinit_array)

.init_array     0x0000000000035bf8        0x4
 *(SORT_BY_INIT_PRIORITY(.init_array.*) SORT_BY_INIT_PRIORITY(.ctors.*))
 *(.init_array EXCLUDE_FILE(*crtend?.o *crtend.o *crtbegin?.o *crtbegin.o) .ctors)
 .init_array    0x0000000000035bf8        0x4 /usr/lib/gcc/i686-linux-gnu/7/crtbeginS.o

.fini_array     0x0000000000035bfc        0x4
 *(SORT_BY_INIT_PRIORITY(.fini_array.*) SORT_BY_INIT_PRIORITY(.dtors.*))
 *(.fini_array EXCLUDE_FILE(*crtend?.o *crtend.o *crtbegin?.o *crtbegin.o) .dtors)
 .fini_array    0x0000000000035bfc        0x4 /usr/lib/gcc/i686-linux-gnu/7/crtbeginS.o

.ctors
 *crtbegin.o(.ctors)
 *crtbegin?.o(.ctors)
 *(EXCLUDE_FILE(*crtend?.o *crtend.o) .ctors)
 *(SORT_BY_NAME(.ctors.*))
 *(.ctors)

.dtors
 *crtbegin.o(.dtors)
 *crtbegin?.o(.dtors)
 *(EXCLUDE_FILE(*crtend?.o *crtend.o) .dtors)
 *(SORT_BY_NAME(.dtors.*))
 *(.dtors)

.jcr
 *(.jcr)

.data.rel.ro    0x0000000000035c00      0x198
 *(.data.rel.ro.local* .gnu.linkonce.d.rel.ro.local.*)
 .data.rel.ro.local
                0x0000000000035c00        0x8 oxygen_server.o
                0x0000000000035c00                autostart_processes
 .data.rel.ro.local
                0x0000000000035c08        0x8 build/cooja/mtype680.a(beep.o)
                0x0000000000035c08                beep_interface
 .data.rel.ro.local
                0x0000000000035c10        0x8 build/cooja/mtype680.a(leds-arch.o)
                0x0000000000035c10                leds_interface
 .data.rel.ro.local
                0x0000000000035c18        0x8 build/cooja/mtype680.a(moteid.o)
                0x0000000000035c18                moteid_interface
 .data.rel.ro.local
                0x0000000000035c20       0x18 build/cooja/mtype680.a(pir-sensor.o)
                0x0000000000035c20                pir_interface
                0x0000000000035c28                pir_sensor
 .data.rel.ro.local
                0x0000000000035c38        0x8 build/cooja/mtype680.a(rs232.o)
                0x0000000000035c38                rs232_interface
 .data.rel.ro.local
                0x0000000000035c40       0x18 build/cooja/mtype680.a(vib-sensor.o)
                0x0000000000035c40                vib_interface
                0x0000000000035c48                vib_sensor
 .data.rel.ro.local
                0x0000000000035c58        0x8 build/cooja/mtype680.a(clock.o)
                0x0000000000035c58                clock_interface
 .data.rel.ro.local
                0x0000000000035c60        0x8 build/cooja/mtype680.a(cooja-log.o)
                0x0000000000035c60                simlog_interface
 .data.rel.ro.local
                0x0000000000035c68        0x8 build/cooja/mtype680.a(cfs-cooja.o)
                0x0000000000035c68                cfs_interface
 *fill*         0x0000000000035c70       0x10 
 .data.rel.ro.local
                0x0000000000035c80       0x58 build/cooja/mtype680.a(cooja-radio.o)
                0x0000000000035c80                radio_interface
                0x0000000000035ca0                cooja_radio_driver
 .data.rel.ro.local
                0x0000000000035cd8        0x8 build/cooja/mtype680.a(eeprom.o)
                0x0000000000035cd8                eeprom_interface
 .data.rel.ro.local
                0x0000000000035ce0       0x18 build/cooja/mtype680.a(buttons.o)
                0x0000000000035ce0                button_interface
                0x0000000000035ce8                button_sensor
 .data.rel.ro.local
                0x0000000000035cf8       0x1c build/cooja/mtype680.a(csma.o)
                0x0000000000035cf8                csma_driver
 .data.rel.ro.local
                0x0000000000035d14       0x10 build/cooja/mtype680.a(sicslowpan.o)
                0x0000000000035d14                sicslowpan_driver
 .data.rel.ro.local
                0x0000000000035d24        0xc build/cooja/mtype680.a(coap-timer-defa)
                0x0000000000035d24                coap_timer_default_driver
 .data.rel.ro.local
                0x0000000000035d30        0xc build/cooja/mtype680.a(framer-802154.o)
                0x0000000000035d30                framer_802154
 *(.data.rel.ro .data.rel.ro.* .gnu.linkonce.d.rel.ro.*)
 .data.rel.ro   0x0000000000035d3c        0x0 /usr/lib/gcc/i686-linux-gnu/7/../../../i386-linux-gnu/crti.o
 *fill*         0x0000000000035d3c        0x4 
 .data.rel.ro   0x0000000000035d40       0x54 build/cooja/mtype680.a(rpl.o)
                0x0000000000035d40                rpl_lite_driver
 .data.rel.ro   0x0000000000035d94        0x4 build/cooja/mtype680.a(rpl-dag.o)

.dynamic        0x0000000000035d98       0xf0
 *(.dynamic)
 .dynamic       0x0000000000035d98       0xf0 /usr/lib/gcc/i686-linux-gnu/7/../../../i386-linux-gnu/crti.o
                0x0000000000035d98                _DYNAMIC

.got            0x0000000000035e88      0x16c
 *(.got)
 .got           0x0000000000035e88      0x16c /usr/lib/gcc/i686-linux-gnu/7/../../../i386-linux-gnu/crti.o
 *(.igot)
                0x0000000000035ff4                . = DATA_SEGMENT_RELRO_END (., (SIZEOF (.got.plt) >= 0xc)?0xc:0x0)

.got.plt        0x0000000000036000      0x578
 *(.got.plt)
 .got.plt       0x0000000000036000      0x578 /usr/lib/gcc/i686-linux-gnu/7/../../../i386-linux-gnu/crti.o
                0x0000000000036000                _GLOBAL_OFFSET_TABLE_
 *(.igot.plt)

.data           0x0000000000036580      0x444
 *(.data .data.* .gnu.linkonce.d.*)
 .data          0x0000000000036580        0x0 /usr/lib/gcc/i686-linux-gnu/7/../../../i386-linux-gnu/crti.o
 .data          0x0000000000036580        0x0 /usr/lib/gcc/i686-linux-gnu/7/crtbeginS.o
 .data.rel.local
                0x0000000000036580        0x4 /usr/lib/gcc/i686-linux-gnu/7/crtbeginS.o
                0x0000000000036580                __dso_handle
 .data          0x0000000000036584        0x0 oxygen_server.o
 .data.rel.local
                0x0000000000036584       0x14 oxygen_server.o
                0x0000000000036584                oxygen_server
                0x0000000000036594                service_url
 .data          0x0000000000036598        0x0 build/cooja/mtype680.o
 *fill*         0x0000000000036598        0x8 
 .data.rel      0x00000000000365a0       0x44 build/cooja/mtype680.o
                0x00000000000365a0                simInterfaces
                0x00000000000365d4                sensors
 .data          0x00000000000365e4        0x0 build/cooja/mtype680.a(simEnvChange.o)
 .data          0x00000000000365e4        0x0 build/cooja/mtype680.a(cooja_mt.o)
 .data          0x00000000000365e4        0x0 build/cooja/mtype680.a(cooja_mtarch.o)
 .data          0x00000000000365e4        0x0 build/cooja/mtype680.a(rtimer-arch.o)
 .data          0x00000000000365e4        0x0 build/cooja/mtype680.a(beep.o)
 .data          0x00000000000365e4        0x0 build/cooja/mtype680.a(leds-arch.o)
 .data          0x00000000000365e4        0x0 build/cooja/mtype680.a(moteid.o)
 .data          0x00000000000365e4        0x0 build/cooja/mtype680.a(pir-sensor.o)
 .data          0x00000000000365e4        0x0 build/cooja/mtype680.a(rs232.o)
 .data          0x00000000000365e4        0x0 build/cooja/mtype680.a(vib-sensor.o)
 .data          0x00000000000365e4        0x0 build/cooja/mtype680.a(clock.o)
 .data          0x00000000000365e4        0x0 build/cooja/mtype680.a(cooja-log.o)
 .data          0x00000000000365e4        0x0 build/cooja/mtype680.a(cfs-cooja.o)
 .data          0x00000000000365e4       0x20 build/cooja/mtype680.a(cooja-radio.o)
                0x00000000000365e4                simRadioHWOn
                0x00000000000365e8                simSignalStrength
                0x00000000000365ec                simLastSignalStrength
                0x00000000000365f0                simPower
                0x00000000000365f4                simRadioChannel
                0x00000000000365f8                simLQI
                0x00000000000365fc                simLastLQI
 .data.rel.local
                0x0000000000036604       0x10 build/cooja/mtype680.a(cooja-radio.o)
                0x0000000000036604                cooja_radio_process
 .data          0x0000000000036614        0x0 build/cooja/mtype680.a(eeprom.o)
 .data          0x0000000000036614        0x0 build/cooja/mtype680.a(random.o)
 .data          0x0000000000036614        0x0 build/cooja/mtype680.a(sensors.o)
 .data.rel.local
                0x0000000000036614       0x10 build/cooja/mtype680.a(sensors.o)
                0x0000000000036614                sensors_process
 .data          0x0000000000036624        0x0 build/cooja/mtype680.a(leds.o)
 .data          0x0000000000036624        0x0 build/cooja/mtype680.a(gpio-hal-arch.o)
 .data          0x0000000000036624        0x1 build/cooja/mtype680.a(buttons.o)
                0x0000000000036624                simButtonIsActive
 *fill*         0x0000000000036625       0x1b 
 .data.rel.local
                0x0000000000036640       0x58 build/cooja/mtype680.a(buttons.o)
                0x0000000000036690                button_hal_buttons
 .data          0x0000000000036698       0x10 build/cooja/mtype680.a(oxygen_sensor.o)
 *fill*         0x00000000000366a8       0x18 
 .data.rel.local
                0x00000000000366c0       0x24 build/cooja/mtype680.a(oxygen_sensor.o)
                0x00000000000366c0                oxygen_sensor
 .data          0x00000000000366e4        0x0 build/cooja/mtype680.a(coap-blocking-a)
 .data          0x00000000000366e4        0x0 build/cooja/mtype680.a(coap-engine.o)
 .data.rel.local
                0x00000000000366e4        0x8 build/cooja/mtype680.a(coap-engine.o)
 .data          0x00000000000366ec        0x0 build/cooja/mtype680.a(coap-res-well-k)
 *fill*         0x00000000000366ec       0x14 
 .data.rel.local
                0x0000000000036700       0x24 build/cooja/mtype680.a(coap-res-well-k)
                0x0000000000036700                res_well_known_core
 .data          0x0000000000036724        0x0 build/cooja/mtype680.a(coap-observe.o)
 .data.rel.local
                0x0000000000036724       0x10 build/cooja/mtype680.a(coap-observe.o)
 .data          0x0000000000036734        0x0 build/cooja/mtype680.a(coap-uip.o)
 .data.rel.local
                0x0000000000036734       0x10 build/cooja/mtype680.a(coap-uip.o)
                0x0000000000036734                coap_engine
 .data          0x0000000000036744        0x0 build/cooja/mtype680.a(coap-timer.o)
 .data.rel.local
                0x0000000000036744        0x4 build/cooja/mtype680.a(coap-timer.o)
 .data          0x0000000000036748        0x0 build/cooja/mtype680.a(coap-transactio)
 .data.rel.local
                0x0000000000036748       0x10 build/cooja/mtype680.a(coap-transactio)
 .data          0x0000000000036758        0x0 build/cooja/mtype680.a(coap.o)
 .data.rel.local
                0x0000000000036758        0x4 build/cooja/mtype680.a(coap.o)
                0x0000000000036758                coap_error_message
 .data          0x000000000003675c        0x0 build/cooja/mtype680.a(contiki-main.o)
 .data          0x000000000003675c        0x0 build/cooja/mtype680.a(autostart.o)
 .data          0x000000000003675c        0x0 build/cooja/mtype680.a(ctimer.o)
 .data.rel.local
                0x000000000003675c       0x14 build/cooja/mtype680.a(ctimer.o)
                0x0000000000036760                ctimer_process
 .data          0x0000000000036770        0x4 build/cooja/mtype680.a(log.o)
                0x0000000000036770                curr_log_level_main
 *fill*         0x0000000000036774        0xc 
 .data.rel.local
                0x0000000000036780       0x9c build/cooja/mtype680.a(log.o)
                0x0000000000036780                all_modules
 .data          0x000000000003681c        0x0 build/cooja/mtype680.a(energest.o)
 .data          0x000000000003681c        0x0 build/cooja/mtype680.a(etimer.o)
 .data.rel.local
                0x000000000003681c       0x10 build/cooja/mtype680.a(etimer.o)
                0x000000000003681c                etimer_process
 .data          0x000000000003682c        0x0 build/cooja/mtype680.a(node-id.o)
 .data          0x000000000003682c        0x0 build/cooja/mtype680.a(rtimer.o)
 .data          0x000000000003682c        0x0 build/cooja/mtype680.a(process.o)
 .data          0x000000000003682c        0x0 build/cooja/mtype680.a(timer.o)
 .data          0x000000000003682c        0x0 build/cooja/mtype680.a(list.o)
 .data          0x000000000003682c        0x0 build/cooja/mtype680.a(memb.o)
 .data          0x000000000003682c        0x0 build/cooja/mtype680.a(button-hal.o)
 .data.rel.local
                0x000000000003682c       0x10 build/cooja/mtype680.a(button-hal.o)
                0x000000000003682c                button_hal_process
 .data          0x000000000003683c        0x0 build/cooja/mtype680.a(serial-line.o)
 .data.rel.local
                0x000000000003683c       0x10 build/cooja/mtype680.a(serial-line.o)
                0x000000000003683c                serial_line_process
 .data          0x000000000003684c        0x0 build/cooja/mtype680.a(gpio-hal.o)
 .data.rel.local
                0x000000000003684c        0x4 build/cooja/mtype680.a(gpio-hal.o)
 .data          0x0000000000036850        0x0 build/cooja/mtype680.a(queuebuf.o)
 .data.rel.local
                0x0000000000036850       0x18 build/cooja/mtype680.a(queuebuf.o)
 .data          0x0000000000036868        0x0 build/cooja/mtype680.a(packetbuf.o)
 .data.rel.local
                0x0000000000036868        0x4 build/cooja/mtype680.a(packetbuf.o)
 .data          0x000000000003686c        0x0 build/cooja/mtype680.a(netstack.o)
 .data.rel.local
                0x000000000003686c        0x4 build/cooja/mtype680.a(netstack.o)
 .data          0x0000000000036870        0x0 build/cooja/mtype680.a(linkaddr.o)
 .data          0x0000000000036870        0x0 build/cooja/mtype680.a(csma.o)
 .data          0x0000000000036870        0x0 build/cooja/mtype680.a(csma-output.o)
 .data.rel.local
                0x0000000000036870       0x28 build/cooja/mtype680.a(csma-output.o)
 .data          0x0000000000036898        0x0 build/cooja/mtype680.a(uip-ds6.o)
 .data          0x0000000000036898        0x0 build/cooja/mtype680.a(uip-udp-packet.)
 .data          0x0000000000036898        0x0 build/cooja/mtype680.a(uip-ds6-route.o)
 .data.rel.local
                0x0000000000036898       0x10 build/cooja/mtype680.a(uip-ds6-route.o)
 .data          0x00000000000368a8        0x0 build/cooja/mtype680.a(tcpip.o)
 .data.rel.local
                0x00000000000368a8       0x10 build/cooja/mtype680.a(tcpip.o)
                0x00000000000368a8                tcpip_process
 .data          0x00000000000368b8        0x0 build/cooja/mtype680.a(uip6.o)
 .data          0x00000000000368b8        0x0 build/cooja/mtype680.a(uip-ds6-nbr.o)
 .data.rel.local
                0x00000000000368b8       0x14 build/cooja/mtype680.a(uip-ds6-nbr.o)
 .data          0x00000000000368cc        0x0 build/cooja/mtype680.a(uip-nd6.o)
 .data.rel.local
                0x00000000000368cc        0xc build/cooja/mtype680.a(uip-nd6.o)
 .data          0x00000000000368d8        0x0 build/cooja/mtype680.a(sicslowpan.o)
 .data          0x00000000000368d8        0x0 build/cooja/mtype680.a(uiplib.o)
 .data          0x00000000000368d8        0x0 build/cooja/mtype680.a(rpl.o)
 .data          0x00000000000368d8        0x0 build/cooja/mtype680.a(rpl-icmp6.o)
 .data.rel.local
                0x00000000000368d8       0x30 build/cooja/mtype680.a(rpl-icmp6.o)
 .data          0x0000000000036908        0x0 build/cooja/mtype680.a(rpl-dag-root.o)
 .data          0x0000000000036908        0x0 build/cooja/mtype680.a(watchdog.o)
 .data          0x0000000000036908        0x0 build/cooja/mtype680.a(int-master.o)
 .data          0x0000000000036908        0x0 build/cooja/mtype680.a(coap-timer-defa)
 .data.rel.local
                0x0000000000036908       0x10 build/cooja/mtype680.a(coap-timer-defa)
                0x0000000000036908                coap_timer_process
 .data          0x0000000000036918        0x0 build/cooja/mtype680.a(stimer.o)
 .data          0x0000000000036918        0x0 build/cooja/mtype680.a(ringbuf.o)
 .data          0x0000000000036918        0x0 build/cooja/mtype680.a(assert.o)
 .data          0x0000000000036918        0x0 build/cooja/mtype680.a(nbr-table.o)
 .data.rel.local
                0x0000000000036918       0x10 build/cooja/mtype680.a(nbr-table.o)
 .data          0x0000000000036928        0x0 build/cooja/mtype680.a(link-stats.o)
 .data.rel.local
                0x0000000000036928       0x14 build/cooja/mtype680.a(link-stats.o)
 .data          0x000000000003693c        0x0 build/cooja/mtype680.a(mac-sequence.o)
 .data          0x000000000003693c        0x0 build/cooja/mtype680.a(mac.o)
 .data          0x000000000003693c        0x0 build/cooja/mtype680.a(framer-802154.o)
 .data          0x000000000003693c        0x2 build/cooja/mtype680.a(frame802154.o)
 .data          0x000000000003693e        0x0 build/cooja/mtype680.a(csma-security.o)
 .data          0x000000000003693e        0x0 build/cooja/mtype680.a(uipbuf.o)
 .data          0x000000000003693e        0x0 build/cooja/mtype680.a(uip-icmp6.o)
 *fill*         0x000000000003693e        0x2 
 .data.rel.local
                0x0000000000036940       0x20 build/cooja/mtype680.a(uip-icmp6.o)
 .data          0x0000000000036960        0x0 build/cooja/mtype680.a(uip-sr.o)
 .data.rel.local
                0x0000000000036960       0x10 build/cooja/mtype680.a(uip-sr.o)
 .data          0x0000000000036970        0x0 build/cooja/mtype680.a(uip-packetqueue)
 .data.rel.local
                0x0000000000036970        0xc build/cooja/mtype680.a(uip-packetqueue)
 .data          0x000000000003697c        0x0 build/cooja/mtype680.a(rpl-nbr-policy.)
 .data          0x000000000003697c        0x0 build/cooja/mtype680.a(rpl-neighbor.o)
 .data.rel.local
                0x000000000003697c       0x14 build/cooja/mtype680.a(rpl-neighbor.o)
                0x000000000003698c                rpl_neighbors
 .data          0x0000000000036990        0x0 build/cooja/mtype680.a(rpl-dag.o)
 .data          0x0000000000036990        0x0 build/cooja/mtype680.a(rpl-timers.o)
 .data          0x0000000000036990        0x0 build/cooja/mtype680.a(rpl-ext-header.)
 .data          0x0000000000036990        0x0 build/cooja/mtype680.a(rpl-mrhof.o)
 *fill*         0x0000000000036990       0x10 
 .data.rel.local
                0x00000000000369a0       0x24 build/cooja/mtype680.a(rpl-mrhof.o)
                0x00000000000369a0                rpl_mrhof
 .data          0x00000000000369c4        0x0 /usr/lib/gcc/i686-linux-gnu/7/libgcc.a(_udivdi3.o)
 .data          0x00000000000369c4        0x0 /usr/lib/i386-linux-gnu/libc_nonshared.a(stack_chk_fail_local.oS)
 .data          0x00000000000369c4        0x0 /usr/lib/gcc/i686-linux-gnu/7/crtendS.o
 .data          0x00000000000369c4        0x0 /usr/lib/gcc/i686-linux-gnu/7/../../../i386-linux-gnu/crtn.o

.tm_clone_table
                0x00000000000369c4        0x0
 .tm_clone_table
                0x00000000000369c4        0x0 /usr/lib/gcc/i686-linux-gnu/7/crtbeginS.o
 .tm_clone_table
                0x00000000000369c4        0x0 /usr/lib/gcc/i686-linux-gnu/7/crtendS.o

.data1
 *(.data1)
                0x00000000000369c4                _edata = .
                [!provide]                        PROVIDE (edata = .)
                0x00000000000369c4                . = .
                0x00000000000369c4                __bss_start = .

.bss            0x00000000000369e0    0x143e4
 *(.dynbss)
 .dynbss        0x00000000000369e0        0x0 /usr/lib/gcc/i686-linux-gnu/7/../../../i386-linux-gnu/crti.o
 *(.bss .bss.* .gnu.linkonce.b.*)
 .bss           0x00000000000369e0        0x0 /usr/lib/gcc/i686-linux-gnu/7/../../../i386-linux-gnu/crti.o
 .bss           0x00000000000369e0        0x1 /usr/lib/gcc/i686-linux-gnu/7/crtbeginS.o
 *fill*         0x00000000000369e1       0x1f 
 .bss           0x0000000000036a00      0x14c oxygen_server.o
 *fill*         0x0000000000036b4c       0x14 
 .bss           0x0000000000036b60     0x2040 build/cooja/mtype680.o
 .bss           0x0000000000038ba0        0x1 build/cooja/mtype680.a(simEnvChange.o)
                0x0000000000038ba0                simDontFallAsleep
 *fill*         0x0000000000038ba1        0x3 
 .bss           0x0000000000038ba4        0x4 build/cooja/mtype680.a(cooja_mt.o)
 .bss           0x0000000000038ba8        0x4 build/cooja/mtype680.a(cooja_mtarch.o)