Archive member included to satisfy reference by file (symbol)

build/cooja/mtype229.a(simEnvChange.o)
                              build/cooja/mtype229.o (simDontFallAsleep)
build/cooja/mtype229.a(cooja_mt.o)
                              build/cooja/mtype229.o (cooja_mt_start)
build/cooja/mtype229.a(cooja_mtarch.o)
                              build/cooja/mtype229.a(cooja_mt.o) (cooja_mtarch_start)
build/cooja/mtype229.a(rtimer-arch.o)
                              build/cooja/mtype229.o (rtimer_arch_check)
build/cooja/mtype229.a(beep.o)
                              build/cooja/mtype229.o (beep_interface)
build/cooja/mtype229.a(leds-arch.o)
                              build/cooja/mtype229.o (leds_interface)
build/cooja/mtype229.a(moteid.o)
                              build/cooja/mtype229.o (moteid_interface)
build/cooja/mtype229.a(pir-sensor.o)
                              build/cooja/mtype229.o (pir_interface)
build/cooja/mtype229.a(rs232.o)
                              build/cooja/mtype229.o (rs232_interface)
build/cooja/mtype229.a(vib-sensor.o)
                              build/cooja/mtype229.o (vib_interface)
build/cooja/mtype229.a(clock.o)
                              build/cooja/mtype229.o (clock_interface)
build/cooja/mtype229.a(cooja-log.o)
                              build/cooja/mtype229.o (simlog_interface)
build/cooja/mtype229.a(cfs-cooja.o)
                              build/cooja/mtype229.o (cfs_interface)
build/cooja/mtype229.a(cooja-radio.o)
                              build/cooja/mtype229.o (radio_interface)
build/cooja/mtype229.a(eeprom.o)
                              build/cooja/mtype229.o (eeprom_interface)
build/cooja/mtype229.a(random.o)
                              build/cooja/mtype229.a(moteid.o) (random_init)
build/cooja/mtype229.a(sensors.o)
                              build/cooja/mtype229.a(pir-sensor.o) (sensors_changed)
build/cooja/mtype229.a(leds.o)
                              oxygen_server.o (leds_on)
build/cooja/mtype229.a(gpio-hal-arch.o)
                              build/cooja/mtype229.a(leds-arch.o) (gpio_hal_arch_register_pin_callback)
build/cooja/mtype229.a(buttons.o)
                              build/cooja/mtype229.o (button_interface)
build/cooja/mtype229.a(oxygen_sensor.o)
                              oxygen_server.o (oxygen_sensor)
build/cooja/mtype229.a(coap-blocking-a)
                              oxygen_server.o (coap_blocking_request)
build/cooja/mtype229.a(coap-engine.o)
                              oxygen_server.o (coap_activate_resource)
build/cooja/mtype229.a(coap-res-well-k)
                              build/cooja/mtype229.a(coap-engine.o) (res_well_known_core)
build/cooja/mtype229.a(coap-observe.o)
                              build/cooja/mtype229.a(coap-engine.o) (coap_remove_observer_by_mid)
build/cooja/mtype229.a(coap-uip.o)
                              build/cooja/mtype229.a(coap-observe.o) (coap_endpoint_copy)
build/cooja/mtype229.a(coap-timer.o)
                              build/cooja/mtype229.a(coap-engine.o) (coap_timer_set)
build/cooja/mtype229.a(coap-transactio)
                              build/cooja/mtype229.a(coap-blocking-a) (coap_send_transaction)
build/cooja/mtype229.a(coap.o)
                              build/cooja/mtype229.a(coap-engine.o) (coap_status_code)
build/cooja/mtype229.a(contiki-main.o)
                              build/cooja/mtype229.o (main)
build/cooja/mtype229.a(autostart.o)
                              build/cooja/mtype229.a(contiki-main.o) (autostart_start)
build/cooja/mtype229.a(ctimer.o)
                              build/cooja/mtype229.a(contiki-main.o) (ctimer_init)
build/cooja/mtype229.a(log.o)
                              build/cooja/mtype229.a(contiki-main.o) (curr_log_level_main)
build/cooja/mtype229.a(energest.o)
                              build/cooja/mtype229.a(contiki-main.o) (energest_init)
build/cooja/mtype229.a(etimer.o)
                              build/cooja/mtype229.a(contiki-main.o) (etimer_process)
build/cooja/mtype229.a(node-id.o)
                              build/cooja/mtype229.a(contiki-main.o) (node_id)
build/cooja/mtype229.a(rtimer.o)
                              build/cooja/mtype229.a(contiki-main.o) (rtimer_init)
build/cooja/mtype229.a(process.o)
                              build/cooja/mtype229.a(coap-blocking-a) (process_current)
build/cooja/mtype229.a(timer.o)
                              build/cooja/mtype229.a(etimer.o) (timer_set)
build/cooja/mtype229.a(list.o)
                              build/cooja/mtype229.a(coap-engine.o) (list_init)
build/cooja/mtype229.a(memb.o)
                              build/cooja/mtype229.a(coap-observe.o) (memb_alloc)
build/cooja/mtype229.a(button-hal.o)
                              build/cooja/mtype229.o (button_hal_init)
build/cooja/mtype229.a(serial-line.o)
                              build/cooja/mtype229.a(rs232.o) (serial_line_input_byte)
build/cooja/mtype229.a(gpio-hal.o)
[...]
Memory Configuration

Name             Origin             Length             Attributes
*default*        0x0000000000000000 0xffffffffffffffff

Linker script and memory map

LOAD /usr/lib/gcc/i686-linux-gnu/7/../../../i386-linux-gnu/crti.o
LOAD /usr/lib/gcc/i686-linux-gnu/7/crtbeginS.o
LOAD oxygen_server.o
LOAD build/cooja/mtype229.o
LOAD build/cooja/mtype229.a
LOAD /usr/lib/gcc/i686-linux-gnu/7/libgcc.a
LOAD /usr/lib/gcc/i686-linux-gnu/7/libgcc_s.so
START GROUP
LOAD /usr/lib/gcc/i686-linux-gnu/7/libgcc_s.so.1
LOAD /usr/lib/gcc/i686-linux-gnu/7/libgcc.a
END GROUP
LOAD /usr/lib/gcc/i686-linux-gnu/7/../../../i386-linux-gnu/libc.so
START GROUP
LOAD /lib/i386-linux-gnu/libc.so.6
LOAD /usr/lib/i386-linux-gnu/libc_nonshared.a
LOAD /lib/i386-linux-gnu/ld-linux.so.2
END GROUP
LOAD /usr/lib/gcc/i686-linux-gnu/7/libgcc.a
LOAD /usr/lib/gcc/i686-linux-gnu/7/libgcc_s.so
START GROUP
LOAD /usr/lib/gcc/i686-linux-gnu/7/libgcc_s.so.1
LOAD /usr/lib/gcc/i686-linux-gnu/7/libgcc.a
END GROUP
LOAD /usr/lib/gcc/i686-linux-gnu/7/crtendS.o
LOAD /usr/lib/gcc/i686-linux-gnu/7/../../../i386-linux-gnu/crtn.o
                0x0000000000000114                . = (SEGMENT_START ("text-segment", 0x0) + SIZEOF_HEADERS)

.note.gnu.build-id
                0x0000000000000114       0x24
 *(.note.gnu.build-id)
 .note.gnu.build-id
                0x0000000000000114       0x24 /usr/lib/gcc/i686-linux-gnu/7/../../../i386-linux-gnu/crti.o

.hash
 *(.hash)

.gnu.hash       0x0000000000000138     0x15dc
 *(.gnu.hash)
 .gnu.hash      0x0000000000000138     0x15dc /usr/lib/gcc/i686-linux-gnu/7/../../../i386-linux-gnu/crti.o

.dynsym         0x0000000000001714     0x2ff0
 *(.dynsym)
 .dynsym        0x0000000000001714     0x2ff0 /usr/lib/gcc/i686-linux-gnu/7/../../../i386-linux-gnu/crti.o

.dynstr         0x0000000000004704     0x3780
 *(.dynstr)
 .dynstr        0x0000000000004704     0x3780 /usr/lib/gcc/i686-linux-gnu/7/../../../i386-linux-gnu/crti.o

.gnu.version    0x0000000000007e84      0x5fe
 *(.gnu.version)
 .gnu.version   0x0000000000007e84      0x5fe /usr/lib/gcc/i686-linux-gnu/7/../../../i386-linux-gnu/crti.o

.gnu.version_d  0x0000000000008484        0x0
 *(.gnu.version_d)
 .gnu.version_d
                0x0000000000008484        0x0 /usr/lib/gcc/i686-linux-gnu/7/../../../i386-linux-gnu/crti.o

.gnu.version_r  0x0000000000008484       0x40
 *(.gnu.version_r)
 .gnu.version_r
                0x0000000000008484       0x40 /usr/lib/gcc/i686-linux-gnu/7/../../../i386-linux-gnu/crti.o

.rel.dyn        0x00000000000084c4      0xf80
 *(.rel.init)
 .rel.init      0x00000000000084c4        0x0 /usr/lib/gcc/i686-linux-gnu/7/../../../i386-linux-gnu/crti.o
 *(.rel.text .rel.text.* .rel.gnu.linkonce.t.*)
 .rel.text      0x00000000000084c4      0x5c0 /usr/lib/gcc/i686-linux-gnu/7/../../../i386-linux-gnu/crti.o
 *(.rel.fini)
 .rel.fini      0x0000000000008a84        0x0 /usr/lib/gcc/i686-linux-gnu/7/../../../i386-linux-gnu/crti.o
 *(.rel.rodata .rel.rodata.* .rel.gnu.linkonce.r.*)
 *(.rel.data.rel.ro .rel.data.rel.ro.* .rel.gnu.linkonce.d.rel.ro.*)
 .rel.data.rel.ro.local
                0x0000000000008a84      0x220 /usr/lib/gcc/i686-linux-gnu/7/../../../i386-linux-gnu/crti.o
 .rel.data.rel.ro
                0x0000000000008ca4       0xb0 /usr/lib/gcc/i686-linux-gnu/7/../../../i386-linux-gnu/crti.o
 *(.rel.data .rel.data.* .rel.gnu.linkonce.d.*)
 .rel.data.rel.local
                0x0000000000008d54      0x390 /usr/lib/gcc/i686-linux-gnu/7/../../../i386-linux-gnu/crti.o
 .rel.data.rel  0x00000000000090e4       0x78 /usr/lib/gcc/i686-linux-gnu/7/../../../i386-linux-gnu/crti.o
 *(.rel.tdata .rel.tdata.* .rel.gnu.linkonce.td.*)
 *(.rel.tbss .rel.tbss.* .rel.gnu.linkonce.tb.*)
 *(.rel.ctors)
 *(.rel.dtors)
 *(.rel.got)
 .rel.got       0x000000000000915c      0x2d8 /usr/lib/gcc/i686-linux-gnu/7/../../../i386-linux-gnu/crti.o
 *(.rel.bss .rel.bss.* .rel.gnu.linkonce.b.*)
 *(.rel.ifunc)
 .rel.ifunc     0x0000000000009434        0x0 /usr/lib/gcc/i686-linux-gnu/7/../../../i386-linux-gnu/crti.o
 .rel.fini_array
                0x0000000000009434        0x8 /usr/lib/gcc/i686-linux-gnu/7/../../../i386-linux-gnu/crti.o
 .rel.init_array
                0x000000000000943c        0x8 /usr/lib/gcc/i686-linux-gnu/7/../../../i386-linux-gnu/crti.o

.rel.plt        0x0000000000009444      0xad8
 *(.rel.plt)
 .rel.plt       0x0000000000009444      0xad8 /usr/lib/gcc/i686-linux-gnu/7/../../../i386-linux-gnu/crti.o
 *(.rel.iplt)

.init           0x0000000000009f1c       0x23
 *(SORT_NONE(.init))
 .init          0x0000000000009f1c       0x1e /usr/lib/gcc/i686-linux-gnu/7/../../../i386-linux-gnu/crti.o
                0x0000000000009f1c                _init
 .init          0x0000000000009f3a        0x5 /usr/lib/gcc/i686-linux-gnu/7/../../../i386-linux-gnu/crtn.o

.plt            0x0000000000009f40     0x15c0
 *(.plt)
 .plt           0x0000000000009f40     0x15c0 /usr/lib/gcc/i686-linux-gnu/7/../../../i386-linux-gnu/crti.o
 *(.iplt)

.plt.got        0x000000000000b500       0x18
 *(.plt.got)
 .plt.got       0x000000000000b500       0x18 /usr/lib/gcc/i686-linux-gnu/7/../../../i386-linux-gnu/crti.o

.plt.sec
 *(.plt.sec)

.text           0x000000000000b520    0x1f6a4
 *(.text.unlikely .text.*_unlikely .text.unlikely.*)
 *(.text.exit .text.exit.*)
 *(.text.startup .text.startup.*)
 *(.text.hot .text.hot.*)
 *(.text .stub .text.* .gnu.linkonce.t.*)
 .text          0x000000000000b520        0x0 /usr/lib/gcc/i686-linux-gnu/7/../../../i386-linux-gnu/crti.o
 .gnu.linkonce.t.__x86.get_pc_thunk.bx
                0x000000000000b520        0x4 /usr/lib/gcc/i686-linux-gnu/7/../../../i386-linux-gnu/crti.o
                0x000000000000b520                __x86.get_pc_thunk.bx
 *fill*         0x000000000000b524        0xc 
 .text          0x000000000000b530       0xe9 /usr/lib/gcc/i686-linux-gnu/7/crtbeginS.o
 .text.__x86.get_pc_thunk.dx
                0x000000000000b619        0x4 /usr/lib/gcc/i686-linux-gnu/7/crtbeginS.o
                0x000000000000b619                __x86.get_pc_thunk.dx
 .text          0x000000000000b61d      0x511 oxygen_server.o
                0x000000000000b6d0                client_chunk_handler
 .text          0x000000000000bb2e      0x36b build/cooja/mtype229.o
                0x000000000000bbe0                platform_init_stage_one
                0x000000000000bc03                platform_init_stage_two
                0x000000000000bc26                platform_init_stage_three
                0x000000000000bc49                platform_main_loop
                0x000000000000bcef                Java_org_contikios_cooja_corecomm_Lib28_init
                0x000000000000bd3d                Java_org_contikios_cooja_corecomm_Lib28_getMemory
                0x000000000000bd7d                Java_org_contikios_cooja_corecomm_Lib28_setMemory
                0x000000000000bdee                Java_org_contikios_cooja_corecomm_Lib28_tick
                0x000000000000be78                Java_org_contikios_cooja_corecomm_Lib28_setReferenceAddress
 .text.__x86.get_pc_thunk.ax
                0x000000000000be99        0x4 build/cooja/mtype229.o
                0x000000000000be99                __x86.get_pc_thunk.ax
 .text          0x000000000000be9d       0x8d build/cooja/mtype229.a(simEnvChange.o)
                0x000000000000be9d                doActionsBeforeTick
                0x000000000000bee3                doActionsAfterTick
 .text          0x000000000000bf2a       0xb6 build/cooja/mtype229.a(cooja_mt.o)
                0x000000000000bf2a                cooja_mt_start
                0x000000000000bf64                cooja_mt_exec
                0x000000000000bfab                cooja_mt_yield
 .text          0x000000000000bfe0       0xf2 build/cooja/mtype229.a(cooja_mtarch.o)
                0x000000000000bfe0                cooja_mtarch_start
                0x000000000000c064                cooja_sw
                0x000000000000c092                cooja_mtarch_exec
                0x000000000000c0bd                cooja_mtarch_yield
 .text          0x000000000000c0d2      0x127 build/cooja/mtype229.a(rtimer-arch.o)
                0x000000000000c0d2                rtimer_arch_init
                0x000000000000c101                rtimer_arch_schedule
                0x000000000000c143                rtimer_arch_next
                0x000000000000c15d                rtimer_arch_pending
                0x000000000000c174                rtimer_arch_check
                0x000000000000c1df                rtimer_arch_now
 .text.__x86.get_pc_thunk.cx
                0x000000000000c1f9        0x4 build/cooja/mtype229.a(rtimer-arch.o)
                0x000000000000c1f9                __x86.get_pc_thunk.cx
 .text          0x000000000000c1fd      0x101 build/cooja/mtype229.a(beep.o)
                0x000000000000c1fd                beep_alarm
                0x000000000000c216                beep_beep
                0x000000000000c22f                beep
                0x000000000000c248                beep_down
                0x000000000000c261                beep_on
                0x000000000000c27a                beep_off
                0x000000000000c293                beep_spinup
                0x000000000000c2ac                beep_quick
                0x000000000000c2c5                beep_long
 .text          0x000000000000c2fe       0x9f build/cooja/mtype229.a(leds-arch.o)
                0x000000000000c322                leds_arch_init
 .text          0x000000000000c39d       0x56 build/cooja/mtype229.a(moteid.o)
 .text          0x000000000000c3f3      0x101 build/cooja/mtype229.a(pir-sensor.o)
 .text          0x000000000000c4f4      0x1cc build/cooja/mtype229.a(rs232.o)
                0x000000000000c4f4                rs232_init
                0x000000000000c504                rs232_set_speed
                0x000000000000c51d                rs232_set_input
                0x000000000000c536                rs232_send
                0x000000000000c56c                rs232_print
                0x000000000000c59a                slip_arch_writeb
 .text          0x000000000000c6c0      0x101 build/cooja/mtype229.a(vib-sensor.o)
 .text          0x000000000000c7c1       0x7a build/cooja/mtype229.a(clock.o)
                0x000000000000c7c1                clock_init
                0x000000000000c7d1                clock_time
                0x000000000000c7e8                clock_seconds
                0x000000000000c80b                clock_delay
 .text          0x000000000000c83b      0x2b5 build/cooja/mtype229.a(cooja-log.o)
                0x000000000000c83b                simlog_char
                0x000000000000c89f                simlog
                0x000000000000c939                log_message
                0x000000000000c988                log_set_putchar_with_slip
                0x000000000000c9a1                log_putchar
                0x000000000000ca2c                log_puts
                0x000000000000ca5e                log_printf
 .text          0x000000000000caf0      0x36c build/cooja/mtype229.a(cfs-cooja.o)
                0x000000000000caf0                cfs_open
                0x000000000000cb68                cfs_close
                0x000000000000cb7f                cfs_read
                0x000000000000cc33                cfs_write
                0x000000000000cd31                cfs_seek
                0x000000000000cdce                cfs_remove
                0x000000000000ce04                cfs_opendir
                0x000000000000ce18                cfs_readdir
                0x000000000000ce2c                cfs_closedir
 .text          0x000000000000ce5c      0x78b build/cooja/mtype229.a(cooja-radio.o)
                0x000000000000ceca                radio_set_channel
                0x000000000000cee3                radio_set_txpower
                0x000000000000cf06                radio_signal_strength_last
                0x000000000000cf1b                radio_signal_strength_current
                0x000000000000cf30                radio_LQI
 .text          0x000000000000d5e7      0x130 build/cooja/mtype229.a(eeprom.o)
                0x000000000000d5e7                eeprom_init
                0x000000000000d5f7                eeprom_read
                0x000000000000d677                eeprom_write
 .text          0x000000000000d717       0x4e build/cooja/mtype229.a(random.o)
                0x000000000000d717                random_init
                0x000000000000d747                random_rand
 .text          0x000000000000d765      0x332 build/cooja/mtype229.a(sensors.o)
                0x000000000000d7ac                sensors_first
                0x000000000000d7c3                sensors_next
                0x000000000000d7ee                sensors_changed
                0x000000000000d83b                sensors_find
 .text          0x000000000000da97      0x3fc build/cooja/mtype229.a(leds.o)
                0x000000000000da97                leds_init
                0x000000000000daef                leds_single_on
                0x000000000000db67                leds_single_off
                0x000000000000dbdf                leds_single_toggle
                0x000000000000dc23                leds_on
                0x000000000000dcbb                leds_off
                0x000000000000dd53                leds_toggle
                0x000000000000ddb9                leds_set
                0x000000000000ddef                leds_get
 .text          0x000000000000de93      0x401 build/cooja/mtype229.a(gpio-hal-arch.o)
                0x000000000000de93                gpio_hal_arch_register_pin_callback
                0x000000000000df14                gpio_hal_arch_init
                0x000000000000df6e                gpio_hal_arch_no_port_interrupt_enable
                0x000000000000dfa8                gpio_hal_arch_no_port_interrupt_disable
                0x000000000000dfe2                gpio_hal_arch_no_port_pin_cfg_set
                0x000000000000e011                gpio_hal_arch_no_port_pin_cfg_get
                0x000000000000e041                gpio_hal_arch_no_port_pin_set_input
                0x000000000000e05d                gpio_hal_arch_no_port_pin_set_output
                0x000000000000e079                gpio_hal_arch_no_port_set_pin
                0x000000000000e0a4                gpio_hal_arch_no_port_clear_pin
                0x000000000000e0cf                gpio_hal_arch_no_port_read_pin
                0x000000000000e101                gpio_hal_arch_no_port_write_pin
                0x000000000000e135                gpio_hal_arch_no_port_set_pins
                0x000000000000e186                gpio_hal_arch_no_port_clear_pins
                0x000000000000e1d7                gpio_hal_arch_no_port_read_pins
                0x000000000000e22a                gpio_hal_arch_no_port_write_pins
 .text          0x000000000000e294       0xc6 build/cooja/mtype229.a(buttons.o)
 .text          0x000000000000e35a      0x868 build/cooja/mtype229.a(oxygen_sensor.o)
 .text          0x000000000000ebc2      0x29c build/cooja/mtype229.a(coap-blocking-a)
                0x000000000000ebc2                coap_blocking_request_callback
                0x000000000000ebfc                coap_blocking_request
 .text          0x000000000000ee5e      0xd4f build/cooja/mtype229.a(coap-engine.o)
                0x000000000000ef2f                coap_add_handler
                0x000000000000ef5d                coap_remove_handler
                0x000000000000ef8b                coap_call_handlers
                0x000000000000f0b2                coap_receive
                0x000000000000f72c                coap_engine_init
                0x000000000000f79f                coap_activate_resource
                0x000000000000f85c                coap_get_first_resource
                0x000000000000f886                coap_get_next_resource
 .text          0x000000000000fbad      0x2ed build/cooja/mtype229.a(coap-res-well-k)
 .text          0x000000000000fe9a      0xa13 build/cooja/mtype229.a(coap-observe.o)
                0x000000000000ffd5                coap_remove_observer
                0x0000000000010017                coap_remove_observer_by_client
                0x000000000001008f                coap_remove_observer_by_token
                0x0000000000010132                coap_remove_observer_by_uri
                0x00000000000101e9                coap_remove_observer_by_mid
                0x0000000000010275                coap_notify_observers
                0x0000000000010298                coap_notify_observers_sub
                0x0000000000010709                coap_observe_handler
                0x0000000000010834                coap_has_observers
 .text          0x00000000000108ad      0x84c build/cooja/mtype229.a(coap-uip.o)
                0x00000000000108ad                coap_endpoint_log
                0x000000000001094a                coap_endpoint_print
                0x00000000000109e7                coap_endpoint_snprint
                0x0000000000010b30                coap_endpoint_copy
                0x0000000000010b77                coap_endpoint_cmp
                0x0000000000010ca8                coap_endpoint_parse
                0x0000000000010eb9                coap_endpoint_is_secure
                0x0000000000010ed2                coap_endpoint_is_connected
                0x0000000000010f16                coap_endpoint_connect
                0x0000000000010f3c                coap_endpoint_disconnect
                0x0000000000010f4c                coap_databuf
                0x0000000000010f63                coap_transport_init
                0x0000000000010fd9                coap_sendto
 .text          0x00000000000110f9      0x3ad build/cooja/mtype229.a(coap-timer.o)
                0x000000000001121e                coap_timer_stop
                0x0000000000011259                coap_timer_set
                0x00000000000112a6                coap_timer_reset
                0x00000000000112f3                coap_timer_time_to_next_expiration
                0x0000000000011370                coap_timer_run
                0x0000000000011452                coap_timer_init
 .text          0x00000000000114a6      0x334 build/cooja/mtype229.a(coap-transactio)
                0x0000000000011534                coap_new_transaction
                0x00000000000115ac                coap_send_transaction
                0x000000000001171e                coap_clear_transaction
                0x0000000000011778                coap_get_transaction_by_mid
 .text          0x00000000000117da     0x1f9f build/cooja/mtype229.a(coap.o)
                0x0000000000011dd5                coap_init_connection
                0x0000000000011dfa                coap_get_mid
                0x0000000000011e21                coap_init_message
                0x0000000000011e7a                coap_serialize_message
                0x0000000000012511                coap_parse_message
                0x0000000000012c2d                coap_get_query_variable
                0x0000000000012c79                coap_get_post_variable
                0x0000000000012cc7                coap_set_status_code
                0x0000000000012cf6                coap_set_token
                0x0000000000012d4d                coap_get_header_content_format
                0x0000000000012d88                coap_set_header_content_format
                0x0000000000012db5                coap_get_header_accept
                0x0000000000012df0                coap_set_header_accept
                0x0000000000012e1d                coap_get_header_max_age
                0x0000000000012e58                coap_set_header_max_age
                0x0000000000012e82                coap_get_header_etag
                0x0000000000012ebe                coap_set_header_etag
                0x0000000000012f25                coap_get_header_if_match
                0x0000000000012f61                coap_set_header_if_match
                0x0000000000012fc8                coap_get_header_if_none_match
                0x0000000000012fec                coap_set_header_if_none_match
                0x000000000001300d                coap_get_header_proxy_uri
                0x0000000000013045                coap_set_header_proxy_uri
                0x0000000000013092                coap_get_header_uri_host
                0x00000000000130ca                coap_set_header_uri_host
                0x0000000000013117                coap_get_header_uri_path
                0x000000000001314f                coap_set_header_uri_path
                0x00000000000131ad                coap_get_header_uri_query
                0x00000000000131eb                coap_set_header_uri_query
                0x0000000000013252                coap_get_header_location_path
                0x000000000001328a                coap_set_header_location_path
                0x0000000000013332                coap_get_header_location_query
                0x000000000001336a                coap_set_header_location_query
                0x00000000000133c8                coap_get_header_observe
                0x0000000000013401                coap_set_header_observe
                0x000000000001342b                coap_get_header_block2
                0x00000000000134a1                coap_set_header_block2
                0x0000000000013522                coap_get_header_block1
                0x00000000000135a1                coap_set_header_block1
                0x0000000000013626                coap_get_header_size2
                0x0000000000013660                coap_set_header_size2
                0x000000000001368d                coap_get_header_size1
                0x00000000000136c7                coap_set_header_size1
                0x00000000000136f4                coap_get_payload
                0x0000000000013738                coap_set_payload
 .text          0x0000000000013779      0x3c6 build/cooja/mtype229.a(contiki-main.o)
                0x0000000000013779                main
 .text          0x0000000000013b3f       0xb0 build/cooja/mtype229.a(autostart.o)
                0x0000000000013b3f                autostart_start
                0x0000000000013b98                autostart_exit
 .text          0x0000000000013bef      0x400 build/cooja/mtype229.a(ctimer.o)
                0x0000000000013d32                ctimer_init
                0x0000000000013d77                ctimer_set
                0x0000000000013daa                ctimer_set_with_process
                0x0000000000013e41                ctimer_reset
                0x0000000000013eaf                ctimer_restart
                0x0000000000013f1d                ctimer_stop
                0x0000000000013f7d                ctimer_expired
 .text          0x0000000000013fef      0x4a3 build/cooja/mtype229.a(log.o)
                0x0000000000013fef                log_6addr
                0x0000000000014053                log_6addr_compact_snprint
                0x0000000000014113                log_6addr_compact
                0x0000000000014177                log_lladdr
                0x00000000000141fe                log_lladdr_compact
                0x000000000001427b                log_bytes
                0x00000000000142cf                log_set_level
                0x00000000000143ad                log_get_level
                0x000000000001443e                log_level_to_str
 .text          0x0000000000014492       0x39 build/cooja/mtype229.a(energest.o)
                0x0000000000014492                energest_init
                0x00000000000144a2                energest_flush
                0x00000000000144b2                energest_get_total_time
 .text          0x00000000000144cb      0x527 build/cooja/mtype229.a(etimer.o)
                0x0000000000014720                etimer_request_poll
                0x00000000000147d1                etimer_set
                0x000000000001480a                etimer_reset_with_new_interval
                0x0000000000014849                etimer_reset
                0x000000000001487f                etimer_restart
                0x00000000000148b5                etimer_adjust
                0x00000000000148dc                etimer_expired
                0x00000000000148f9                etimer_expiration_time
                0x0000000000014915                etimer_start_time
                0x0000000000014929                etimer_pending
                0x0000000000014946                etimer_next_expiration_time
                0x000000000001496e                etimer_stop
 .text          0x00000000000149f2       0x36 build/cooja/mtype229.a(node-id.o)
                0x00000000000149f2                node_id_init
 .text          0x0000000000014a28      0x122 build/cooja/mtype229.a(rtimer.o)
                0x0000000000014a28                rtimer_init
                0x0000000000014a47                rtimer_set
                0x0000000000014ad5                rtimer_run_next
 .text          0x0000000000014b4a      0x5cb build/cooja/mtype229.a(process.o)
                0x0000000000014b4a                process_alloc_event
                0x0000000000014b6b                process_start
                0x0000000000014d70                process_exit
                0x0000000000014d98                process_init
                0x0000000000014f60                process_run
                0x0000000000014fa3                process_nevents
                0x0000000000014fc8                process_post
                0x0000000000015075                process_post_synch
                0x00000000000150bb                process_poll
                0x00000000000150f7                process_is_running
 .text.__x86.get_pc_thunk.si
                0x0000000000015115        0x4 build/cooja/mtype229.a(process.o)
                0x0000000000015115                __x86.get_pc_thunk.si
 .text          0x0000000000015119       0xf6 build/cooja/mtype229.a(timer.o)
                0x0000000000015119                timer_set
                0x0000000000015148                timer_reset
                0x000000000001517f                timer_restart
                0x00000000000151a5                timer_expired
                0x00000000000151e3                timer_remaining
 .text          0x000000000001520f      0x311 build/cooja/mtype229.a(list.o)
                0x000000000001520f                list_init
                0x0000000000015228                list_head
                0x000000000001523c                list_copy
                0x0000000000015256                list_tail
                0x0000000000015296                list_add
                0x00000000000152ec                list_push
                0x0000000000015322                list_chop
                0x0000000000015396                list_pop
                0x00000000000153c8                list_remove
                0x000000000001543a                list_length
                0x0000000000015472                list_insert
                0x00000000000154c1                list_item_next
                0x00000000000154e2                list_contains
 .text          0x0000000000015520      0x1ec build/cooja/mtype229.a(memb.o)
                0x0000000000015520                memb_init
                0x0000000000015584                memb_alloc
                0x00000000000155f1                memb_free
                0x0000000000015672                memb_inmemb
                0x00000000000156bb                memb_numfree
 .text          0x000000000001570c      0x566 build/cooja/mtype229.a(button-hal.o)
                0x0000000000015900                button_hal_get_by_id
                0x000000000001594a                button_hal_get_by_index
                0x0000000000015984                button_hal_get_state
                0x00000000000159e6                button_hal_init
 .text          0x0000000000015c72      0x242 build/cooja/mtype229.a(serial-line.o)
                0x0000000000015c72                serial_line_input_byte
                0x0000000000015e6a                serial_line_init
 .text          0x0000000000015eb4      0x1d6 build/cooja/mtype229.a(gpio-hal.o)
                0x0000000000015eb4                gpio_hal_register_handler
                0x0000000000015ee2                gpio_hal_event_handler
                0x0000000000015f4f                gpio_hal_init
                0x0000000000015f7e                gpio_hal_arch_port_toggle_pin
                0x0000000000015fc9                gpio_hal_arch_port_toggle_pins
                0x0000000000016006                gpio_hal_arch_no_port_toggle_pin
                0x0000000000016053                gpio_hal_arch_no_port_toggle_pins
 .text          0x000000000001608a      0x3a9 build/cooja/mtype229.a(queuebuf.o)
                0x000000000001609e                queuebuf_init
                0x00000000000160da                queuebuf_numfree
                0x0000000000016104                queuebuf_new_from_packetbuf
                0x00000000000161b8                queuebuf_update_attr_from_packetbuf
                0x00000000000161fc                queuebuf_update_from_packetbuf
                0x000000000001625b                queuebuf_free
                0x00000000000162b9                queuebuf_to_packetbuf
                0x0000000000016336                queuebuf_dataptr
                0x0000000000016382                queuebuf_datalen
                0x00000000000163af                queuebuf_addr
                0x00000000000163ee                queuebuf_attr
                0x0000000000016423                queuebuf_debug_print
 .text          0x0000000000016433      0x4dd build/cooja/mtype229.a(packetbuf.o)
                0x0000000000016433                packetbuf_clear
                0x0000000000016469                packetbuf_copyfrom
                0x00000000000164c9                packetbuf_copyto
                0x0000000000016567                packetbuf_hdralloc
                0x00000000000165f7                packetbuf_hdrreduce
                0x0000000000016649                packetbuf_set_datalen
                0x000000000001666e                packetbuf_dataptr
                0x0000000000016695                packetbuf_hdrptr
                0x00000000000166aa                packetbuf_datalen
                0x00000000000166c0                packetbuf_hdrlen
                0x00000000000166df                packetbuf_totlen
                0x00000000000166ff                packetbuf_remaininglen
                0x000000000001671c                packetbuf_attr_clear
                0x0000000000016782                packetbuf_attr_copyto
                0x00000000000167c8                packetbuf_attr_copyfrom
                0x000000000001680e                packetbuf_set_attr
                0x0000000000016844                packetbuf_attr
                0x000000000001686a                packetbuf_set_addr
                0x00000000000168b2                packetbuf_addr
                0x00000000000168dc                packetbuf_holds_broadcast
 .text          0x0000000000016910      0x13c build/cooja/mtype229.a(netstack.o)
                0x0000000000016910                netstack_process_ip_callback
                0x00000000000169b1                netstack_ip_packet_processor_add
                0x00000000000169e5                uip_ds6_ip_packet_processor_rm
                0x0000000000016a13                netstack_init
 .text          0x0000000000016a4c       0x75 build/cooja/mtype229.a(linkaddr.o)
                0x0000000000016a4c                linkaddr_copy
                0x0000000000016a6c                linkaddr_cmp
                0x0000000000016a9f                linkaddr_set_node_addr
 .text          0x0000000000016ac1      0x2ae build/cooja/mtype229.a(csma.o)
 .text          0x0000000000016d6f      0xa6f build/cooja/mtype229.a(csma-output.o)
                0x00000000000174e1                csma_output_packet
                0x0000000000017790                csma_output_init
 .text          0x00000000000177de      0xe47 build/cooja/mtype229.a(uip-ds6.o)
                0x00000000000177de                uip_ds6_default_prefix
                0x00000000000177f3                uip_ds6_set_default_prefix
                0x0000000000017829                uip_ds6_init
                0x0000000000017ac4                uip_ds6_periodic
                0x0000000000017b6c                uip_ds6_list_loop
                0x0000000000017c3b                uip_ds6_prefix_add
                0x0000000000017d02                uip_ds6_prefix_rm
                0x0000000000017d1f                uip_ds6_prefix_lookup
                0x0000000000017d72                uip_ds6_is_addr_onlink
                0x0000000000017dff                uip_ds6_addr_add
                0x0000000000017f41                uip_ds6_addr_rm
                0x0000000000018000                uip_ds6_addr_lookup
                0x0000000000018050                uip_ds6_get_link_local
                0x00000000000180ee                uip_ds6_get_global
                0x000000000001818c                uip_ds6_maddr_add
                0x0000000000018208                uip_ds6_maddr_rm
                0x0000000000018225                uip_ds6_maddr_lookup
                0x0000000000018278                uip_ds6_aaddr_add
                0x00000000000182f1                uip_ds6_aaddr_rm
                0x000000000001830e                uip_ds6_aaddr_lookup
                0x000000000001835e                uip_ds6_select_src
                0x00000000000184cc                uip_ds6_set_addr_iid
                0x0000000000018501                uip_ds6_set_lladdr_from_iid
                0x0000000000018534                get_match_length
                0x00000000000185cf                uip_ds6_compute_reachable_time
 .text          0x0000000000018625      0x152 build/cooja/mtype229.a(uip-udp-packet.)
                0x0000000000018625                uip_udp_packet_send
                0x000000000001869e                uip_udp_packet_sendto
 .text          0x0000000000018777      0x453 build/cooja/mtype229.a(uip-ds6-route.o)
                0x00000000000187d9                uip_ds6_route_init
                0x0000000000018815                uip_ds6_route_count_nexthop_neighbors
                0x0000000000018829                uip_ds6_route_nexthop
                0x000000000001883d                uip_ds6_route_head
                0x0000000000018851                uip_ds6_route_next
                0x0000000000018865                uip_ds6_route_is_nexthop
                0x0000000000018879                uip_ds6_route_num_routes
                0x000000000001888d                uip_ds6_route_lookup
                0x00000000000188a1                uip_ds6_route_add
                0x00000000000188be                uip_ds6_route_rm
                0x00000000000188ce                uip_ds6_route_rm_by_nexthop
                0x00000000000188de                uip_ds6_defrt_head
                0x0000000000018908                uip_ds6_defrt_add
                0x00000000000189c8                uip_ds6_defrt_rm
                0x0000000000018a41                uip_ds6_defrt_lookup
                0x0000000000018ab8                uip_ds6_defrt_choose
                0x0000000000018b3e                uip_ds6_defrt_periodic
 .text          0x0000000000018bca      0xc55 build/cooja/mtype229.a(tcpip.o)
                0x0000000000018bf0                tcpip_output
                0x0000000000018d1b                tcp_connect
                0x0000000000018d83                tcp_unlisten
                0x0000000000018df8                tcp_listen
                0x0000000000018e6a                tcp_attach
                0x0000000000018e8c                udp_attach
                0x0000000000018eae                udp_new
                0x0000000000018f08                udp_broadcast_new
                0x00000000000191da                tcpip_input
                0x00000000000193d0                tcpip_ipv6_output
                0x000000000001960c                tcpip_poll_udp
                0x000000000001963c                tcpip_poll_tcp
                0x000000000001966c                tcpip_uipcall
 .text          0x000000000001981f     0x33b5 build/cooja/mtype229.a(uip6.o)
                0x000000000001981f                uip_add32
                0x0000000000019a0a                uip_chksum
                0x0000000000019b02                uip_icmp6chksum
                0x0000000000019b21                uip_tcpchksum
                0x0000000000019b40                uip_udpchksum
                0x0000000000019b5f                uip_init
                0x0000000000019c0d                uip_connect
                0x0000000000019daa                uip_remove_ext_hdr
                0x0000000000019ea5                uip_udp_new
                0x0000000000019fea                uip_unlisten
                0x000000000001a03a                uip_listen
                0x000000000001a34a                uip_process
                0x000000000001ca64                uip_htons
                0x000000000001ca90                uip_htonl
                0x000000000001cada                uip_send
 .text          0x000000000001cbd4      0x43e build/cooja/mtype229.a(uip-ds6-nbr.o)
                0x000000000001cbd4                uip_ds6_neighbors_init
                0x000000000001cc0a                uip_ds6_nbr_add
                0x000000000001cca4                uip_ds6_nbr_rm
                0x000000000001cd03                uip_ds6_nbr_update_ll
                0x000000000001ce00                uip_ds6_nbr_get_ipaddr
                0x000000000001ce1f                uip_ds6_nbr_get_ll
                0x000000000001ce4c                uip_ds6_nbr_num
                0x000000000001cea6                uip_ds6_nbr_head
                0x000000000001ced0                uip_ds6_nbr_next
                0x000000000001cefd                uip_ds6_nbr_lookup
                0x000000000001cf64                uip_ds6_nbr_ll_lookup
                0x000000000001cf91                uip_ds6_nbr_ipaddr_from_lladdr
                0x000000000001cfc4                uip_ds6_nbr_lladdr_from_ipaddr
                0x000000000001d002                uip_ds6_link_callback
 .text          0x000000000001d012      0x810 build/cooja/mtype229.a(uip-nd6.o)
                0x000000000001d7f7                uip_nd6_init
 .text          0x000000000001d822     0x33b0 build/cooja/mtype229.a(sicslowpan.o)
                0x000000000001df20                netstack_sniffer_add
                0x000000000001df39                netstack_sniffer_remove
                0x0000000000020b91                sicslowpan_init
                0x0000000000020bbd                sicslowpan_get_last_rssi
 .text          0x0000000000020bd2      0x51a build/cooja/mtype229.a(uiplib.o)
                0x0000000000020bd2                uiplib_ip6addrconv
                0x0000000000020d98                uiplib_ip4addrconv
                0x0000000000020e65                uiplib_ipaddr_print
                0x0000000000020ec9                uiplib_ipaddr_snprint
 .text          0x00000000000210ec      0x610 build/cooja/mtype229.a(rpl.o)
                0x00000000000210ec                rpl_lollipop_greater_than
                0x000000000002114f                rpl_get_global_address
                0x0000000000021285                rpl_link_callback
                0x00000000000212e8                rpl_has_joined
                0x000000000002131e                rpl_is_reachable
                0x00000000000213c1                rpl_reset_prefix
                0x000000000002143d                rpl_set_prefix_from_addr
                0x000000000002154f                rpl_set_prefix
                0x00000000000216c3                rpl_set_leaf_only
                0x00000000000216e6                rpl_get_leaf_only
 .text          0x00000000000216fc     0x1491 build/cooja/mtype229.a(rpl-icmp6.o)
                0x0000000000021859                rpl_icmp6_update_nbr_table
                0x000000000002190b                rpl_icmp6_dis_output
                0x0000000000021f20                rpl_icmp6_dio_output
                0x0000000000022779                rpl_icmp6_dao_output
                0x0000000000022aa6                rpl_icmp6_dao_ack_output
                0x0000000000022b2d                rpl_icmp6_init
 .text          0x0000000000022b8d      0x2e4 build/cooja/mtype229.a(rpl-dag-root.o)
                0x0000000000022b8d                rpl_dag_root_print_links
                0x0000000000022ce6                rpl_dag_root_set_prefix
                0x0000000000022d21                rpl_dag_root_start
                0x0000000000022e2f                rpl_dag_root_is_root
 .text          0x0000000000022e71       0x6b build/cooja/mtype229.a(watchdog.o)
                0x0000000000022e71                watchdog_init
                0x0000000000022e81                watchdog_start
                0x0000000000022e91                watchdog_periodic
                0x0000000000022ebc                watchdog_stop
                0x0000000000022ecc                watchdog_reboot
 .text          0x0000000000022edc       0x75 build/cooja/mtype229.a(int-master.o)
                0x0000000000022edc                int_master_enable
                0x0000000000022ef6                int_master_read_and_disable
                0x0000000000022f1e                int_master_status_set
                0x0000000000022f37                int_master_is_enabled
 .text          0x0000000000022f51      0x2bc build/cooja/mtype229.a(coap-timer-defa)
 .text          0x000000000002320d      0x11d build/cooja/mtype229.a(stimer.o)
                0x000000000002320d                stimer_set
                0x000000000002323c                stimer_reset
                0x0000000000023273                stimer_restart
                0x0000000000023299                stimer_expired
                0x00000000000232d5                stimer_remaining
                0x0000000000023301                stimer_elapsed
 .text          0x000000000002332a      0x188 build/cooja/mtype229.a(ringbuf.o)
                0x000000000002332a                ringbuf_init
                0x0000000000023366                ringbuf_put
                0x00000000000233ee                ringbuf_get
                0x0000000000023465                ringbuf_size
                0x0000000000023481                ringbuf_elements
 .text          0x00000000000234b2       0x31 build/cooja/mtype229.a(assert.o)
                0x00000000000234b2                _xassert
 .text          0x00000000000234e3      0xb68 build/cooja/mtype229.a(nbr-table.o)
                0x0000000000023885                nbr_table_count_entries
                0x0000000000023932                nbr_table_gc_get_worst
                0x0000000000023972                nbr_table_can_accept_new
                0x0000000000023afb                nbr_table_entry_is_allowed
                0x0000000000023b9b                nbr_table_register
                0x0000000000023c19                nbr_table_is_registered
                0x0000000000023c5e                nbr_table_head
                0x0000000000023ccb                nbr_table_next
                0x0000000000023d3d                nbr_table_add_lladdr
                0x0000000000023e8c                nbr_table_get_from_lladdr
                0x0000000000023ee9                nbr_table_remove
                0x0000000000023f34                nbr_table_lock
                0x0000000000023f5a                nbr_table_unlock
                0x0000000000023f80                nbr_table_get_lladdr
                0x0000000000023fb6                nbr_table_clear
                0x0000000000023ffb                nbr_table_key_head
                0x0000000000024025                nbr_table_key_next
 .text          0x000000000002404b      0x450 build/cooja/mtype229.a(link-stats.o)
                0x000000000002404b                link_stats_from_lladdr
                0x0000000000024078                link_stats_get_lladdr
                0x00000000000240a5                link_stats_is_fresh
                0x00000000000240f2                guess_etx_from_rssi
                0x0000000000024178                link_stats_packet_sent
                0x00000000000242bc                link_stats_input_callback
                0x00000000000243f0                link_stats_reset
                0x0000000000024452                link_stats_init
 .text          0x000000000002449b      0x1a8 build/cooja/mtype229.a(mac-sequence.o)
                0x000000000002449b                mac_sequence_is_duplicate
                0x000000000002455b                mac_sequence_register_seqno
 .text          0x0000000000024643       0x2d build/cooja/mtype229.a(mac.o)
                0x0000000000024643                mac_call_sent_callback
 .text          0x0000000000024670      0x477 build/cooja/mtype229.a(framer-802154.o)
                0x0000000000024813                framer_802154_setup_params
 .text          0x0000000000024ae7      0xc1a build/cooja/mtype229.a(frame802154.o)
                0x0000000000024b22                frame802154_get_pan_id
                0x0000000000024b38                frame802154_set_pan_id
                0x0000000000024b5d                frame802154_has_panid
                0x0000000000024d16                frame802154_check_dest_panid
                0x0000000000024da8                frame802154_is_broadcast_addr
                0x0000000000024dff                frame802154_extract_linkaddr
                0x0000000000025088                frame802154_hdrlen
                0x0000000000025105                frame802154_create_fcf
                0x00000000000251c7                frame802154_create
                0x0000000000025352                frame802154_parse_fcf
                0x000000000002543e                frame802154_parse
 .text          0x0000000000025701       0x4e build/cooja/mtype229.a(csma-security.o)
                0x0000000000025701                csma_security_create_frame
                0x0000000000025732                csma_security_parse_frame
 .text          0x000000000002574f      0x5d3 build/cooja/mtype229.a(uipbuf.o)
                0x000000000002574f                uipbuf_clear
                0x0000000000025786                uipbuf_add_ext_hdr
                0x0000000000025821                uipbuf_set_len
                0x000000000002585b                uipbuf_set_len_field
                0x0000000000025891                uipbuf_get_len_field
                0x00000000000258bb                uipbuf_get_next_header
                0x0000000000025a0c                uipbuf_get_last_header
                0x0000000000025a8f                uipbuf_search_header
                0x0000000000025b53                uipbuf_get_attr
                0x0000000000025b84                uipbuf_set_attr
                0x0000000000025bc5                uipbuf_set_default_attr
                0x0000000000025c06                uipbuf_clear_attr
                0x0000000000025c46                uipbuf_set_attr_flag
                0x0000000000025c72                uipbuf_clr_attr_flag
                0x0000000000025ca4                uipbuf_is_attr_flag
                0x0000000000025cd2                uipbuf_init
 .text          0x0000000000025d22      0x8b7 build/cooja/mtype229.a(uip-icmp6.o)
                0x0000000000025da7                uip_icmp6_input
                0x0000000000025e08                uip_icmp6_register_input_handler
                0x0000000000025fbc                uip_icmp6_error_output
                0x00000000000262fe                uip_icmp6_send
                0x000000000002652c                uip_icmp6_echo_reply_callback_add
                0x000000000002656f                uip_icmp6_echo_reply_callback_rm
                0x000000000002659d                uip_icmp6_init
 .text          0x00000000000265d9      0x772 build/cooja/mtype229.a(uip-sr.o)
                0x00000000000265d9                uip_sr_num_nodes
                0x0000000000026685                uip_sr_get_node
                0x00000000000266ec                uip_sr_is_addr_reachable
                0x00000000000267a9                uip_sr_expire_parent
                0x00000000000267fc                uip_sr_update_node
                0x0000000000026940                uip_sr_init
                0x0000000000026986                uip_sr_node_head
                0x00000000000269b0                uip_sr_node_next
                0x00000000000269d6                uip_sr_periodic
                0x0000000000026af2                uip_sr_free_all
                0x0000000000026b77                uip_sr_link_snprint
 .text          0x0000000000026d4b      0x1a5 build/cooja/mtype229.a(uip-packetqueue)
                0x0000000000026d8b                uip_packetqueue_new
                0x0000000000026da4                uip_packetqueue_alloc
                0x0000000000026e13                uip_packetqueue_free
                0x0000000000026e6b                uip_packetqueue_buf
                0x0000000000026e92                uip_packetqueue_buflen
                0x0000000000026ebd                uip_packetqueue_set_buflen
 .text          0x0000000000026ef0       0x8d build/cooja/mtype229.a(rpl-nbr-policy.)
                0x0000000000026f3c                rpl_nbr_gc_get_worst
 .text          0x0000000000026f7d      0xaad build/cooja/mtype229.a(rpl-neighbor.o)
                0x0000000000027019                rpl_neighbor_snprint
                0x0000000000027301                rpl_neighbor_print_list
                0x00000000000273d4                rpl_neighbor_count
                0x00000000000274b7                rpl_neighbor_get_from_lladdr
                0x00000000000274e4                rpl_neighbor_is_acceptable_parent
                0x000000000002752a                rpl_neighbor_get_link_metric
                0x0000000000027570                rpl_neighbor_rank_via_nbr
                0x00000000000275b6                rpl_neighbor_get_lladdr
                0x00000000000275e3                rpl_neighbor_get_ipaddr
                0x0000000000027619                rpl_neighbor_get_link_stats
                0x000000000002764f                rpl_neighbor_is_fresh
                0x0000000000027685                rpl_neighbor_is_parent
                0x00000000000276bc                rpl_neighbor_set_preferred_parent
                0x0000000000027776                rpl_neighbor_remove_all
                0x00000000000277e3                rpl_neighbor_get_from_ipaddr
                0x000000000002791d                rpl_neighbor_select_best
                0x00000000000279f8                rpl_neighbor_init
 .text          0x0000000000027a2a     0x11f4 build/cooja/mtype229.a(rpl-dag.o)
                0x0000000000027a2a                rpl_dag_state_to_str
                0x0000000000027a78                rpl_dag_get_root_ipaddr
                0x0000000000027ac8                rpl_dag_leave
                0x0000000000027b7e                rpl_dag_poison_and_leave
                0x0000000000027baa                rpl_dag_periodic
                0x0000000000027c6f                rpl_is_addr_in_our_dag
                0x0000000000027cce                rpl_get_default_instance
                0x0000000000027cf8                rpl_get_any_dag
                0x0000000000027d6e                rpl_refresh_routes
                0x0000000000027dd1                rpl_global_repair
                0x0000000000027ea2                rpl_local_repair
                0x0000000000027f07                rpl_dag_ready_to_advertise
                0x0000000000027f60                rpl_dag_update_state
                0x00000000000287dc                rpl_process_dio
                0x0000000000028877                rpl_process_dis
                0x00000000000288cd                rpl_process_dao
                0x000000000002896e                rpl_process_dao_ack
                0x0000000000028a2a                rpl_process_hbh
                0x0000000000028a8a                rpl_dag_init_root
                0x0000000000028bec                rpl_dag_init
 .text          0x0000000000028c1e      0xd8d build/cooja/mtype229.a(rpl-timers.o)
                0x0000000000028c1e                rpl_timers_schedule_periodic_dis
                0x0000000000028dc8                rpl_timers_dio_reset
                0x0000000000028f40                rpl_timers_schedule_unicast_dio
                0x0000000000029113                rpl_timers_schedule_dao
                0x0000000000029219                rpl_timers_schedule_dao_ack
                0x00000000000292e8                rpl_timers_notify_dao_ack
                0x000000000002936e                get_probing_delay
                0x00000000000293b3                get_probing_target
                0x00000000000295e8                rpl_schedule_probing
                0x0000000000029634                rpl_schedule_probing_now
                0x00000000000296ce                rpl_timers_unschedule_leaving
                0x0000000000029728                rpl_timers_schedule_leaving
                0x000000000002978d                rpl_timers_init
                0x000000000002984f                rpl_timers_stop_dag_timers
                0x000000000002990c                rpl_timers_unschedule_state_update
                0x0000000000029948                rpl_timers_schedule_state_update
 .text          0x00000000000299ab      0xd42 build/cooja/mtype229.a(rpl-ext-header.)
                0x00000000000299ab                rpl_ext_header_srh_get_next_hop
                0x0000000000029ab6                rpl_ext_header_srh_update
                0x000000000002a0e8                rpl_ext_header_hbh_update
                0x000000000002a467                rpl_ext_header_update
                0x000000000002a516                rpl_ext_header_remove
 .text          0x000000000002a6ed      0x39b build/cooja/mtype229.a(rpl-mrhof.o)
 *fill*         0x000000000002aa88        0x8 
 .text          0x000000000002aa90      0x116 /usr/lib/gcc/i686-linux-gnu/7/libgcc.a(_udivdi3.o)
                0x000000000002aa90                __udivdi3
 *fill*         0x000000000002aba6        0xa 
 .text          0x000000000002abb0       0x14 /usr/lib/i386-linux-gnu/libc_nonshared.a(stack_chk_fail_local.oS)
                0x000000000002abb0                __stack_chk_fail_local
 .text          0x000000000002abc4        0x0 /usr/lib/gcc/i686-linux-gnu/7/crtendS.o
 .text          0x000000000002abc4        0x0 /usr/lib/gcc/i686-linux-gnu/7/../../../i386-linux-gnu/crtn.o
 *(.gnu.warning)

.fini           0x000000000002abc4       0x14
 *(SORT_NONE(.fini))
 .fini          0x000000000002abc4        0xf /usr/lib/gcc/i686-linux-gnu/7/../../../i386-linux-gnu/crti.o
                0x000000000002abc4                _fini
 .fini          0x000000000002abd3        0x5 /usr/lib/gcc/i686-linux-gnu/7/../../../i386-linux-gnu/crtn.o
                [!provide]                        PROVIDE (__etext = .)
                [!provide]                        PROVIDE (_etext = .)
                [!provide]                        PROVIDE (etext = .)

.rodata         0x000000000002abd8      0xd0b
 *(.rodata .rodata.* .gnu.linkonce.r.*)
 .rodata        0x000000000002abd8      0x180 oxygen_server.o
 .rodata        0x000000000002ad58        0x6 build/cooja/mtype229.a(leds-arch.o)
                0x000000000002ad58                leds_arch_leds
 .rodata        0x000000000002ad5e        0x4 build/cooja/mtype229.a(pir-sensor.o)
 .rodata        0x000000000002ad62        0x6 build/cooja/mtype229.a(rs232.o)
 .rodata        0x000000000002ad68        0xa build/cooja/mtype229.a(vib-sensor.o)
 *fill*         0x000000000002ad72        0x2 
 .rodata        0x000000000002ad74       0x27 build/cooja/mtype229.a(cfs-cooja.o)
 *fill*         0x000000000002ad9b        0x1 
 .rodata        0x000000000002ad9c       0x68 build/cooja/mtype229.a(cooja-radio.o)
 .rodata        0x000000000002ae04        0x8 build/cooja/mtype229.a(sensors.o)
 .rodata        0x000000000002ae0c       0x14 build/cooja/mtype229.a(buttons.o)
                0x000000000002ae18                button_hal_button_count
 .rodata        0x000000000002ae20      0x390 build/cooja/mtype229.a(oxygen_sensor.o)
 .rodata        0x000000000002b1b0       0x41 build/cooja/mtype229.a(coap-engine.o)
 .rodata        0x000000000002b1f1       0x19 build/cooja/mtype229.a(coap-res-well-k)
 .rodata        0x000000000002b20a       0x11 build/cooja/mtype229.a(coap-observe.o)
 .rodata        0x000000000002b21b       0x35 build/cooja/mtype229.a(coap-uip.o)
 .rodata        0x000000000002b250      0x1ac build/cooja/mtype229.a(coap.o)
 .rodata        0x000000000002b3fc       0xf4 build/cooja/mtype229.a(contiki-main.o)
 .rodata        0x000000000002b4f0        0xf build/cooja/mtype229.a(ctimer.o)
 *fill*         0x000000000002b4ff        0x1 
 .rodata        0x000000000002b500       0xc4 build/cooja/mtype229.a(log.o)
 .rodata        0x000000000002b5c4        0xc build/cooja/mtype229.a(etimer.o)
 .rodata        0x000000000002b5d0       0x13 build/cooja/mtype229.a(button-hal.o)
 .rodata        0x000000000002b5e3        0xe build/cooja/mtype229.a(serial-line.o)
 *fill*         0x000000000002b5f1        0x3 
 .rodata        0x000000000002b5f4        0x8 build/cooja/mtype229.a(linkaddr.o)
                0x000000000002b5f4                linkaddr_null
 .rodata        0x000000000002b5fc        0x5 build/cooja/mtype229.a(csma.o)
 *fill*         0x000000000002b601        0x3 
 .rodata        0x000000000002b604       0x2a build/cooja/mtype229.a(csma-output.o)
 *fill*         0x000000000002b62e        0x2 
 .rodata        0x000000000002b630       0x4d build/cooja/mtype229.a(uip-ds6-route.o)
 .rodata        0x000000000002b67d        0xd build/cooja/mtype229.a(tcpip.o)
 *fill*         0x000000000002b68a        0x2 
 .rodata        0x000000000002b68c       0x48 build/cooja/mtype229.a(uip6.o)
 .rodata        0x000000000002b6d4       0x1f build/cooja/mtype229.a(sicslowpan.o)
                0x000000000002b6d4                unc_llconf
                0x000000000002b6d8                unc_ctxconf
                0x000000000002b6dc                unc_mxconf
                0x000000000002b6e0                llprefix
 .rodata        0x000000000002b6f3       0x2d build/cooja/mtype229.a(uiplib.o)
 .rodata        0x000000000002b720        0x9 build/cooja/mtype229.a(rpl.o)
 .rodata        0x000000000002b729       0x13 build/cooja/mtype229.a(coap-timer-defa)
 .rodata        0x000000000002b73c       0x25 build/cooja/mtype229.a(assert.o)
 .rodata        0x000000000002b761       0x44 build/cooja/mtype229.a(uip-sr.o)
 *fill*         0x000000000002b7a5        0x3 
 .rodata        0x000000000002b7a8       0x58 build/cooja/mtype229.a(rpl-neighbor.o)
 .rodata        0x000000000002b800       0xd7 build/cooja/mtype229.a(rpl-dag.o)
 .rodata        0x000000000002b8d7        0xc build/cooja/mtype229.a(rpl-timers.o)

.rodata1
 *(.rodata1)

.eh_frame_hdr   0x000000000002b8e4     0x1acc
 *(.eh_frame_hdr)
 .eh_frame_hdr  0x000000000002b8e4     0x1acc oxygen_server.o
                0x000000000002b8e4                __GNU_EH_FRAME_HDR
 *(.eh_frame_entry .eh_frame_entry.*)

.eh_frame       0x000000000002d3b0     0x7408
 *(.eh_frame)
 .eh_frame      0x000000000002d3b0       0x3c /usr/lib/gcc/i686-linux-gnu/7/../../../i386-linux-gnu/crti.o
                                         0x40 (size before relaxing)
 .eh_frame      0x000000000002d3ec       0x14 /usr/lib/gcc/i686-linux-gnu/7/../../../i386-linux-gnu/crti.o
                                         0x2c (size before relaxing)
 .eh_frame      0x000000000002d400       0x6c oxygen_server.o
                                         0x98 (size before relaxing)
 .eh_frame      0x000000000002d46c      0x1ac build/cooja/mtype229.o
                                        0x1ec (size before relaxing)
 .eh_frame      0x000000000002d618       0x48 build/cooja/mtype229.a(simEnvChange.o)
                                         0x74 (size before relaxing)
 .eh_frame      0x000000000002d660       0x6c build/cooja/mtype229.a(cooja_mt.o)
                                         0x98 (size before relaxing)
 .eh_frame      0x000000000002d6cc       0x88 build/cooja/mtype229.a(cooja_mtarch.o)
                                         0xc8 (size before relaxing)
 .eh_frame      0x000000000002d754       0xe4 build/cooja/mtype229.a(rtimer-arch.o)
                                        0x110 (size before relaxing)
 .eh_frame      0x000000000002d838      0x160 build/cooja/mtype229.a(beep.o)
                                        0x18c (size before relaxing)
 .eh_frame      0x000000000002d998       0x88 build/cooja/mtype229.a(leds-arch.o)
                                         0xc8 (size before relaxing)
 .eh_frame      0x000000000002da20       0x44 build/cooja/mtype229.a(moteid.o)
                                         0x70 (size before relaxing)
 .eh_frame      0x000000000002da64       0xa4 build/cooja/mtype229.a(pir-sensor.o)
                                         0xe4 (size before relaxing)
 .eh_frame      0x000000000002db08      0x110 build/cooja/mtype229.a(rs232.o)
                                        0x150 (size before relaxing)
 .eh_frame      0x000000000002dc18       0xa4 build/cooja/mtype229.a(vib-sensor.o)
                                         0xe4 (size before relaxing)
 .eh_frame      0x000000000002dcbc       0xc0 build/cooja/mtype229.a(clock.o)
                                         0xec (size before relaxing)
 .eh_frame      0x000000000002dd7c      0x130 build/cooja/mtype229.a(cooja-log.o)
                                        0x170 (size before relaxing)
 .eh_frame      0x000000000002deac      0x16c build/cooja/mtype229.a(cfs-cooja.o)
                                        0x1ac (size before relaxing)
 .eh_frame      0x000000000002e018      0x374 build/cooja/mtype229.a(cooja-radio.o)
                                        0x3b4 (size before relaxing)
 .eh_frame      0x000000000002e38c       0xa8 build/cooja/mtype229.a(eeprom.o)
                                         0xe8 (size before relaxing)
 .eh_frame      0x000000000002e434       0x48 build/cooja/mtype229.a(random.o)
                                         0x74 (size before relaxing)
 .eh_frame      0x000000000002e47c       0xd0 build/cooja/mtype229.a(sensors.o)
                                        0x110 (size before relaxing)
 .eh_frame      0x000000000002e54c      0x140 build/cooja/mtype229.a(leds.o)
                                        0x180 (size before relaxing)
 .eh_frame      0x000000000002e68c      0x228 build/cooja/mtype229.a(gpio-hal-arch.o)
                                        0x27c (size before relaxing)
 .eh_frame      0x000000000002e8b4       0xa4 build/cooja/mtype229.a(buttons.o)
                                         0xe4 (size before relaxing)
 .eh_frame      0x000000000002e958       0x90 build/cooja/mtype229.a(oxygen_sensor.o)
                                         0xbc (size before relaxing)
 .eh_frame      0x000000000002e9e8       0x48 build/cooja/mtype229.a(coap-blocking-a)
                                         0x88 (size before relaxing)
 .eh_frame      0x000000000002ea30      0x24c build/cooja/mtype229.a(coap-engine.o)
                                        0x28c (size before relaxing)
 .eh_frame      0x000000000002ec7c       0x2c build/cooja/mtype229.a(coap-res-well-k)
                                         0x58 (size before relaxing)
 .eh_frame      0x000000000002eca8      0x1b4 build/cooja/mtype229.a(coap-observe.o)
                                        0x1f4 (size before relaxing)
 .eh_frame      0x000000000002ee5c      0x278 build/cooja/mtype229.a(coap-uip.o)
                                        0x2b8 (size before relaxing)
 .eh_frame      0x000000000002f0d4      0x128 build/cooja/mtype229.a(coap-timer.o)
                                        0x168 (size before relaxing)
 .eh_frame      0x000000000002f1fc      0x110 build/cooja/mtype229.a(coap-transactio)
                                        0x150 (size before relaxing)
 .eh_frame      0x000000000002f30c      0x72c build/cooja/mtype229.a(coap.o)
                                        0x76c (size before relaxing)
 .eh_frame      0x000000000002fa38       0x38 build/cooja/mtype229.a(contiki-main.o)
                                         0x64 (size before relaxing)
 .eh_frame      0x000000000002fa70       0x48 build/cooja/mtype229.a(autostart.o)
                                         0x74 (size before relaxing)
 .eh_frame      0x000000000002fab8      0x11c build/cooja/mtype229.a(ctimer.o)
                                        0x15c (size before relaxing)
 .eh_frame      0x000000000002fbd4      0x144 build/cooja/mtype229.a(log.o)
                                        0x184 (size before relaxing)
 .eh_frame      0x000000000002fd18       0x60 build/cooja/mtype229.a(energest.o)
                                         0x8c (size before relaxing)
 .eh_frame      0x000000000002fd78      0x204 build/cooja/mtype229.a(etimer.o)
                                        0x244 (size before relaxing)
 .eh_frame      0x000000000002ff7c       0x20 build/cooja/mtype229.a(node-id.o)
                                         0x4c (size before relaxing)
 .eh_frame      0x000000000002ff9c       0x6c build/cooja/mtype229.a(rtimer.o)
                                         0xc0 (size before relaxing)
 .eh_frame      0x0000000000030008      0x1ec build/cooja/mtype229.a(process.o)
                                        0x22c (size before relaxing)
 .eh_frame      0x00000000000301f4       0xb4 build/cooja/mtype229.a(timer.o)
                                         0xe0 (size before relaxing)
 .eh_frame      0x00000000000302a8      0x1a0 build/cooja/mtype229.a(list.o)
                                        0x1cc (size before relaxing)
 .eh_frame      0x0000000000030448       0xa4 build/cooja/mtype229.a(memb.o)
                                         0xe4 (size before relaxing)
 .eh_frame      0x00000000000304ec      0x188 build/cooja/mtype229.a(button-hal.o)
                                        0x1c8 (size before relaxing)
 .eh_frame      0x0000000000030674       0x6c build/cooja/mtype229.a(serial-line.o)
                                         0x98 (size before relaxing)
 .eh_frame      0x00000000000306e0       0xfc build/cooja/mtype229.a(gpio-hal.o)
                                        0x13c (size before relaxing)
 .eh_frame      0x00000000000307dc      0x1c0 build/cooja/mtype229.a(queuebuf.o)
                                        0x200 (size before relaxing)
 .eh_frame      0x000000000003099c      0x2b0 build/cooja/mtype229.a(packetbuf.o)
                                        0x2f0 (size before relaxing)
 .eh_frame      0x0000000000030c4c       0x90 build/cooja/mtype229.a(netstack.o)
                                         0xd0 (size before relaxing)
 .eh_frame      0x0000000000030cdc       0x64 build/cooja/mtype229.a(linkaddr.o)
                                         0x90 (size before relaxing)
 .eh_frame      0x0000000000030d40       0xf0 build/cooja/mtype229.a(csma.o)
                                        0x130 (size before relaxing)
 .eh_frame      0x0000000000030e30      0x1f8 build/cooja/mtype229.a(csma-output.o)
                                        0x238 (size before relaxing)
 .eh_frame      0x0000000000031028      0x364 build/cooja/mtype229.a(uip-ds6.o)
                                        0x3a4 (size before relaxing)
 .eh_frame      0x000000000003138c       0x44 build/cooja/mtype229.a(uip-udp-packet.)
                                         0x84 (size before relaxing)
 .eh_frame      0x00000000000313d0      0x260 build/cooja/mtype229.a(uip-ds6-route.o)
                                        0x2a0 (size before relaxing)
 .eh_frame      0x0000000000031630      0x34c build/cooja/mtype229.a(tcpip.o)
                                        0x38c (size before relaxing)
 .eh_frame      0x000000000003197c      0x2e8 build/cooja/mtype229.a(uip6.o)
                                        0x33c (size before relaxing)
 .eh_frame      0x0000000000031c64      0x1e8 build/cooja/mtype229.a(uip-ds6-nbr.o)
                                        0x228 (size before relaxing)
 .eh_frame      0x0000000000031e4c       0x8c build/cooja/mtype229.a(uip-nd6.o)
                                         0xe0 (size before relaxing)
 .eh_frame      0x0000000000031ed8      0x354 build/cooja/mtype229.a(sicslowpan.o)
                                        0x3a8 (size before relaxing)
 .eh_frame      0x000000000003222c       0x9c build/cooja/mtype229.a(uiplib.o)
                                         0xdc (size before relaxing)
 .eh_frame      0x00000000000322c8      0x1fc build/cooja/mtype229.a(rpl.o)
                                        0x23c (size before relaxing)
 .eh_frame      0x00000000000324c4      0x1f0 build/cooja/mtype229.a(rpl-icmp6.o)
                                        0x230 (size before relaxing)
 .eh_frame      0x00000000000326b4       0xb0 build/cooja/mtype229.a(rpl-dag-root.o)
                                         0xf0 (size before relaxing)
 .eh_frame      0x0000000000032764       0xa4 build/cooja/mtype229.a(watchdog.o)
                                         0xd0 (size before relaxing)
 .eh_frame      0x0000000000032808       0x80 build/cooja/mtype229.a(int-master.o)
                                         0xac (size before relaxing)
 .eh_frame      0x0000000000032888       0xc4 build/cooja/mtype229.a(coap-timer-defa)
                                        0x104 (size before relaxing)
 .eh_frame      0x000000000003294c       0xd8 build/cooja/mtype229.a(stimer.o)
                                        0x104 (size before relaxing)
 .eh_frame      0x0000000000032a24       0xa0 build/cooja/mtype229.a(ringbuf.o)
                                         0xcc (size before relaxing)
 .eh_frame      0x0000000000032ac4       0x24 build/cooja/mtype229.a(assert.o)
                                         0x50 (size before relaxing)
 .eh_frame      0x0000000000032ae8      0x428 build/cooja/mtype229.a(nbr-table.o)
                                        0x468 (size before relaxing)
 .eh_frame      0x0000000000032f10      0x140 build/cooja/mtype229.a(link-stats.o)
                                        0x180 (size before relaxing)
 .eh_frame      0x0000000000033050       0x50 build/cooja/mtype229.a(mac-sequence.o)
                                         0x7c (size before relaxing)
 .eh_frame      0x00000000000330a0       0x20 build/cooja/mtype229.a(mac.o)
                                         0x4c (size before relaxing)
 .eh_frame      0x00000000000330c0       0xb4 build/cooja/mtype229.a(framer-802154.o)
                                         0xf4 (size before relaxing)
 .eh_frame      0x0000000000033174      0x1b0 build/cooja/mtype229.a(frame802154.o)
                                        0x1f0 (size before relaxing)
 .eh_frame      0x0000000000033324       0x44 build/cooja/mtype229.a(csma-security.o)
                                         0x84 (size before relaxing)
 .eh_frame      0x0000000000033368      0x204 build/cooja/mtype229.a(uipbuf.o)
                                        0x230 (size before relaxing)
 .eh_frame      0x000000000003356c      0x170 build/cooja/mtype229.a(uip-icmp6.o)
                                        0x1b0 (size before relaxing)
 .eh_frame      0x00000000000336dc      0x1ac build/cooja/mtype229.a(uip-sr.o)
                                        0x1ec (size before relaxing)
 .eh_frame      0x0000000000033888       0xec build/cooja/mtype229.a(uip-packetqueue)
                                        0x12c (size before relaxing)
 .eh_frame      0x0000000000033974       0x48 build/cooja/mtype229.a(rpl-nbr-policy.)
                                         0x88 (size before relaxing)
 .eh_frame      0x00000000000339bc      0x2ec build/cooja/mtype229.a(rpl-neighbor.o)
                                        0x340 (size before relaxing)
 .eh_frame      0x0000000000033ca8      0x3c0 build/cooja/mtype229.a(rpl-dag.o)
                                        0x414 (size before relaxing)
 .eh_frame      0x0000000000034068      0x418 build/cooja/mtype229.a(rpl-timers.o)
                                        0x458 (size before relaxing)
 .eh_frame      0x0000000000034480      0x144 build/cooja/mtype229.a(rpl-ext-header.)
                                        0x184 (size before relaxing)
 .eh_frame      0x00000000000345c4      0x150 build/cooja/mtype229.a(rpl-mrhof.o)
                                        0x190 (size before relaxing)
 .eh_frame      0x0000000000034714       0x84 /usr/lib/gcc/i686-linux-gnu/7/libgcc.a(_udivdi3.o)
                                         0x9c (size before relaxing)
 .eh_frame      0x0000000000034798       0x1c /usr/lib/i386-linux-gnu/libc_nonshared.a(stack_chk_fail_local.oS)
                                         0x48 (size before relaxing)
 .eh_frame      0x00000000000347b4        0x4 /usr/lib/gcc/i686-linux-gnu/7/crtendS.o
 *(.eh_frame.*)

.gcc_except_table
 *(.gcc_except_table .gcc_except_table.*)

.gnu_extab
 *(.gnu_extab*)

.exception_ranges
 *(.exception_ranges .exception_ranges*)
                0x0000000000035bf8                . = DATA_SEGMENT_ALIGN (CONSTANT (MAXPAGESIZE), CONSTANT (COMMONPAGESIZE))

.eh_frame
 *(.eh_frame)
 *(.eh_frame.*)

.gnu_extab
 *(.gnu_extab)

.gcc_except_table
 *(.gcc_except_table .gcc_except_table.*)

.exception_ranges
 *(.exception_ranges .exception_ranges*)

.tdata
 *(.tdata .tdata.* .gnu.linkonce.td.*)

.tbss
 *(.tbss .tbss.* .gnu.linkonce.tb.*)
 *(.tcommon)

.preinit_array
 *(.preinit_array)

.init_array     0x0000000000035bf8        0x4
 *(SORT_BY_INIT_PRIORITY(.init_array.*) SORT_BY_INIT_PRIORITY(.ctors.*))
 *(.init_array EXCLUDE_FILE(*crtend?.o *crtend.o *crtbegin?.o *crtbegin.o) .ctors)
 .init_array    0x0000000000035bf8        0x4 /usr/lib/gcc/i686-linux-gnu/7/crtbeginS.o

.fini_array     0x0000000000035bfc        0x4
 *(SORT_BY_INIT_PRIORITY(.fini_array.*) SORT_BY_INIT_PRIORITY(.dtors.*))
 *(.fini_array EXCLUDE_FILE(*crtend?.o *crtend.o *crtbegin?.o *crtbegin.o) .dtors)
 .fini_array    0x0000000000035bfc        0x4 /usr/lib/gcc/i686-linux-gnu/7/crtbeginS.o

.ctors
 *crtbegin.o(.ctors)
 *crtbegin?.o(.ctors)
 *(EXCLUDE_FILE(*crtend?.o *crtend.o) .ctors)
 *(SORT_BY_NAME(.ctors.*))
 *(.ctors)

.dtors
 *crtbegin.o(.dtors)
 *crtbegin?.o(.dtors)
 *(EXCLUDE_FILE(*crtend?.o *crtend.o) .dtors)
 *(SORT_BY_NAME(.dtors.*))
 *(.dtors)

.jcr
 *(.jcr)

.data.rel.ro    0x0000000000035c00      0x198
 *(.data.rel.ro.local* .gnu.linkonce.d.rel.ro.local.*)
 .data.rel.ro.local
                0x0000000000035c00        0x8 oxygen_server.o
                0x0000000000035c00                autostart_processes
 .data.rel.ro.local
                0x0000000000035c08        0x8 build/cooja/mtype229.a(beep.o)
                0x0000000000035c08                beep_interface
 .data.rel.ro.local
                0x0000000000035c10        0x8 build/cooja/mtype229.a(leds-arch.o)
                0x0000000000035c10                leds_interface
 .data.rel.ro.local
                0x0000000000035c18        0x8 build/cooja/mtype229.a(moteid.o)
                0x0000000000035c18                moteid_interface
 .data.rel.ro.local
                0x0000000000035c20       0x18 build/cooja/mtype229.a(pir-sensor.o)
                0x0000000000035c20                pir_interface
                0x0000000000035c28                pir_sensor
 .data.rel.ro.local
                0x0000000000035c38        0x8 build/cooja/mtype229.a(rs232.o)
                0x0000000000035c38                rs232_interface
 .data.rel.ro.local
                0x0000000000035c40       0x18 build/cooja/mtype229.a(vib-sensor.o)
                0x0000000000035c40                vib_interface
                0x0000000000035c48                vib_sensor
 .data.rel.ro.local
                0x0000000000035c58        0x8 build/cooja/mtype229.a(clock.o)
                0x0000000000035c58                clock_interface
 .data.rel.ro.local
                0x0000000000035c60        0x8 build/cooja/mtype229.a(cooja-log.o)
                0x0000000000035c60                simlog_interface
 .data.rel.ro.local
                0x0000000000035c68        0x8 build/cooja/mtype229.a(cfs-cooja.o)
                0x0000000000035c68                cfs_interface
 *fill*         0x0000000000035c70       0x10 
 .data.rel.ro.local
                0x0000000000035c80       0x58 build/cooja/mtype229.a(cooja-radio.o)
                0x0000000000035c80                radio_interface
                0x0000000000035ca0                cooja_radio_driver
 .data.rel.ro.local
                0x0000000000035cd8        0x8 build/cooja/mtype229.a(eeprom.o)
                0x0000000000035cd8                eeprom_interface
 .data.rel.ro.local
                0x0000000000035ce0       0x18 build/cooja/mtype229.a(buttons.o)
                0x0000000000035ce0                button_interface
                0x0000000000035ce8                button_sensor
 .data.rel.ro.local
                0x0000000000035cf8       0x1c build/cooja/mtype229.a(csma.o)
                0x0000000000035cf8                csma_driver
 .data.rel.ro.local
                0x0000000000035d14       0x10 build/cooja/mtype229.a(sicslowpan.o)
                0x0000000000035d14                sicslowpan_driver
 .data.rel.ro.local
                0x0000000000035d24        0xc build/cooja/mtype229.a(coap-timer-defa)
                0x0000000000035d24                coap_timer_default_driver
 .data.rel.ro.local
                0x0000000000035d30        0xc build/cooja/mtype229.a(framer-802154.o)
                0x0000000000035d30                framer_802154
 *(.data.rel.ro .data.rel.ro.* .gnu.linkonce.d.rel.ro.*)
 .data.rel.ro   0x0000000000035d3c        0x0 /usr/lib/gcc/i686-linux-gnu/7/../../../i386-linux-gnu/crti.o
 *fill*         0x0000000000035d3c        0x4 
 .data.rel.ro   0x0000000000035d40       0x54 build/cooja/mtype229.a(rpl.o)
                0x0000000000035d40                rpl_lite_driver
 .data.rel.ro   0x0000000000035d94        0x4 build/cooja/mtype229.a(rpl-dag.o)

.dynamic        0x0000000000035d98       0xf0
 *(.dynamic)
 .dynamic       0x0000000000035d98       0xf0 /usr/lib/gcc/i686-linux-gnu/7/../../../i386-linux-gnu/crti.o
                0x0000000000035d98                _DYNAMIC

.got            0x0000000000035e88      0x16c
 *(.got)
 .got           0x0000000000035e88      0x16c /usr/lib/gcc/i686-linux-gnu/7/../../../i386-linux-gnu/crti.o
 *(.igot)
                0x0000000000035ff4                . = DATA_SEGMENT_RELRO_END (., (SIZEOF (.got.plt) >= 0xc)?0xc:0x0)

.got.plt        0x0000000000036000      0x578
 *(.got.plt)
 .got.plt       0x0000000000036000      0x578 /usr/lib/gcc/i686-linux-gnu/7/../../../i386-linux-gnu/crti.o
                0x0000000000036000                _GLOBAL_OFFSET_TABLE_
 *(.igot.plt)

.data           0x0000000000036580      0x444
 *(.data .data.* .gnu.linkonce.d.*)
 .data          0x0000000000036580        0x0 /usr/lib/gcc/i686-linux-gnu/7/../../../i386-linux-gnu/crti.o
 .data          0x0000000000036580        0x0 /usr/lib/gcc/i686-linux-gnu/7/crtbeginS.o
 .data.rel.local
                0x0000000000036580        0x4 /usr/lib/gcc/i686-linux-gnu/7/crtbeginS.o
                0x0000000000036580                __dso_handle
 .data          0x0000000000036584        0x0 oxygen_server.o
 .data.rel.local
                0x0000000000036584       0x14 oxygen_server.o
                0x0000000000036584                oxygen_server
                0x0000000000036594                service_url
 .data          0x0000000000036598        0x0 build/cooja/mtype229.o
 *fill*         0x0000000000036598        0x8 
 .data.rel      0x00000000000365a0       0x44 build/cooja/mtype229.o
                0x00000000000365a0                simInterfaces
                0x00000000000365d4                sensors
 .data          0x00000000000365e4        0x0 build/cooja/mtype229.a(simEnvChange.o)
 .data          0x00000000000365e4        0x0 build/cooja/mtype229.a(cooja_mt.o)
 .data          0x00000000000365e4        0x0 build/cooja/mtype229.a(cooja_mtarch.o)
 .data          0x00000000000365e4        0x0 build/cooja/mtype229.a(rtimer-arch.o)
 .data          0x00000000000365e4        0x0 build/cooja/mtype229.a(beep.o)
 .data          0x00000000000365e4        0x0 build/cooja/mtype229.a(leds-arch.o)
 .data          0x00000000000365e4        0x0 build/cooja/mtype229.a(moteid.o)
 .data          0x00000000000365e4        0x0 build/cooja/mtype229.a(pir-sensor.o)
 .data          0x00000000000365e4        0x0 build/cooja/mtype229.a(rs232.o)
 .data          0x00000000000365e4        0x0 build/cooja/mtype229.a(vib-sensor.o)
 .data          0x00000000000365e4        0x0 build/cooja/mtype229.a(clock.o)
 .data          0x00000000000365e4        0x0 build/cooja/mtype229.a(cooja-log.o)
 .data          0x00000000000365e4        0x0 build/cooja/mtype229.a(cfs-cooja.o)
 .data          0x00000000000365e4       0x20 build/cooja/mtype229.a(cooja-radio.o)
                0x00000000000365e4                simRadioHWOn
                0x00000000000365e8                simSignalStrength
                0x00000000000365ec                simLastSignalStrength
                0x00000000000365f0                simPower
                0x00000000000365f4                simRadioChannel
                0x00000000000365f8                simLQI
                0x00000000000365fc                simLastLQI
 .data.rel.local
                0x0000000000036604       0x10 build/cooja/mtype229.a(cooja-radio.o)
                0x0000000000036604                cooja_radio_process
 .data          0x0000000000036614        0x0 build/cooja/mtype229.a(eeprom.o)
 .data          0x0000000000036614        0x0 build/cooja/mtype229.a(random.o)
 .data          0x0000000000036614        0x0 build/cooja/mtype229.a(sensors.o)
 .data.rel.local
                0x0000000000036614       0x10 build/cooja/mtype229.a(sensors.o)
                0x0000000000036614                sensors_process
 .data          0x0000000000036624        0x0 build/cooja/mtype229.a(leds.o)
 .data          0x0000000000036624        0x0 build/cooja/mtype229.a(gpio-hal-arch.o)
 .data          0x0000000000036624        0x1 build/cooja/mtype229.a(buttons.o)
                0x0000000000036624                simButtonIsActive
 *fill*         0x0000000000036625       0x1b 
 .data.rel.local
                0x0000000000036640       0x58 build/cooja/mtype229.a(buttons.o)
                0x0000000000036690                button_hal_buttons
 .data          0x0000000000036698       0x10 build/cooja/mtype229.a(oxygen_sensor.o)
 *fill*         0x00000000000366a8       0x18 
 .data.rel.local
                0x00000000000366c0       0x24 build/cooja/mtype229.a(oxygen_sensor.o)
                0x00000000000366c0                oxygen_sensor
 .data          0x00000000000366e4        0x0 build/cooja/mtype229.a(coap-blocking-a)
 .data          0x00000000000366e4        0x0 build/cooja/mtype229.a(coap-engine.o)
 .data.rel.local
                0x00000000000366e4        0x8 build/cooja/mtype229.a(coap-engine.o)
 .data          0x00000000000366ec        0x0 build/cooja/mtype229.a(coap-res-well-k)
 *fill*         0x00000000000366ec       0x14 
 .data.rel.local
                0x0000000000036700       0x24 build/cooja/mtype229.a(coap-res-well-k)
                0x0000000000036700                res_well_known_core
 .data          0x0000000000036724        0x0 build/cooja/mtype229.a(coap-observe.o)
 .data.rel.local
                0x0000000000036724       0x10 build/cooja/mtype229.a(coap-observe.o)
 .data          0x0000000000036734        0x0 build/cooja/mtype229.a(coap-uip.o)
 .data.rel.local
                0x0000000000036734       0x10 build/cooja/mtype229.a(coap-uip.o)
                0x0000000000036734                coap_engine
 .data          0x0000000000036744        0x0 build/cooja/mtype229.a(coap-timer.o)
 .data.rel.local
                0x0000000000036744        0x4 build/cooja/mtype229.a(coap-timer.o)
 .data          0x0000000000036748        0x0 build/cooja/mtype229.a(coap-transactio)
 .data.rel.local
                0x0000000000036748       0x10 build/cooja/mtype229.a(coap-transactio)
 .data          0x0000000000036758        0x0 build/cooja/mtype229.a(coap.o)
 .data.rel.local
                0x0000000000036758        0x4 build/cooja/mtype229.a(coap.o)
                0x0000000000036758                coap_error_message
 .data          0x000000000003675c        0x0 build/cooja/mtype229.a(contiki-main.o)
 .data          0x000000000003675c        0x0 build/cooja/mtype229.a(autostart.o)
 .data          0x000000000003675c        0x0 build/cooja/mtype229.a(ctimer.o)
 .data.rel.local
                0x000000000003675c       0x14 build/cooja/mtype229.a(ctimer.o)
                0x0000000000036760                ctimer_process
 .data          0x0000000000036770        0x4 build/cooja/mtype229.a(log.o)
                0x0000000000036770                curr_log_level_main
 *fill*         0x0000000000036774        0xc 
 .data.rel.local
                0x0000000000036780       0x9c build/cooja/mtype229.a(log.o)
                0x0000000000036780                all_modules
 .data          0x000000000003681c        0x0 build/cooja/mtype229.a(energest.o)
 .data          0x000000000003681c        0x0 build/cooja/mtype229.a(etimer.o)
 .data.rel.local
                0x000000000003681c       0x10 build/cooja/mtype229.a(etimer.o)
                0x000000000003681c                etimer_process
 .data          0x000000000003682c        0x0 build/cooja/mtype229.a(node-id.o)
 .data          0x000000000003682c        0x0 build/cooja/mtype229.a(rtimer.o)
 .data          0x000000000003682c        0x0 build/cooja/mtype229.a(process.o)
 .data          0x000000000003682c        0x0 build/cooja/mtype229.a(timer.o)
 .data          0x000000000003682c        0x0 build/cooja/mtype229.a(list.o)
 .data          0x000000000003682c        0x0 build/cooja/mtype229.a(memb.o)
 .data          0x000000000003682c        0x0 build/cooja/mtype229.a(button-hal.o)
 .data.rel.local
                0x000000000003682c       0x10 build/cooja/mtype229.a(button-hal.o)
                0x000000000003682c                button_hal_process
 .data          0x000000000003683c        0x0 build/cooja/mtype229.a(serial-line.o)
 .data.rel.local
                0x000000000003683c       0x10 build/cooja/mtype229.a(serial-line.o)
                0x000000000003683c                serial_line_process
 .data          0x000000000003684c        0x0 build/cooja/mtype229.a(gpio-hal.o)
 .data.rel.local
                0x000000000003684c        0x4 build/cooja/mtype229.a(gpio-hal.o)
 .data          0x0000000000036850        0x0 build/cooja/mtype229.a(queuebuf.o)
 .data.rel.local
                0x0000000000036850       0x18 build/cooja/mtype229.a(queuebuf.o)
 .data          0x0000000000036868        0x0 build/cooja/mtype229.a(packetbuf.o)
 .data.rel.local
                0x0000000000036868        0x4 build/cooja/mtype229.a(packetbuf.o)
 .data          0x000000000003686c        0x0 build/cooja/mtype229.a(netstack.o)
 .data.rel.local
                0x000000000003686c        0x4 build/cooja/mtype229.a(netstack.o)
 .data          0x0000000000036870        0x0 build/cooja/mtype229.a(linkaddr.o)
 .data          0x0000000000036870        0x0 build/cooja/mtype229.a(csma.o)
 .data          0x0000000000036870        0x0 build/cooja/mtype229.a(csma-output.o)
 .data.rel.local
                0x0000000000036870       0x28 build/cooja/mtype229.a(csma-output.o)
 .data          0x0000000000036898        0x0 build/cooja/mtype229.a(uip-ds6.o)
 .data          0x0000000000036898        0x0 build/cooja/mtype229.a(uip-udp-packet.)
 .data          0x0000000000036898        0x0 build/cooja/mtype229.a(uip-ds6-route.o)
 .data.rel.local
                0x0000000000036898       0x10 build/cooja/mtype229.a(uip-ds6-route.o)
 .data          0x00000000000368a8        0x0 build/cooja/mtype229.a(tcpip.o)
 .data.rel.local
                0x00000000000368a8       0x10 build/cooja/mtype229.a(tcpip.o)
                0x00000000000368a8                tcpip_process
 .data          0x00000000000368b8        0x0 build/cooja/mtype229.a(uip6.o)
 .data          0x00000000000368b8        0x0 build/cooja/mtype229.a(uip-ds6-nbr.o)
 .data.rel.local
                0x00000000000368b8       0x14 build/cooja/mtype229.a(uip-ds6-nbr.o)
 .data          0x00000000000368cc        0x0 build/cooja/mtype229.a(uip-nd6.o)
 .data.rel.local
                0x00000000000368cc        0xc build/cooja/mtype229.a(uip-nd6.o)
 .data          0x00000000000368d8        0x0 build/cooja/mtype229.a(sicslowpan.o)
 .data          0x00000000000368d8        0x0 build/cooja/mtype229.a(uiplib.o)
 .data          0x00000000000368d8        0x0 build/cooja/mtype229.a(rpl.o)
 .data          0x00000000000368d8        0x0 build/cooja/mtype229.a(rpl-icmp6.o)
 .data.rel.local
                0x00000000000368d8       0x30 build/cooja/mtype229.a(rpl-icmp6.o)
 .data          0x0000000000036908        0x0 build/cooja/mtype229.a(rpl-dag-root.o)
 .data          0x0000000000036908        0x0 build/cooja/mtype229.a(watchdog.o)
 .data          0x0000000000036908        0x0 build/cooja/mtype229.a(int-master.o)
 .data          0x0000000000036908        0x0 build/cooja/mtype229.a(coap-timer-defa)
 .data.rel.local
                0x0000000000036908       0x10 build/cooja/mtype229.a(coap-timer-defa)
                0x0000000000036908                coap_timer_process
 .data          0x0000000000036918        0x0 build/cooja/mtype229.a(stimer.o)
 .data          0x0000000000036918        0x0 build/cooja/mtype229.a(ringbuf.o)
 .data          0x0000000000036918        0x0 build/cooja/mtype229.a(assert.o)
 .data          0x0000000000036918        0x0 build/cooja/mtype229.a(nbr-table.o)
 .data.rel.local
                0x0000000000036918       0x10 build/cooja/mtype229.a(nbr-table.o)
 .data          0x0000000000036928        0x0 build/cooja/mtype229.a(link-stats.o)
 .data.rel.local
                0x0000000000036928       0x14 build/cooja/mtype229.a(link-stats.o)
 .data          0x000000000003693c        0x0 build/cooja/mtype229.a(mac-sequence.o)
 .data          0x000000000003693c        0x0 build/cooja/mtype229.a(mac.o)
 .data          0x000000000003693c        0x0 build/cooja/mtype229.a(framer-802154.o)
 .data          0x000000000003693c        0x2 build/cooja/mtype229.a(frame802154.o)
 .data          0x000000000003693e        0x0 build/cooja/mtype229.a(csma-security.o)
 .data          0x000000000003693e        0x0 build/cooja/mtype229.a(uipbuf.o)
 .data          0x000000000003693e        0x0 build/cooja/mtype229.a(uip-icmp6.o)
 *fill*         0x000000000003693e        0x2 
 .data.rel.local
                0x0000000000036940       0x20 build/cooja/mtype229.a(uip-icmp6.o)
 .data          0x0000000000036960        0x0 build/cooja/mtype229.a(uip-sr.o)
 .data.rel.local
                0x0000000000036960       0x10 build/cooja/mtype229.a(uip-sr.o)
 .data          0x0000000000036970        0x0 build/cooja/mtype229.a(uip-packetqueue)
 .data.rel.local
                0x0000000000036970        0xc build/cooja/mtype229.a(uip-packetqueue)
 .data          0x000000000003697c        0x0 build/cooja/mtype229.a(rpl-nbr-policy.)
 .data          0x000000000003697c        0x0 build/cooja/mtype229.a(rpl-neighbor.o)
 .data.rel.local
                0x000000000003697c       0x14 build/cooja/mtype229.a(rpl-neighbor.o)
                0x000000000003698c                rpl_neighbors
 .data          0x0000000000036990        0x0 build/cooja/mtype229.a(rpl-dag.o)
 .data          0x0000000000036990        0x0 build/cooja/mtype229.a(rpl-timers.o)
 .data          0x0000000000036990        0x0 build/cooja/mtype229.a(rpl-ext-header.)
 .data          0x0000000000036990        0x0 build/cooja/mtype229.a(rpl-mrhof.o)
 *fill*         0x0000000000036990       0x10 
 .data.rel.local
                0x00000000000369a0       0x24 build/cooja/mtype229.a(rpl-mrhof.o)
                0x00000000000369a0                rpl_mrhof
 .data          0x00000000000369c4        0x0 /usr/lib/gcc/i686-linux-gnu/7/libgcc.a(_udivdi3.o)
 .data          0x00000000000369c4        0x0 /usr/lib/i386-linux-gnu/libc_nonshared.a(stack_chk_fail_local.oS)
 .data          0x00000000000369c4        0x0 /usr/lib/gcc/i686-linux-gnu/7/crtendS.o
 .data          0x00000000000369c4        0x0 /usr/lib/gcc/i686-linux-gnu/7/../../../i386-linux-gnu/crtn.o

.tm_clone_table
                0x00000000000369c4        0x0
 .tm_clone_table
                0x00000000000369c4        0x0 /usr/lib/gcc/i686-linux-gnu/7/crtbeginS.o
 .tm_clone_table
                0x00000000000369c4        0x0 /usr/lib/gcc/i686-linux-gnu/7/crtendS.o

.data1
 *(.data1)
                0x00000000000369c4                _edata = .
                [!provide]                        PROVIDE (edata = .)
                0x00000000000369c4                . = .
                0x00000000000369c4                __bss_start = .

.bss            0x00000000000369e0    0x143e4
 *(.dynbss)
 .dynbss        0x00000000000369e0        0x0 /usr/lib/gcc/i686-linux-gnu/7/../../../i386-linux-gnu/crti.o
 *(.bss .bss.* .gnu.linkonce.b.*)
 .bss           0x00000000000369e0        0x0 /usr/lib/gcc/i686-linux-gnu/7/../../../i386-linux-gnu/crti.o
 .bss           0x00000000000369e0        0x1 /usr/lib/gcc/i686-linux-gnu/7/crtbeginS.o
 *fill*         0x00000000000369e1       0x1f 
 .bss           0x0000000000036a00      0x14c oxygen_server.o
 *fill*         0x0000000000036b4c       0x14 
 .bss           0x0000000000036b60     0x2040 build/cooja/mtype229.o
 .bss           0x0000000000038ba0        0x1 build/cooja/mtype229.a(simEnvChange.o)
                0x0000000000038ba0                simDontFallAsleep
 *fill*         0x0000000000038ba1        0x3 
 .bss           0x0000000000038ba4        0x4 build/cooja/mtype229.a(cooja_mt.o)
 .bss           0x0000000000038ba8        0x4 build/cooja/mtype229.a(cooja_mtarch.o)