Archive member included to satisfy reference by file (symbol)

build/cooja/mtype928.a(simEnvChange.o)
                              build/cooja/mtype928.o (simDontFallAsleep)
build/cooja/mtype928.a(cooja_mt.o)
                              build/cooja/mtype928.o (cooja_mt_start)
build/cooja/mtype928.a(cooja_mtarch.o)
                              build/cooja/mtype928.a(cooja_mt.o) (cooja_mtarch_start)
build/cooja/mtype928.a(rtimer-arch.o)
                              build/cooja/mtype928.o (rtimer_arch_check)
build/cooja/mtype928.a(beep.o)
                              build/cooja/mtype928.o (beep_interface)
build/cooja/mtype928.a(leds-arch.o)
                              build/cooja/mtype928.o (leds_interface)
build/cooja/mtype928.a(moteid.o)
                              build/cooja/mtype928.o (moteid_interface)
build/cooja/mtype928.a(pir-sensor.o)
                              build/cooja/mtype928.o (pir_interface)
build/cooja/mtype928.a(rs232.o)
                              build/cooja/mtype928.o (rs232_interface)
build/cooja/mtype928.a(vib-sensor.o)
                              build/cooja/mtype928.o (vib_interface)
build/cooja/mtype928.a(clock.o)
                              build/cooja/mtype928.o (clock_interface)
build/cooja/mtype928.a(cooja-log.o)
                              build/cooja/mtype928.o (simlog_interface)
build/cooja/mtype928.a(cfs-cooja.o)
                              build/cooja/mtype928.o (cfs_interface)
build/cooja/mtype928.a(cooja-radio.o)
                              build/cooja/mtype928.o (radio_interface)
build/cooja/mtype928.a(eeprom.o)
                              build/cooja/mtype928.o (eeprom_interface)
build/cooja/mtype928.a(random.o)
                              build/cooja/mtype928.a(moteid.o) (random_init)
build/cooja/mtype928.a(sensors.o)
                              build/cooja/mtype928.a(pir-sensor.o) (sensors_changed)
build/cooja/mtype928.a(leds.o)
                              build/cooja/mtype928.a(leds-arch.o) (leds_get)
build/cooja/mtype928.a(gpio-hal-arch.o)
                              build/cooja/mtype928.a(leds-arch.o) (gpio_hal_arch_register_pin_callback)
build/cooja/mtype928.a(buttons.o)
                              build/cooja/mtype928.o (button_interface)
build/cooja/mtype928.a(webserver.o)
                              border-router.o (webserver_nogui_process)
build/cooja/mtype928.a(contiki-main.o)
                              build/cooja/mtype928.o (main)
build/cooja/mtype928.a(autostart.o)
                              build/cooja/mtype928.a(contiki-main.o) (autostart_start)
build/cooja/mtype928.a(ctimer.o)
                              build/cooja/mtype928.a(contiki-main.o) (ctimer_init)
build/cooja/mtype928.a(log.o)
                              build/cooja/mtype928.a(contiki-main.o) (curr_log_level_main)
build/cooja/mtype928.a(energest.o)
                              build/cooja/mtype928.a(contiki-main.o) (energest_init)
build/cooja/mtype928.a(etimer.o)
                              build/cooja/mtype928.a(contiki-main.o) (etimer_process)
build/cooja/mtype928.a(node-id.o)
                              build/cooja/mtype928.a(contiki-main.o) (node_id)
build/cooja/mtype928.a(rtimer.o)
                              build/cooja/mtype928.a(contiki-main.o) (rtimer_init)
build/cooja/mtype928.a(process.o)
                              build/cooja/mtype928.a(ctimer.o) (process_current)
build/cooja/mtype928.a(timer.o)
                              build/cooja/mtype928.a(etimer.o) (timer_set)
build/cooja/mtype928.a(list.o)
                              build/cooja/mtype928.a(ctimer.o) (list_init)
build/cooja/mtype928.a(button-hal.o)
                              build/cooja/mtype928.o (button_hal_init)
build/cooja/mtype928.a(serial-line.o)
                              build/cooja/mtype928.a(rs232.o) (serial_line_input_byte)
build/cooja/mtype928.a(gpio-hal.o)
                              build/cooja/mtype928.a(button-hal.o) (gpio_hal_register_handler)
build/cooja/mtype928.a(queuebuf.o)
                              build/cooja/mtype928.a(contiki-main.o) (queuebuf_init)
build/cooja/mtype928.a(packetbuf.o)
                              build/cooja/mtype928.a(cooja-radio.o) (packetbuf_clear)
build/cooja/mtype928.a(netstack.o)
                              build/cooja/mtype928.a(contiki-main.o) (netstack_init)
build/cooja/mtype928.a(linkaddr.o)
                              build/cooja/mtype928.a(contiki-main.o) (linkaddr_node_addr)
build/cooja/mtype928.a(csma.o)
                              build/cooja/mtype928.a(cooja-radio.o) (csma_driver)
build/cooja/mtype928.a(csma-output.o)
                              build/cooja/mtype928.a(csma.o) (csma_output_packet)
build/cooja/mtype928.a(uip-sr.o)
                              build/cooja/mtype928.a(webserver.o) (uip_sr_num_nodes)
build/cooja/mtype928.a(uip-ds6.o)
                              build/cooja/mtype928.a(contiki-main.o) (uip_ds6_get_link_local)
build/cooja/mtype928.a(uip-ds6-route.o)
[...]
Memory Configuration

Name             Origin             Length             Attributes
*default*        0x0000000000000000 0xffffffffffffffff

Linker script and memory map

LOAD /usr/lib/gcc/i686-linux-gnu/7/../../../i386-linux-gnu/crti.o
LOAD /usr/lib/gcc/i686-linux-gnu/7/crtbeginS.o
LOAD border-router.o
LOAD build/cooja/mtype928.o
LOAD build/cooja/mtype928.a
LOAD /usr/lib/gcc/i686-linux-gnu/7/libgcc.a
LOAD /usr/lib/gcc/i686-linux-gnu/7/libgcc_s.so
START GROUP
LOAD /usr/lib/gcc/i686-linux-gnu/7/libgcc_s.so.1
LOAD /usr/lib/gcc/i686-linux-gnu/7/libgcc.a
END GROUP
LOAD /usr/lib/gcc/i686-linux-gnu/7/../../../i386-linux-gnu/libc.so
START GROUP
LOAD /lib/i386-linux-gnu/libc.so.6
LOAD /usr/lib/i386-linux-gnu/libc_nonshared.a
LOAD /lib/i386-linux-gnu/ld-linux.so.2
END GROUP
LOAD /usr/lib/gcc/i686-linux-gnu/7/libgcc.a
LOAD /usr/lib/gcc/i686-linux-gnu/7/libgcc_s.so
START GROUP
LOAD /usr/lib/gcc/i686-linux-gnu/7/libgcc_s.so.1
LOAD /usr/lib/gcc/i686-linux-gnu/7/libgcc.a
END GROUP
LOAD /usr/lib/gcc/i686-linux-gnu/7/crtendS.o
LOAD /usr/lib/gcc/i686-linux-gnu/7/../../../i386-linux-gnu/crtn.o
                0x0000000000000114                . = (SEGMENT_START ("text-segment", 0x0) + SIZEOF_HEADERS)

.note.gnu.build-id
                0x0000000000000114       0x24
 *(.note.gnu.build-id)
 .note.gnu.build-id
                0x0000000000000114       0x24 /usr/lib/gcc/i686-linux-gnu/7/../../../i386-linux-gnu/crti.o

.hash
 *(.hash)

.gnu.hash       0x0000000000000138     0x14c4
 *(.gnu.hash)
 .gnu.hash      0x0000000000000138     0x14c4 /usr/lib/gcc/i686-linux-gnu/7/../../../i386-linux-gnu/crti.o

.dynsym         0x00000000000015fc     0x2b60
 *(.dynsym)
 .dynsym        0x00000000000015fc     0x2b60 /usr/lib/gcc/i686-linux-gnu/7/../../../i386-linux-gnu/crti.o

.dynstr         0x000000000000415c     0x30b0
 *(.dynstr)
 .dynstr        0x000000000000415c     0x30b0 /usr/lib/gcc/i686-linux-gnu/7/../../../i386-linux-gnu/crti.o

.gnu.version    0x000000000000720c      0x56c
 *(.gnu.version)
 .gnu.version   0x000000000000720c      0x56c /usr/lib/gcc/i686-linux-gnu/7/../../../i386-linux-gnu/crti.o

.gnu.version_d  0x0000000000007778        0x0
 *(.gnu.version_d)
 .gnu.version_d
                0x0000000000007778        0x0 /usr/lib/gcc/i686-linux-gnu/7/../../../i386-linux-gnu/crti.o

.gnu.version_r  0x0000000000007778       0x40
 *(.gnu.version_r)
 .gnu.version_r
                0x0000000000007778       0x40 /usr/lib/gcc/i686-linux-gnu/7/../../../i386-linux-gnu/crti.o

.rel.dyn        0x00000000000077b8      0xed8
 *(.rel.init)
 .rel.init      0x00000000000077b8        0x0 /usr/lib/gcc/i686-linux-gnu/7/../../../i386-linux-gnu/crti.o
 *(.rel.text .rel.text.* .rel.gnu.linkonce.t.*)
 .rel.text      0x00000000000077b8      0x578 /usr/lib/gcc/i686-linux-gnu/7/../../../i386-linux-gnu/crti.o
 *(.rel.fini)
 .rel.fini      0x0000000000007d30        0x0 /usr/lib/gcc/i686-linux-gnu/7/../../../i386-linux-gnu/crti.o
 *(.rel.rodata .rel.rodata.* .rel.gnu.linkonce.r.*)
 *(.rel.data.rel.ro .rel.data.rel.ro.* .rel.gnu.linkonce.d.rel.ro.*)
 .rel.data.rel.ro.local
                0x0000000000007d30      0x218 /usr/lib/gcc/i686-linux-gnu/7/../../../i386-linux-gnu/crti.o
 .rel.data.rel.ro
                0x0000000000007f48       0xb0 /usr/lib/gcc/i686-linux-gnu/7/../../../i386-linux-gnu/crti.o
 *(.rel.data .rel.data.* .rel.gnu.linkonce.d.*)
 .rel.data.rel.local
                0x0000000000007ff8      0x338 /usr/lib/gcc/i686-linux-gnu/7/../../../i386-linux-gnu/crti.o
 .rel.data.rel  0x0000000000008330       0x78 /usr/lib/gcc/i686-linux-gnu/7/../../../i386-linux-gnu/crti.o
 *(.rel.tdata .rel.tdata.* .rel.gnu.linkonce.td.*)
 *(.rel.tbss .rel.tbss.* .rel.gnu.linkonce.tb.*)
 *(.rel.ctors)
 *(.rel.dtors)
 *(.rel.got)
 .rel.got       0x00000000000083a8      0x2d8 /usr/lib/gcc/i686-linux-gnu/7/../../../i386-linux-gnu/crti.o
 *(.rel.bss .rel.bss.* .rel.gnu.linkonce.b.*)
 *(.rel.ifunc)
 .rel.ifunc     0x0000000000008680        0x0 /usr/lib/gcc/i686-linux-gnu/7/../../../i386-linux-gnu/crti.o
 .rel.fini_array
                0x0000000000008680        0x8 /usr/lib/gcc/i686-linux-gnu/7/../../../i386-linux-gnu/crti.o
 .rel.init_array
                0x0000000000008688        0x8 /usr/lib/gcc/i686-linux-gnu/7/../../../i386-linux-gnu/crti.o

.rel.plt        0x0000000000008690      0x9f0
 *(.rel.plt)
 .rel.plt       0x0000000000008690      0x9f0 /usr/lib/gcc/i686-linux-gnu/7/../../../i386-linux-gnu/crti.o
 *(.rel.iplt)

.init           0x0000000000009080       0x23
 *(SORT_NONE(.init))
 .init          0x0000000000009080       0x1e /usr/lib/gcc/i686-linux-gnu/7/../../../i386-linux-gnu/crti.o
                0x0000000000009080                _init
 .init          0x000000000000909e        0x5 /usr/lib/gcc/i686-linux-gnu/7/../../../i386-linux-gnu/crtn.o

.plt            0x00000000000090b0     0x13f0
 *(.plt)
 .plt           0x00000000000090b0     0x13f0 /usr/lib/gcc/i686-linux-gnu/7/../../../i386-linux-gnu/crti.o
 *(.iplt)

.plt.got        0x000000000000a4a0       0x18
 *(.plt.got)
 .plt.got       0x000000000000a4a0       0x18 /usr/lib/gcc/i686-linux-gnu/7/../../../i386-linux-gnu/crti.o

.plt.sec
 *(.plt.sec)

.text           0x000000000000a4c0    0x1bd54
 *(.text.unlikely .text.*_unlikely .text.unlikely.*)
 *(.text.exit .text.exit.*)
 *(.text.startup .text.startup.*)
 *(.text.hot .text.hot.*)
 *(.text .stub .text.* .gnu.linkonce.t.*)
 .text          0x000000000000a4c0        0x0 /usr/lib/gcc/i686-linux-gnu/7/../../../i386-linux-gnu/crti.o
 .gnu.linkonce.t.__x86.get_pc_thunk.bx
                0x000000000000a4c0        0x4 /usr/lib/gcc/i686-linux-gnu/7/../../../i386-linux-gnu/crti.o
                0x000000000000a4c0                __x86.get_pc_thunk.bx
 *fill*         0x000000000000a4c4        0xc 
 .text          0x000000000000a4d0       0xe9 /usr/lib/gcc/i686-linux-gnu/7/crtbeginS.o
 .text.__x86.get_pc_thunk.dx
                0x000000000000a5b9        0x4 /usr/lib/gcc/i686-linux-gnu/7/crtbeginS.o
                0x000000000000a5b9                __x86.get_pc_thunk.dx
 .text          0x000000000000a5bd       0x85 border-router.o
 .text          0x000000000000a642      0x36b build/cooja/mtype928.o
                0x000000000000a6f4                platform_init_stage_one
                0x000000000000a717                platform_init_stage_two
                0x000000000000a73a                platform_init_stage_three
                0x000000000000a75d                platform_main_loop
                0x000000000000a803                Java_org_contikios_cooja_corecomm_Lib106_init
                0x000000000000a851                Java_org_contikios_cooja_corecomm_Lib106_getMemory
                0x000000000000a891                Java_org_contikios_cooja_corecomm_Lib106_setMemory
                0x000000000000a902                Java_org_contikios_cooja_corecomm_Lib106_tick
                0x000000000000a98c                Java_org_contikios_cooja_corecomm_Lib106_setReferenceAddress
 .text.__x86.get_pc_thunk.ax
                0x000000000000a9ad        0x4 build/cooja/mtype928.o
                0x000000000000a9ad                __x86.get_pc_thunk.ax
 .text          0x000000000000a9b1       0x8d build/cooja/mtype928.a(simEnvChange.o)
                0x000000000000a9b1                doActionsBeforeTick
                0x000000000000a9f7                doActionsAfterTick
 .text          0x000000000000aa3e       0xb6 build/cooja/mtype928.a(cooja_mt.o)
                0x000000000000aa3e                cooja_mt_start
                0x000000000000aa78                cooja_mt_exec
                0x000000000000aabf                cooja_mt_yield
 .text          0x000000000000aaf4       0xf2 build/cooja/mtype928.a(cooja_mtarch.o)
                0x000000000000aaf4                cooja_mtarch_start
                0x000000000000ab78                cooja_sw
                0x000000000000aba6                cooja_mtarch_exec
                0x000000000000abd1                cooja_mtarch_yield
 .text          0x000000000000abe6      0x127 build/cooja/mtype928.a(rtimer-arch.o)
                0x000000000000abe6                rtimer_arch_init
                0x000000000000ac15                rtimer_arch_schedule
                0x000000000000ac57                rtimer_arch_next
                0x000000000000ac71                rtimer_arch_pending
                0x000000000000ac88                rtimer_arch_check
                0x000000000000acf3                rtimer_arch_now
 .text.__x86.get_pc_thunk.cx
                0x000000000000ad0d        0x4 build/cooja/mtype928.a(rtimer-arch.o)
                0x000000000000ad0d                __x86.get_pc_thunk.cx
 .text          0x000000000000ad11      0x101 build/cooja/mtype928.a(beep.o)
                0x000000000000ad11                beep_alarm
                0x000000000000ad2a                beep_beep
                0x000000000000ad43                beep
                0x000000000000ad5c                beep_down
                0x000000000000ad75                beep_on
                0x000000000000ad8e                beep_off
                0x000000000000ada7                beep_spinup
                0x000000000000adc0                beep_quick
                0x000000000000add9                beep_long
 .text          0x000000000000ae12       0x9f build/cooja/mtype928.a(leds-arch.o)
                0x000000000000ae36                leds_arch_init
 .text          0x000000000000aeb1       0x56 build/cooja/mtype928.a(moteid.o)
 .text          0x000000000000af07      0x101 build/cooja/mtype928.a(pir-sensor.o)
 .text          0x000000000000b008      0x1cc build/cooja/mtype928.a(rs232.o)
                0x000000000000b008                rs232_init
                0x000000000000b018                rs232_set_speed
                0x000000000000b031                rs232_set_input
                0x000000000000b04a                rs232_send
                0x000000000000b080                rs232_print
                0x000000000000b0ae                slip_arch_writeb
 .text          0x000000000000b1d4      0x101 build/cooja/mtype928.a(vib-sensor.o)
 .text          0x000000000000b2d5       0x7a build/cooja/mtype928.a(clock.o)
                0x000000000000b2d5                clock_init
                0x000000000000b2e5                clock_time
                0x000000000000b2fc                clock_seconds
                0x000000000000b31f                clock_delay
 .text          0x000000000000b34f      0x2b5 build/cooja/mtype928.a(cooja-log.o)
                0x000000000000b34f                simlog_char
                0x000000000000b3b3                simlog
                0x000000000000b44d                log_message
                0x000000000000b49c                log_set_putchar_with_slip
                0x000000000000b4b5                log_putchar
                0x000000000000b540                log_puts
                0x000000000000b572                log_printf
 .text          0x000000000000b604      0x36c build/cooja/mtype928.a(cfs-cooja.o)
                0x000000000000b604                cfs_open
                0x000000000000b67c                cfs_close
                0x000000000000b693                cfs_read
                0x000000000000b747                cfs_write
                0x000000000000b845                cfs_seek
                0x000000000000b8e2                cfs_remove
                0x000000000000b918                cfs_opendir
                0x000000000000b92c                cfs_readdir
                0x000000000000b940                cfs_closedir
 .text          0x000000000000b970      0x78b build/cooja/mtype928.a(cooja-radio.o)
                0x000000000000b9de                radio_set_channel
                0x000000000000b9f7                radio_set_txpower
                0x000000000000ba1a                radio_signal_strength_last
                0x000000000000ba2f                radio_signal_strength_current
                0x000000000000ba44                radio_LQI
 .text          0x000000000000c0fb      0x130 build/cooja/mtype928.a(eeprom.o)
                0x000000000000c0fb                eeprom_init
                0x000000000000c10b                eeprom_read
                0x000000000000c18b                eeprom_write
 .text          0x000000000000c22b       0x4e build/cooja/mtype928.a(random.o)
                0x000000000000c22b                random_init
                0x000000000000c25b                random_rand
 .text          0x000000000000c279      0x332 build/cooja/mtype928.a(sensors.o)
                0x000000000000c2c0                sensors_first
                0x000000000000c2d7                sensors_next
                0x000000000000c302                sensors_changed
                0x000000000000c34f                sensors_find
 .text          0x000000000000c5ab      0x3fc build/cooja/mtype928.a(leds.o)
                0x000000000000c5ab                leds_init
                0x000000000000c603                leds_single_on
                0x000000000000c67b                leds_single_off
                0x000000000000c6f3                leds_single_toggle
                0x000000000000c737                leds_on
                0x000000000000c7cf                leds_off
                0x000000000000c867                leds_toggle
                0x000000000000c8cd                leds_set
                0x000000000000c903                leds_get
 .text          0x000000000000c9a7      0x401 build/cooja/mtype928.a(gpio-hal-arch.o)
                0x000000000000c9a7                gpio_hal_arch_register_pin_callback
                0x000000000000ca28                gpio_hal_arch_init
                0x000000000000ca82                gpio_hal_arch_no_port_interrupt_enable
                0x000000000000cabc                gpio_hal_arch_no_port_interrupt_disable
                0x000000000000caf6                gpio_hal_arch_no_port_pin_cfg_set
                0x000000000000cb25                gpio_hal_arch_no_port_pin_cfg_get
                0x000000000000cb55                gpio_hal_arch_no_port_pin_set_input
                0x000000000000cb71                gpio_hal_arch_no_port_pin_set_output
                0x000000000000cb8d                gpio_hal_arch_no_port_set_pin
                0x000000000000cbb8                gpio_hal_arch_no_port_clear_pin
                0x000000000000cbe3                gpio_hal_arch_no_port_read_pin
                0x000000000000cc15                gpio_hal_arch_no_port_write_pin
                0x000000000000cc49                gpio_hal_arch_no_port_set_pins
                0x000000000000cc9a                gpio_hal_arch_no_port_clear_pins
                0x000000000000cceb                gpio_hal_arch_no_port_read_pins
                0x000000000000cd3e                gpio_hal_arch_no_port_write_pins
 .text          0x000000000000cda8       0xc6 build/cooja/mtype928.a(buttons.o)
 .text          0x000000000000ce6e      0x8ae build/cooja/mtype928.a(webserver.o)
                0x000000000000d707                httpd_simple_get_script
 .text          0x000000000000d71c      0x3c6 build/cooja/mtype928.a(contiki-main.o)
                0x000000000000d71c                main
 .text          0x000000000000dae2       0xb0 build/cooja/mtype928.a(autostart.o)
                0x000000000000dae2                autostart_start
                0x000000000000db3b                autostart_exit
 .text          0x000000000000db92      0x400 build/cooja/mtype928.a(ctimer.o)
                0x000000000000dcd5                ctimer_init
                0x000000000000dd1a                ctimer_set
                0x000000000000dd4d                ctimer_set_with_process
                0x000000000000dde4                ctimer_reset
                0x000000000000de52                ctimer_restart
                0x000000000000dec0                ctimer_stop
                0x000000000000df20                ctimer_expired
 .text          0x000000000000df92      0x4a3 build/cooja/mtype928.a(log.o)
                0x000000000000df92                log_6addr
                0x000000000000dff6                log_6addr_compact_snprint
                0x000000000000e0b6                log_6addr_compact
                0x000000000000e11a                log_lladdr
                0x000000000000e1a1                log_lladdr_compact
                0x000000000000e21e                log_bytes
                0x000000000000e272                log_set_level
                0x000000000000e350                log_get_level
                0x000000000000e3e1                log_level_to_str
 .text          0x000000000000e435       0x39 build/cooja/mtype928.a(energest.o)
                0x000000000000e435                energest_init
                0x000000000000e445                energest_flush
                0x000000000000e455                energest_get_total_time
 .text          0x000000000000e46e      0x527 build/cooja/mtype928.a(etimer.o)
                0x000000000000e6c3                etimer_request_poll
                0x000000000000e774                etimer_set
                0x000000000000e7ad                etimer_reset_with_new_interval
                0x000000000000e7ec                etimer_reset
                0x000000000000e822                etimer_restart
                0x000000000000e858                etimer_adjust
                0x000000000000e87f                etimer_expired
                0x000000000000e89c                etimer_expiration_time
                0x000000000000e8b8                etimer_start_time
                0x000000000000e8cc                etimer_pending
                0x000000000000e8e9                etimer_next_expiration_time
                0x000000000000e911                etimer_stop
 .text          0x000000000000e995       0x36 build/cooja/mtype928.a(node-id.o)
                0x000000000000e995                node_id_init
 .text          0x000000000000e9cb      0x122 build/cooja/mtype928.a(rtimer.o)
                0x000000000000e9cb                rtimer_init
                0x000000000000e9ea                rtimer_set
                0x000000000000ea78                rtimer_run_next
 .text          0x000000000000eaed      0x5cb build/cooja/mtype928.a(process.o)
                0x000000000000eaed                process_alloc_event
                0x000000000000eb0e                process_start
                0x000000000000ed13                process_exit
                0x000000000000ed3b                process_init
                0x000000000000ef03                process_run
                0x000000000000ef46                process_nevents
                0x000000000000ef6b                process_post
                0x000000000000f018                process_post_synch
                0x000000000000f05e                process_poll
                0x000000000000f09a                process_is_running
 .text.__x86.get_pc_thunk.si
                0x000000000000f0b8        0x4 build/cooja/mtype928.a(process.o)
                0x000000000000f0b8                __x86.get_pc_thunk.si
 .text          0x000000000000f0bc       0xf6 build/cooja/mtype928.a(timer.o)
                0x000000000000f0bc                timer_set
                0x000000000000f0eb                timer_reset
                0x000000000000f122                timer_restart
                0x000000000000f148                timer_expired
                0x000000000000f186                timer_remaining
 .text          0x000000000000f1b2      0x311 build/cooja/mtype928.a(list.o)
                0x000000000000f1b2                list_init
                0x000000000000f1cb                list_head
                0x000000000000f1df                list_copy
                0x000000000000f1f9                list_tail
                0x000000000000f239                list_add
                0x000000000000f28f                list_push
                0x000000000000f2c5                list_chop
                0x000000000000f339                list_pop
                0x000000000000f36b                list_remove
                0x000000000000f3dd                list_length
                0x000000000000f415                list_insert
                0x000000000000f464                list_item_next
                0x000000000000f485                list_contains
 .text          0x000000000000f4c3      0x566 build/cooja/mtype928.a(button-hal.o)
                0x000000000000f6b7                button_hal_get_by_id
                0x000000000000f701                button_hal_get_by_index
                0x000000000000f73b                button_hal_get_state
                0x000000000000f79d                button_hal_init
 .text          0x000000000000fa29      0x242 build/cooja/mtype928.a(serial-line.o)
                0x000000000000fa29                serial_line_input_byte
                0x000000000000fc21                serial_line_init
 .text          0x000000000000fc6b      0x1d6 build/cooja/mtype928.a(gpio-hal.o)
                0x000000000000fc6b                gpio_hal_register_handler
                0x000000000000fc99                gpio_hal_event_handler
                0x000000000000fd06                gpio_hal_init
                0x000000000000fd35                gpio_hal_arch_port_toggle_pin
                0x000000000000fd80                gpio_hal_arch_port_toggle_pins
                0x000000000000fdbd                gpio_hal_arch_no_port_toggle_pin
                0x000000000000fe0a                gpio_hal_arch_no_port_toggle_pins
 .text          0x000000000000fe41      0x3a9 build/cooja/mtype928.a(queuebuf.o)
                0x000000000000fe55                queuebuf_init
                0x000000000000fe91                queuebuf_numfree
                0x000000000000febb                queuebuf_new_from_packetbuf
                0x000000000000ff6f                queuebuf_update_attr_from_packetbuf
                0x000000000000ffb3                queuebuf_update_from_packetbuf
                0x0000000000010012                queuebuf_free
                0x0000000000010070                queuebuf_to_packetbuf
                0x00000000000100ed                queuebuf_dataptr
                0x0000000000010139                queuebuf_datalen
                0x0000000000010166                queuebuf_addr
                0x00000000000101a5                queuebuf_attr
                0x00000000000101da                queuebuf_debug_print
 .text          0x00000000000101ea      0x4dd build/cooja/mtype928.a(packetbuf.o)
                0x00000000000101ea                packetbuf_clear
                0x0000000000010220                packetbuf_copyfrom
                0x0000000000010280                packetbuf_copyto
                0x000000000001031e                packetbuf_hdralloc
                0x00000000000103ae                packetbuf_hdrreduce
                0x0000000000010400                packetbuf_set_datalen
                0x0000000000010425                packetbuf_dataptr
                0x000000000001044c                packetbuf_hdrptr
                0x0000000000010461                packetbuf_datalen
                0x0000000000010477                packetbuf_hdrlen
                0x0000000000010496                packetbuf_totlen
                0x00000000000104b6                packetbuf_remaininglen
                0x00000000000104d3                packetbuf_attr_clear
                0x0000000000010539                packetbuf_attr_copyto
                0x000000000001057f                packetbuf_attr_copyfrom
                0x00000000000105c5                packetbuf_set_attr
                0x00000000000105fb                packetbuf_attr
                0x0000000000010621                packetbuf_set_addr
                0x0000000000010669                packetbuf_addr
                0x0000000000010693                packetbuf_holds_broadcast
 .text          0x00000000000106c7      0x13c build/cooja/mtype928.a(netstack.o)
                0x00000000000106c7                netstack_process_ip_callback
                0x0000000000010768                netstack_ip_packet_processor_add
                0x000000000001079c                uip_ds6_ip_packet_processor_rm
                0x00000000000107ca                netstack_init
 .text          0x0000000000010803       0x75 build/cooja/mtype928.a(linkaddr.o)
                0x0000000000010803                linkaddr_copy
                0x0000000000010823                linkaddr_cmp
                0x0000000000010856                linkaddr_set_node_addr
 .text          0x0000000000010878      0x2ae build/cooja/mtype928.a(csma.o)
 .text          0x0000000000010b26      0xa6f build/cooja/mtype928.a(csma-output.o)
                0x0000000000011298                csma_output_packet
                0x0000000000011547                csma_output_init
 .text          0x0000000000011595      0x772 build/cooja/mtype928.a(uip-sr.o)
                0x0000000000011595                uip_sr_num_nodes
                0x0000000000011641                uip_sr_get_node
                0x00000000000116a8                uip_sr_is_addr_reachable
                0x0000000000011765                uip_sr_expire_parent
                0x00000000000117b8                uip_sr_update_node
                0x00000000000118fc                uip_sr_init
                0x0000000000011942                uip_sr_node_head
                0x000000000001196c                uip_sr_node_next
                0x0000000000011992                uip_sr_periodic
                0x0000000000011aae                uip_sr_free_all
                0x0000000000011b33                uip_sr_link_snprint
 .text          0x0000000000011d07      0xe47 build/cooja/mtype928.a(uip-ds6.o)
                0x0000000000011d07                uip_ds6_default_prefix
                0x0000000000011d1c                uip_ds6_set_default_prefix
                0x0000000000011d52                uip_ds6_init
                0x0000000000011fed                uip_ds6_periodic
                0x0000000000012095                uip_ds6_list_loop
                0x0000000000012164                uip_ds6_prefix_add
                0x000000000001222b                uip_ds6_prefix_rm
                0x0000000000012248                uip_ds6_prefix_lookup
                0x000000000001229b                uip_ds6_is_addr_onlink
                0x0000000000012328                uip_ds6_addr_add
                0x000000000001246a                uip_ds6_addr_rm
                0x0000000000012529                uip_ds6_addr_lookup
                0x0000000000012579                uip_ds6_get_link_local
                0x0000000000012617                uip_ds6_get_global
                0x00000000000126b5                uip_ds6_maddr_add
                0x0000000000012731                uip_ds6_maddr_rm
                0x000000000001274e                uip_ds6_maddr_lookup
                0x00000000000127a1                uip_ds6_aaddr_add
                0x000000000001281a                uip_ds6_aaddr_rm
                0x0000000000012837                uip_ds6_aaddr_lookup
                0x0000000000012887                uip_ds6_select_src
                0x00000000000129f5                uip_ds6_set_addr_iid
                0x0000000000012a2a                uip_ds6_set_lladdr_from_iid
                0x0000000000012a5d                get_match_length
                0x0000000000012af8                uip_ds6_compute_reachable_time
 .text          0x0000000000012b4e      0x453 build/cooja/mtype928.a(uip-ds6-route.o)
                0x0000000000012bb0                uip_ds6_route_init
                0x0000000000012bec                uip_ds6_route_count_nexthop_neighbors
                0x0000000000012c00                uip_ds6_route_nexthop
                0x0000000000012c14                uip_ds6_route_head
                0x0000000000012c28                uip_ds6_route_next
                0x0000000000012c3c                uip_ds6_route_is_nexthop
                0x0000000000012c50                uip_ds6_route_num_routes
                0x0000000000012c64                uip_ds6_route_lookup
                0x0000000000012c78                uip_ds6_route_add
                0x0000000000012c95                uip_ds6_route_rm
                0x0000000000012ca5                uip_ds6_route_rm_by_nexthop
                0x0000000000012cb5                uip_ds6_defrt_head
                0x0000000000012cdf                uip_ds6_defrt_add
                0x0000000000012d9f                uip_ds6_defrt_rm
                0x0000000000012e18                uip_ds6_defrt_lookup
                0x0000000000012e8f                uip_ds6_defrt_choose
                0x0000000000012f15                uip_ds6_defrt_periodic
 .text          0x0000000000012fa1      0x7c8 build/cooja/mtype928.a(psock.o)
                0x0000000000013309                psock_send
                0x0000000000013399                psock_generator_send
                0x00000000000134c4                psock_datalen
                0x00000000000134e6                psock_newdata
                0x0000000000013541                psock_readto
                0x0000000000013622                psock_readbuf_len
                0x000000000001371b                psock_init
 .text          0x0000000000013769      0xcac build/cooja/mtype928.a(tcpip.o)
                0x000000000001378f                tcpip_output
                0x00000000000138ba                tcp_connect
                0x0000000000013922                tcp_unlisten
                0x0000000000013997                tcp_listen
                0x0000000000013a09                tcp_attach
                0x0000000000013a2b                udp_attach
                0x0000000000013a4d                udp_new
                0x0000000000013aa7                udp_broadcast_new
                0x0000000000013d79                tcpip_input
                0x0000000000013fbc                tcpip_ipv6_output
                0x00000000000141f8                tcpip_poll_udp
                0x0000000000014228                tcpip_poll_tcp
                0x0000000000014258                tcpip_uipcall
 .text          0x0000000000014415     0x33b5 build/cooja/mtype928.a(uip6.o)
                0x0000000000014415                uip_add32
                0x0000000000014600                uip_chksum
                0x00000000000146f8                uip_icmp6chksum
                0x0000000000014717                uip_tcpchksum
                0x0000000000014736                uip_udpchksum
                0x0000000000014755                uip_init
                0x0000000000014803                uip_connect
                0x00000000000149a0                uip_remove_ext_hdr
                0x0000000000014a9b                uip_udp_new
                0x0000000000014be0                uip_unlisten
                0x0000000000014c30                uip_listen
                0x0000000000014f40                uip_process
                0x000000000001765a                uip_htons
                0x0000000000017686                uip_htonl
                0x00000000000176d0                uip_send
 .text          0x00000000000177ca      0x43e build/cooja/mtype928.a(uip-ds6-nbr.o)
                0x00000000000177ca                uip_ds6_neighbors_init
                0x0000000000017800                uip_ds6_nbr_add
                0x000000000001789a                uip_ds6_nbr_rm
                0x00000000000178f9                uip_ds6_nbr_update_ll
                0x00000000000179f6                uip_ds6_nbr_get_ipaddr
                0x0000000000017a15                uip_ds6_nbr_get_ll
                0x0000000000017a42                uip_ds6_nbr_num
                0x0000000000017a9c                uip_ds6_nbr_head
                0x0000000000017ac6                uip_ds6_nbr_next
                0x0000000000017af3                uip_ds6_nbr_lookup
                0x0000000000017b5a                uip_ds6_nbr_ll_lookup
                0x0000000000017b87                uip_ds6_nbr_ipaddr_from_lladdr
                0x0000000000017bba                uip_ds6_nbr_lladdr_from_ipaddr
                0x0000000000017bf8                uip_ds6_link_callback
 .text          0x0000000000017c08      0x810 build/cooja/mtype928.a(uip-nd6.o)
                0x00000000000183ed                uip_nd6_init
 .text          0x0000000000018418     0x33b0 build/cooja/mtype928.a(sicslowpan.o)
                0x0000000000018b16                netstack_sniffer_add
                0x0000000000018b2f                netstack_sniffer_remove
                0x000000000001b787                sicslowpan_init
                0x000000000001b7b3                sicslowpan_get_last_rssi
 .text          0x000000000001b7c8      0x51a build/cooja/mtype928.a(uiplib.o)
                0x000000000001b7c8                uiplib_ip6addrconv
                0x000000000001b98e                uiplib_ip4addrconv
                0x000000000001ba5b                uiplib_ipaddr_print
                0x000000000001babf                uiplib_ipaddr_snprint
 .text          0x000000000001bce2      0x610 build/cooja/mtype928.a(rpl.o)
                0x000000000001bce2                rpl_lollipop_greater_than
                0x000000000001bd45                rpl_get_global_address
                0x000000000001be7b                rpl_link_callback
                0x000000000001bede                rpl_has_joined
                0x000000000001bf14                rpl_is_reachable
                0x000000000001bfb7                rpl_reset_prefix
                0x000000000001c033                rpl_set_prefix_from_addr
                0x000000000001c145                rpl_set_prefix
                0x000000000001c2b9                rpl_set_leaf_only
                0x000000000001c2dc                rpl_get_leaf_only
 .text          0x000000000001c2f2     0x1491 build/cooja/mtype928.a(rpl-icmp6.o)
                0x000000000001c44f                rpl_icmp6_update_nbr_table
                0x000000000001c501                rpl_icmp6_dis_output
                0x000000000001cb16                rpl_icmp6_dio_output
                0x000000000001d36f                rpl_icmp6_dao_output
                0x000000000001d69c                rpl_icmp6_dao_ack_output
                0x000000000001d723                rpl_icmp6_init
 .text          0x000000000001d783      0x2e4 build/cooja/mtype928.a(rpl-dag-root.o)
                0x000000000001d783                rpl_dag_root_print_links
                0x000000000001d8dc                rpl_dag_root_set_prefix
                0x000000000001d917                rpl_dag_root_start
                0x000000000001da25                rpl_dag_root_is_root
 .text          0x000000000001da67      0x277 build/cooja/mtype928.a(slip-bridge.o)
                0x000000000001da67                request_prefix
 .text          0x000000000001dcde      0x711 build/cooja/mtype928.a(slip.o)
                0x000000000001dcde                slip_set_input_callback
                0x000000000001dcf7                slip_send
                0x000000000001dd29                slip_write
                0x000000000001e294                slip_input_byte
 .text          0x000000000001e3ef       0x6b build/cooja/mtype928.a(watchdog.o)
                0x000000000001e3ef                watchdog_init
                0x000000000001e3ff                watchdog_start
                0x000000000001e40f                watchdog_periodic
                0x000000000001e43a                watchdog_stop
                0x000000000001e44a                watchdog_reboot
 .text          0x000000000001e45a       0x75 build/cooja/mtype928.a(int-master.o)
                0x000000000001e45a                int_master_enable
                0x000000000001e474                int_master_read_and_disable
                0x000000000001e49c                int_master_status_set
                0x000000000001e4b5                int_master_is_enabled
 .text          0x000000000001e4cf       0x2b build/cooja/mtype928.a(slip-arch.o)
                0x000000000001e4cf                slip_arch_init
 .text          0x000000000001e4fa      0x691 build/cooja/mtype928.a(httpd-simple.o)
                0x000000000001e98a                httpd_appcall
                0x000000000001eb51                httpd_init
 .text          0x000000000001eb8b      0x175 build/cooja/mtype928.a(rpl-border-rout)
                0x000000000001eb8b                print_local_addresses
                0x000000000001ec91                set_prefix_64
                0x000000000001ecd3                rpl_border_router_init
 .text          0x000000000001ed00      0x11d build/cooja/mtype928.a(stimer.o)
                0x000000000001ed00                stimer_set
                0x000000000001ed2f                stimer_reset
                0x000000000001ed66                stimer_restart
                0x000000000001ed8c                stimer_expired
                0x000000000001edc8                stimer_remaining
                0x000000000001edf4                stimer_elapsed
 .text          0x000000000001ee1d      0x188 build/cooja/mtype928.a(ringbuf.o)
                0x000000000001ee1d                ringbuf_init
                0x000000000001ee59                ringbuf_put
                0x000000000001eee1                ringbuf_get
                0x000000000001ef58                ringbuf_size
                0x000000000001ef74                ringbuf_elements
 .text          0x000000000001efa5      0x1ec build/cooja/mtype928.a(memb.o)
                0x000000000001efa5                memb_init
                0x000000000001f009                memb_alloc
                0x000000000001f076                memb_free
                0x000000000001f0f7                memb_inmemb
                0x000000000001f140                memb_numfree
 .text          0x000000000001f191       0x31 build/cooja/mtype928.a(assert.o)
                0x000000000001f191                _xassert
 .text          0x000000000001f1c2      0xb68 build/cooja/mtype928.a(nbr-table.o)
                0x000000000001f564                nbr_table_count_entries
                0x000000000001f611                nbr_table_gc_get_worst
                0x000000000001f651                nbr_table_can_accept_new
                0x000000000001f7da                nbr_table_entry_is_allowed
                0x000000000001f87a                nbr_table_register
                0x000000000001f8f8                nbr_table_is_registered
                0x000000000001f93d                nbr_table_head
                0x000000000001f9aa                nbr_table_next
                0x000000000001fa1c                nbr_table_add_lladdr
                0x000000000001fb6b                nbr_table_get_from_lladdr
                0x000000000001fbc8                nbr_table_remove
                0x000000000001fc13                nbr_table_lock
                0x000000000001fc39                nbr_table_unlock
                0x000000000001fc5f                nbr_table_get_lladdr
                0x000000000001fc95                nbr_table_clear
                0x000000000001fcda                nbr_table_key_head
                0x000000000001fd04                nbr_table_key_next
 .text          0x000000000001fd2a      0x450 build/cooja/mtype928.a(link-stats.o)
                0x000000000001fd2a                link_stats_from_lladdr
                0x000000000001fd57                link_stats_get_lladdr
                0x000000000001fd84                link_stats_is_fresh
                0x000000000001fdd1                guess_etx_from_rssi
                0x000000000001fe57                link_stats_packet_sent
                0x000000000001ff9b                link_stats_input_callback
                0x00000000000200cf                link_stats_reset
                0x0000000000020131                link_stats_init
 .text          0x000000000002017a      0x1a8 build/cooja/mtype928.a(mac-sequence.o)
                0x000000000002017a                mac_sequence_is_duplicate
                0x000000000002023a                mac_sequence_register_seqno
 .text          0x0000000000020322       0x2d build/cooja/mtype928.a(mac.o)
                0x0000000000020322                mac_call_sent_callback
 .text          0x000000000002034f      0x477 build/cooja/mtype928.a(framer-802154.o)
                0x00000000000204f2                framer_802154_setup_params
 .text          0x00000000000207c6      0xc1a build/cooja/mtype928.a(frame802154.o)
                0x0000000000020801                frame802154_get_pan_id
                0x0000000000020817                frame802154_set_pan_id
                0x000000000002083c                frame802154_has_panid
                0x00000000000209f5                frame802154_check_dest_panid
                0x0000000000020a87                frame802154_is_broadcast_addr
                0x0000000000020ade                frame802154_extract_linkaddr
                0x0000000000020d67                frame802154_hdrlen
                0x0000000000020de4                frame802154_create_fcf
                0x0000000000020ea6                frame802154_create
                0x0000000000021031                frame802154_parse_fcf
                0x000000000002111d                frame802154_parse
 .text          0x00000000000213e0       0x4e build/cooja/mtype928.a(csma-security.o)
                0x00000000000213e0                csma_security_create_frame
                0x0000000000021411                csma_security_parse_frame
 .text          0x000000000002142e      0x5d3 build/cooja/mtype928.a(uipbuf.o)
                0x000000000002142e                uipbuf_clear
                0x0000000000021465                uipbuf_add_ext_hdr
                0x0000000000021500                uipbuf_set_len
                0x000000000002153a                uipbuf_set_len_field
                0x0000000000021570                uipbuf_get_len_field
                0x000000000002159a                uipbuf_get_next_header
                0x00000000000216eb                uipbuf_get_last_header
                0x000000000002176e                uipbuf_search_header
                0x0000000000021832                uipbuf_get_attr
                0x0000000000021863                uipbuf_set_attr
                0x00000000000218a4                uipbuf_set_default_attr
                0x00000000000218e5                uipbuf_clear_attr
                0x0000000000021925                uipbuf_set_attr_flag
                0x0000000000021951                uipbuf_clr_attr_flag
                0x0000000000021983                uipbuf_is_attr_flag
                0x00000000000219b1                uipbuf_init
 .text          0x0000000000021a01      0x8b7 build/cooja/mtype928.a(uip-icmp6.o)
                0x0000000000021a86                uip_icmp6_input
                0x0000000000021ae7                uip_icmp6_register_input_handler
                0x0000000000021c9b                uip_icmp6_error_output
                0x0000000000021fdd                uip_icmp6_send
                0x000000000002220b                uip_icmp6_echo_reply_callback_add
                0x000000000002224e                uip_icmp6_echo_reply_callback_rm
                0x000000000002227c                uip_icmp6_init
 .text          0x00000000000222b8      0x1a5 build/cooja/mtype928.a(uip-packetqueue)
                0x00000000000222f8                uip_packetqueue_new
                0x0000000000022311                uip_packetqueue_alloc
                0x0000000000022380                uip_packetqueue_free
                0x00000000000223d8                uip_packetqueue_buf
                0x00000000000223ff                uip_packetqueue_buflen
                0x000000000002242a                uip_packetqueue_set_buflen
 .text          0x000000000002245d       0x8d build/cooja/mtype928.a(rpl-nbr-policy.)
                0x00000000000224a9                rpl_nbr_gc_get_worst
 .text          0x00000000000224ea      0xaad build/cooja/mtype928.a(rpl-neighbor.o)
                0x0000000000022586                rpl_neighbor_snprint
                0x000000000002286e                rpl_neighbor_print_list
                0x0000000000022941                rpl_neighbor_count
                0x0000000000022a24                rpl_neighbor_get_from_lladdr
                0x0000000000022a51                rpl_neighbor_is_acceptable_parent
                0x0000000000022a97                rpl_neighbor_get_link_metric
                0x0000000000022add                rpl_neighbor_rank_via_nbr
                0x0000000000022b23                rpl_neighbor_get_lladdr
                0x0000000000022b50                rpl_neighbor_get_ipaddr
                0x0000000000022b86                rpl_neighbor_get_link_stats
                0x0000000000022bbc                rpl_neighbor_is_fresh
                0x0000000000022bf2                rpl_neighbor_is_parent
                0x0000000000022c29                rpl_neighbor_set_preferred_parent
                0x0000000000022ce3                rpl_neighbor_remove_all
                0x0000000000022d50                rpl_neighbor_get_from_ipaddr
                0x0000000000022e8a                rpl_neighbor_select_best
                0x0000000000022f65                rpl_neighbor_init
 .text          0x0000000000022f97     0x11f4 build/cooja/mtype928.a(rpl-dag.o)
                0x0000000000022f97                rpl_dag_state_to_str
                0x0000000000022fe5                rpl_dag_get_root_ipaddr
                0x0000000000023035                rpl_dag_leave
                0x00000000000230eb                rpl_dag_poison_and_leave
                0x0000000000023117                rpl_dag_periodic
                0x00000000000231dc                rpl_is_addr_in_our_dag
                0x000000000002323b                rpl_get_default_instance
                0x0000000000023265                rpl_get_any_dag
                0x00000000000232db                rpl_refresh_routes
                0x000000000002333e                rpl_global_repair
                0x000000000002340f                rpl_local_repair
                0x0000000000023474                rpl_dag_ready_to_advertise
                0x00000000000234cd                rpl_dag_update_state
                0x0000000000023d49                rpl_process_dio
                0x0000000000023de4                rpl_process_dis
                0x0000000000023e3a                rpl_process_dao
                0x0000000000023edb                rpl_process_dao_ack
                0x0000000000023f97                rpl_process_hbh
                0x0000000000023ff7                rpl_dag_init_root
                0x0000000000024159                rpl_dag_init
 .text          0x000000000002418b      0xd8d build/cooja/mtype928.a(rpl-timers.o)
                0x000000000002418b                rpl_timers_schedule_periodic_dis
                0x0000000000024335                rpl_timers_dio_reset
                0x00000000000244ad                rpl_timers_schedule_unicast_dio
                0x0000000000024680                rpl_timers_schedule_dao
                0x0000000000024786                rpl_timers_schedule_dao_ack
                0x0000000000024855                rpl_timers_notify_dao_ack
                0x00000000000248db                get_probing_delay
                0x0000000000024920                get_probing_target
                0x0000000000024b55                rpl_schedule_probing
                0x0000000000024ba1                rpl_schedule_probing_now
                0x0000000000024c3b                rpl_timers_unschedule_leaving
                0x0000000000024c95                rpl_timers_schedule_leaving
                0x0000000000024cfa                rpl_timers_init
                0x0000000000024dbc                rpl_timers_stop_dag_timers
                0x0000000000024e79                rpl_timers_unschedule_state_update
                0x0000000000024eb5                rpl_timers_schedule_state_update
 .text          0x0000000000024f18      0xd42 build/cooja/mtype928.a(rpl-ext-header.)
                0x0000000000024f18                rpl_ext_header_srh_get_next_hop
                0x0000000000025023                rpl_ext_header_srh_update
                0x0000000000025655                rpl_ext_header_hbh_update
                0x00000000000259d4                rpl_ext_header_update
                0x0000000000025a83                rpl_ext_header_remove
 .text          0x0000000000025c5a      0x39b build/cooja/mtype928.a(rpl-mrhof.o)
 .text          0x0000000000025ff5      0x201 build/cooja/mtype928.a(border-router-e)
 *fill*         0x00000000000261f6        0xa 
 .text          0x0000000000026200       0x14 /usr/lib/i386-linux-gnu/libc_nonshared.a(stack_chk_fail_local.oS)
                0x0000000000026200                __stack_chk_fail_local
 .text          0x0000000000026214        0x0 /usr/lib/gcc/i686-linux-gnu/7/crtendS.o
 .text          0x0000000000026214        0x0 /usr/lib/gcc/i686-linux-gnu/7/../../../i386-linux-gnu/crtn.o
 *(.gnu.warning)

.fini           0x0000000000026214       0x14
 *(SORT_NONE(.fini))
 .fini          0x0000000000026214        0xf /usr/lib/gcc/i686-linux-gnu/7/../../../i386-linux-gnu/crti.o
                0x0000000000026214                _fini
 .fini          0x0000000000026223        0x5 /usr/lib/gcc/i686-linux-gnu/7/../../../i386-linux-gnu/crtn.o
                [!provide]                        PROVIDE (__etext = .)
                [!provide]                        PROVIDE (_etext = .)
                [!provide]                        PROVIDE (etext = .)

.rodata         0x0000000000026240      0x8ee
 *(.rodata .rodata.* .gnu.linkonce.r.*)
 .rodata        0x0000000000026240       0x56 border-router.o
 *fill*         0x0000000000026296        0x2 
 .rodata        0x0000000000026298        0x6 build/cooja/mtype928.a(leds-arch.o)
                0x0000000000026298                leds_arch_leds
 .rodata        0x000000000002629e        0x4 build/cooja/mtype928.a(pir-sensor.o)
 .rodata        0x00000000000262a2        0x6 build/cooja/mtype928.a(rs232.o)
 .rodata        0x00000000000262a8        0xa build/cooja/mtype928.a(vib-sensor.o)
 *fill*         0x00000000000262b2        0x2 
 .rodata        0x00000000000262b4       0x27 build/cooja/mtype928.a(cfs-cooja.o)
 *fill*         0x00000000000262db        0x1 
 .rodata        0x00000000000262dc       0x68 build/cooja/mtype928.a(cooja-radio.o)
 .rodata        0x0000000000026344        0x8 build/cooja/mtype928.a(sensors.o)
 .rodata        0x000000000002634c       0x14 build/cooja/mtype928.a(buttons.o)
                0x0000000000026358                button_hal_button_count
 .rodata        0x0000000000026360       0xc3 build/cooja/mtype928.a(webserver.o)
 *fill*         0x0000000000026423        0x1 
 .rodata        0x0000000000026424       0xf4 build/cooja/mtype928.a(contiki-main.o)
 .rodata        0x0000000000026518        0xf build/cooja/mtype928.a(ctimer.o)
 *fill*         0x0000000000026527        0x1 
 .rodata        0x0000000000026528       0xc4 build/cooja/mtype928.a(log.o)
 .rodata        0x00000000000265ec        0xc build/cooja/mtype928.a(etimer.o)
 .rodata        0x00000000000265f8       0x13 build/cooja/mtype928.a(button-hal.o)
 .rodata        0x000000000002660b        0xe build/cooja/mtype928.a(serial-line.o)
 *fill*         0x0000000000026619        0x3 
 .rodata        0x000000000002661c        0x8 build/cooja/mtype928.a(linkaddr.o)
                0x000000000002661c                linkaddr_null
 .rodata        0x0000000000026624        0x5 build/cooja/mtype928.a(csma.o)
 *fill*         0x0000000000026629        0x3 
 .rodata        0x000000000002662c       0x25 build/cooja/mtype928.a(csma-output.o)
 .rodata        0x0000000000026651       0x44 build/cooja/mtype928.a(uip-sr.o)
 *fill*         0x0000000000026695        0x3 
 .rodata        0x0000000000026698       0x4d build/cooja/mtype928.a(uip-ds6-route.o)
 .rodata        0x00000000000266e5        0xd build/cooja/mtype928.a(tcpip.o)
 *fill*         0x00000000000266f2        0x2 
 .rodata        0x00000000000266f4       0x48 build/cooja/mtype928.a(uip6.o)
 .rodata        0x000000000002673c       0x1f build/cooja/mtype928.a(sicslowpan.o)
                0x000000000002673c                unc_llconf
                0x0000000000026740                unc_ctxconf
                0x0000000000026744                unc_mxconf
                0x0000000000026748                llprefix
 .rodata        0x000000000002675b       0x2d build/cooja/mtype928.a(uiplib.o)
 .rodata        0x0000000000026788        0x9 build/cooja/mtype928.a(rpl.o)
 .rodata        0x0000000000026791       0x11 build/cooja/mtype928.a(slip-bridge.o)
 .rodata        0x00000000000267a2        0xc build/cooja/mtype928.a(slip.o)
 *fill*         0x00000000000267ae       0x12 
 .rodata        0x00000000000267c0      0x154 build/cooja/mtype928.a(httpd-simple.o)
                0x000000000002681c                http_content_type_html
                0x0000000000026840                http_header_200
                0x00000000000268a0                http_header_404
                0x0000000000026900                http_get
                0x0000000000026908                http_index_html
 .rodata        0x0000000000026914       0x34 build/cooja/mtype928.a(rpl-border-rout)
 .rodata        0x0000000000026948       0x25 build/cooja/mtype928.a(assert.o)
 *fill*         0x000000000002696d        0x3 
 .rodata        0x0000000000026970       0x58 build/cooja/mtype928.a(rpl-neighbor.o)
 .rodata        0x00000000000269c8       0xd7 build/cooja/mtype928.a(rpl-dag.o)
 .rodata        0x0000000000026a9f        0xc build/cooja/mtype928.a(rpl-timers.o)
 .rodata        0x0000000000026aab       0x83 build/cooja/mtype928.a(border-router-e)

.rodata1
 *(.rodata1)

.eh_frame_hdr   0x0000000000026b30     0x17c4
 *(.eh_frame_hdr)
 .eh_frame_hdr  0x0000000000026b30     0x17c4 border-router.o
                0x0000000000026b30                __GNU_EH_FRAME_HDR
 *(.eh_frame_entry .eh_frame_entry.*)

.eh_frame       0x00000000000282f4     0x66c8
 *(.eh_frame)
 .eh_frame      0x00000000000282f4       0x3c /usr/lib/gcc/i686-linux-gnu/7/../../../i386-linux-gnu/crti.o
                                         0x40 (size before relaxing)
 .eh_frame      0x0000000000028330       0x14 /usr/lib/gcc/i686-linux-gnu/7/../../../i386-linux-gnu/crti.o
                                         0x2c (size before relaxing)
 .eh_frame      0x0000000000028344       0x24 border-router.o
                                         0x50 (size before relaxing)
 .eh_frame      0x0000000000028368      0x1ac build/cooja/mtype928.o
                                        0x1ec (size before relaxing)
 .eh_frame      0x0000000000028514       0x48 build/cooja/mtype928.a(simEnvChange.o)
                                         0x74 (size before relaxing)
 .eh_frame      0x000000000002855c       0x6c build/cooja/mtype928.a(cooja_mt.o)
                                         0x98 (size before relaxing)
 .eh_frame      0x00000000000285c8       0x88 build/cooja/mtype928.a(cooja_mtarch.o)
                                         0xc8 (size before relaxing)
 .eh_frame      0x0000000000028650       0xe4 build/cooja/mtype928.a(rtimer-arch.o)
                                        0x110 (size before relaxing)
 .eh_frame      0x0000000000028734      0x160 build/cooja/mtype928.a(beep.o)
                                        0x18c (size before relaxing)
 .eh_frame      0x0000000000028894       0x88 build/cooja/mtype928.a(leds-arch.o)
                                         0xc8 (size before relaxing)
 .eh_frame      0x000000000002891c       0x44 build/cooja/mtype928.a(moteid.o)
                                         0x70 (size before relaxing)
 .eh_frame      0x0000000000028960       0xa4 build/cooja/mtype928.a(pir-sensor.o)
                                         0xe4 (size before relaxing)
 .eh_frame      0x0000000000028a04      0x110 build/cooja/mtype928.a(rs232.o)
                                        0x150 (size before relaxing)
 .eh_frame      0x0000000000028b14       0xa4 build/cooja/mtype928.a(vib-sensor.o)
                                         0xe4 (size before relaxing)
 .eh_frame      0x0000000000028bb8       0xc0 build/cooja/mtype928.a(clock.o)
                                         0xec (size before relaxing)
 .eh_frame      0x0000000000028c78      0x130 build/cooja/mtype928.a(cooja-log.o)
                                        0x170 (size before relaxing)
 .eh_frame      0x0000000000028da8      0x16c build/cooja/mtype928.a(cfs-cooja.o)
                                        0x1ac (size before relaxing)
 .eh_frame      0x0000000000028f14      0x374 build/cooja/mtype928.a(cooja-radio.o)
                                        0x3b4 (size before relaxing)
 .eh_frame      0x0000000000029288       0xa8 build/cooja/mtype928.a(eeprom.o)
                                         0xe8 (size before relaxing)
 .eh_frame      0x0000000000029330       0x48 build/cooja/mtype928.a(random.o)
                                         0x74 (size before relaxing)
 .eh_frame      0x0000000000029378       0xd0 build/cooja/mtype928.a(sensors.o)
                                        0x110 (size before relaxing)
 .eh_frame      0x0000000000029448      0x140 build/cooja/mtype928.a(leds.o)
                                        0x180 (size before relaxing)
 .eh_frame      0x0000000000029588      0x228 build/cooja/mtype928.a(gpio-hal-arch.o)
                                        0x27c (size before relaxing)
 .eh_frame      0x00000000000297b0       0xa4 build/cooja/mtype928.a(buttons.o)
                                         0xe4 (size before relaxing)
 .eh_frame      0x0000000000029854       0x9c build/cooja/mtype928.a(webserver.o)
                                         0xdc (size before relaxing)
 .eh_frame      0x00000000000298f0       0x38 build/cooja/mtype928.a(contiki-main.o)
                                         0x64 (size before relaxing)
 .eh_frame      0x0000000000029928       0x48 build/cooja/mtype928.a(autostart.o)
                                         0x74 (size before relaxing)
 .eh_frame      0x0000000000029970      0x11c build/cooja/mtype928.a(ctimer.o)
                                        0x15c (size before relaxing)
 .eh_frame      0x0000000000029a8c      0x144 build/cooja/mtype928.a(log.o)
                                        0x184 (size before relaxing)
 .eh_frame      0x0000000000029bd0       0x60 build/cooja/mtype928.a(energest.o)
                                         0x8c (size before relaxing)
 .eh_frame      0x0000000000029c30      0x204 build/cooja/mtype928.a(etimer.o)
                                        0x244 (size before relaxing)
 .eh_frame      0x0000000000029e34       0x20 build/cooja/mtype928.a(node-id.o)
                                         0x4c (size before relaxing)
 .eh_frame      0x0000000000029e54       0x6c build/cooja/mtype928.a(rtimer.o)
                                         0xc0 (size before relaxing)
 .eh_frame      0x0000000000029ec0      0x1ec build/cooja/mtype928.a(process.o)
                                        0x22c (size before relaxing)
 .eh_frame      0x000000000002a0ac       0xb4 build/cooja/mtype928.a(timer.o)
                                         0xe0 (size before relaxing)
 .eh_frame      0x000000000002a160      0x1a0 build/cooja/mtype928.a(list.o)
                                        0x1cc (size before relaxing)
 .eh_frame      0x000000000002a300      0x188 build/cooja/mtype928.a(button-hal.o)
                                        0x1c8 (size before relaxing)
 .eh_frame      0x000000000002a488       0x6c build/cooja/mtype928.a(serial-line.o)
                                         0x98 (size before relaxing)
 .eh_frame      0x000000000002a4f4       0xfc build/cooja/mtype928.a(gpio-hal.o)
                                        0x13c (size before relaxing)
 .eh_frame      0x000000000002a5f0      0x1c0 build/cooja/mtype928.a(queuebuf.o)
                                        0x200 (size before relaxing)
 .eh_frame      0x000000000002a7b0      0x2b0 build/cooja/mtype928.a(packetbuf.o)
                                        0x2f0 (size before relaxing)
 .eh_frame      0x000000000002aa60       0x90 build/cooja/mtype928.a(netstack.o)
                                         0xd0 (size before relaxing)
 .eh_frame      0x000000000002aaf0       0x64 build/cooja/mtype928.a(linkaddr.o)
                                         0x90 (size before relaxing)
 .eh_frame      0x000000000002ab54       0xf0 build/cooja/mtype928.a(csma.o)
                                        0x130 (size before relaxing)
 .eh_frame      0x000000000002ac44      0x1f8 build/cooja/mtype928.a(csma-output.o)
                                        0x238 (size before relaxing)
 .eh_frame      0x000000000002ae3c      0x1ac build/cooja/mtype928.a(uip-sr.o)
                                        0x1ec (size before relaxing)
 .eh_frame      0x000000000002afe8      0x364 build/cooja/mtype928.a(uip-ds6.o)
                                        0x3a4 (size before relaxing)
 .eh_frame      0x000000000002b34c      0x260 build/cooja/mtype928.a(uip-ds6-route.o)
                                        0x2a0 (size before relaxing)
 .eh_frame      0x000000000002b5ac      0x1a8 build/cooja/mtype928.a(psock.o)
                                        0x1fc (size before relaxing)
 .eh_frame      0x000000000002b754      0x350 build/cooja/mtype928.a(tcpip.o)
                                        0x390 (size before relaxing)
 .eh_frame      0x000000000002baa4      0x2e8 build/cooja/mtype928.a(uip6.o)
                                        0x33c (size before relaxing)
 .eh_frame      0x000000000002bd8c      0x1e8 build/cooja/mtype928.a(uip-ds6-nbr.o)
                                        0x228 (size before relaxing)
 .eh_frame      0x000000000002bf74       0x8c build/cooja/mtype928.a(uip-nd6.o)
                                         0xe0 (size before relaxing)
 .eh_frame      0x000000000002c000      0x354 build/cooja/mtype928.a(sicslowpan.o)
                                        0x3a8 (size before relaxing)
 .eh_frame      0x000000000002c354       0x9c build/cooja/mtype928.a(uiplib.o)
                                         0xdc (size before relaxing)
 .eh_frame      0x000000000002c3f0      0x1fc build/cooja/mtype928.a(rpl.o)
                                        0x23c (size before relaxing)
 .eh_frame      0x000000000002c5ec      0x1f0 build/cooja/mtype928.a(rpl-icmp6.o)
                                        0x230 (size before relaxing)
 .eh_frame      0x000000000002c7dc       0xb0 build/cooja/mtype928.a(rpl-dag-root.o)
                                         0xf0 (size before relaxing)
 .eh_frame      0x000000000002c88c       0x90 build/cooja/mtype928.a(slip-bridge.o)
                                         0xbc (size before relaxing)
 .eh_frame      0x000000000002c91c       0xf0 build/cooja/mtype928.a(slip.o)
                                        0x130 (size before relaxing)
 .eh_frame      0x000000000002ca0c       0xa4 build/cooja/mtype928.a(watchdog.o)
                                         0xd0 (size before relaxing)
 .eh_frame      0x000000000002cab0       0x80 build/cooja/mtype928.a(int-master.o)
                                         0xac (size before relaxing)
 .eh_frame      0x000000000002cb30       0x24 build/cooja/mtype928.a(slip-arch.o)
                                         0x50 (size before relaxing)
 .eh_frame      0x000000000002cb54       0xf8 build/cooja/mtype928.a(httpd-simple.o)
                                        0x138 (size before relaxing)
 .eh_frame      0x000000000002cc4c       0x6c build/cooja/mtype928.a(rpl-border-rout)
                                         0xac (size before relaxing)
 .eh_frame      0x000000000002ccb8       0xd8 build/cooja/mtype928.a(stimer.o)
                                        0x104 (size before relaxing)
 .eh_frame      0x000000000002cd90       0xa0 build/cooja/mtype928.a(ringbuf.o)
                                         0xcc (size before relaxing)
 .eh_frame      0x000000000002ce30       0xa4 build/cooja/mtype928.a(memb.o)
                                         0xe4 (size before relaxing)
 .eh_frame      0x000000000002ced4       0x24 build/cooja/mtype928.a(assert.o)
                                         0x50 (size before relaxing)
 .eh_frame      0x000000000002cef8      0x428 build/cooja/mtype928.a(nbr-table.o)
                                        0x468 (size before relaxing)
 .eh_frame      0x000000000002d320      0x140 build/cooja/mtype928.a(link-stats.o)
                                        0x180 (size before relaxing)
 .eh_frame      0x000000000002d460       0x50 build/cooja/mtype928.a(mac-sequence.o)
                                         0x7c (size before relaxing)
 .eh_frame      0x000000000002d4b0       0x20 build/cooja/mtype928.a(mac.o)
                                         0x4c (size before relaxing)
 .eh_frame      0x000000000002d4d0       0xb4 build/cooja/mtype928.a(framer-802154.o)
                                         0xf4 (size before relaxing)
 .eh_frame      0x000000000002d584      0x1b0 build/cooja/mtype928.a(frame802154.o)
                                        0x1f0 (size before relaxing)
 .eh_frame      0x000000000002d734       0x44 build/cooja/mtype928.a(csma-security.o)
                                         0x84 (size before relaxing)
 .eh_frame      0x000000000002d778      0x204 build/cooja/mtype928.a(uipbuf.o)
                                        0x230 (size before relaxing)
 .eh_frame      0x000000000002d97c      0x170 build/cooja/mtype928.a(uip-icmp6.o)
                                        0x1b0 (size before relaxing)
 .eh_frame      0x000000000002daec       0xec build/cooja/mtype928.a(uip-packetqueue)
                                        0x12c (size before relaxing)
 .eh_frame      0x000000000002dbd8       0x48 build/cooja/mtype928.a(rpl-nbr-policy.)
                                         0x88 (size before relaxing)
 .eh_frame      0x000000000002dc20      0x2ec build/cooja/mtype928.a(rpl-neighbor.o)
                                        0x340 (size before relaxing)
 .eh_frame      0x000000000002df0c      0x3c0 build/cooja/mtype928.a(rpl-dag.o)
                                        0x414 (size before relaxing)
 .eh_frame      0x000000000002e2cc      0x418 build/cooja/mtype928.a(rpl-timers.o)
                                        0x458 (size before relaxing)
 .eh_frame      0x000000000002e6e4      0x144 build/cooja/mtype928.a(rpl-ext-header.)
                                        0x184 (size before relaxing)
 .eh_frame      0x000000000002e828      0x150 build/cooja/mtype928.a(rpl-mrhof.o)
                                        0x190 (size before relaxing)
 .eh_frame      0x000000000002e978       0x24 build/cooja/mtype928.a(border-router-e)
                                         0x50 (size before relaxing)
 .eh_frame      0x000000000002e99c       0x1c /usr/lib/i386-linux-gnu/libc_nonshared.a(stack_chk_fail_local.oS)
                                         0x48 (size before relaxing)
 .eh_frame      0x000000000002e9b8        0x4 /usr/lib/gcc/i686-linux-gnu/7/crtendS.o
 *(.eh_frame.*)

.gcc_except_table
 *(.gcc_except_table .gcc_except_table.*)

.gnu_extab
 *(.gnu_extab*)

.exception_ranges
 *(.exception_ranges .exception_ranges*)
                0x000000000002fbf8                . = DATA_SEGMENT_ALIGN (CONSTANT (MAXPAGESIZE), CONSTANT (COMMONPAGESIZE))

.eh_frame
 *(.eh_frame)
 *(.eh_frame.*)

.gnu_extab
 *(.gnu_extab)

.gcc_except_table
 *(.gcc_except_table .gcc_except_table.*)

.exception_ranges
 *(.exception_ranges .exception_ranges*)

.tdata
 *(.tdata .tdata.* .gnu.linkonce.td.*)

.tbss
 *(.tbss .tbss.* .gnu.linkonce.tb.*)
 *(.tcommon)

.preinit_array
 *(.preinit_array)

.init_array     0x000000000002fbf8        0x4
 *(SORT_BY_INIT_PRIORITY(.init_array.*) SORT_BY_INIT_PRIORITY(.ctors.*))
 *(.init_array EXCLUDE_FILE(*crtend?.o *crtend.o *crtbegin?.o *crtbegin.o) .ctors)
 .init_array    0x000000000002fbf8        0x4 /usr/lib/gcc/i686-linux-gnu/7/crtbeginS.o

.fini_array     0x000000000002fbfc        0x4
 *(SORT_BY_INIT_PRIORITY(.fini_array.*) SORT_BY_INIT_PRIORITY(.dtors.*))
 *(.fini_array EXCLUDE_FILE(*crtend?.o *crtend.o *crtbegin?.o *crtbegin.o) .dtors)
 .fini_array    0x000000000002fbfc        0x4 /usr/lib/gcc/i686-linux-gnu/7/crtbeginS.o

.ctors
 *crtbegin.o(.ctors)
 *crtbegin?.o(.ctors)
 *(EXCLUDE_FILE(*crtend?.o *crtend.o) .ctors)
 *(SORT_BY_NAME(.ctors.*))
 *(.ctors)

.dtors
 *crtbegin.o(.dtors)
 *crtbegin?.o(.dtors)
 *(EXCLUDE_FILE(*crtend?.o *crtend.o) .dtors)
 *(SORT_BY_NAME(.dtors.*))
 *(.dtors)

.jcr
 *(.jcr)

.data.rel.ro    0x000000000002fc00      0x198
 *(.data.rel.ro.local* .gnu.linkonce.d.rel.ro.local.*)
 .data.rel.ro.local
                0x000000000002fc00        0x8 border-router.o
                0x000000000002fc00                autostart_processes
 .data.rel.ro.local
                0x000000000002fc08        0x8 build/cooja/mtype928.a(beep.o)
                0x000000000002fc08                beep_interface
 .data.rel.ro.local
                0x000000000002fc10        0x8 build/cooja/mtype928.a(leds-arch.o)
                0x000000000002fc10                leds_interface
 .data.rel.ro.local
                0x000000000002fc18        0x8 build/cooja/mtype928.a(moteid.o)
                0x000000000002fc18                moteid_interface
 .data.rel.ro.local
                0x000000000002fc20       0x18 build/cooja/mtype928.a(pir-sensor.o)
                0x000000000002fc20                pir_interface
                0x000000000002fc28                pir_sensor
 .data.rel.ro.local
                0x000000000002fc38        0x8 build/cooja/mtype928.a(rs232.o)
                0x000000000002fc38                rs232_interface
 .data.rel.ro.local
                0x000000000002fc40       0x18 build/cooja/mtype928.a(vib-sensor.o)
                0x000000000002fc40                vib_interface
                0x000000000002fc48                vib_sensor
 .data.rel.ro.local
                0x000000000002fc58        0x8 build/cooja/mtype928.a(clock.o)
                0x000000000002fc58                clock_interface
 .data.rel.ro.local
                0x000000000002fc60        0x8 build/cooja/mtype928.a(cooja-log.o)
                0x000000000002fc60                simlog_interface
 .data.rel.ro.local
                0x000000000002fc68        0x8 build/cooja/mtype928.a(cfs-cooja.o)
                0x000000000002fc68                cfs_interface
 *fill*         0x000000000002fc70       0x10 
 .data.rel.ro.local
                0x000000000002fc80       0x58 build/cooja/mtype928.a(cooja-radio.o)
                0x000000000002fc80                radio_interface
                0x000000000002fca0                cooja_radio_driver
 .data.rel.ro.local
                0x000000000002fcd8        0x8 build/cooja/mtype928.a(eeprom.o)
                0x000000000002fcd8                eeprom_interface
 .data.rel.ro.local
                0x000000000002fce0       0x18 build/cooja/mtype928.a(buttons.o)
                0x000000000002fce0                button_interface
                0x000000000002fce8                button_sensor
 .data.rel.ro.local
                0x000000000002fcf8       0x1c build/cooja/mtype928.a(csma.o)
                0x000000000002fcf8                csma_driver
 .data.rel.ro.local
                0x000000000002fd14       0x10 build/cooja/mtype928.a(sicslowpan.o)
                0x000000000002fd14                sicslowpan_driver
 .data.rel.ro.local
                0x000000000002fd24        0x8 build/cooja/mtype928.a(slip-bridge.o)
                0x000000000002fd24                rpl_interface
 .data.rel.ro.local
                0x000000000002fd2c        0xc build/cooja/mtype928.a(framer-802154.o)
                0x000000000002fd2c                framer_802154
 *(.data.rel.ro .data.rel.ro.* .gnu.linkonce.d.rel.ro.*)
 .data.rel.ro   0x000000000002fd38        0x0 /usr/lib/gcc/i686-linux-gnu/7/../../../i386-linux-gnu/crti.o
 *fill*         0x000000000002fd38        0x8 
 .data.rel.ro   0x000000000002fd40       0x54 build/cooja/mtype928.a(rpl.o)
                0x000000000002fd40                rpl_lite_driver
 .data.rel.ro   0x000000000002fd94        0x4 build/cooja/mtype928.a(rpl-dag.o)

.dynamic        0x000000000002fd98       0xf0
 *(.dynamic)
 .dynamic       0x000000000002fd98       0xf0 /usr/lib/gcc/i686-linux-gnu/7/../../../i386-linux-gnu/crti.o
                0x000000000002fd98                _DYNAMIC

.got            0x000000000002fe88      0x16c
 *(.got)
 .got           0x000000000002fe88      0x16c /usr/lib/gcc/i686-linux-gnu/7/../../../i386-linux-gnu/crti.o
 *(.igot)
                0x000000000002fff4                . = DATA_SEGMENT_RELRO_END (., (SIZEOF (.got.plt) >= 0xc)?0xc:0x0)

.got.plt        0x0000000000030000      0x504
 *(.got.plt)
 .got.plt       0x0000000000030000      0x504 /usr/lib/gcc/i686-linux-gnu/7/../../../i386-linux-gnu/crti.o
                0x0000000000030000                _GLOBAL_OFFSET_TABLE_
 *(.igot.plt)

.data           0x0000000000030520      0x3b4
 *(.data .data.* .gnu.linkonce.d.*)
 .data          0x0000000000030520        0x0 /usr/lib/gcc/i686-linux-gnu/7/../../../i386-linux-gnu/crti.o
 .data          0x0000000000030520        0x0 /usr/lib/gcc/i686-linux-gnu/7/crtbeginS.o
 .data.rel.local
                0x0000000000030520        0x4 /usr/lib/gcc/i686-linux-gnu/7/crtbeginS.o
                0x0000000000030520                __dso_handle
 .data          0x0000000000030524        0x0 border-router.o
 .data.rel.local
                0x0000000000030524       0x10 border-router.o
                0x0000000000030524                contiki_ng_br
 .data          0x0000000000030534        0x0 build/cooja/mtype928.o
 *fill*         0x0000000000030534        0xc 
 .data.rel      0x0000000000030540       0x44 build/cooja/mtype928.o
                0x0000000000030540                simInterfaces
                0x0000000000030574                sensors
 .data          0x0000000000030584        0x0 build/cooja/mtype928.a(simEnvChange.o)
 .data          0x0000000000030584        0x0 build/cooja/mtype928.a(cooja_mt.o)
 .data          0x0000000000030584        0x0 build/cooja/mtype928.a(cooja_mtarch.o)
 .data          0x0000000000030584        0x0 build/cooja/mtype928.a(rtimer-arch.o)
 .data          0x0000000000030584        0x0 build/cooja/mtype928.a(beep.o)
 .data          0x0000000000030584        0x0 build/cooja/mtype928.a(leds-arch.o)
 .data          0x0000000000030584        0x0 build/cooja/mtype928.a(moteid.o)
 .data          0x0000000000030584        0x0 build/cooja/mtype928.a(pir-sensor.o)
 .data          0x0000000000030584        0x0 build/cooja/mtype928.a(rs232.o)
 .data          0x0000000000030584        0x0 build/cooja/mtype928.a(vib-sensor.o)
 .data          0x0000000000030584        0x0 build/cooja/mtype928.a(clock.o)
 .data          0x0000000000030584        0x0 build/cooja/mtype928.a(cooja-log.o)
 .data          0x0000000000030584        0x0 build/cooja/mtype928.a(cfs-cooja.o)
 .data          0x0000000000030584       0x20 build/cooja/mtype928.a(cooja-radio.o)
                0x0000000000030584                simRadioHWOn
                0x0000000000030588                simSignalStrength
                0x000000000003058c                simLastSignalStrength
                0x0000000000030590                simPower
                0x0000000000030594                simRadioChannel
                0x0000000000030598                simLQI
                0x000000000003059c                simLastLQI
 .data.rel.local
                0x00000000000305a4       0x10 build/cooja/mtype928.a(cooja-radio.o)
                0x00000000000305a4                cooja_radio_process
 .data          0x00000000000305b4        0x0 build/cooja/mtype928.a(eeprom.o)
 .data          0x00000000000305b4        0x0 build/cooja/mtype928.a(random.o)
 .data          0x00000000000305b4        0x0 build/cooja/mtype928.a(sensors.o)
 .data.rel.local
                0x00000000000305b4       0x10 build/cooja/mtype928.a(sensors.o)
                0x00000000000305b4                sensors_process
 .data          0x00000000000305c4        0x0 build/cooja/mtype928.a(leds.o)
 .data          0x00000000000305c4        0x0 build/cooja/mtype928.a(gpio-hal-arch.o)
 .data          0x00000000000305c4        0x1 build/cooja/mtype928.a(buttons.o)
                0x00000000000305c4                simButtonIsActive
 *fill*         0x00000000000305c5       0x1b 
 .data.rel.local
                0x00000000000305e0       0x58 build/cooja/mtype928.a(buttons.o)
                0x0000000000030630                button_hal_buttons
 .data          0x0000000000030638        0x0 build/cooja/mtype928.a(webserver.o)
 .data.rel.local
                0x0000000000030638       0x18 build/cooja/mtype928.a(webserver.o)
                0x0000000000030640                webserver_nogui_process
 .data          0x0000000000030650        0x0 build/cooja/mtype928.a(contiki-main.o)
 .data          0x0000000000030650        0x0 build/cooja/mtype928.a(autostart.o)
 .data          0x0000000000030650        0x0 build/cooja/mtype928.a(ctimer.o)
 .data.rel.local
                0x0000000000030650       0x14 build/cooja/mtype928.a(ctimer.o)
                0x0000000000030654                ctimer_process
 .data          0x0000000000030664        0x4 build/cooja/mtype928.a(log.o)
                0x0000000000030664                curr_log_level_main
 *fill*         0x0000000000030668       0x18 
 .data.rel.local
                0x0000000000030680       0x9c build/cooja/mtype928.a(log.o)
                0x0000000000030680                all_modules
 .data          0x000000000003071c        0x0 build/cooja/mtype928.a(energest.o)
 .data          0x000000000003071c        0x0 build/cooja/mtype928.a(etimer.o)
 .data.rel.local
                0x000000000003071c       0x10 build/cooja/mtype928.a(etimer.o)
                0x000000000003071c                etimer_process
 .data          0x000000000003072c        0x0 build/cooja/mtype928.a(node-id.o)
 .data          0x000000000003072c        0x0 build/cooja/mtype928.a(rtimer.o)
 .data          0x000000000003072c        0x0 build/cooja/mtype928.a(process.o)
 .data          0x000000000003072c        0x0 build/cooja/mtype928.a(timer.o)
 .data          0x000000000003072c        0x0 build/cooja/mtype928.a(list.o)
 .data          0x000000000003072c        0x0 build/cooja/mtype928.a(button-hal.o)
 .data.rel.local
                0x000000000003072c       0x10 build/cooja/mtype928.a(button-hal.o)
                0x000000000003072c                button_hal_process
 .data          0x000000000003073c        0x0 build/cooja/mtype928.a(serial-line.o)
 .data.rel.local
                0x000000000003073c       0x10 build/cooja/mtype928.a(serial-line.o)
                0x000000000003073c                serial_line_process
 .data          0x000000000003074c        0x0 build/cooja/mtype928.a(gpio-hal.o)
 .data.rel.local
                0x000000000003074c        0x4 build/cooja/mtype928.a(gpio-hal.o)
 .data          0x0000000000030750        0x0 build/cooja/mtype928.a(queuebuf.o)
 .data.rel.local
                0x0000000000030750       0x18 build/cooja/mtype928.a(queuebuf.o)
 .data          0x0000000000030768        0x0 build/cooja/mtype928.a(packetbuf.o)
 .data.rel.local
                0x0000000000030768        0x4 build/cooja/mtype928.a(packetbuf.o)
 .data          0x000000000003076c        0x0 build/cooja/mtype928.a(netstack.o)
 .data.rel.local
                0x000000000003076c        0x4 build/cooja/mtype928.a(netstack.o)
 .data          0x0000000000030770        0x0 build/cooja/mtype928.a(linkaddr.o)
 .data          0x0000000000030770        0x0 build/cooja/mtype928.a(csma.o)
 .data          0x0000000000030770        0x0 build/cooja/mtype928.a(csma-output.o)
 .data.rel.local
                0x0000000000030770       0x28 build/cooja/mtype928.a(csma-output.o)
 .data          0x0000000000030798        0x0 build/cooja/mtype928.a(uip-sr.o)
 .data.rel.local
                0x0000000000030798       0x10 build/cooja/mtype928.a(uip-sr.o)
 .data          0x00000000000307a8        0x0 build/cooja/mtype928.a(uip-ds6.o)
 .data          0x00000000000307a8        0x0 build/cooja/mtype928.a(uip-ds6-route.o)
 .data.rel.local
                0x00000000000307a8       0x10 build/cooja/mtype928.a(uip-ds6-route.o)
 .data          0x00000000000307b8        0x0 build/cooja/mtype928.a(psock.o)
 .data          0x00000000000307b8        0x0 build/cooja/mtype928.a(tcpip.o)
 .data.rel.local
                0x00000000000307b8       0x10 build/cooja/mtype928.a(tcpip.o)
                0x00000000000307b8                tcpip_process
 .data          0x00000000000307c8        0x0 build/cooja/mtype928.a(uip6.o)
 .data          0x00000000000307c8        0x0 build/cooja/mtype928.a(uip-ds6-nbr.o)
 .data.rel.local
                0x00000000000307c8       0x14 build/cooja/mtype928.a(uip-ds6-nbr.o)
 .data          0x00000000000307dc        0x0 build/cooja/mtype928.a(uip-nd6.o)
 .data.rel.local
                0x00000000000307dc        0xc build/cooja/mtype928.a(uip-nd6.o)
 .data          0x00000000000307e8        0x0 build/cooja/mtype928.a(sicslowpan.o)
 .data          0x00000000000307e8        0x0 build/cooja/mtype928.a(uiplib.o)
 .data          0x00000000000307e8        0x0 build/cooja/mtype928.a(rpl.o)
 .data          0x00000000000307e8        0x0 build/cooja/mtype928.a(rpl-icmp6.o)
 .data.rel.local
                0x00000000000307e8       0x30 build/cooja/mtype928.a(rpl-icmp6.o)
 .data          0x0000000000030818        0x0 build/cooja/mtype928.a(rpl-dag-root.o)
 .data          0x0000000000030818        0x0 build/cooja/mtype928.a(slip-bridge.o)
 .data          0x0000000000030818        0x0 build/cooja/mtype928.a(slip.o)
 .data.rel.local
                0x0000000000030818       0x10 build/cooja/mtype928.a(slip.o)
                0x0000000000030818                slip_process
 .data          0x0000000000030828        0x0 build/cooja/mtype928.a(watchdog.o)
 .data          0x0000000000030828        0x0 build/cooja/mtype928.a(int-master.o)
 .data          0x0000000000030828        0x0 build/cooja/mtype928.a(slip-arch.o)
 .data          0x0000000000030828        0x0 build/cooja/mtype928.a(httpd-simple.o)
 .data.rel.local
                0x0000000000030828       0x10 build/cooja/mtype928.a(httpd-simple.o)
 .data          0x0000000000030838        0x0 build/cooja/mtype928.a(rpl-border-rout)
 .data          0x0000000000030838        0x0 build/cooja/mtype928.a(stimer.o)
 .data          0x0000000000030838        0x0 build/cooja/mtype928.a(ringbuf.o)
 .data          0x0000000000030838        0x0 build/cooja/mtype928.a(memb.o)
 .data          0x0000000000030838        0x0 build/cooja/mtype928.a(assert.o)
 .data          0x0000000000030838        0x0 build/cooja/mtype928.a(nbr-table.o)
 .data.rel.local
                0x0000000000030838       0x10 build/cooja/mtype928.a(nbr-table.o)
 .data          0x0000000000030848        0x0 build/cooja/mtype928.a(link-stats.o)
 .data.rel.local
                0x0000000000030848       0x14 build/cooja/mtype928.a(link-stats.o)
 .data          0x000000000003085c        0x0 build/cooja/mtype928.a(mac-sequence.o)
 .data          0x000000000003085c        0x0 build/cooja/mtype928.a(mac.o)
 .data          0x000000000003085c        0x0 build/cooja/mtype928.a(framer-802154.o)
 .data          0x000000000003085c        0x2 build/cooja/mtype928.a(frame802154.o)
 .data          0x000000000003085e        0x0 build/cooja/mtype928.a(csma-security.o)
 .data          0x000000000003085e        0x0 build/cooja/mtype928.a(uipbuf.o)
 .data          0x000000000003085e        0x0 build/cooja/mtype928.a(uip-icmp6.o)
 *fill*         0x000000000003085e        0x2 
 .data.rel.local
                0x0000000000030860       0x20 build/cooja/mtype928.a(uip-icmp6.o)
 .data          0x0000000000030880        0x0 build/cooja/mtype928.a(uip-packetqueue)
 .data.rel.local
                0x0000000000030880        0xc build/cooja/mtype928.a(uip-packetqueue)
 .data          0x000000000003088c        0x0 build/cooja/mtype928.a(rpl-nbr-policy.)
 .data          0x000000000003088c        0x0 build/cooja/mtype928.a(rpl-neighbor.o)
 .data.rel.local
                0x000000000003088c       0x14 build/cooja/mtype928.a(rpl-neighbor.o)
                0x000000000003089c                rpl_neighbors
 .data          0x00000000000308a0        0x0 build/cooja/mtype928.a(rpl-dag.o)
 .data          0x00000000000308a0        0x0 build/cooja/mtype928.a(rpl-timers.o)
 .data          0x00000000000308a0        0x0 build/cooja/mtype928.a(rpl-ext-header.)
 .data          0x00000000000308a0        0x0 build/cooja/mtype928.a(rpl-mrhof.o)
 .data.rel.local
                0x00000000000308a0       0x24 build/cooja/mtype928.a(rpl-mrhof.o)
                0x00000000000308a0                rpl_mrhof
 .data          0x00000000000308c4        0x0 build/cooja/mtype928.a(border-router-e)
 .data.rel.local
                0x00000000000308c4       0x10 build/cooja/mtype928.a(border-router-e)
                0x00000000000308c4                border_router_process
 .data          0x00000000000308d4        0x0 /usr/lib/i386-linux-gnu/libc_nonshared.a(stack_chk_fail_local.oS)
 .data          0x00000000000308d4        0x0 /usr/lib/gcc/i686-linux-gnu/7/crtendS.o
 .data          0x00000000000308d4        0x0 /usr/lib/gcc/i686-linux-gnu/7/../../../i386-linux-gnu/crtn.o

.tm_clone_table
                0x00000000000308d4        0x0
 .tm_clone_table
                0x00000000000308d4        0x0 /usr/lib/gcc/i686-linux-gnu/7/crtbeginS.o
 .tm_clone_table
                0x00000000000308d4        0x0 /usr/lib/gcc/i686-linux-gnu/7/crtendS.o

.data1
 *(.data1)
                0x00000000000308d4                _edata = .
                [!provide]                        PROVIDE (edata = .)
                0x00000000000308d4                . = .
                0x00000000000308d4                __bss_start = .

.bss            0x00000000000308e0    0x141c4
 *(.dynbss)
 .dynbss        0x00000000000308e0        0x0 /usr/lib/gcc/i686-linux-gnu/7/../../../i386-linux-gnu/crti.o
 *(.bss .bss.* .gnu.linkonce.b.*)
 .bss           0x00000000000308e0        0x0 /usr/lib/gcc/i686-linux-gnu/7/../../../i386-linux-gnu/crti.o
 .bss           0x00000000000308e0        0x1 /usr/lib/gcc/i686-linux-gnu/7/crtbeginS.o
 .bss           0x00000000000308e1        0x0 border-router.o
 *fill*         0x00000000000308e1       0x1f 
 .bss           0x0000000000030900     0x2040 build/cooja/mtype928.o
 .bss           0x0000000000032940        0x1 build/cooja/mtype928.a(simEnvChange.o)
                0x0000000000032940                simDontFallAsleep
 *fill*         0x0000000000032941        0x3 
 .bss           0x0000000000032944        0x4 build/cooja/mtype928.a(cooja_mt.o)
 .bss           0x0000000000032948        0x4 build/cooja/mtype928.a(cooja_mtarch.o)
 .bss           0x000000000003294c        0x0 build/cooja/mtype928.a(rtimer-arch.o)
 .bss           0x000000000003294c        0x0 build/cooja/mtype928.a(beep.o)
 .bss           0x000000000003294c        0x1 build/cooja/mtype928.a(leds-arch.o)
                0x000000000003294c                simLedsValue
 .bss           0x000000000003294d        0x0 build/cooja/mtype928.a(moteid.o)
 .bss           0x000000000003294d        0x1 build/cooja/mtype928.a(pir-sensor.o)
                0x000000000003294d                simPirValue
 *fill*         0x000000000003294e        0x2 
 .bss           0x0000000000032950        0x4 build/cooja/mtype928.a(rs232.o)
 .bss           0x0000000000032954        0x1 build/cooja/mtype928.a(vib-sensor.o)
                0x0000000000032954                simVibValue
 .bss           0x0000000000032955        0x0 build/cooja/mtype928.a(clock.o)
 *fill*         0x0000000000032955        0xb 
 .bss           0x0000000000032960     0x2020 build/cooja/mtype928.a(cooja-log.o)
 .bss           0x0000000000034980      0xfc0 build/cooja/mtype928.a(cfs-cooja.o)
                0x0000000000034980                simCFSData
                0x0000000000035920                simCFSSize
                0x0000000000035924                simCFSChanged
                0x0000000000035928                simCFSRead
                0x000000000003592c                simCFSWritten
 .bss           0x0000000000035940       0x24 build/cooja/mtype928.a(cooja-radio.o)
                0x0000000000035940                simReceiving
                0x0000000000035944                simInSize
                0x0000000000035948                simLastPacketTimestamp
                0x0000000000035950                simOutSize
 .bss           0x0000000000035964        0xc build/cooja/mtype928.a(eeprom.o)
                0x0000000000035964                simEEPROMChanged
                0x0000000000035968                simEEPROMRead
                0x000000000003596c                simEEPROMWritten
 .bss           0x0000000000035970        0x0 build/cooja/mtype928.a(random.o)
 .bss           0x0000000000035970        0xc build/cooja/mtype928.a(sensors.o)
 .bss           0x000000000003597c        0x0 build/cooja/mtype928.a(leds.o)
 .bss           0x000000000003597c       0x24 build/cooja/mtype928.a(gpio-hal-arch.o)
 .bss           0x00000000000359a0        0x0 build/cooja/mtype928.a(buttons.o)
 .bss           0x00000000000359a0      0x10c build/cooja/mtype928.a(webserver.o)
 .bss           0x0000000000035aac        0x0 build/cooja/mtype928.a(contiki-main.o)
 .bss           0x0000000000035aac        0x0 build/cooja/mtype928.a(autostart.o)
 .bss           0x0000000000035aac        0x5 build/cooja/mtype928.a(ctimer.o)
 *fill*         0x0000000000035ab1        0x3 
 .bss           0x0000000000035ab4       0x2c build/cooja/mtype928.a(log.o)
                0x0000000000035ab4                curr_log_level_rpl
                0x0000000000035ab8                curr_log_level_tcpip
                0x0000000000035abc                curr_log_level_ipv6
                0x0000000000035ac0                curr_log_level_6lowpan
                0x0000000000035ac4                curr_log_level_nullnet
                0x0000000000035ac8                curr_log_level_mac
                0x0000000000035acc                curr_log_level_framer
                0x0000000000035ad0                curr_log_level_6top
                0x0000000000035ad4                curr_log_level_coap
                0x0000000000035ad8                curr_log_level_snmp
                0x0000000000035adc                curr_log_level_lwm2m
 .bss           0x0000000000035ae0        0x0 build/cooja/mtype928.a(energest.o)
 .bss           0x0000000000035ae0        0x8 build/cooja/mtype928.a(etimer.o)
 .bss           0x0000000000035ae8        0x2 build/cooja/mtype928.a(node-id.o)
                0x0000000000035ae8                node_id
 *fill*         0x0000000000035aea        0x2 
 .bss           0x0000000000035aec        0x4 build/cooja/mtype928.a(rtimer.o)
 *fill*         0x0000000000035af0       0x10 
 .bss           0x0000000000035b00      0x1a1 build/cooja/mtype928.a(process.o)
                0x0000000000035b00                process_list
                0x0000000000035b04                process_current
 .bss           0x0000000000035ca1        0x0 build/cooja/mtype928.a(timer.o)
 .bss           0x0000000000035ca1        0x0 build/cooja/mtype928.a(list.o)
 *fill*         0x0000000000035ca1        0x3 
 .bss           0x0000000000035ca4       0x10 build/cooja/mtype928.a(button-hal.o)
 *fill*         0x0000000000035cb4        0xc 
 .bss           0x0000000000035cc0      0x140 build/cooja/mtype928.a(serial-line.o)
 .bss           0x0000000000035e00        0x4 build/cooja/mtype928.a(gpio-hal.o)
 *fill*         0x0000000000035e04       0x1c 
 .bss           0x0000000000035e20     0x2c80 build/cooja/mtype928.a(queuebuf.o)
 .bss           0x0000000000038aa0       0xa0 build/cooja/mtype928.a(packetbuf.o)
 .bss           0x0000000000038b40        0x4 build/cooja/mtype928.a(netstack.o)
 .bss           0x0000000000038b44        0x0 build/cooja/mtype928.a(linkaddr.o)
 .bss           0x0000000000038b44        0x0 build/cooja/mtype928.a(csma.o)
 *fill*         0x0000000000038b44       0x1c 
 .bss           0x0000000000038b60      0x726 build/cooja/mtype928.a(csma-output.o)
 *fill*         0x0000000000039286       0x1a 
 .bss           0x00000000000392a0     0x1d80 build/cooja/mtype928.a(uip-sr.o)
 .bss           0x000000000003b020       0x30 build/cooja/mtype928.a(uip-ds6.o)
 *fill*         0x000000000003b050       0x10 
 .bss           0x000000000003b060       0x60 build/cooja/mtype928.a(uip-ds6-route.o)
 .bss           0x000000000003b0c0        0x0 build/cooja/mtype928.a(psock.o)
 .bss           0x000000000003b0c0       0xc4 build/cooja/mtype928.a(tcpip.o)
 .bss           0x000000000003b184        0xc build/cooja/mtype928.a(uip6.o)
                0x000000000003b184                uip_ext_bitmap
                0x000000000003b186                uip_ext_len
                0x000000000003b188                uip_last_proto
 *fill*         0x000000000003b190       0x10 
 .bss           0x000000000003b1a0     0x1c20 build/cooja/mtype928.a(uip-ds6-nbr.o)
 .bss           0x000000000003cdc0       0x10 build/cooja/mtype928.a(uip-nd6.o)
 *fill*         0x000000000003cdd0       0x10 
 .bss           0x000000000003cde0      0x724 build/cooja/mtype928.a(sicslowpan.o)
 .bss           0x000000000003d504        0x0 build/cooja/mtype928.a(uiplib.o)
 .bss           0x000000000003d504        0x1 build/cooja/mtype928.a(rpl.o)
 .bss           0x000000000003d505        0x0 build/cooja/mtype928.a(rpl-icmp6.o)
 *fill*         0x000000000003d505        0x3 
 .bss           0x000000000003d508       0x11 build/cooja/mtype928.a(rpl-dag-root.o)
 *fill*         0x000000000003d519        0x3 
 .bss           0x000000000003d51c       0x10 build/cooja/mtype928.a(slip-bridge.o)
 *fill*         0x000000000003d52c       0x14 
 .bss           0x000000000003d540      0x538 build/cooja/mtype928.a(slip.o)
 .bss           0x000000000003da78        0x0 build/cooja/mtype928.a(watchdog.o)