Archive member included to satisfy reference by file (symbol)

build/cooja/mtype248.a(simEnvChange.o)
                              build/cooja/mtype248.o (simDontFallAsleep)
build/cooja/mtype248.a(cooja_mt.o)
                              build/cooja/mtype248.o (cooja_mt_start)
build/cooja/mtype248.a(cooja_mtarch.o)
                              build/cooja/mtype248.a(cooja_mt.o) (cooja_mtarch_start)
build/cooja/mtype248.a(rtimer-arch.o)
                              build/cooja/mtype248.o (rtimer_arch_check)
build/cooja/mtype248.a(beep.o)
                              build/cooja/mtype248.o (beep_interface)
build/cooja/mtype248.a(leds-arch.o)
                              build/cooja/mtype248.o (leds_interface)
build/cooja/mtype248.a(moteid.o)
                              build/cooja/mtype248.o (moteid_interface)
build/cooja/mtype248.a(pir-sensor.o)
                              build/cooja/mtype248.o (pir_interface)
build/cooja/mtype248.a(rs232.o)
                              build/cooja/mtype248.o (rs232_interface)
build/cooja/mtype248.a(vib-sensor.o)
                              build/cooja/mtype248.o (vib_interface)
build/cooja/mtype248.a(clock.o)
                              build/cooja/mtype248.o (clock_interface)
build/cooja/mtype248.a(cooja-log.o)
                              build/cooja/mtype248.o (simlog_interface)
build/cooja/mtype248.a(cfs-cooja.o)
                              build/cooja/mtype248.o (cfs_interface)
build/cooja/mtype248.a(cooja-radio.o)
                              build/cooja/mtype248.o (radio_interface)
build/cooja/mtype248.a(eeprom.o)
                              build/cooja/mtype248.o (eeprom_interface)
build/cooja/mtype248.a(random.o)
                              build/cooja/mtype248.a(moteid.o) (random_init)
build/cooja/mtype248.a(sensors.o)
                              build/cooja/mtype248.a(pir-sensor.o) (sensors_changed)
build/cooja/mtype248.a(leds.o)
                              build/cooja/mtype248.a(leds-arch.o) (leds_get)
build/cooja/mtype248.a(gpio-hal-arch.o)
                              build/cooja/mtype248.a(leds-arch.o) (gpio_hal_arch_register_pin_callback)
build/cooja/mtype248.a(buttons.o)
                              build/cooja/mtype248.o (button_interface)
build/cooja/mtype248.a(webserver.o)
                              border-router.o (webserver_nogui_process)
build/cooja/mtype248.a(contiki-main.o)
                              build/cooja/mtype248.o (main)
build/cooja/mtype248.a(autostart.o)
                              build/cooja/mtype248.a(contiki-main.o) (autostart_start)
build/cooja/mtype248.a(ctimer.o)
                              build/cooja/mtype248.a(contiki-main.o) (ctimer_init)
build/cooja/mtype248.a(log.o)
                              build/cooja/mtype248.a(contiki-main.o) (curr_log_level_main)
build/cooja/mtype248.a(energest.o)
                              build/cooja/mtype248.a(contiki-main.o) (energest_init)
build/cooja/mtype248.a(etimer.o)
                              build/cooja/mtype248.a(contiki-main.o) (etimer_process)
build/cooja/mtype248.a(node-id.o)
                              build/cooja/mtype248.a(contiki-main.o) (node_id)
build/cooja/mtype248.a(rtimer.o)
                              build/cooja/mtype248.a(contiki-main.o) (rtimer_init)
build/cooja/mtype248.a(process.o)
                              build/cooja/mtype248.a(ctimer.o) (process_current)
build/cooja/mtype248.a(timer.o)
                              build/cooja/mtype248.a(etimer.o) (timer_set)
build/cooja/mtype248.a(list.o)
                              build/cooja/mtype248.a(ctimer.o) (list_init)
build/cooja/mtype248.a(button-hal.o)
                              build/cooja/mtype248.o (button_hal_init)
build/cooja/mtype248.a(serial-line.o)
                              build/cooja/mtype248.a(rs232.o) (serial_line_input_byte)
build/cooja/mtype248.a(gpio-hal.o)
                              build/cooja/mtype248.a(button-hal.o) (gpio_hal_register_handler)
build/cooja/mtype248.a(queuebuf.o)
                              build/cooja/mtype248.a(contiki-main.o) (queuebuf_init)
build/cooja/mtype248.a(packetbuf.o)
                              build/cooja/mtype248.a(cooja-radio.o) (packetbuf_clear)
build/cooja/mtype248.a(netstack.o)
                              build/cooja/mtype248.a(contiki-main.o) (netstack_init)
build/cooja/mtype248.a(linkaddr.o)
                              build/cooja/mtype248.a(contiki-main.o) (linkaddr_node_addr)
build/cooja/mtype248.a(csma.o)
                              build/cooja/mtype248.a(cooja-radio.o) (csma_driver)
build/cooja/mtype248.a(csma-output.o)
                              build/cooja/mtype248.a(csma.o) (csma_output_packet)
build/cooja/mtype248.a(uip-sr.o)
                              build/cooja/mtype248.a(webserver.o) (uip_sr_num_nodes)
build/cooja/mtype248.a(uip-ds6.o)
                              build/cooja/mtype248.a(contiki-main.o) (uip_ds6_get_link_local)
build/cooja/mtype248.a(uip-ds6-route.o)
[...]
Memory Configuration

Name             Origin             Length             Attributes
*default*        0x0000000000000000 0xffffffffffffffff

Linker script and memory map

LOAD /usr/lib/gcc/i686-linux-gnu/7/../../../i386-linux-gnu/crti.o
LOAD /usr/lib/gcc/i686-linux-gnu/7/crtbeginS.o
LOAD border-router.o
LOAD build/cooja/mtype248.o
LOAD build/cooja/mtype248.a
LOAD /usr/lib/gcc/i686-linux-gnu/7/libgcc.a
LOAD /usr/lib/gcc/i686-linux-gnu/7/libgcc_s.so
START GROUP
LOAD /usr/lib/gcc/i686-linux-gnu/7/libgcc_s.so.1
LOAD /usr/lib/gcc/i686-linux-gnu/7/libgcc.a
END GROUP
LOAD /usr/lib/gcc/i686-linux-gnu/7/../../../i386-linux-gnu/libc.so
START GROUP
LOAD /lib/i386-linux-gnu/libc.so.6
LOAD /usr/lib/i386-linux-gnu/libc_nonshared.a
LOAD /lib/i386-linux-gnu/ld-linux.so.2
END GROUP
LOAD /usr/lib/gcc/i686-linux-gnu/7/libgcc.a
LOAD /usr/lib/gcc/i686-linux-gnu/7/libgcc_s.so
START GROUP
LOAD /usr/lib/gcc/i686-linux-gnu/7/libgcc_s.so.1
LOAD /usr/lib/gcc/i686-linux-gnu/7/libgcc.a
END GROUP
LOAD /usr/lib/gcc/i686-linux-gnu/7/crtendS.o
LOAD /usr/lib/gcc/i686-linux-gnu/7/../../../i386-linux-gnu/crtn.o
                0x0000000000000114                . = (SEGMENT_START ("text-segment", 0x0) + SIZEOF_HEADERS)

.note.gnu.build-id
                0x0000000000000114       0x24
 *(.note.gnu.build-id)
 .note.gnu.build-id
                0x0000000000000114       0x24 /usr/lib/gcc/i686-linux-gnu/7/../../../i386-linux-gnu/crti.o

.hash
 *(.hash)

.gnu.hash       0x0000000000000138     0x14c4
 *(.gnu.hash)
 .gnu.hash      0x0000000000000138     0x14c4 /usr/lib/gcc/i686-linux-gnu/7/../../../i386-linux-gnu/crti.o

.dynsym         0x00000000000015fc     0x2b60
 *(.dynsym)
 .dynsym        0x00000000000015fc     0x2b60 /usr/lib/gcc/i686-linux-gnu/7/../../../i386-linux-gnu/crti.o

.dynstr         0x000000000000415c     0x30ab
 *(.dynstr)
 .dynstr        0x000000000000415c     0x30ab /usr/lib/gcc/i686-linux-gnu/7/../../../i386-linux-gnu/crti.o

.gnu.version    0x0000000000007208      0x56c
 *(.gnu.version)
 .gnu.version   0x0000000000007208      0x56c /usr/lib/gcc/i686-linux-gnu/7/../../../i386-linux-gnu/crti.o

.gnu.version_d  0x0000000000007774        0x0
 *(.gnu.version_d)
 .gnu.version_d
                0x0000000000007774        0x0 /usr/lib/gcc/i686-linux-gnu/7/../../../i386-linux-gnu/crti.o

.gnu.version_r  0x0000000000007774       0x40
 *(.gnu.version_r)
 .gnu.version_r
                0x0000000000007774       0x40 /usr/lib/gcc/i686-linux-gnu/7/../../../i386-linux-gnu/crti.o

.rel.dyn        0x00000000000077b4      0xed8
 *(.rel.init)
 .rel.init      0x00000000000077b4        0x0 /usr/lib/gcc/i686-linux-gnu/7/../../../i386-linux-gnu/crti.o
 *(.rel.text .rel.text.* .rel.gnu.linkonce.t.*)
 .rel.text      0x00000000000077b4      0x578 /usr/lib/gcc/i686-linux-gnu/7/../../../i386-linux-gnu/crti.o
 *(.rel.fini)
 .rel.fini      0x0000000000007d2c        0x0 /usr/lib/gcc/i686-linux-gnu/7/../../../i386-linux-gnu/crti.o
 *(.rel.rodata .rel.rodata.* .rel.gnu.linkonce.r.*)
 *(.rel.data.rel.ro .rel.data.rel.ro.* .rel.gnu.linkonce.d.rel.ro.*)
 .rel.data.rel.ro.local
                0x0000000000007d2c      0x218 /usr/lib/gcc/i686-linux-gnu/7/../../../i386-linux-gnu/crti.o
 .rel.data.rel.ro
                0x0000000000007f44       0xb0 /usr/lib/gcc/i686-linux-gnu/7/../../../i386-linux-gnu/crti.o
 *(.rel.data .rel.data.* .rel.gnu.linkonce.d.*)
 .rel.data.rel.local
                0x0000000000007ff4      0x338 /usr/lib/gcc/i686-linux-gnu/7/../../../i386-linux-gnu/crti.o
 .rel.data.rel  0x000000000000832c       0x78 /usr/lib/gcc/i686-linux-gnu/7/../../../i386-linux-gnu/crti.o
 *(.rel.tdata .rel.tdata.* .rel.gnu.linkonce.td.*)
 *(.rel.tbss .rel.tbss.* .rel.gnu.linkonce.tb.*)
 *(.rel.ctors)
 *(.rel.dtors)
 *(.rel.got)
 .rel.got       0x00000000000083a4      0x2d8 /usr/lib/gcc/i686-linux-gnu/7/../../../i386-linux-gnu/crti.o
 *(.rel.bss .rel.bss.* .rel.gnu.linkonce.b.*)
 *(.rel.ifunc)
 .rel.ifunc     0x000000000000867c        0x0 /usr/lib/gcc/i686-linux-gnu/7/../../../i386-linux-gnu/crti.o
 .rel.fini_array
                0x000000000000867c        0x8 /usr/lib/gcc/i686-linux-gnu/7/../../../i386-linux-gnu/crti.o
 .rel.init_array
                0x0000000000008684        0x8 /usr/lib/gcc/i686-linux-gnu/7/../../../i386-linux-gnu/crti.o

.rel.plt        0x000000000000868c      0x9f0
 *(.rel.plt)
 .rel.plt       0x000000000000868c      0x9f0 /usr/lib/gcc/i686-linux-gnu/7/../../../i386-linux-gnu/crti.o
 *(.rel.iplt)

.init           0x000000000000907c       0x23
 *(SORT_NONE(.init))
 .init          0x000000000000907c       0x1e /usr/lib/gcc/i686-linux-gnu/7/../../../i386-linux-gnu/crti.o
                0x000000000000907c                _init
 .init          0x000000000000909a        0x5 /usr/lib/gcc/i686-linux-gnu/7/../../../i386-linux-gnu/crtn.o

.plt            0x00000000000090a0     0x13f0
 *(.plt)
 .plt           0x00000000000090a0     0x13f0 /usr/lib/gcc/i686-linux-gnu/7/../../../i386-linux-gnu/crti.o
 *(.iplt)

.plt.got        0x000000000000a490       0x18
 *(.plt.got)
 .plt.got       0x000000000000a490       0x18 /usr/lib/gcc/i686-linux-gnu/7/../../../i386-linux-gnu/crti.o

.plt.sec
 *(.plt.sec)

.text           0x000000000000a4b0    0x1bd54
 *(.text.unlikely .text.*_unlikely .text.unlikely.*)
 *(.text.exit .text.exit.*)
 *(.text.startup .text.startup.*)
 *(.text.hot .text.hot.*)
 *(.text .stub .text.* .gnu.linkonce.t.*)
 .text          0x000000000000a4b0        0x0 /usr/lib/gcc/i686-linux-gnu/7/../../../i386-linux-gnu/crti.o
 .gnu.linkonce.t.__x86.get_pc_thunk.bx
                0x000000000000a4b0        0x4 /usr/lib/gcc/i686-linux-gnu/7/../../../i386-linux-gnu/crti.o
                0x000000000000a4b0                __x86.get_pc_thunk.bx
 *fill*         0x000000000000a4b4        0xc 
 .text          0x000000000000a4c0       0xe9 /usr/lib/gcc/i686-linux-gnu/7/crtbeginS.o
 .text.__x86.get_pc_thunk.dx
                0x000000000000a5a9        0x4 /usr/lib/gcc/i686-linux-gnu/7/crtbeginS.o
                0x000000000000a5a9                __x86.get_pc_thunk.dx
 .text          0x000000000000a5ad       0x85 border-router.o
 .text          0x000000000000a632      0x36b build/cooja/mtype248.o
                0x000000000000a6e4                platform_init_stage_one
                0x000000000000a707                platform_init_stage_two
                0x000000000000a72a                platform_init_stage_three
                0x000000000000a74d                platform_main_loop
                0x000000000000a7f3                Java_org_contikios_cooja_corecomm_Lib10_init
                0x000000000000a841                Java_org_contikios_cooja_corecomm_Lib10_getMemory
                0x000000000000a881                Java_org_contikios_cooja_corecomm_Lib10_setMemory
                0x000000000000a8f2                Java_org_contikios_cooja_corecomm_Lib10_tick
                0x000000000000a97c                Java_org_contikios_cooja_corecomm_Lib10_setReferenceAddress
 .text.__x86.get_pc_thunk.ax
                0x000000000000a99d        0x4 build/cooja/mtype248.o
                0x000000000000a99d                __x86.get_pc_thunk.ax
 .text          0x000000000000a9a1       0x8d build/cooja/mtype248.a(simEnvChange.o)
                0x000000000000a9a1                doActionsBeforeTick
                0x000000000000a9e7                doActionsAfterTick
 .text          0x000000000000aa2e       0xb6 build/cooja/mtype248.a(cooja_mt.o)
                0x000000000000aa2e                cooja_mt_start
                0x000000000000aa68                cooja_mt_exec
                0x000000000000aaaf                cooja_mt_yield
 .text          0x000000000000aae4       0xf2 build/cooja/mtype248.a(cooja_mtarch.o)
                0x000000000000aae4                cooja_mtarch_start
                0x000000000000ab68                cooja_sw
                0x000000000000ab96                cooja_mtarch_exec
                0x000000000000abc1                cooja_mtarch_yield
 .text          0x000000000000abd6      0x127 build/cooja/mtype248.a(rtimer-arch.o)
                0x000000000000abd6                rtimer_arch_init
                0x000000000000ac05                rtimer_arch_schedule
                0x000000000000ac47                rtimer_arch_next
                0x000000000000ac61                rtimer_arch_pending
                0x000000000000ac78                rtimer_arch_check
                0x000000000000ace3                rtimer_arch_now
 .text.__x86.get_pc_thunk.cx
                0x000000000000acfd        0x4 build/cooja/mtype248.a(rtimer-arch.o)
                0x000000000000acfd                __x86.get_pc_thunk.cx
 .text          0x000000000000ad01      0x101 build/cooja/mtype248.a(beep.o)
                0x000000000000ad01                beep_alarm
                0x000000000000ad1a                beep_beep
                0x000000000000ad33                beep
                0x000000000000ad4c                beep_down
                0x000000000000ad65                beep_on
                0x000000000000ad7e                beep_off
                0x000000000000ad97                beep_spinup
                0x000000000000adb0                beep_quick
                0x000000000000adc9                beep_long
 .text          0x000000000000ae02       0x9f build/cooja/mtype248.a(leds-arch.o)
                0x000000000000ae26                leds_arch_init
 .text          0x000000000000aea1       0x56 build/cooja/mtype248.a(moteid.o)
 .text          0x000000000000aef7      0x101 build/cooja/mtype248.a(pir-sensor.o)
 .text          0x000000000000aff8      0x1cc build/cooja/mtype248.a(rs232.o)
                0x000000000000aff8                rs232_init
                0x000000000000b008                rs232_set_speed
                0x000000000000b021                rs232_set_input
                0x000000000000b03a                rs232_send
                0x000000000000b070                rs232_print
                0x000000000000b09e                slip_arch_writeb
 .text          0x000000000000b1c4      0x101 build/cooja/mtype248.a(vib-sensor.o)
 .text          0x000000000000b2c5       0x7a build/cooja/mtype248.a(clock.o)
                0x000000000000b2c5                clock_init
                0x000000000000b2d5                clock_time
                0x000000000000b2ec                clock_seconds
                0x000000000000b30f                clock_delay
 .text          0x000000000000b33f      0x2b5 build/cooja/mtype248.a(cooja-log.o)
                0x000000000000b33f                simlog_char
                0x000000000000b3a3                simlog
                0x000000000000b43d                log_message
                0x000000000000b48c                log_set_putchar_with_slip
                0x000000000000b4a5                log_putchar
                0x000000000000b530                log_puts
                0x000000000000b562                log_printf
 .text          0x000000000000b5f4      0x36c build/cooja/mtype248.a(cfs-cooja.o)
                0x000000000000b5f4                cfs_open
                0x000000000000b66c                cfs_close
                0x000000000000b683                cfs_read
                0x000000000000b737                cfs_write
                0x000000000000b835                cfs_seek
                0x000000000000b8d2                cfs_remove
                0x000000000000b908                cfs_opendir
                0x000000000000b91c                cfs_readdir
                0x000000000000b930                cfs_closedir
 .text          0x000000000000b960      0x78b build/cooja/mtype248.a(cooja-radio.o)
                0x000000000000b9ce                radio_set_channel
                0x000000000000b9e7                radio_set_txpower
                0x000000000000ba0a                radio_signal_strength_last
                0x000000000000ba1f                radio_signal_strength_current
                0x000000000000ba34                radio_LQI
 .text          0x000000000000c0eb      0x130 build/cooja/mtype248.a(eeprom.o)
                0x000000000000c0eb                eeprom_init
                0x000000000000c0fb                eeprom_read
                0x000000000000c17b                eeprom_write
 .text          0x000000000000c21b       0x4e build/cooja/mtype248.a(random.o)
                0x000000000000c21b                random_init
                0x000000000000c24b                random_rand
 .text          0x000000000000c269      0x332 build/cooja/mtype248.a(sensors.o)
                0x000000000000c2b0                sensors_first
                0x000000000000c2c7                sensors_next
                0x000000000000c2f2                sensors_changed
                0x000000000000c33f                sensors_find
 .text          0x000000000000c59b      0x3fc build/cooja/mtype248.a(leds.o)
                0x000000000000c59b                leds_init
                0x000000000000c5f3                leds_single_on
                0x000000000000c66b                leds_single_off
                0x000000000000c6e3                leds_single_toggle
                0x000000000000c727                leds_on
                0x000000000000c7bf                leds_off
                0x000000000000c857                leds_toggle
                0x000000000000c8bd                leds_set
                0x000000000000c8f3                leds_get
 .text          0x000000000000c997      0x401 build/cooja/mtype248.a(gpio-hal-arch.o)
                0x000000000000c997                gpio_hal_arch_register_pin_callback
                0x000000000000ca18                gpio_hal_arch_init
                0x000000000000ca72                gpio_hal_arch_no_port_interrupt_enable
                0x000000000000caac                gpio_hal_arch_no_port_interrupt_disable
                0x000000000000cae6                gpio_hal_arch_no_port_pin_cfg_set
                0x000000000000cb15                gpio_hal_arch_no_port_pin_cfg_get
                0x000000000000cb45                gpio_hal_arch_no_port_pin_set_input
                0x000000000000cb61                gpio_hal_arch_no_port_pin_set_output
                0x000000000000cb7d                gpio_hal_arch_no_port_set_pin
                0x000000000000cba8                gpio_hal_arch_no_port_clear_pin
                0x000000000000cbd3                gpio_hal_arch_no_port_read_pin
                0x000000000000cc05                gpio_hal_arch_no_port_write_pin
                0x000000000000cc39                gpio_hal_arch_no_port_set_pins
                0x000000000000cc8a                gpio_hal_arch_no_port_clear_pins
                0x000000000000ccdb                gpio_hal_arch_no_port_read_pins
                0x000000000000cd2e                gpio_hal_arch_no_port_write_pins
 .text          0x000000000000cd98       0xc6 build/cooja/mtype248.a(buttons.o)
 .text          0x000000000000ce5e      0x8ae build/cooja/mtype248.a(webserver.o)
                0x000000000000d6f7                httpd_simple_get_script
 .text          0x000000000000d70c      0x3c6 build/cooja/mtype248.a(contiki-main.o)
                0x000000000000d70c                main
 .text          0x000000000000dad2       0xb0 build/cooja/mtype248.a(autostart.o)
                0x000000000000dad2                autostart_start
                0x000000000000db2b                autostart_exit
 .text          0x000000000000db82      0x400 build/cooja/mtype248.a(ctimer.o)
                0x000000000000dcc5                ctimer_init
                0x000000000000dd0a                ctimer_set
                0x000000000000dd3d                ctimer_set_with_process
                0x000000000000ddd4                ctimer_reset
                0x000000000000de42                ctimer_restart
                0x000000000000deb0                ctimer_stop
                0x000000000000df10                ctimer_expired
 .text          0x000000000000df82      0x4a3 build/cooja/mtype248.a(log.o)
                0x000000000000df82                log_6addr
                0x000000000000dfe6                log_6addr_compact_snprint
                0x000000000000e0a6                log_6addr_compact
                0x000000000000e10a                log_lladdr
                0x000000000000e191                log_lladdr_compact
                0x000000000000e20e                log_bytes
                0x000000000000e262                log_set_level
                0x000000000000e340                log_get_level
                0x000000000000e3d1                log_level_to_str
 .text          0x000000000000e425       0x39 build/cooja/mtype248.a(energest.o)
                0x000000000000e425                energest_init
                0x000000000000e435                energest_flush
                0x000000000000e445                energest_get_total_time
 .text          0x000000000000e45e      0x527 build/cooja/mtype248.a(etimer.o)
                0x000000000000e6b3                etimer_request_poll
                0x000000000000e764                etimer_set
                0x000000000000e79d                etimer_reset_with_new_interval
                0x000000000000e7dc                etimer_reset
                0x000000000000e812                etimer_restart
                0x000000000000e848                etimer_adjust
                0x000000000000e86f                etimer_expired
                0x000000000000e88c                etimer_expiration_time
                0x000000000000e8a8                etimer_start_time
                0x000000000000e8bc                etimer_pending
                0x000000000000e8d9                etimer_next_expiration_time
                0x000000000000e901                etimer_stop
 .text          0x000000000000e985       0x36 build/cooja/mtype248.a(node-id.o)
                0x000000000000e985                node_id_init
 .text          0x000000000000e9bb      0x122 build/cooja/mtype248.a(rtimer.o)
                0x000000000000e9bb                rtimer_init
                0x000000000000e9da                rtimer_set
                0x000000000000ea68                rtimer_run_next
 .text          0x000000000000eadd      0x5cb build/cooja/mtype248.a(process.o)
                0x000000000000eadd                process_alloc_event
                0x000000000000eafe                process_start
                0x000000000000ed03                process_exit
                0x000000000000ed2b                process_init
                0x000000000000eef3                process_run
                0x000000000000ef36                process_nevents
                0x000000000000ef5b                process_post
                0x000000000000f008                process_post_synch
                0x000000000000f04e                process_poll
                0x000000000000f08a                process_is_running
 .text.__x86.get_pc_thunk.si
                0x000000000000f0a8        0x4 build/cooja/mtype248.a(process.o)
                0x000000000000f0a8                __x86.get_pc_thunk.si
 .text          0x000000000000f0ac       0xf6 build/cooja/mtype248.a(timer.o)
                0x000000000000f0ac                timer_set
                0x000000000000f0db                timer_reset
                0x000000000000f112                timer_restart
                0x000000000000f138                timer_expired
                0x000000000000f176                timer_remaining
 .text          0x000000000000f1a2      0x311 build/cooja/mtype248.a(list.o)
                0x000000000000f1a2                list_init
                0x000000000000f1bb                list_head
                0x000000000000f1cf                list_copy
                0x000000000000f1e9                list_tail
                0x000000000000f229                list_add
                0x000000000000f27f                list_push
                0x000000000000f2b5                list_chop
                0x000000000000f329                list_pop
                0x000000000000f35b                list_remove
                0x000000000000f3cd                list_length
                0x000000000000f405                list_insert
                0x000000000000f454                list_item_next
                0x000000000000f475                list_contains
 .text          0x000000000000f4b3      0x566 build/cooja/mtype248.a(button-hal.o)
                0x000000000000f6a7                button_hal_get_by_id
                0x000000000000f6f1                button_hal_get_by_index
                0x000000000000f72b                button_hal_get_state
                0x000000000000f78d                button_hal_init
 .text          0x000000000000fa19      0x242 build/cooja/mtype248.a(serial-line.o)
                0x000000000000fa19                serial_line_input_byte
                0x000000000000fc11                serial_line_init
 .text          0x000000000000fc5b      0x1d6 build/cooja/mtype248.a(gpio-hal.o)
                0x000000000000fc5b                gpio_hal_register_handler
                0x000000000000fc89                gpio_hal_event_handler
                0x000000000000fcf6                gpio_hal_init
                0x000000000000fd25                gpio_hal_arch_port_toggle_pin
                0x000000000000fd70                gpio_hal_arch_port_toggle_pins
                0x000000000000fdad                gpio_hal_arch_no_port_toggle_pin
                0x000000000000fdfa                gpio_hal_arch_no_port_toggle_pins
 .text          0x000000000000fe31      0x3a9 build/cooja/mtype248.a(queuebuf.o)
                0x000000000000fe45                queuebuf_init
                0x000000000000fe81                queuebuf_numfree
                0x000000000000feab                queuebuf_new_from_packetbuf
                0x000000000000ff5f                queuebuf_update_attr_from_packetbuf
                0x000000000000ffa3                queuebuf_update_from_packetbuf
                0x0000000000010002                queuebuf_free
                0x0000000000010060                queuebuf_to_packetbuf
                0x00000000000100dd                queuebuf_dataptr
                0x0000000000010129                queuebuf_datalen
                0x0000000000010156                queuebuf_addr
                0x0000000000010195                queuebuf_attr
                0x00000000000101ca                queuebuf_debug_print
 .text          0x00000000000101da      0x4dd build/cooja/mtype248.a(packetbuf.o)
                0x00000000000101da                packetbuf_clear
                0x0000000000010210                packetbuf_copyfrom
                0x0000000000010270                packetbuf_copyto
                0x000000000001030e                packetbuf_hdralloc
                0x000000000001039e                packetbuf_hdrreduce
                0x00000000000103f0                packetbuf_set_datalen
                0x0000000000010415                packetbuf_dataptr
                0x000000000001043c                packetbuf_hdrptr
                0x0000000000010451                packetbuf_datalen
                0x0000000000010467                packetbuf_hdrlen
                0x0000000000010486                packetbuf_totlen
                0x00000000000104a6                packetbuf_remaininglen
                0x00000000000104c3                packetbuf_attr_clear
                0x0000000000010529                packetbuf_attr_copyto
                0x000000000001056f                packetbuf_attr_copyfrom
                0x00000000000105b5                packetbuf_set_attr
                0x00000000000105eb                packetbuf_attr
                0x0000000000010611                packetbuf_set_addr
                0x0000000000010659                packetbuf_addr
                0x0000000000010683                packetbuf_holds_broadcast
 .text          0x00000000000106b7      0x13c build/cooja/mtype248.a(netstack.o)
                0x00000000000106b7                netstack_process_ip_callback
                0x0000000000010758                netstack_ip_packet_processor_add
                0x000000000001078c                uip_ds6_ip_packet_processor_rm
                0x00000000000107ba                netstack_init
 .text          0x00000000000107f3       0x75 build/cooja/mtype248.a(linkaddr.o)
                0x00000000000107f3                linkaddr_copy
                0x0000000000010813                linkaddr_cmp
                0x0000000000010846                linkaddr_set_node_addr
 .text          0x0000000000010868      0x2ae build/cooja/mtype248.a(csma.o)
 .text          0x0000000000010b16      0xa6f build/cooja/mtype248.a(csma-output.o)
                0x0000000000011288                csma_output_packet
                0x0000000000011537                csma_output_init
 .text          0x0000000000011585      0x772 build/cooja/mtype248.a(uip-sr.o)
                0x0000000000011585                uip_sr_num_nodes
                0x0000000000011631                uip_sr_get_node
                0x0000000000011698                uip_sr_is_addr_reachable
                0x0000000000011755                uip_sr_expire_parent
                0x00000000000117a8                uip_sr_update_node
                0x00000000000118ec                uip_sr_init
                0x0000000000011932                uip_sr_node_head
                0x000000000001195c                uip_sr_node_next
                0x0000000000011982                uip_sr_periodic
                0x0000000000011a9e                uip_sr_free_all
                0x0000000000011b23                uip_sr_link_snprint
 .text          0x0000000000011cf7      0xe47 build/cooja/mtype248.a(uip-ds6.o)
                0x0000000000011cf7                uip_ds6_default_prefix
                0x0000000000011d0c                uip_ds6_set_default_prefix
                0x0000000000011d42                uip_ds6_init
                0x0000000000011fdd                uip_ds6_periodic
                0x0000000000012085                uip_ds6_list_loop
                0x0000000000012154                uip_ds6_prefix_add
                0x000000000001221b                uip_ds6_prefix_rm
                0x0000000000012238                uip_ds6_prefix_lookup
                0x000000000001228b                uip_ds6_is_addr_onlink
                0x0000000000012318                uip_ds6_addr_add
                0x000000000001245a                uip_ds6_addr_rm
                0x0000000000012519                uip_ds6_addr_lookup
                0x0000000000012569                uip_ds6_get_link_local
                0x0000000000012607                uip_ds6_get_global
                0x00000000000126a5                uip_ds6_maddr_add
                0x0000000000012721                uip_ds6_maddr_rm
                0x000000000001273e                uip_ds6_maddr_lookup
                0x0000000000012791                uip_ds6_aaddr_add
                0x000000000001280a                uip_ds6_aaddr_rm
                0x0000000000012827                uip_ds6_aaddr_lookup
                0x0000000000012877                uip_ds6_select_src
                0x00000000000129e5                uip_ds6_set_addr_iid
                0x0000000000012a1a                uip_ds6_set_lladdr_from_iid
                0x0000000000012a4d                get_match_length
                0x0000000000012ae8                uip_ds6_compute_reachable_time
 .text          0x0000000000012b3e      0x453 build/cooja/mtype248.a(uip-ds6-route.o)
                0x0000000000012ba0                uip_ds6_route_init
                0x0000000000012bdc                uip_ds6_route_count_nexthop_neighbors
                0x0000000000012bf0                uip_ds6_route_nexthop
                0x0000000000012c04                uip_ds6_route_head
                0x0000000000012c18                uip_ds6_route_next
                0x0000000000012c2c                uip_ds6_route_is_nexthop
                0x0000000000012c40                uip_ds6_route_num_routes
                0x0000000000012c54                uip_ds6_route_lookup
                0x0000000000012c68                uip_ds6_route_add
                0x0000000000012c85                uip_ds6_route_rm
                0x0000000000012c95                uip_ds6_route_rm_by_nexthop
                0x0000000000012ca5                uip_ds6_defrt_head
                0x0000000000012ccf                uip_ds6_defrt_add
                0x0000000000012d8f                uip_ds6_defrt_rm
                0x0000000000012e08                uip_ds6_defrt_lookup
                0x0000000000012e7f                uip_ds6_defrt_choose
                0x0000000000012f05                uip_ds6_defrt_periodic
 .text          0x0000000000012f91      0x7c8 build/cooja/mtype248.a(psock.o)
                0x00000000000132f9                psock_send
                0x0000000000013389                psock_generator_send
                0x00000000000134b4                psock_datalen
                0x00000000000134d6                psock_newdata
                0x0000000000013531                psock_readto
                0x0000000000013612                psock_readbuf_len
                0x000000000001370b                psock_init
 .text          0x0000000000013759      0xcac build/cooja/mtype248.a(tcpip.o)
                0x000000000001377f                tcpip_output
                0x00000000000138aa                tcp_connect
                0x0000000000013912                tcp_unlisten
                0x0000000000013987                tcp_listen
                0x00000000000139f9                tcp_attach
                0x0000000000013a1b                udp_attach
                0x0000000000013a3d                udp_new
                0x0000000000013a97                udp_broadcast_new
                0x0000000000013d69                tcpip_input
                0x0000000000013fac                tcpip_ipv6_output
                0x00000000000141e8                tcpip_poll_udp
                0x0000000000014218                tcpip_poll_tcp
                0x0000000000014248                tcpip_uipcall
 .text          0x0000000000014405     0x33b5 build/cooja/mtype248.a(uip6.o)
                0x0000000000014405                uip_add32
                0x00000000000145f0                uip_chksum
                0x00000000000146e8                uip_icmp6chksum
                0x0000000000014707                uip_tcpchksum
                0x0000000000014726                uip_udpchksum
                0x0000000000014745                uip_init
                0x00000000000147f3                uip_connect
                0x0000000000014990                uip_remove_ext_hdr
                0x0000000000014a8b                uip_udp_new
                0x0000000000014bd0                uip_unlisten
                0x0000000000014c20                uip_listen
                0x0000000000014f30                uip_process
                0x000000000001764a                uip_htons
                0x0000000000017676                uip_htonl
                0x00000000000176c0                uip_send
 .text          0x00000000000177ba      0x43e build/cooja/mtype248.a(uip-ds6-nbr.o)
                0x00000000000177ba                uip_ds6_neighbors_init
                0x00000000000177f0                uip_ds6_nbr_add
                0x000000000001788a                uip_ds6_nbr_rm
                0x00000000000178e9                uip_ds6_nbr_update_ll
                0x00000000000179e6                uip_ds6_nbr_get_ipaddr
                0x0000000000017a05                uip_ds6_nbr_get_ll
                0x0000000000017a32                uip_ds6_nbr_num
                0x0000000000017a8c                uip_ds6_nbr_head
                0x0000000000017ab6                uip_ds6_nbr_next
                0x0000000000017ae3                uip_ds6_nbr_lookup
                0x0000000000017b4a                uip_ds6_nbr_ll_lookup
                0x0000000000017b77                uip_ds6_nbr_ipaddr_from_lladdr
                0x0000000000017baa                uip_ds6_nbr_lladdr_from_ipaddr
                0x0000000000017be8                uip_ds6_link_callback
 .text          0x0000000000017bf8      0x810 build/cooja/mtype248.a(uip-nd6.o)
                0x00000000000183dd                uip_nd6_init
 .text          0x0000000000018408     0x33b0 build/cooja/mtype248.a(sicslowpan.o)
                0x0000000000018b06                netstack_sniffer_add
                0x0000000000018b1f                netstack_sniffer_remove
                0x000000000001b777                sicslowpan_init
                0x000000000001b7a3                sicslowpan_get_last_rssi
 .text          0x000000000001b7b8      0x51a build/cooja/mtype248.a(uiplib.o)
                0x000000000001b7b8                uiplib_ip6addrconv
                0x000000000001b97e                uiplib_ip4addrconv
                0x000000000001ba4b                uiplib_ipaddr_print
                0x000000000001baaf                uiplib_ipaddr_snprint
 .text          0x000000000001bcd2      0x610 build/cooja/mtype248.a(rpl.o)
                0x000000000001bcd2                rpl_lollipop_greater_than
                0x000000000001bd35                rpl_get_global_address
                0x000000000001be6b                rpl_link_callback
                0x000000000001bece                rpl_has_joined
                0x000000000001bf04                rpl_is_reachable
                0x000000000001bfa7                rpl_reset_prefix
                0x000000000001c023                rpl_set_prefix_from_addr
                0x000000000001c135                rpl_set_prefix
                0x000000000001c2a9                rpl_set_leaf_only
                0x000000000001c2cc                rpl_get_leaf_only
 .text          0x000000000001c2e2     0x1491 build/cooja/mtype248.a(rpl-icmp6.o)
                0x000000000001c43f                rpl_icmp6_update_nbr_table
                0x000000000001c4f1                rpl_icmp6_dis_output
                0x000000000001cb06                rpl_icmp6_dio_output
                0x000000000001d35f                rpl_icmp6_dao_output
                0x000000000001d68c                rpl_icmp6_dao_ack_output
                0x000000000001d713                rpl_icmp6_init
 .text          0x000000000001d773      0x2e4 build/cooja/mtype248.a(rpl-dag-root.o)
                0x000000000001d773                rpl_dag_root_print_links
                0x000000000001d8cc                rpl_dag_root_set_prefix
                0x000000000001d907                rpl_dag_root_start
                0x000000000001da15                rpl_dag_root_is_root
 .text          0x000000000001da57      0x277 build/cooja/mtype248.a(slip-bridge.o)
                0x000000000001da57                request_prefix
 .text          0x000000000001dcce      0x711 build/cooja/mtype248.a(slip.o)
                0x000000000001dcce                slip_set_input_callback
                0x000000000001dce7                slip_send
                0x000000000001dd19                slip_write
                0x000000000001e284                slip_input_byte
 .text          0x000000000001e3df       0x6b build/cooja/mtype248.a(watchdog.o)
                0x000000000001e3df                watchdog_init
                0x000000000001e3ef                watchdog_start
                0x000000000001e3ff                watchdog_periodic
                0x000000000001e42a                watchdog_stop
                0x000000000001e43a                watchdog_reboot
 .text          0x000000000001e44a       0x75 build/cooja/mtype248.a(int-master.o)
                0x000000000001e44a                int_master_enable
                0x000000000001e464                int_master_read_and_disable
                0x000000000001e48c                int_master_status_set
                0x000000000001e4a5                int_master_is_enabled
 .text          0x000000000001e4bf       0x2b build/cooja/mtype248.a(slip-arch.o)
                0x000000000001e4bf                slip_arch_init
 .text          0x000000000001e4ea      0x691 build/cooja/mtype248.a(httpd-simple.o)
                0x000000000001e97a                httpd_appcall
                0x000000000001eb41                httpd_init
 .text          0x000000000001eb7b      0x175 build/cooja/mtype248.a(rpl-border-rout)
                0x000000000001eb7b                print_local_addresses
                0x000000000001ec81                set_prefix_64
                0x000000000001ecc3                rpl_border_router_init
 .text          0x000000000001ecf0      0x11d build/cooja/mtype248.a(stimer.o)
                0x000000000001ecf0                stimer_set
                0x000000000001ed1f                stimer_reset
                0x000000000001ed56                stimer_restart
                0x000000000001ed7c                stimer_expired
                0x000000000001edb8                stimer_remaining
                0x000000000001ede4                stimer_elapsed
 .text          0x000000000001ee0d      0x188 build/cooja/mtype248.a(ringbuf.o)
                0x000000000001ee0d                ringbuf_init
                0x000000000001ee49                ringbuf_put
                0x000000000001eed1                ringbuf_get
                0x000000000001ef48                ringbuf_size
                0x000000000001ef64                ringbuf_elements
 .text          0x000000000001ef95      0x1ec build/cooja/mtype248.a(memb.o)
                0x000000000001ef95                memb_init
                0x000000000001eff9                memb_alloc
                0x000000000001f066                memb_free
                0x000000000001f0e7                memb_inmemb
                0x000000000001f130                memb_numfree
 .text          0x000000000001f181       0x31 build/cooja/mtype248.a(assert.o)
                0x000000000001f181                _xassert
 .text          0x000000000001f1b2      0xb68 build/cooja/mtype248.a(nbr-table.o)
                0x000000000001f554                nbr_table_count_entries
                0x000000000001f601                nbr_table_gc_get_worst
                0x000000000001f641                nbr_table_can_accept_new
                0x000000000001f7ca                nbr_table_entry_is_allowed
                0x000000000001f86a                nbr_table_register
                0x000000000001f8e8                nbr_table_is_registered
                0x000000000001f92d                nbr_table_head
                0x000000000001f99a                nbr_table_next
                0x000000000001fa0c                nbr_table_add_lladdr
                0x000000000001fb5b                nbr_table_get_from_lladdr
                0x000000000001fbb8                nbr_table_remove
                0x000000000001fc03                nbr_table_lock
                0x000000000001fc29                nbr_table_unlock
                0x000000000001fc4f                nbr_table_get_lladdr
                0x000000000001fc85                nbr_table_clear
                0x000000000001fcca                nbr_table_key_head
                0x000000000001fcf4                nbr_table_key_next
 .text          0x000000000001fd1a      0x450 build/cooja/mtype248.a(link-stats.o)
                0x000000000001fd1a                link_stats_from_lladdr
                0x000000000001fd47                link_stats_get_lladdr
                0x000000000001fd74                link_stats_is_fresh
                0x000000000001fdc1                guess_etx_from_rssi
                0x000000000001fe47                link_stats_packet_sent
                0x000000000001ff8b                link_stats_input_callback
                0x00000000000200bf                link_stats_reset
                0x0000000000020121                link_stats_init
 .text          0x000000000002016a      0x1a8 build/cooja/mtype248.a(mac-sequence.o)
                0x000000000002016a                mac_sequence_is_duplicate
                0x000000000002022a                mac_sequence_register_seqno
 .text          0x0000000000020312       0x2d build/cooja/mtype248.a(mac.o)
                0x0000000000020312                mac_call_sent_callback
 .text          0x000000000002033f      0x477 build/cooja/mtype248.a(framer-802154.o)
                0x00000000000204e2                framer_802154_setup_params
 .text          0x00000000000207b6      0xc1a build/cooja/mtype248.a(frame802154.o)
                0x00000000000207f1                frame802154_get_pan_id
                0x0000000000020807                frame802154_set_pan_id
                0x000000000002082c                frame802154_has_panid
                0x00000000000209e5                frame802154_check_dest_panid
                0x0000000000020a77                frame802154_is_broadcast_addr
                0x0000000000020ace                frame802154_extract_linkaddr
                0x0000000000020d57                frame802154_hdrlen
                0x0000000000020dd4                frame802154_create_fcf
                0x0000000000020e96                frame802154_create
                0x0000000000021021                frame802154_parse_fcf
                0x000000000002110d                frame802154_parse
 .text          0x00000000000213d0       0x4e build/cooja/mtype248.a(csma-security.o)
                0x00000000000213d0                csma_security_create_frame
                0x0000000000021401                csma_security_parse_frame
 .text          0x000000000002141e      0x5d3 build/cooja/mtype248.a(uipbuf.o)
                0x000000000002141e                uipbuf_clear
                0x0000000000021455                uipbuf_add_ext_hdr
                0x00000000000214f0                uipbuf_set_len
                0x000000000002152a                uipbuf_set_len_field
                0x0000000000021560                uipbuf_get_len_field
                0x000000000002158a                uipbuf_get_next_header
                0x00000000000216db                uipbuf_get_last_header
                0x000000000002175e                uipbuf_search_header
                0x0000000000021822                uipbuf_get_attr
                0x0000000000021853                uipbuf_set_attr
                0x0000000000021894                uipbuf_set_default_attr
                0x00000000000218d5                uipbuf_clear_attr
                0x0000000000021915                uipbuf_set_attr_flag
                0x0000000000021941                uipbuf_clr_attr_flag
                0x0000000000021973                uipbuf_is_attr_flag
                0x00000000000219a1                uipbuf_init
 .text          0x00000000000219f1      0x8b7 build/cooja/mtype248.a(uip-icmp6.o)
                0x0000000000021a76                uip_icmp6_input
                0x0000000000021ad7                uip_icmp6_register_input_handler
                0x0000000000021c8b                uip_icmp6_error_output
                0x0000000000021fcd                uip_icmp6_send
                0x00000000000221fb                uip_icmp6_echo_reply_callback_add
                0x000000000002223e                uip_icmp6_echo_reply_callback_rm
                0x000000000002226c                uip_icmp6_init
 .text          0x00000000000222a8      0x1a5 build/cooja/mtype248.a(uip-packetqueue)
                0x00000000000222e8                uip_packetqueue_new
                0x0000000000022301                uip_packetqueue_alloc
                0x0000000000022370                uip_packetqueue_free
                0x00000000000223c8                uip_packetqueue_buf
                0x00000000000223ef                uip_packetqueue_buflen
                0x000000000002241a                uip_packetqueue_set_buflen
 .text          0x000000000002244d       0x8d build/cooja/mtype248.a(rpl-nbr-policy.)
                0x0000000000022499                rpl_nbr_gc_get_worst
 .text          0x00000000000224da      0xaad build/cooja/mtype248.a(rpl-neighbor.o)
                0x0000000000022576                rpl_neighbor_snprint
                0x000000000002285e                rpl_neighbor_print_list
                0x0000000000022931                rpl_neighbor_count
                0x0000000000022a14                rpl_neighbor_get_from_lladdr
                0x0000000000022a41                rpl_neighbor_is_acceptable_parent
                0x0000000000022a87                rpl_neighbor_get_link_metric
                0x0000000000022acd                rpl_neighbor_rank_via_nbr
                0x0000000000022b13                rpl_neighbor_get_lladdr
                0x0000000000022b40                rpl_neighbor_get_ipaddr
                0x0000000000022b76                rpl_neighbor_get_link_stats
                0x0000000000022bac                rpl_neighbor_is_fresh
                0x0000000000022be2                rpl_neighbor_is_parent
                0x0000000000022c19                rpl_neighbor_set_preferred_parent
                0x0000000000022cd3                rpl_neighbor_remove_all
                0x0000000000022d40                rpl_neighbor_get_from_ipaddr
                0x0000000000022e7a                rpl_neighbor_select_best
                0x0000000000022f55                rpl_neighbor_init
 .text          0x0000000000022f87     0x11f4 build/cooja/mtype248.a(rpl-dag.o)
                0x0000000000022f87                rpl_dag_state_to_str
                0x0000000000022fd5                rpl_dag_get_root_ipaddr
                0x0000000000023025                rpl_dag_leave
                0x00000000000230db                rpl_dag_poison_and_leave
                0x0000000000023107                rpl_dag_periodic
                0x00000000000231cc                rpl_is_addr_in_our_dag
                0x000000000002322b                rpl_get_default_instance
                0x0000000000023255                rpl_get_any_dag
                0x00000000000232cb                rpl_refresh_routes
                0x000000000002332e                rpl_global_repair
                0x00000000000233ff                rpl_local_repair
                0x0000000000023464                rpl_dag_ready_to_advertise
                0x00000000000234bd                rpl_dag_update_state
                0x0000000000023d39                rpl_process_dio
                0x0000000000023dd4                rpl_process_dis
                0x0000000000023e2a                rpl_process_dao
                0x0000000000023ecb                rpl_process_dao_ack
                0x0000000000023f87                rpl_process_hbh
                0x0000000000023fe7                rpl_dag_init_root
                0x0000000000024149                rpl_dag_init
 .text          0x000000000002417b      0xd8d build/cooja/mtype248.a(rpl-timers.o)
                0x000000000002417b                rpl_timers_schedule_periodic_dis
                0x0000000000024325                rpl_timers_dio_reset
                0x000000000002449d                rpl_timers_schedule_unicast_dio
                0x0000000000024670                rpl_timers_schedule_dao
                0x0000000000024776                rpl_timers_schedule_dao_ack
                0x0000000000024845                rpl_timers_notify_dao_ack
                0x00000000000248cb                get_probing_delay
                0x0000000000024910                get_probing_target
                0x0000000000024b45                rpl_schedule_probing
                0x0000000000024b91                rpl_schedule_probing_now
                0x0000000000024c2b                rpl_timers_unschedule_leaving
                0x0000000000024c85                rpl_timers_schedule_leaving
                0x0000000000024cea                rpl_timers_init
                0x0000000000024dac                rpl_timers_stop_dag_timers
                0x0000000000024e69                rpl_timers_unschedule_state_update
                0x0000000000024ea5                rpl_timers_schedule_state_update
 .text          0x0000000000024f08      0xd42 build/cooja/mtype248.a(rpl-ext-header.)
                0x0000000000024f08                rpl_ext_header_srh_get_next_hop
                0x0000000000025013                rpl_ext_header_srh_update
                0x0000000000025645                rpl_ext_header_hbh_update
                0x00000000000259c4                rpl_ext_header_update
                0x0000000000025a73                rpl_ext_header_remove
 .text          0x0000000000025c4a      0x39b build/cooja/mtype248.a(rpl-mrhof.o)
 .text          0x0000000000025fe5      0x201 build/cooja/mtype248.a(border-router-e)
 *fill*         0x00000000000261e6        0xa 
 .text          0x00000000000261f0       0x14 /usr/lib/i386-linux-gnu/libc_nonshared.a(stack_chk_fail_local.oS)
                0x00000000000261f0                __stack_chk_fail_local
 .text          0x0000000000026204        0x0 /usr/lib/gcc/i686-linux-gnu/7/crtendS.o
 .text          0x0000000000026204        0x0 /usr/lib/gcc/i686-linux-gnu/7/../../../i386-linux-gnu/crtn.o
 *(.gnu.warning)

.fini           0x0000000000026204       0x14
 *(SORT_NONE(.fini))
 .fini          0x0000000000026204        0xf /usr/lib/gcc/i686-linux-gnu/7/../../../i386-linux-gnu/crti.o
                0x0000000000026204                _fini
 .fini          0x0000000000026213        0x5 /usr/lib/gcc/i686-linux-gnu/7/../../../i386-linux-gnu/crtn.o
                [!provide]                        PROVIDE (__etext = .)
                [!provide]                        PROVIDE (_etext = .)
                [!provide]                        PROVIDE (etext = .)

.rodata         0x0000000000026220      0x8ee
 *(.rodata .rodata.* .gnu.linkonce.r.*)
 .rodata        0x0000000000026220       0x56 border-router.o
 *fill*         0x0000000000026276        0x2 
 .rodata        0x0000000000026278        0x6 build/cooja/mtype248.a(leds-arch.o)
                0x0000000000026278                leds_arch_leds
 .rodata        0x000000000002627e        0x4 build/cooja/mtype248.a(pir-sensor.o)
 .rodata        0x0000000000026282        0x6 build/cooja/mtype248.a(rs232.o)
 .rodata        0x0000000000026288        0xa build/cooja/mtype248.a(vib-sensor.o)
 *fill*         0x0000000000026292        0x2 
 .rodata        0x0000000000026294       0x27 build/cooja/mtype248.a(cfs-cooja.o)
 *fill*         0x00000000000262bb        0x1 
 .rodata        0x00000000000262bc       0x68 build/cooja/mtype248.a(cooja-radio.o)
 .rodata        0x0000000000026324        0x8 build/cooja/mtype248.a(sensors.o)
 .rodata        0x000000000002632c       0x14 build/cooja/mtype248.a(buttons.o)
                0x0000000000026338                button_hal_button_count
 .rodata        0x0000000000026340       0xc3 build/cooja/mtype248.a(webserver.o)
 *fill*         0x0000000000026403        0x1 
 .rodata        0x0000000000026404       0xf4 build/cooja/mtype248.a(contiki-main.o)
 .rodata        0x00000000000264f8        0xf build/cooja/mtype248.a(ctimer.o)
 *fill*         0x0000000000026507        0x1 
 .rodata        0x0000000000026508       0xc4 build/cooja/mtype248.a(log.o)
 .rodata        0x00000000000265cc        0xc build/cooja/mtype248.a(etimer.o)
 .rodata        0x00000000000265d8       0x13 build/cooja/mtype248.a(button-hal.o)
 .rodata        0x00000000000265eb        0xe build/cooja/mtype248.a(serial-line.o)
 *fill*         0x00000000000265f9        0x3 
 .rodata        0x00000000000265fc        0x8 build/cooja/mtype248.a(linkaddr.o)
                0x00000000000265fc                linkaddr_null
 .rodata        0x0000000000026604        0x5 build/cooja/mtype248.a(csma.o)
 *fill*         0x0000000000026609        0x3 
 .rodata        0x000000000002660c       0x24 build/cooja/mtype248.a(csma-output.o)
 .rodata        0x0000000000026630       0x44 build/cooja/mtype248.a(uip-sr.o)
 .rodata        0x0000000000026674       0x4d build/cooja/mtype248.a(uip-ds6-route.o)
 .rodata        0x00000000000266c1        0xd build/cooja/mtype248.a(tcpip.o)
 *fill*         0x00000000000266ce        0x2 
 .rodata        0x00000000000266d0       0x48 build/cooja/mtype248.a(uip6.o)
 .rodata        0x0000000000026718       0x1f build/cooja/mtype248.a(sicslowpan.o)
                0x0000000000026718                unc_llconf
                0x000000000002671c                unc_ctxconf
                0x0000000000026720                unc_mxconf
                0x0000000000026724                llprefix
 .rodata        0x0000000000026737       0x2d build/cooja/mtype248.a(uiplib.o)
 .rodata        0x0000000000026764        0x9 build/cooja/mtype248.a(rpl.o)
 .rodata        0x000000000002676d       0x11 build/cooja/mtype248.a(slip-bridge.o)
 .rodata        0x000000000002677e        0xc build/cooja/mtype248.a(slip.o)
 *fill*         0x000000000002678a       0x16 
 .rodata        0x00000000000267a0      0x154 build/cooja/mtype248.a(httpd-simple.o)
                0x00000000000267fc                http_content_type_html
                0x0000000000026820                http_header_200
                0x0000000000026880                http_header_404
                0x00000000000268e0                http_get
                0x00000000000268e8                http_index_html
 .rodata        0x00000000000268f4       0x34 build/cooja/mtype248.a(rpl-border-rout)
 .rodata        0x0000000000026928       0x25 build/cooja/mtype248.a(assert.o)
 *fill*         0x000000000002694d        0x3 
 .rodata        0x0000000000026950       0x58 build/cooja/mtype248.a(rpl-neighbor.o)
 .rodata        0x00000000000269a8       0xd7 build/cooja/mtype248.a(rpl-dag.o)
 .rodata        0x0000000000026a7f        0xc build/cooja/mtype248.a(rpl-timers.o)
 .rodata        0x0000000000026a8b       0x83 build/cooja/mtype248.a(border-router-e)

.rodata1
 *(.rodata1)

.eh_frame_hdr   0x0000000000026b10     0x17c4
 *(.eh_frame_hdr)
 .eh_frame_hdr  0x0000000000026b10     0x17c4 border-router.o
                0x0000000000026b10                __GNU_EH_FRAME_HDR
 *(.eh_frame_entry .eh_frame_entry.*)

.eh_frame       0x00000000000282d4     0x66c8
 *(.eh_frame)
 .eh_frame      0x00000000000282d4       0x3c /usr/lib/gcc/i686-linux-gnu/7/../../../i386-linux-gnu/crti.o
                                         0x40 (size before relaxing)
 .eh_frame      0x0000000000028310       0x14 /usr/lib/gcc/i686-linux-gnu/7/../../../i386-linux-gnu/crti.o
                                         0x2c (size before relaxing)
 .eh_frame      0x0000000000028324       0x24 border-router.o
                                         0x50 (size before relaxing)
 .eh_frame      0x0000000000028348      0x1ac build/cooja/mtype248.o
                                        0x1ec (size before relaxing)
 .eh_frame      0x00000000000284f4       0x48 build/cooja/mtype248.a(simEnvChange.o)
                                         0x74 (size before relaxing)
 .eh_frame      0x000000000002853c       0x6c build/cooja/mtype248.a(cooja_mt.o)
                                         0x98 (size before relaxing)
 .eh_frame      0x00000000000285a8       0x88 build/cooja/mtype248.a(cooja_mtarch.o)
                                         0xc8 (size before relaxing)
 .eh_frame      0x0000000000028630       0xe4 build/cooja/mtype248.a(rtimer-arch.o)
                                        0x110 (size before relaxing)
 .eh_frame      0x0000000000028714      0x160 build/cooja/mtype248.a(beep.o)
                                        0x18c (size before relaxing)
 .eh_frame      0x0000000000028874       0x88 build/cooja/mtype248.a(leds-arch.o)
                                         0xc8 (size before relaxing)
 .eh_frame      0x00000000000288fc       0x44 build/cooja/mtype248.a(moteid.o)
                                         0x70 (size before relaxing)
 .eh_frame      0x0000000000028940       0xa4 build/cooja/mtype248.a(pir-sensor.o)
                                         0xe4 (size before relaxing)
 .eh_frame      0x00000000000289e4      0x110 build/cooja/mtype248.a(rs232.o)
                                        0x150 (size before relaxing)
 .eh_frame      0x0000000000028af4       0xa4 build/cooja/mtype248.a(vib-sensor.o)
                                         0xe4 (size before relaxing)
 .eh_frame      0x0000000000028b98       0xc0 build/cooja/mtype248.a(clock.o)
                                         0xec (size before relaxing)
 .eh_frame      0x0000000000028c58      0x130 build/cooja/mtype248.a(cooja-log.o)
                                        0x170 (size before relaxing)
 .eh_frame      0x0000000000028d88      0x16c build/cooja/mtype248.a(cfs-cooja.o)
                                        0x1ac (size before relaxing)
 .eh_frame      0x0000000000028ef4      0x374 build/cooja/mtype248.a(cooja-radio.o)
                                        0x3b4 (size before relaxing)
 .eh_frame      0x0000000000029268       0xa8 build/cooja/mtype248.a(eeprom.o)
                                         0xe8 (size before relaxing)
 .eh_frame      0x0000000000029310       0x48 build/cooja/mtype248.a(random.o)
                                         0x74 (size before relaxing)
 .eh_frame      0x0000000000029358       0xd0 build/cooja/mtype248.a(sensors.o)
                                        0x110 (size before relaxing)
 .eh_frame      0x0000000000029428      0x140 build/cooja/mtype248.a(leds.o)
                                        0x180 (size before relaxing)
 .eh_frame      0x0000000000029568      0x228 build/cooja/mtype248.a(gpio-hal-arch.o)
                                        0x27c (size before relaxing)
 .eh_frame      0x0000000000029790       0xa4 build/cooja/mtype248.a(buttons.o)
                                         0xe4 (size before relaxing)
 .eh_frame      0x0000000000029834       0x9c build/cooja/mtype248.a(webserver.o)
                                         0xdc (size before relaxing)
 .eh_frame      0x00000000000298d0       0x38 build/cooja/mtype248.a(contiki-main.o)
                                         0x64 (size before relaxing)
 .eh_frame      0x0000000000029908       0x48 build/cooja/mtype248.a(autostart.o)
                                         0x74 (size before relaxing)
 .eh_frame      0x0000000000029950      0x11c build/cooja/mtype248.a(ctimer.o)
                                        0x15c (size before relaxing)
 .eh_frame      0x0000000000029a6c      0x144 build/cooja/mtype248.a(log.o)
                                        0x184 (size before relaxing)
 .eh_frame      0x0000000000029bb0       0x60 build/cooja/mtype248.a(energest.o)
                                         0x8c (size before relaxing)
 .eh_frame      0x0000000000029c10      0x204 build/cooja/mtype248.a(etimer.o)
                                        0x244 (size before relaxing)
 .eh_frame      0x0000000000029e14       0x20 build/cooja/mtype248.a(node-id.o)
                                         0x4c (size before relaxing)
 .eh_frame      0x0000000000029e34       0x6c build/cooja/mtype248.a(rtimer.o)
                                         0xc0 (size before relaxing)
 .eh_frame      0x0000000000029ea0      0x1ec build/cooja/mtype248.a(process.o)
                                        0x22c (size before relaxing)
 .eh_frame      0x000000000002a08c       0xb4 build/cooja/mtype248.a(timer.o)
                                         0xe0 (size before relaxing)
 .eh_frame      0x000000000002a140      0x1a0 build/cooja/mtype248.a(list.o)
                                        0x1cc (size before relaxing)
 .eh_frame      0x000000000002a2e0      0x188 build/cooja/mtype248.a(button-hal.o)
                                        0x1c8 (size before relaxing)
 .eh_frame      0x000000000002a468       0x6c build/cooja/mtype248.a(serial-line.o)
                                         0x98 (size before relaxing)
 .eh_frame      0x000000000002a4d4       0xfc build/cooja/mtype248.a(gpio-hal.o)
                                        0x13c (size before relaxing)
 .eh_frame      0x000000000002a5d0      0x1c0 build/cooja/mtype248.a(queuebuf.o)
                                        0x200 (size before relaxing)
 .eh_frame      0x000000000002a790      0x2b0 build/cooja/mtype248.a(packetbuf.o)
                                        0x2f0 (size before relaxing)
 .eh_frame      0x000000000002aa40       0x90 build/cooja/mtype248.a(netstack.o)
                                         0xd0 (size before relaxing)
 .eh_frame      0x000000000002aad0       0x64 build/cooja/mtype248.a(linkaddr.o)
                                         0x90 (size before relaxing)
 .eh_frame      0x000000000002ab34       0xf0 build/cooja/mtype248.a(csma.o)
                                        0x130 (size before relaxing)
 .eh_frame      0x000000000002ac24      0x1f8 build/cooja/mtype248.a(csma-output.o)
                                        0x238 (size before relaxing)
 .eh_frame      0x000000000002ae1c      0x1ac build/cooja/mtype248.a(uip-sr.o)
                                        0x1ec (size before relaxing)
 .eh_frame      0x000000000002afc8      0x364 build/cooja/mtype248.a(uip-ds6.o)
                                        0x3a4 (size before relaxing)
 .eh_frame      0x000000000002b32c      0x260 build/cooja/mtype248.a(uip-ds6-route.o)
                                        0x2a0 (size before relaxing)
 .eh_frame      0x000000000002b58c      0x1a8 build/cooja/mtype248.a(psock.o)
                                        0x1fc (size before relaxing)
 .eh_frame      0x000000000002b734      0x350 build/cooja/mtype248.a(tcpip.o)
                                        0x390 (size before relaxing)
 .eh_frame      0x000000000002ba84      0x2e8 build/cooja/mtype248.a(uip6.o)
                                        0x33c (size before relaxing)
 .eh_frame      0x000000000002bd6c      0x1e8 build/cooja/mtype248.a(uip-ds6-nbr.o)
                                        0x228 (size before relaxing)
 .eh_frame      0x000000000002bf54       0x8c build/cooja/mtype248.a(uip-nd6.o)
                                         0xe0 (size before relaxing)
 .eh_frame      0x000000000002bfe0      0x354 build/cooja/mtype248.a(sicslowpan.o)
                                        0x3a8 (size before relaxing)
 .eh_frame      0x000000000002c334       0x9c build/cooja/mtype248.a(uiplib.o)
                                         0xdc (size before relaxing)
 .eh_frame      0x000000000002c3d0      0x1fc build/cooja/mtype248.a(rpl.o)
                                        0x23c (size before relaxing)
 .eh_frame      0x000000000002c5cc      0x1f0 build/cooja/mtype248.a(rpl-icmp6.o)
                                        0x230 (size before relaxing)
 .eh_frame      0x000000000002c7bc       0xb0 build/cooja/mtype248.a(rpl-dag-root.o)
                                         0xf0 (size before relaxing)
 .eh_frame      0x000000000002c86c       0x90 build/cooja/mtype248.a(slip-bridge.o)
                                         0xbc (size before relaxing)
 .eh_frame      0x000000000002c8fc       0xf0 build/cooja/mtype248.a(slip.o)
                                        0x130 (size before relaxing)
 .eh_frame      0x000000000002c9ec       0xa4 build/cooja/mtype248.a(watchdog.o)
                                         0xd0 (size before relaxing)
 .eh_frame      0x000000000002ca90       0x80 build/cooja/mtype248.a(int-master.o)
                                         0xac (size before relaxing)
 .eh_frame      0x000000000002cb10       0x24 build/cooja/mtype248.a(slip-arch.o)
                                         0x50 (size before relaxing)
 .eh_frame      0x000000000002cb34       0xf8 build/cooja/mtype248.a(httpd-simple.o)
                                        0x138 (size before relaxing)
 .eh_frame      0x000000000002cc2c       0x6c build/cooja/mtype248.a(rpl-border-rout)
                                         0xac (size before relaxing)
 .eh_frame      0x000000000002cc98       0xd8 build/cooja/mtype248.a(stimer.o)
                                        0x104 (size before relaxing)
 .eh_frame      0x000000000002cd70       0xa0 build/cooja/mtype248.a(ringbuf.o)
                                         0xcc (size before relaxing)
 .eh_frame      0x000000000002ce10       0xa4 build/cooja/mtype248.a(memb.o)
                                         0xe4 (size before relaxing)
 .eh_frame      0x000000000002ceb4       0x24 build/cooja/mtype248.a(assert.o)
                                         0x50 (size before relaxing)
 .eh_frame      0x000000000002ced8      0x428 build/cooja/mtype248.a(nbr-table.o)
                                        0x468 (size before relaxing)
 .eh_frame      0x000000000002d300      0x140 build/cooja/mtype248.a(link-stats.o)
                                        0x180 (size before relaxing)
 .eh_frame      0x000000000002d440       0x50 build/cooja/mtype248.a(mac-sequence.o)
                                         0x7c (size before relaxing)
 .eh_frame      0x000000000002d490       0x20 build/cooja/mtype248.a(mac.o)
                                         0x4c (size before relaxing)
 .eh_frame      0x000000000002d4b0       0xb4 build/cooja/mtype248.a(framer-802154.o)
                                         0xf4 (size before relaxing)
 .eh_frame      0x000000000002d564      0x1b0 build/cooja/mtype248.a(frame802154.o)
                                        0x1f0 (size before relaxing)
 .eh_frame      0x000000000002d714       0x44 build/cooja/mtype248.a(csma-security.o)
                                         0x84 (size before relaxing)
 .eh_frame      0x000000000002d758      0x204 build/cooja/mtype248.a(uipbuf.o)
                                        0x230 (size before relaxing)
 .eh_frame      0x000000000002d95c      0x170 build/cooja/mtype248.a(uip-icmp6.o)
                                        0x1b0 (size before relaxing)
 .eh_frame      0x000000000002dacc       0xec build/cooja/mtype248.a(uip-packetqueue)
                                        0x12c (size before relaxing)
 .eh_frame      0x000000000002dbb8       0x48 build/cooja/mtype248.a(rpl-nbr-policy.)
                                         0x88 (size before relaxing)
 .eh_frame      0x000000000002dc00      0x2ec build/cooja/mtype248.a(rpl-neighbor.o)
                                        0x340 (size before relaxing)
 .eh_frame      0x000000000002deec      0x3c0 build/cooja/mtype248.a(rpl-dag.o)
                                        0x414 (size before relaxing)
 .eh_frame      0x000000000002e2ac      0x418 build/cooja/mtype248.a(rpl-timers.o)
                                        0x458 (size before relaxing)
 .eh_frame      0x000000000002e6c4      0x144 build/cooja/mtype248.a(rpl-ext-header.)
                                        0x184 (size before relaxing)
 .eh_frame      0x000000000002e808      0x150 build/cooja/mtype248.a(rpl-mrhof.o)
                                        0x190 (size before relaxing)
 .eh_frame      0x000000000002e958       0x24 build/cooja/mtype248.a(border-router-e)
                                         0x50 (size before relaxing)
 .eh_frame      0x000000000002e97c       0x1c /usr/lib/i386-linux-gnu/libc_nonshared.a(stack_chk_fail_local.oS)
                                         0x48 (size before relaxing)
 .eh_frame      0x000000000002e998        0x4 /usr/lib/gcc/i686-linux-gnu/7/crtendS.o
 *(.eh_frame.*)

.gcc_except_table
 *(.gcc_except_table .gcc_except_table.*)

.gnu_extab
 *(.gnu_extab*)

.exception_ranges
 *(.exception_ranges .exception_ranges*)
                0x000000000002fbf8                . = DATA_SEGMENT_ALIGN (CONSTANT (MAXPAGESIZE), CONSTANT (COMMONPAGESIZE))

.eh_frame
 *(.eh_frame)
 *(.eh_frame.*)

.gnu_extab
 *(.gnu_extab)

.gcc_except_table
 *(.gcc_except_table .gcc_except_table.*)

.exception_ranges
 *(.exception_ranges .exception_ranges*)

.tdata
 *(.tdata .tdata.* .gnu.linkonce.td.*)

.tbss
 *(.tbss .tbss.* .gnu.linkonce.tb.*)
 *(.tcommon)

.preinit_array
 *(.preinit_array)

.init_array     0x000000000002fbf8        0x4
 *(SORT_BY_INIT_PRIORITY(.init_array.*) SORT_BY_INIT_PRIORITY(.ctors.*))
 *(.init_array EXCLUDE_FILE(*crtend?.o *crtend.o *crtbegin?.o *crtbegin.o) .ctors)
 .init_array    0x000000000002fbf8        0x4 /usr/lib/gcc/i686-linux-gnu/7/crtbeginS.o

.fini_array     0x000000000002fbfc        0x4
 *(SORT_BY_INIT_PRIORITY(.fini_array.*) SORT_BY_INIT_PRIORITY(.dtors.*))
 *(.fini_array EXCLUDE_FILE(*crtend?.o *crtend.o *crtbegin?.o *crtbegin.o) .dtors)
 .fini_array    0x000000000002fbfc        0x4 /usr/lib/gcc/i686-linux-gnu/7/crtbeginS.o

.ctors
 *crtbegin.o(.ctors)
 *crtbegin?.o(.ctors)
 *(EXCLUDE_FILE(*crtend?.o *crtend.o) .ctors)
 *(SORT_BY_NAME(.ctors.*))
 *(.ctors)

.dtors
 *crtbegin.o(.dtors)
 *crtbegin?.o(.dtors)
 *(EXCLUDE_FILE(*crtend?.o *crtend.o) .dtors)
 *(SORT_BY_NAME(.dtors.*))
 *(.dtors)

.jcr
 *(.jcr)

.data.rel.ro    0x000000000002fc00      0x198
 *(.data.rel.ro.local* .gnu.linkonce.d.rel.ro.local.*)
 .data.rel.ro.local
                0x000000000002fc00        0x8 border-router.o
                0x000000000002fc00                autostart_processes
 .data.rel.ro.local
                0x000000000002fc08        0x8 build/cooja/mtype248.a(beep.o)
                0x000000000002fc08                beep_interface
 .data.rel.ro.local
                0x000000000002fc10        0x8 build/cooja/mtype248.a(leds-arch.o)
                0x000000000002fc10                leds_interface
 .data.rel.ro.local
                0x000000000002fc18        0x8 build/cooja/mtype248.a(moteid.o)
                0x000000000002fc18                moteid_interface
 .data.rel.ro.local
                0x000000000002fc20       0x18 build/cooja/mtype248.a(pir-sensor.o)
                0x000000000002fc20                pir_interface
                0x000000000002fc28                pir_sensor
 .data.rel.ro.local
                0x000000000002fc38        0x8 build/cooja/mtype248.a(rs232.o)
                0x000000000002fc38                rs232_interface
 .data.rel.ro.local
                0x000000000002fc40       0x18 build/cooja/mtype248.a(vib-sensor.o)
                0x000000000002fc40                vib_interface
                0x000000000002fc48                vib_sensor
 .data.rel.ro.local
                0x000000000002fc58        0x8 build/cooja/mtype248.a(clock.o)
                0x000000000002fc58                clock_interface
 .data.rel.ro.local
                0x000000000002fc60        0x8 build/cooja/mtype248.a(cooja-log.o)
                0x000000000002fc60                simlog_interface
 .data.rel.ro.local
                0x000000000002fc68        0x8 build/cooja/mtype248.a(cfs-cooja.o)
                0x000000000002fc68                cfs_interface
 *fill*         0x000000000002fc70       0x10 
 .data.rel.ro.local
                0x000000000002fc80       0x58 build/cooja/mtype248.a(cooja-radio.o)
                0x000000000002fc80                radio_interface
                0x000000000002fca0                cooja_radio_driver
 .data.rel.ro.local
                0x000000000002fcd8        0x8 build/cooja/mtype248.a(eeprom.o)
                0x000000000002fcd8                eeprom_interface
 .data.rel.ro.local
                0x000000000002fce0       0x18 build/cooja/mtype248.a(buttons.o)
                0x000000000002fce0                button_interface
                0x000000000002fce8                button_sensor
 .data.rel.ro.local
                0x000000000002fcf8       0x1c build/cooja/mtype248.a(csma.o)
                0x000000000002fcf8                csma_driver
 .data.rel.ro.local
                0x000000000002fd14       0x10 build/cooja/mtype248.a(sicslowpan.o)
                0x000000000002fd14                sicslowpan_driver
 .data.rel.ro.local
                0x000000000002fd24        0x8 build/cooja/mtype248.a(slip-bridge.o)
                0x000000000002fd24                rpl_interface
 .data.rel.ro.local
                0x000000000002fd2c        0xc build/cooja/mtype248.a(framer-802154.o)
                0x000000000002fd2c                framer_802154
 *(.data.rel.ro .data.rel.ro.* .gnu.linkonce.d.rel.ro.*)
 .data.rel.ro   0x000000000002fd38        0x0 /usr/lib/gcc/i686-linux-gnu/7/../../../i386-linux-gnu/crti.o
 *fill*         0x000000000002fd38        0x8 
 .data.rel.ro   0x000000000002fd40       0x54 build/cooja/mtype248.a(rpl.o)
                0x000000000002fd40                rpl_lite_driver
 .data.rel.ro   0x000000000002fd94        0x4 build/cooja/mtype248.a(rpl-dag.o)

.dynamic        0x000000000002fd98       0xf0
 *(.dynamic)
 .dynamic       0x000000000002fd98       0xf0 /usr/lib/gcc/i686-linux-gnu/7/../../../i386-linux-gnu/crti.o
                0x000000000002fd98                _DYNAMIC

.got            0x000000000002fe88      0x16c
 *(.got)
 .got           0x000000000002fe88      0x16c /usr/lib/gcc/i686-linux-gnu/7/../../../i386-linux-gnu/crti.o
 *(.igot)
                0x000000000002fff4                . = DATA_SEGMENT_RELRO_END (., (SIZEOF (.got.plt) >= 0xc)?0xc:0x0)

.got.plt        0x0000000000030000      0x504
 *(.got.plt)
 .got.plt       0x0000000000030000      0x504 /usr/lib/gcc/i686-linux-gnu/7/../../../i386-linux-gnu/crti.o
                0x0000000000030000                _GLOBAL_OFFSET_TABLE_
 *(.igot.plt)

.data           0x0000000000030520      0x3b4
 *(.data .data.* .gnu.linkonce.d.*)
 .data          0x0000000000030520        0x0 /usr/lib/gcc/i686-linux-gnu/7/../../../i386-linux-gnu/crti.o
 .data          0x0000000000030520        0x0 /usr/lib/gcc/i686-linux-gnu/7/crtbeginS.o
 .data.rel.local
                0x0000000000030520        0x4 /usr/lib/gcc/i686-linux-gnu/7/crtbeginS.o
                0x0000000000030520                __dso_handle
 .data          0x0000000000030524        0x0 border-router.o
 .data.rel.local
                0x0000000000030524       0x10 border-router.o
                0x0000000000030524                contiki_ng_br
 .data          0x0000000000030534        0x0 build/cooja/mtype248.o
 *fill*         0x0000000000030534        0xc 
 .data.rel      0x0000000000030540       0x44 build/cooja/mtype248.o
                0x0000000000030540                simInterfaces
                0x0000000000030574                sensors
 .data          0x0000000000030584        0x0 build/cooja/mtype248.a(simEnvChange.o)
 .data          0x0000000000030584        0x0 build/cooja/mtype248.a(cooja_mt.o)
 .data          0x0000000000030584        0x0 build/cooja/mtype248.a(cooja_mtarch.o)
 .data          0x0000000000030584        0x0 build/cooja/mtype248.a(rtimer-arch.o)
 .data          0x0000000000030584        0x0 build/cooja/mtype248.a(beep.o)
 .data          0x0000000000030584        0x0 build/cooja/mtype248.a(leds-arch.o)
 .data          0x0000000000030584        0x0 build/cooja/mtype248.a(moteid.o)
 .data          0x0000000000030584        0x0 build/cooja/mtype248.a(pir-sensor.o)
 .data          0x0000000000030584        0x0 build/cooja/mtype248.a(rs232.o)
 .data          0x0000000000030584        0x0 build/cooja/mtype248.a(vib-sensor.o)
 .data          0x0000000000030584        0x0 build/cooja/mtype248.a(clock.o)
 .data          0x0000000000030584        0x0 build/cooja/mtype248.a(cooja-log.o)
 .data          0x0000000000030584        0x0 build/cooja/mtype248.a(cfs-cooja.o)
 .data          0x0000000000030584       0x20 build/cooja/mtype248.a(cooja-radio.o)
                0x0000000000030584                simRadioHWOn
                0x0000000000030588                simSignalStrength
                0x000000000003058c                simLastSignalStrength
                0x0000000000030590                simPower
                0x0000000000030594                simRadioChannel
                0x0000000000030598                simLQI
                0x000000000003059c                simLastLQI
 .data.rel.local
                0x00000000000305a4       0x10 build/cooja/mtype248.a(cooja-radio.o)
                0x00000000000305a4                cooja_radio_process
 .data          0x00000000000305b4        0x0 build/cooja/mtype248.a(eeprom.o)
 .data          0x00000000000305b4        0x0 build/cooja/mtype248.a(random.o)
 .data          0x00000000000305b4        0x0 build/cooja/mtype248.a(sensors.o)
 .data.rel.local
                0x00000000000305b4       0x10 build/cooja/mtype248.a(sensors.o)
                0x00000000000305b4                sensors_process
 .data          0x00000000000305c4        0x0 build/cooja/mtype248.a(leds.o)
 .data          0x00000000000305c4        0x0 build/cooja/mtype248.a(gpio-hal-arch.o)
 .data          0x00000000000305c4        0x1 build/cooja/mtype248.a(buttons.o)
                0x00000000000305c4                simButtonIsActive
 *fill*         0x00000000000305c5       0x1b 
 .data.rel.local
                0x00000000000305e0       0x58 build/cooja/mtype248.a(buttons.o)
                0x0000000000030630                button_hal_buttons
 .data          0x0000000000030638        0x0 build/cooja/mtype248.a(webserver.o)
 .data.rel.local
                0x0000000000030638       0x18 build/cooja/mtype248.a(webserver.o)
                0x0000000000030640                webserver_nogui_process
 .data          0x0000000000030650        0x0 build/cooja/mtype248.a(contiki-main.o)
 .data          0x0000000000030650        0x0 build/cooja/mtype248.a(autostart.o)
 .data          0x0000000000030650        0x0 build/cooja/mtype248.a(ctimer.o)
 .data.rel.local
                0x0000000000030650       0x14 build/cooja/mtype248.a(ctimer.o)
                0x0000000000030654                ctimer_process
 .data          0x0000000000030664        0x4 build/cooja/mtype248.a(log.o)
                0x0000000000030664                curr_log_level_main
 *fill*         0x0000000000030668       0x18 
 .data.rel.local
                0x0000000000030680       0x9c build/cooja/mtype248.a(log.o)
                0x0000000000030680                all_modules
 .data          0x000000000003071c        0x0 build/cooja/mtype248.a(energest.o)
 .data          0x000000000003071c        0x0 build/cooja/mtype248.a(etimer.o)
 .data.rel.local
                0x000000000003071c       0x10 build/cooja/mtype248.a(etimer.o)
                0x000000000003071c                etimer_process
 .data          0x000000000003072c        0x0 build/cooja/mtype248.a(node-id.o)
 .data          0x000000000003072c        0x0 build/cooja/mtype248.a(rtimer.o)
 .data          0x000000000003072c        0x0 build/cooja/mtype248.a(process.o)
 .data          0x000000000003072c        0x0 build/cooja/mtype248.a(timer.o)
 .data          0x000000000003072c        0x0 build/cooja/mtype248.a(list.o)
 .data          0x000000000003072c        0x0 build/cooja/mtype248.a(button-hal.o)
 .data.rel.local
                0x000000000003072c       0x10 build/cooja/mtype248.a(button-hal.o)
                0x000000000003072c                button_hal_process
 .data          0x000000000003073c        0x0 build/cooja/mtype248.a(serial-line.o)
 .data.rel.local
                0x000000000003073c       0x10 build/cooja/mtype248.a(serial-line.o)
                0x000000000003073c                serial_line_process
 .data          0x000000000003074c        0x0 build/cooja/mtype248.a(gpio-hal.o)
 .data.rel.local
                0x000000000003074c        0x4 build/cooja/mtype248.a(gpio-hal.o)
 .data          0x0000000000030750        0x0 build/cooja/mtype248.a(queuebuf.o)
 .data.rel.local
                0x0000000000030750       0x18 build/cooja/mtype248.a(queuebuf.o)
 .data          0x0000000000030768        0x0 build/cooja/mtype248.a(packetbuf.o)
 .data.rel.local
                0x0000000000030768        0x4 build/cooja/mtype248.a(packetbuf.o)
 .data          0x000000000003076c        0x0 build/cooja/mtype248.a(netstack.o)
 .data.rel.local
                0x000000000003076c        0x4 build/cooja/mtype248.a(netstack.o)
 .data          0x0000000000030770        0x0 build/cooja/mtype248.a(linkaddr.o)
 .data          0x0000000000030770        0x0 build/cooja/mtype248.a(csma.o)
 .data          0x0000000000030770        0x0 build/cooja/mtype248.a(csma-output.o)
 .data.rel.local
                0x0000000000030770       0x28 build/cooja/mtype248.a(csma-output.o)
 .data          0x0000000000030798        0x0 build/cooja/mtype248.a(uip-sr.o)
 .data.rel.local
                0x0000000000030798       0x10 build/cooja/mtype248.a(uip-sr.o)
 .data          0x00000000000307a8        0x0 build/cooja/mtype248.a(uip-ds6.o)
 .data          0x00000000000307a8        0x0 build/cooja/mtype248.a(uip-ds6-route.o)
 .data.rel.local
                0x00000000000307a8       0x10 build/cooja/mtype248.a(uip-ds6-route.o)
 .data          0x00000000000307b8        0x0 build/cooja/mtype248.a(psock.o)
 .data          0x00000000000307b8        0x0 build/cooja/mtype248.a(tcpip.o)
 .data.rel.local
                0x00000000000307b8       0x10 build/cooja/mtype248.a(tcpip.o)
                0x00000000000307b8                tcpip_process
 .data          0x00000000000307c8        0x0 build/cooja/mtype248.a(uip6.o)
 .data          0x00000000000307c8        0x0 build/cooja/mtype248.a(uip-ds6-nbr.o)
 .data.rel.local
                0x00000000000307c8       0x14 build/cooja/mtype248.a(uip-ds6-nbr.o)
 .data          0x00000000000307dc        0x0 build/cooja/mtype248.a(uip-nd6.o)
 .data.rel.local
                0x00000000000307dc        0xc build/cooja/mtype248.a(uip-nd6.o)
 .data          0x00000000000307e8        0x0 build/cooja/mtype248.a(sicslowpan.o)
 .data          0x00000000000307e8        0x0 build/cooja/mtype248.a(uiplib.o)
 .data          0x00000000000307e8        0x0 build/cooja/mtype248.a(rpl.o)
 .data          0x00000000000307e8        0x0 build/cooja/mtype248.a(rpl-icmp6.o)
 .data.rel.local
                0x00000000000307e8       0x30 build/cooja/mtype248.a(rpl-icmp6.o)
 .data          0x0000000000030818        0x0 build/cooja/mtype248.a(rpl-dag-root.o)
 .data          0x0000000000030818        0x0 build/cooja/mtype248.a(slip-bridge.o)
 .data          0x0000000000030818        0x0 build/cooja/mtype248.a(slip.o)
 .data.rel.local
                0x0000000000030818       0x10 build/cooja/mtype248.a(slip.o)
                0x0000000000030818                slip_process
 .data          0x0000000000030828        0x0 build/cooja/mtype248.a(watchdog.o)
 .data          0x0000000000030828        0x0 build/cooja/mtype248.a(int-master.o)
 .data          0x0000000000030828        0x0 build/cooja/mtype248.a(slip-arch.o)
 .data          0x0000000000030828        0x0 build/cooja/mtype248.a(httpd-simple.o)
 .data.rel.local
                0x0000000000030828       0x10 build/cooja/mtype248.a(httpd-simple.o)
 .data          0x0000000000030838        0x0 build/cooja/mtype248.a(rpl-border-rout)
 .data          0x0000000000030838        0x0 build/cooja/mtype248.a(stimer.o)
 .data          0x0000000000030838        0x0 build/cooja/mtype248.a(ringbuf.o)
 .data          0x0000000000030838        0x0 build/cooja/mtype248.a(memb.o)
 .data          0x0000000000030838        0x0 build/cooja/mtype248.a(assert.o)
 .data          0x0000000000030838        0x0 build/cooja/mtype248.a(nbr-table.o)
 .data.rel.local
                0x0000000000030838       0x10 build/cooja/mtype248.a(nbr-table.o)
 .data          0x0000000000030848        0x0 build/cooja/mtype248.a(link-stats.o)
 .data.rel.local
                0x0000000000030848       0x14 build/cooja/mtype248.a(link-stats.o)
 .data          0x000000000003085c        0x0 build/cooja/mtype248.a(mac-sequence.o)
 .data          0x000000000003085c        0x0 build/cooja/mtype248.a(mac.o)
 .data          0x000000000003085c        0x0 build/cooja/mtype248.a(framer-802154.o)
 .data          0x000000000003085c        0x2 build/cooja/mtype248.a(frame802154.o)
 .data          0x000000000003085e        0x0 build/cooja/mtype248.a(csma-security.o)
 .data          0x000000000003085e        0x0 build/cooja/mtype248.a(uipbuf.o)
 .data          0x000000000003085e        0x0 build/cooja/mtype248.a(uip-icmp6.o)
 *fill*         0x000000000003085e        0x2 
 .data.rel.local
                0x0000000000030860       0x20 build/cooja/mtype248.a(uip-icmp6.o)
 .data          0x0000000000030880        0x0 build/cooja/mtype248.a(uip-packetqueue)
 .data.rel.local
                0x0000000000030880        0xc build/cooja/mtype248.a(uip-packetqueue)
 .data          0x000000000003088c        0x0 build/cooja/mtype248.a(rpl-nbr-policy.)
 .data          0x000000000003088c        0x0 build/cooja/mtype248.a(rpl-neighbor.o)
 .data.rel.local
                0x000000000003088c       0x14 build/cooja/mtype248.a(rpl-neighbor.o)
                0x000000000003089c                rpl_neighbors
 .data          0x00000000000308a0        0x0 build/cooja/mtype248.a(rpl-dag.o)
 .data          0x00000000000308a0        0x0 build/cooja/mtype248.a(rpl-timers.o)
 .data          0x00000000000308a0        0x0 build/cooja/mtype248.a(rpl-ext-header.)
 .data          0x00000000000308a0        0x0 build/cooja/mtype248.a(rpl-mrhof.o)
 .data.rel.local
                0x00000000000308a0       0x24 build/cooja/mtype248.a(rpl-mrhof.o)
                0x00000000000308a0                rpl_mrhof
 .data          0x00000000000308c4        0x0 build/cooja/mtype248.a(border-router-e)
 .data.rel.local
                0x00000000000308c4       0x10 build/cooja/mtype248.a(border-router-e)
                0x00000000000308c4                border_router_process
 .data          0x00000000000308d4        0x0 /usr/lib/i386-linux-gnu/libc_nonshared.a(stack_chk_fail_local.oS)
 .data          0x00000000000308d4        0x0 /usr/lib/gcc/i686-linux-gnu/7/crtendS.o
 .data          0x00000000000308d4        0x0 /usr/lib/gcc/i686-linux-gnu/7/../../../i386-linux-gnu/crtn.o

.tm_clone_table
                0x00000000000308d4        0x0
 .tm_clone_table
                0x00000000000308d4        0x0 /usr/lib/gcc/i686-linux-gnu/7/crtbeginS.o
 .tm_clone_table
                0x00000000000308d4        0x0 /usr/lib/gcc/i686-linux-gnu/7/crtendS.o

.data1
 *(.data1)
                0x00000000000308d4                _edata = .
                [!provide]                        PROVIDE (edata = .)
                0x00000000000308d4                . = .
                0x00000000000308d4                __bss_start = .

.bss            0x00000000000308e0    0x141c4
 *(.dynbss)
 .dynbss        0x00000000000308e0        0x0 /usr/lib/gcc/i686-linux-gnu/7/../../../i386-linux-gnu/crti.o
 *(.bss .bss.* .gnu.linkonce.b.*)
 .bss           0x00000000000308e0        0x0 /usr/lib/gcc/i686-linux-gnu/7/../../../i386-linux-gnu/crti.o
 .bss           0x00000000000308e0        0x1 /usr/lib/gcc/i686-linux-gnu/7/crtbeginS.o
 .bss           0x00000000000308e1        0x0 border-router.o
 *fill*         0x00000000000308e1       0x1f 
 .bss           0x0000000000030900     0x2040 build/cooja/mtype248.o
 .bss           0x0000000000032940        0x1 build/cooja/mtype248.a(simEnvChange.o)
                0x0000000000032940                simDontFallAsleep
 *fill*         0x0000000000032941        0x3 
 .bss           0x0000000000032944        0x4 build/cooja/mtype248.a(cooja_mt.o)
 .bss           0x0000000000032948        0x4 build/cooja/mtype248.a(cooja_mtarch.o)
 .bss           0x000000000003294c        0x0 build/cooja/mtype248.a(rtimer-arch.o)
 .bss           0x000000000003294c        0x0 build/cooja/mtype248.a(beep.o)
 .bss           0x000000000003294c        0x1 build/cooja/mtype248.a(leds-arch.o)
                0x000000000003294c                simLedsValue
 .bss           0x000000000003294d        0x0 build/cooja/mtype248.a(moteid.o)
 .bss           0x000000000003294d        0x1 build/cooja/mtype248.a(pir-sensor.o)
                0x000000000003294d                simPirValue
 *fill*         0x000000000003294e        0x2 
 .bss           0x0000000000032950        0x4 build/cooja/mtype248.a(rs232.o)
 .bss           0x0000000000032954        0x1 build/cooja/mtype248.a(vib-sensor.o)
                0x0000000000032954                simVibValue
 .bss           0x0000000000032955        0x0 build/cooja/mtype248.a(clock.o)
 *fill*         0x0000000000032955        0xb 
 .bss           0x0000000000032960     0x2020 build/cooja/mtype248.a(cooja-log.o)
 .bss           0x0000000000034980      0xfc0 build/cooja/mtype248.a(cfs-cooja.o)
                0x0000000000034980                simCFSData
                0x0000000000035920                simCFSSize
                0x0000000000035924                simCFSChanged
                0x0000000000035928                simCFSRead
                0x000000000003592c                simCFSWritten
 .bss           0x0000000000035940       0x24 build/cooja/mtype248.a(cooja-radio.o)
                0x0000000000035940                simReceiving
                0x0000000000035944                simInSize
                0x0000000000035948                simLastPacketTimestamp
                0x0000000000035950                simOutSize
 .bss           0x0000000000035964        0xc build/cooja/mtype248.a(eeprom.o)
                0x0000000000035964                simEEPROMChanged
                0x0000000000035968                simEEPROMRead
                0x000000000003596c                simEEPROMWritten
 .bss           0x0000000000035970        0x0 build/cooja/mtype248.a(random.o)
 .bss           0x0000000000035970        0xc build/cooja/mtype248.a(sensors.o)
 .bss           0x000000000003597c        0x0 build/cooja/mtype248.a(leds.o)
 .bss           0x000000000003597c       0x24 build/cooja/mtype248.a(gpio-hal-arch.o)
 .bss           0x00000000000359a0        0x0 build/cooja/mtype248.a(buttons.o)
 .bss           0x00000000000359a0      0x10c build/cooja/mtype248.a(webserver.o)
 .bss           0x0000000000035aac        0x0 build/cooja/mtype248.a(contiki-main.o)
 .bss           0x0000000000035aac        0x0 build/cooja/mtype248.a(autostart.o)
 .bss           0x0000000000035aac        0x5 build/cooja/mtype248.a(ctimer.o)
 *fill*         0x0000000000035ab1        0x3 
 .bss           0x0000000000035ab4       0x2c build/cooja/mtype248.a(log.o)
                0x0000000000035ab4                curr_log_level_rpl
                0x0000000000035ab8                curr_log_level_tcpip
                0x0000000000035abc                curr_log_level_ipv6
                0x0000000000035ac0                curr_log_level_6lowpan
                0x0000000000035ac4                curr_log_level_nullnet
                0x0000000000035ac8                curr_log_level_mac
                0x0000000000035acc                curr_log_level_framer
                0x0000000000035ad0                curr_log_level_6top
                0x0000000000035ad4                curr_log_level_coap
                0x0000000000035ad8                curr_log_level_snmp
                0x0000000000035adc                curr_log_level_lwm2m
 .bss           0x0000000000035ae0        0x0 build/cooja/mtype248.a(energest.o)
 .bss           0x0000000000035ae0        0x8 build/cooja/mtype248.a(etimer.o)
 .bss           0x0000000000035ae8        0x2 build/cooja/mtype248.a(node-id.o)
                0x0000000000035ae8                node_id
 *fill*         0x0000000000035aea        0x2 
 .bss           0x0000000000035aec        0x4 build/cooja/mtype248.a(rtimer.o)
 *fill*         0x0000000000035af0       0x10 
 .bss           0x0000000000035b00      0x1a1 build/cooja/mtype248.a(process.o)
                0x0000000000035b00                process_list
                0x0000000000035b04                process_current
 .bss           0x0000000000035ca1        0x0 build/cooja/mtype248.a(timer.o)
 .bss           0x0000000000035ca1        0x0 build/cooja/mtype248.a(list.o)
 *fill*         0x0000000000035ca1        0x3 
 .bss           0x0000000000035ca4       0x10 build/cooja/mtype248.a(button-hal.o)
 *fill*         0x0000000000035cb4        0xc 
 .bss           0x0000000000035cc0      0x140 build/cooja/mtype248.a(serial-line.o)
 .bss           0x0000000000035e00        0x4 build/cooja/mtype248.a(gpio-hal.o)
 *fill*         0x0000000000035e04       0x1c 
 .bss           0x0000000000035e20     0x2c80 build/cooja/mtype248.a(queuebuf.o)
 .bss           0x0000000000038aa0       0xa0 build/cooja/mtype248.a(packetbuf.o)
 .bss           0x0000000000038b40        0x4 build/cooja/mtype248.a(netstack.o)
 .bss           0x0000000000038b44        0x0 build/cooja/mtype248.a(linkaddr.o)
 .bss           0x0000000000038b44        0x0 build/cooja/mtype248.a(csma.o)
 *fill*         0x0000000000038b44       0x1c 
 .bss           0x0000000000038b60      0x726 build/cooja/mtype248.a(csma-output.o)
 *fill*         0x0000000000039286       0x1a 
 .bss           0x00000000000392a0     0x1d80 build/cooja/mtype248.a(uip-sr.o)
 .bss           0x000000000003b020       0x30 build/cooja/mtype248.a(uip-ds6.o)
 *fill*         0x000000000003b050       0x10 
 .bss           0x000000000003b060       0x60 build/cooja/mtype248.a(uip-ds6-route.o)
 .bss           0x000000000003b0c0        0x0 build/cooja/mtype248.a(psock.o)
 .bss           0x000000000003b0c0       0xc4 build/cooja/mtype248.a(tcpip.o)
 .bss           0x000000000003b184        0xc build/cooja/mtype248.a(uip6.o)
                0x000000000003b184                uip_ext_bitmap
                0x000000000003b186                uip_ext_len
                0x000000000003b188                uip_last_proto
 *fill*         0x000000000003b190       0x10 
 .bss           0x000000000003b1a0     0x1c20 build/cooja/mtype248.a(uip-ds6-nbr.o)
 .bss           0x000000000003cdc0       0x10 build/cooja/mtype248.a(uip-nd6.o)
 *fill*         0x000000000003cdd0       0x10 
 .bss           0x000000000003cde0      0x724 build/cooja/mtype248.a(sicslowpan.o)
 .bss           0x000000000003d504        0x0 build/cooja/mtype248.a(uiplib.o)
 .bss           0x000000000003d504        0x1 build/cooja/mtype248.a(rpl.o)
 .bss           0x000000000003d505        0x0 build/cooja/mtype248.a(rpl-icmp6.o)
 *fill*         0x000000000003d505        0x3 
 .bss           0x000000000003d508       0x11 build/cooja/mtype248.a(rpl-dag-root.o)
 *fill*         0x000000000003d519        0x3 
 .bss           0x000000000003d51c       0x10 build/cooja/mtype248.a(slip-bridge.o)
 *fill*         0x000000000003d52c       0x14 
 .bss           0x000000000003d540      0x538 build/cooja/mtype248.a(slip.o)
 .bss           0x000000000003da78        0x0 build/cooja/mtype248.a(watchdog.o)
 .bss           0x000000000003da78        0x4 build/cooja/mtype248.a(int-master.o)